20:27:22,238  INFO Version:37 - HHH000412: Hibernate Core {5.1.0.Final}
20:27:22,243  INFO Environment:213 - HHH000206: hibernate.properties not found
20:27:22,245  INFO Environment:317 - HHH000021: Bytecode provider name : javassist
20:28:30,529  INFO Version:37 - HHH000412: Hibernate Core {5.1.0.Final}
20:28:30,546  INFO Environment:213 - HHH000206: hibernate.properties not found
20:28:30,550  INFO Environment:317 - HHH000021: Bytecode provider name : javassist
20:30:11,159  INFO Version:37 - HHH000412: Hibernate Core {5.1.0.Final}
20:30:11,175  INFO Environment:213 - HHH000206: hibernate.properties not found
20:30:11,178  INFO Environment:317 - HHH000021: Bytecode provider name : javassist
20:30:24,324  INFO Version:37 - HHH000412: Hibernate Core {5.1.0.Final}
20:30:24,342  INFO Environment:213 - HHH000206: hibernate.properties not found
20:30:24,347  INFO Environment:317 - HHH000021: Bytecode provider name : javassist
20:31:38,858  INFO Version:37 - HHH000412: Hibernate Core {5.1.0.Final}
20:31:38,874  INFO Environment:213 - HHH000206: hibernate.properties not found
20:31:38,878  INFO Environment:317 - HHH000021: Bytecode provider name : javassist
20:34:03,165  INFO Version:37 - HHH000412: Hibernate Core {5.1.0.Final}
20:34:03,171  INFO Environment:213 - HHH000206: hibernate.properties not found
20:34:03,173  INFO Environment:317 - HHH000021: Bytecode provider name : javassist
20:53:01,656  INFO Version:37 - HHH000412: Hibernate Core {5.1.0.Final}
20:53:01,661  INFO Environment:213 - HHH000206: hibernate.properties not found
20:53:01,663  INFO Environment:317 - HHH000021: Bytecode provider name : javassist
20:53:02,041  INFO Version:66 - HCANN000001: Hibernate Commons Annotations {5.0.1.Final}
20:53:03,071 DEBUG BasicTypeRegistry:135 - Adding type registration boolean -> org.hibernate.type.BooleanType@7f6eea56
20:53:03,071 DEBUG BasicTypeRegistry:135 - Adding type registration boolean -> org.hibernate.type.BooleanType@7f6eea56
20:53:03,071 DEBUG BasicTypeRegistry:135 - Adding type registration java.lang.Boolean -> org.hibernate.type.BooleanType@7f6eea56
20:53:03,073 DEBUG BasicTypeRegistry:135 - Adding type registration numeric_boolean -> org.hibernate.type.NumericBooleanType@2444b625
20:53:03,075 DEBUG BasicTypeRegistry:135 - Adding type registration true_false -> org.hibernate.type.TrueFalseType@2782f72b
20:53:03,076 DEBUG BasicTypeRegistry:135 - Adding type registration yes_no -> org.hibernate.type.YesNoType@7f792cec
20:53:03,078 DEBUG BasicTypeRegistry:135 - Adding type registration byte -> org.hibernate.type.ByteType@551ea5f4
20:53:03,078 DEBUG BasicTypeRegistry:135 - Adding type registration byte -> org.hibernate.type.ByteType@551ea5f4
20:53:03,078 DEBUG BasicTypeRegistry:135 - Adding type registration java.lang.Byte -> org.hibernate.type.ByteType@551ea5f4
20:53:03,080 DEBUG BasicTypeRegistry:135 - Adding type registration character -> org.hibernate.type.CharacterType@64bb9a0a
20:53:03,080 DEBUG BasicTypeRegistry:135 - Adding type registration char -> org.hibernate.type.CharacterType@64bb9a0a
20:53:03,080 DEBUG BasicTypeRegistry:135 - Adding type registration java.lang.Character -> org.hibernate.type.CharacterType@64bb9a0a
20:53:03,083 DEBUG BasicTypeRegistry:135 - Adding type registration short -> org.hibernate.type.ShortType@2d29f154
20:53:03,083 DEBUG BasicTypeRegistry:135 - Adding type registration short -> org.hibernate.type.ShortType@2d29f154
20:53:03,084 DEBUG BasicTypeRegistry:135 - Adding type registration java.lang.Short -> org.hibernate.type.ShortType@2d29f154
20:53:03,085 DEBUG BasicTypeRegistry:135 - Adding type registration integer -> org.hibernate.type.IntegerType@35185c1c
20:53:03,085 DEBUG BasicTypeRegistry:135 - Adding type registration int -> org.hibernate.type.IntegerType@35185c1c
20:53:03,086 DEBUG BasicTypeRegistry:135 - Adding type registration java.lang.Integer -> org.hibernate.type.IntegerType@35185c1c
20:53:03,088 DEBUG BasicTypeRegistry:135 - Adding type registration long -> org.hibernate.type.LongType@1206a0cb
20:53:03,088 DEBUG BasicTypeRegistry:135 - Adding type registration long -> org.hibernate.type.LongType@1206a0cb
20:53:03,089 DEBUG BasicTypeRegistry:135 - Adding type registration java.lang.Long -> org.hibernate.type.LongType@1206a0cb
20:53:03,091 DEBUG BasicTypeRegistry:135 - Adding type registration float -> org.hibernate.type.FloatType@6ce18074
20:53:03,091 DEBUG BasicTypeRegistry:135 - Adding type registration float -> org.hibernate.type.FloatType@6ce18074
20:53:03,092 DEBUG BasicTypeRegistry:135 - Adding type registration java.lang.Float -> org.hibernate.type.FloatType@6ce18074
20:53:03,093 DEBUG BasicTypeRegistry:135 - Adding type registration double -> org.hibernate.type.DoubleType@2de463d0
20:53:03,093 DEBUG BasicTypeRegistry:135 - Adding type registration double -> org.hibernate.type.DoubleType@2de463d0
20:53:03,094 DEBUG BasicTypeRegistry:135 - Adding type registration java.lang.Double -> org.hibernate.type.DoubleType@2de463d0
20:53:03,095 DEBUG BasicTypeRegistry:135 - Adding type registration big_decimal -> org.hibernate.type.BigDecimalType@6953b525
20:53:03,096 DEBUG BasicTypeRegistry:135 - Adding type registration java.math.BigDecimal -> org.hibernate.type.BigDecimalType@6953b525
20:53:03,097 DEBUG BasicTypeRegistry:135 - Adding type registration big_integer -> org.hibernate.type.BigIntegerType@7bd00baf
20:53:03,097 DEBUG BasicTypeRegistry:135 - Adding type registration java.math.BigInteger -> org.hibernate.type.BigIntegerType@7bd00baf
20:53:03,098 DEBUG BasicTypeRegistry:135 - Adding type registration string -> org.hibernate.type.StringType@6aeb9cde
20:53:03,099 DEBUG BasicTypeRegistry:135 - Adding type registration java.lang.String -> org.hibernate.type.StringType@6aeb9cde
20:53:03,100 DEBUG BasicTypeRegistry:135 - Adding type registration nstring -> org.hibernate.type.StringNVarcharType@4b6041fe
20:53:03,101 DEBUG BasicTypeRegistry:135 - Adding type registration ncharacter -> org.hibernate.type.CharacterNCharType@4c27e49d
20:53:03,102 DEBUG BasicTypeRegistry:135 - Adding type registration url -> org.hibernate.type.UrlType@3ad420ad
20:53:03,102 DEBUG BasicTypeRegistry:135 - Adding type registration java.net.URL -> org.hibernate.type.UrlType@3ad420ad
20:53:03,104 DEBUG BasicTypeRegistry:135 - Adding type registration date -> org.hibernate.type.DateType@ae281c
20:53:03,104 DEBUG BasicTypeRegistry:135 - Adding type registration java.sql.Date -> org.hibernate.type.DateType@ae281c
20:53:03,106 DEBUG BasicTypeRegistry:135 - Adding type registration time -> org.hibernate.type.TimeType@228c94a
20:53:03,106 DEBUG BasicTypeRegistry:135 - Adding type registration java.sql.Time -> org.hibernate.type.TimeType@228c94a
20:53:03,108 DEBUG BasicTypeRegistry:135 - Adding type registration timestamp -> org.hibernate.type.TimestampType@cff654c
20:53:03,108 DEBUG BasicTypeRegistry:135 - Adding type registration java.sql.Timestamp -> org.hibernate.type.TimestampType@cff654c
20:53:03,109 DEBUG BasicTypeRegistry:135 - Adding type registration java.util.Date -> org.hibernate.type.TimestampType@cff654c
20:53:03,111 DEBUG BasicTypeRegistry:135 - Adding type registration dbtimestamp -> org.hibernate.type.DbTimestampType@28226e75
20:53:03,112 DEBUG BasicTypeRegistry:135 - Adding type registration calendar -> org.hibernate.type.CalendarType@6b6f2fc1
20:53:03,112 DEBUG BasicTypeRegistry:135 - Adding type registration java.util.Calendar -> org.hibernate.type.CalendarType@6b6f2fc1
20:53:03,112 DEBUG BasicTypeRegistry:135 - Adding type registration java.util.GregorianCalendar -> org.hibernate.type.CalendarType@6b6f2fc1
20:53:03,113 DEBUG BasicTypeRegistry:135 - Adding type registration calendar_date -> org.hibernate.type.CalendarDateType@53638bd
20:53:03,114 DEBUG BasicTypeRegistry:135 - Adding type registration locale -> org.hibernate.type.LocaleType@29036584
20:53:03,115 DEBUG BasicTypeRegistry:135 - Adding type registration java.util.Locale -> org.hibernate.type.LocaleType@29036584
20:53:03,116 DEBUG BasicTypeRegistry:135 - Adding type registration currency -> org.hibernate.type.CurrencyType@600f2cb8
20:53:03,116 DEBUG BasicTypeRegistry:135 - Adding type registration java.util.Currency -> org.hibernate.type.CurrencyType@600f2cb8
20:53:03,117 DEBUG BasicTypeRegistry:135 - Adding type registration timezone -> org.hibernate.type.TimeZoneType@2d6cbe3c
20:53:03,117 DEBUG BasicTypeRegistry:135 - Adding type registration java.util.TimeZone -> org.hibernate.type.TimeZoneType@2d6cbe3c
20:53:03,119 DEBUG BasicTypeRegistry:135 - Adding type registration class -> org.hibernate.type.ClassType@182365fe
20:53:03,119 DEBUG BasicTypeRegistry:135 - Adding type registration java.lang.Class -> org.hibernate.type.ClassType@182365fe
20:53:03,121 DEBUG BasicTypeRegistry:135 - Adding type registration uuid-binary -> org.hibernate.type.UUIDBinaryType@7aab767d
20:53:03,121 DEBUG BasicTypeRegistry:135 - Adding type registration java.util.UUID -> org.hibernate.type.UUIDBinaryType@7aab767d
20:53:03,122 DEBUG BasicTypeRegistry:135 - Adding type registration uuid-char -> org.hibernate.type.UUIDCharType@609bac9d
20:53:03,123 DEBUG BasicTypeRegistry:135 - Adding type registration binary -> org.hibernate.type.BinaryType@12f21700
20:53:03,124 DEBUG BasicTypeRegistry:135 - Adding type registration byte[] -> org.hibernate.type.BinaryType@12f21700
20:53:03,124 DEBUG BasicTypeRegistry:135 - Adding type registration [B -> org.hibernate.type.BinaryType@12f21700
20:53:03,125 DEBUG BasicTypeRegistry:135 - Adding type registration wrapper-binary -> org.hibernate.type.WrapperBinaryType@74bde445
20:53:03,125 DEBUG BasicTypeRegistry:135 - Adding type registration Byte[] -> org.hibernate.type.WrapperBinaryType@74bde445
20:53:03,126 DEBUG BasicTypeRegistry:135 - Adding type registration [Ljava.lang.Byte; -> org.hibernate.type.WrapperBinaryType@74bde445
20:53:03,128 DEBUG BasicTypeRegistry:135 - Adding type registration image -> org.hibernate.type.ImageType@5100de32
20:53:03,129 DEBUG BasicTypeRegistry:135 - Adding type registration characters -> org.hibernate.type.CharArrayType@263aa1bf
20:53:03,129 DEBUG BasicTypeRegistry:135 - Adding type registration char[] -> org.hibernate.type.CharArrayType@263aa1bf
20:53:03,130 DEBUG BasicTypeRegistry:135 - Adding type registration [C -> org.hibernate.type.CharArrayType@263aa1bf
20:53:03,131 DEBUG BasicTypeRegistry:135 - Adding type registration wrapper-characters -> org.hibernate.type.CharacterArrayType@3609075a
20:53:03,131 DEBUG BasicTypeRegistry:135 - Adding type registration [Ljava.lang.Character; -> org.hibernate.type.CharacterArrayType@3609075a
20:53:03,131 DEBUG BasicTypeRegistry:135 - Adding type registration Character[] -> org.hibernate.type.CharacterArrayType@3609075a
20:53:03,132 DEBUG BasicTypeRegistry:135 - Adding type registration text -> org.hibernate.type.TextType@22fe404a
20:53:03,133 DEBUG BasicTypeRegistry:135 - Adding type registration ntext -> org.hibernate.type.NTextType@3597b4f6
20:53:03,138 DEBUG BasicTypeRegistry:135 - Adding type registration blob -> org.hibernate.type.BlobType@70aa628f
20:53:03,138 DEBUG BasicTypeRegistry:135 - Adding type registration java.sql.Blob -> org.hibernate.type.BlobType@70aa628f
20:53:03,139 DEBUG BasicTypeRegistry:135 - Adding type registration materialized_blob -> org.hibernate.type.MaterializedBlobType@185f8cba
20:53:03,145 DEBUG BasicTypeRegistry:135 - Adding type registration clob -> org.hibernate.type.ClobType@640e0e2f
20:53:03,145 DEBUG BasicTypeRegistry:135 - Adding type registration java.sql.Clob -> org.hibernate.type.ClobType@640e0e2f
20:53:03,149 DEBUG BasicTypeRegistry:135 - Adding type registration nclob -> org.hibernate.type.NClobType@cbf5e35
20:53:03,149 DEBUG BasicTypeRegistry:135 - Adding type registration java.sql.NClob -> org.hibernate.type.NClobType@cbf5e35
20:53:03,150 DEBUG BasicTypeRegistry:135 - Adding type registration materialized_clob -> org.hibernate.type.MaterializedClobType@6875577e
20:53:03,151 DEBUG BasicTypeRegistry:135 - Adding type registration materialized_nclob -> org.hibernate.type.MaterializedNClobType@5be66924
20:53:03,152 DEBUG BasicTypeRegistry:135 - Adding type registration serializable -> org.hibernate.type.SerializableType@107d0f44
20:53:03,155 DEBUG BasicTypeRegistry:135 - Adding type registration object -> org.hibernate.type.ObjectType@21002a83
20:53:03,156 DEBUG BasicTypeRegistry:135 - Adding type registration java.lang.Object -> org.hibernate.type.ObjectType@21002a83
20:53:03,156 DEBUG BasicTypeRegistry:135 - Adding type registration imm_date -> org.hibernate.type.AdaptedImmutableType@2d7b463f
20:53:03,157 DEBUG BasicTypeRegistry:135 - Adding type registration imm_time -> org.hibernate.type.AdaptedImmutableType@7840e96c
20:53:03,157 DEBUG BasicTypeRegistry:135 - Adding type registration imm_timestamp -> org.hibernate.type.AdaptedImmutableType@6d9cef21
20:53:03,157 DEBUG BasicTypeRegistry:135 - Adding type registration imm_dbtimestamp -> org.hibernate.type.AdaptedImmutableType@5a1797bf
20:53:03,157 DEBUG BasicTypeRegistry:135 - Adding type registration imm_calendar -> org.hibernate.type.AdaptedImmutableType@42ebaace
20:53:03,158 DEBUG BasicTypeRegistry:135 - Adding type registration imm_calendar_date -> org.hibernate.type.AdaptedImmutableType@7e1adcb4
20:53:03,158 DEBUG BasicTypeRegistry:135 - Adding type registration imm_binary -> org.hibernate.type.AdaptedImmutableType@158fee1a
20:53:03,158 DEBUG BasicTypeRegistry:135 - Adding type registration imm_serializable -> org.hibernate.type.AdaptedImmutableType@1c58f805
20:53:03,171  WARN connections:71 - HHH10001002: Using Hibernate built-in connection pool (not for production use!)
20:53:03,178  INFO connections:127 - HHH10001005: using driver [com.mysql.jdbc.Driver] at URL [jdbc:mysql://ec2-52-36-168-250.us-west-2.compute.amazonaws.com:3306/lms]
20:53:03,178  INFO connections:136 - HHH10001001: Connection properties: {user=cs425, password=****}
20:53:03,178  INFO connections:141 - HHH10001003: Autocommit mode: false
21:02:51,958  INFO Version:37 - HHH000412: Hibernate Core {5.1.0.Final}
21:02:51,963  INFO Environment:213 - HHH000206: hibernate.properties not found
21:02:51,965  INFO Environment:317 - HHH000021: Bytecode provider name : javassist
21:02:52,337  INFO Version:66 - HCANN000001: Hibernate Commons Annotations {5.0.1.Final}
21:02:53,411 DEBUG BasicTypeRegistry:135 - Adding type registration boolean -> org.hibernate.type.BooleanType@3fbbaaad
21:02:53,411 DEBUG BasicTypeRegistry:135 - Adding type registration boolean -> org.hibernate.type.BooleanType@3fbbaaad
21:02:53,411 DEBUG BasicTypeRegistry:135 - Adding type registration java.lang.Boolean -> org.hibernate.type.BooleanType@3fbbaaad
21:02:53,413 DEBUG BasicTypeRegistry:135 - Adding type registration numeric_boolean -> org.hibernate.type.NumericBooleanType@64704189
21:02:53,414 DEBUG BasicTypeRegistry:135 - Adding type registration true_false -> org.hibernate.type.TrueFalseType@2fba1328
21:02:53,415 DEBUG BasicTypeRegistry:135 - Adding type registration yes_no -> org.hibernate.type.YesNoType@2444b625
21:02:53,417 DEBUG BasicTypeRegistry:135 - Adding type registration byte -> org.hibernate.type.ByteType@534d4113
21:02:53,418 DEBUG BasicTypeRegistry:135 - Adding type registration byte -> org.hibernate.type.ByteType@534d4113
21:02:53,418 DEBUG BasicTypeRegistry:135 - Adding type registration java.lang.Byte -> org.hibernate.type.ByteType@534d4113
21:02:53,420 DEBUG BasicTypeRegistry:135 - Adding type registration character -> org.hibernate.type.CharacterType@36f75b16
21:02:53,420 DEBUG BasicTypeRegistry:135 - Adding type registration char -> org.hibernate.type.CharacterType@36f75b16
21:02:53,420 DEBUG BasicTypeRegistry:135 - Adding type registration java.lang.Character -> org.hibernate.type.CharacterType@36f75b16
21:02:53,422 DEBUG BasicTypeRegistry:135 - Adding type registration short -> org.hibernate.type.ShortType@6d64f9f7
21:02:53,423 DEBUG BasicTypeRegistry:135 - Adding type registration short -> org.hibernate.type.ShortType@6d64f9f7
21:02:53,423 DEBUG BasicTypeRegistry:135 - Adding type registration java.lang.Short -> org.hibernate.type.ShortType@6d64f9f7
21:02:53,424 DEBUG BasicTypeRegistry:135 - Adding type registration integer -> org.hibernate.type.IntegerType@7727e6ce
21:02:53,424 DEBUG BasicTypeRegistry:135 - Adding type registration int -> org.hibernate.type.IntegerType@7727e6ce
21:02:53,425 DEBUG BasicTypeRegistry:135 - Adding type registration java.lang.Integer -> org.hibernate.type.IntegerType@7727e6ce
21:02:53,427 DEBUG BasicTypeRegistry:135 - Adding type registration long -> org.hibernate.type.LongType@6a768fd2
21:02:53,427 DEBUG BasicTypeRegistry:135 - Adding type registration long -> org.hibernate.type.LongType@6a768fd2
21:02:53,428 DEBUG BasicTypeRegistry:135 - Adding type registration java.lang.Long -> org.hibernate.type.LongType@6a768fd2
21:02:53,430 DEBUG BasicTypeRegistry:135 - Adding type registration float -> org.hibernate.type.FloatType@20c449e3
21:02:53,431 DEBUG BasicTypeRegistry:135 - Adding type registration float -> org.hibernate.type.FloatType@20c449e3
21:02:53,431 DEBUG BasicTypeRegistry:135 - Adding type registration java.lang.Float -> org.hibernate.type.FloatType@20c449e3
21:02:53,432 DEBUG BasicTypeRegistry:135 - Adding type registration double -> org.hibernate.type.DoubleType@6ce18074
21:02:53,433 DEBUG BasicTypeRegistry:135 - Adding type registration double -> org.hibernate.type.DoubleType@6ce18074
21:02:53,433 DEBUG BasicTypeRegistry:135 - Adding type registration java.lang.Double -> org.hibernate.type.DoubleType@6ce18074
21:02:53,435 DEBUG BasicTypeRegistry:135 - Adding type registration big_decimal -> org.hibernate.type.BigDecimalType@5854e99f
21:02:53,435 DEBUG BasicTypeRegistry:135 - Adding type registration java.math.BigDecimal -> org.hibernate.type.BigDecimalType@5854e99f
21:02:53,437 DEBUG BasicTypeRegistry:135 - Adding type registration big_integer -> org.hibernate.type.BigIntegerType@809f86c
21:02:53,437 DEBUG BasicTypeRegistry:135 - Adding type registration java.math.BigInteger -> org.hibernate.type.BigIntegerType@809f86c
21:02:53,439 DEBUG BasicTypeRegistry:135 - Adding type registration string -> org.hibernate.type.StringType@38430e80
21:02:53,440 DEBUG BasicTypeRegistry:135 - Adding type registration java.lang.String -> org.hibernate.type.StringType@38430e80
21:02:53,441 DEBUG BasicTypeRegistry:135 - Adding type registration nstring -> org.hibernate.type.StringNVarcharType@6ef15ee1
21:02:53,443 DEBUG BasicTypeRegistry:135 - Adding type registration ncharacter -> org.hibernate.type.CharacterNCharType@6aeb9cde
21:02:53,444 DEBUG BasicTypeRegistry:135 - Adding type registration url -> org.hibernate.type.UrlType@57d47ef4
21:02:53,444 DEBUG BasicTypeRegistry:135 - Adding type registration java.net.URL -> org.hibernate.type.UrlType@57d47ef4
21:02:53,446 DEBUG BasicTypeRegistry:135 - Adding type registration date -> org.hibernate.type.DateType@6f220804
21:02:53,447 DEBUG BasicTypeRegistry:135 - Adding type registration java.sql.Date -> org.hibernate.type.DateType@6f220804
21:02:53,449 DEBUG BasicTypeRegistry:135 - Adding type registration time -> org.hibernate.type.TimeType@45196f3b
21:02:53,449 DEBUG BasicTypeRegistry:135 - Adding type registration java.sql.Time -> org.hibernate.type.TimeType@45196f3b
21:02:53,451 DEBUG BasicTypeRegistry:135 - Adding type registration timestamp -> org.hibernate.type.TimestampType@2a24f902
21:02:53,452 DEBUG BasicTypeRegistry:135 - Adding type registration java.sql.Timestamp -> org.hibernate.type.TimestampType@2a24f902
21:02:53,452 DEBUG BasicTypeRegistry:135 - Adding type registration java.util.Date -> org.hibernate.type.TimestampType@2a24f902
21:02:53,454 DEBUG BasicTypeRegistry:135 - Adding type registration dbtimestamp -> org.hibernate.type.DbTimestampType@8066bee
21:02:53,456 DEBUG BasicTypeRegistry:135 - Adding type registration calendar -> org.hibernate.type.CalendarType@53c11080
21:02:53,457 DEBUG BasicTypeRegistry:135 - Adding type registration java.util.Calendar -> org.hibernate.type.CalendarType@53c11080
21:02:53,457 DEBUG BasicTypeRegistry:135 - Adding type registration java.util.GregorianCalendar -> org.hibernate.type.CalendarType@53c11080
21:02:53,458 DEBUG BasicTypeRegistry:135 - Adding type registration calendar_date -> org.hibernate.type.CalendarDateType@1b5ca771
21:02:53,459 DEBUG BasicTypeRegistry:135 - Adding type registration locale -> org.hibernate.type.LocaleType@5df56405
21:02:53,460 DEBUG BasicTypeRegistry:135 - Adding type registration java.util.Locale -> org.hibernate.type.LocaleType@5df56405
21:02:53,461 DEBUG BasicTypeRegistry:135 - Adding type registration currency -> org.hibernate.type.CurrencyType@20e8848c
21:02:53,461 DEBUG BasicTypeRegistry:135 - Adding type registration java.util.Currency -> org.hibernate.type.CurrencyType@20e8848c
21:02:53,463 DEBUG BasicTypeRegistry:135 - Adding type registration timezone -> org.hibernate.type.TimeZoneType@597e9be9
21:02:53,463 DEBUG BasicTypeRegistry:135 - Adding type registration java.util.TimeZone -> org.hibernate.type.TimeZoneType@597e9be9
21:02:53,465 DEBUG BasicTypeRegistry:135 - Adding type registration class -> org.hibernate.type.ClassType@9990da7
21:02:53,465 DEBUG BasicTypeRegistry:135 - Adding type registration java.lang.Class -> org.hibernate.type.ClassType@9990da7
21:02:53,468 DEBUG BasicTypeRegistry:135 - Adding type registration uuid-binary -> org.hibernate.type.UUIDBinaryType@7d76d5d3
21:02:53,468 DEBUG BasicTypeRegistry:135 - Adding type registration java.util.UUID -> org.hibernate.type.UUIDBinaryType@7d76d5d3
21:02:53,469 DEBUG BasicTypeRegistry:135 - Adding type registration uuid-char -> org.hibernate.type.UUIDCharType@6be578b5
21:02:53,471 DEBUG BasicTypeRegistry:135 - Adding type registration binary -> org.hibernate.type.BinaryType@48f71c86
21:02:53,471 DEBUG BasicTypeRegistry:135 - Adding type registration byte[] -> org.hibernate.type.BinaryType@48f71c86
21:02:53,471 DEBUG BasicTypeRegistry:135 - Adding type registration [B -> org.hibernate.type.BinaryType@48f71c86
21:02:53,473 DEBUG BasicTypeRegistry:135 - Adding type registration wrapper-binary -> org.hibernate.type.WrapperBinaryType@6b9b9f57
21:02:53,473 DEBUG BasicTypeRegistry:135 - Adding type registration Byte[] -> org.hibernate.type.WrapperBinaryType@6b9b9f57
21:02:53,473 DEBUG BasicTypeRegistry:135 - Adding type registration [Ljava.lang.Byte; -> org.hibernate.type.WrapperBinaryType@6b9b9f57
21:02:53,475 DEBUG BasicTypeRegistry:135 - Adding type registration image -> org.hibernate.type.ImageType@359cda50
21:02:53,477 DEBUG BasicTypeRegistry:135 - Adding type registration characters -> org.hibernate.type.CharArrayType@4a2eda5e
21:02:53,477 DEBUG BasicTypeRegistry:135 - Adding type registration char[] -> org.hibernate.type.CharArrayType@4a2eda5e
21:02:53,477 DEBUG BasicTypeRegistry:135 - Adding type registration [C -> org.hibernate.type.CharArrayType@4a2eda5e
21:02:53,478 DEBUG BasicTypeRegistry:135 - Adding type registration wrapper-characters -> org.hibernate.type.CharacterArrayType@7088daa7
21:02:53,479 DEBUG BasicTypeRegistry:135 - Adding type registration [Ljava.lang.Character; -> org.hibernate.type.CharacterArrayType@7088daa7
21:02:53,479 DEBUG BasicTypeRegistry:135 - Adding type registration Character[] -> org.hibernate.type.CharacterArrayType@7088daa7
21:02:53,479 DEBUG BasicTypeRegistry:135 - Adding type registration text -> org.hibernate.type.TextType@19bfcea3
21:02:53,480 DEBUG BasicTypeRegistry:135 - Adding type registration ntext -> org.hibernate.type.NTextType@7b6903c0
21:02:53,487 DEBUG BasicTypeRegistry:135 - Adding type registration blob -> org.hibernate.type.BlobType@1dadced
21:02:53,487 DEBUG BasicTypeRegistry:135 - Adding type registration java.sql.Blob -> org.hibernate.type.BlobType@1dadced
21:02:53,488 DEBUG BasicTypeRegistry:135 - Adding type registration materialized_blob -> org.hibernate.type.MaterializedBlobType@236b9929
21:02:53,492 DEBUG BasicTypeRegistry:135 - Adding type registration clob -> org.hibernate.type.ClobType@56c40c7a
21:02:53,492 DEBUG BasicTypeRegistry:135 - Adding type registration java.sql.Clob -> org.hibernate.type.ClobType@56c40c7a
21:02:53,496 DEBUG BasicTypeRegistry:135 - Adding type registration nclob -> org.hibernate.type.NClobType@260db2a1
21:02:53,496 DEBUG BasicTypeRegistry:135 - Adding type registration java.sql.NClob -> org.hibernate.type.NClobType@260db2a1
21:02:53,497 DEBUG BasicTypeRegistry:135 - Adding type registration materialized_clob -> org.hibernate.type.MaterializedClobType@26bcdb74
21:02:53,497 DEBUG BasicTypeRegistry:135 - Adding type registration materialized_nclob -> org.hibernate.type.MaterializedNClobType@129ebd53
21:02:53,498 DEBUG BasicTypeRegistry:135 - Adding type registration serializable -> org.hibernate.type.SerializableType@7e34886a
21:02:53,502 DEBUG BasicTypeRegistry:135 - Adding type registration object -> org.hibernate.type.ObjectType@4d447e6b
21:02:53,502 DEBUG BasicTypeRegistry:135 - Adding type registration java.lang.Object -> org.hibernate.type.ObjectType@4d447e6b
21:02:53,503 DEBUG BasicTypeRegistry:135 - Adding type registration imm_date -> org.hibernate.type.AdaptedImmutableType@51586211
21:02:53,503 DEBUG BasicTypeRegistry:135 - Adding type registration imm_time -> org.hibernate.type.AdaptedImmutableType@18e73d0
21:02:53,504 DEBUG BasicTypeRegistry:135 - Adding type registration imm_timestamp -> org.hibernate.type.AdaptedImmutableType@2f555d7c
21:02:53,504 DEBUG BasicTypeRegistry:135 - Adding type registration imm_dbtimestamp -> org.hibernate.type.AdaptedImmutableType@d6c902b
21:02:53,504 DEBUG BasicTypeRegistry:135 - Adding type registration imm_calendar -> org.hibernate.type.AdaptedImmutableType@526cfdef
21:02:53,504 DEBUG BasicTypeRegistry:135 - Adding type registration imm_calendar_date -> org.hibernate.type.AdaptedImmutableType@7193802f
21:02:53,504 DEBUG BasicTypeRegistry:135 - Adding type registration imm_binary -> org.hibernate.type.AdaptedImmutableType@ac4c7ea
21:02:53,504 DEBUG BasicTypeRegistry:135 - Adding type registration imm_serializable -> org.hibernate.type.AdaptedImmutableType@7d20d92b
21:02:53,517  WARN connections:71 - HHH10001002: Using Hibernate built-in connection pool (not for production use!)
21:02:53,525  INFO connections:127 - HHH10001005: using driver [com.mysql.jdbc.Driver] at URL [jdbc:mysql://ec2-52-36-168-250.us-west-2.compute.amazonaws.com:3306/lms]
21:02:53,525  INFO connections:136 - HHH10001001: Connection properties: {user=cs425, password=****}
21:02:53,526  INFO connections:141 - HHH10001003: Autocommit mode: false
21:07:23,048  INFO Version:37 - HHH000412: Hibernate Core {5.1.0.Final}
21:07:23,052  INFO Environment:213 - HHH000206: hibernate.properties not found
21:07:23,055  INFO Environment:317 - HHH000021: Bytecode provider name : javassist
21:07:23,317  INFO Version:66 - HCANN000001: Hibernate Commons Annotations {5.0.1.Final}
21:07:24,289 DEBUG BasicTypeRegistry:135 - Adding type registration boolean -> org.hibernate.type.BooleanType@1100b934
21:07:24,289 DEBUG BasicTypeRegistry:135 - Adding type registration boolean -> org.hibernate.type.BooleanType@1100b934
21:07:24,290 DEBUG BasicTypeRegistry:135 - Adding type registration java.lang.Boolean -> org.hibernate.type.BooleanType@1100b934
21:07:24,291 DEBUG BasicTypeRegistry:135 - Adding type registration numeric_boolean -> org.hibernate.type.NumericBooleanType@376fe6cc
21:07:24,292 DEBUG BasicTypeRegistry:135 - Adding type registration true_false -> org.hibernate.type.TrueFalseType@49456008
21:07:24,293 DEBUG BasicTypeRegistry:135 - Adding type registration yes_no -> org.hibernate.type.YesNoType@7571ccae
21:07:24,294 DEBUG BasicTypeRegistry:135 - Adding type registration byte -> org.hibernate.type.ByteType@e2b06f1
21:07:24,294 DEBUG BasicTypeRegistry:135 - Adding type registration byte -> org.hibernate.type.ByteType@e2b06f1
21:07:24,295 DEBUG BasicTypeRegistry:135 - Adding type registration java.lang.Byte -> org.hibernate.type.ByteType@e2b06f1
21:07:24,296 DEBUG BasicTypeRegistry:135 - Adding type registration character -> org.hibernate.type.CharacterType@497fcfe1
21:07:24,296 DEBUG BasicTypeRegistry:135 - Adding type registration char -> org.hibernate.type.CharacterType@497fcfe1
21:07:24,296 DEBUG BasicTypeRegistry:135 - Adding type registration java.lang.Character -> org.hibernate.type.CharacterType@497fcfe1
21:07:24,298 DEBUG BasicTypeRegistry:135 - Adding type registration short -> org.hibernate.type.ShortType@2b02ea6d
21:07:24,298 DEBUG BasicTypeRegistry:135 - Adding type registration short -> org.hibernate.type.ShortType@2b02ea6d
21:07:24,298 DEBUG BasicTypeRegistry:135 - Adding type registration java.lang.Short -> org.hibernate.type.ShortType@2b02ea6d
21:07:24,300 DEBUG BasicTypeRegistry:135 - Adding type registration integer -> org.hibernate.type.IntegerType@5c5801d7
21:07:24,300 DEBUG BasicTypeRegistry:135 - Adding type registration int -> org.hibernate.type.IntegerType@5c5801d7
21:07:24,300 DEBUG BasicTypeRegistry:135 - Adding type registration java.lang.Integer -> org.hibernate.type.IntegerType@5c5801d7
21:07:24,302 DEBUG BasicTypeRegistry:135 - Adding type registration long -> org.hibernate.type.LongType@21a728d6
21:07:24,302 DEBUG BasicTypeRegistry:135 - Adding type registration long -> org.hibernate.type.LongType@21a728d6
21:07:24,302 DEBUG BasicTypeRegistry:135 - Adding type registration java.lang.Long -> org.hibernate.type.LongType@21a728d6
21:07:24,304 DEBUG BasicTypeRegistry:135 - Adding type registration float -> org.hibernate.type.FloatType@2b6afea1
21:07:24,304 DEBUG BasicTypeRegistry:135 - Adding type registration float -> org.hibernate.type.FloatType@2b6afea1
21:07:24,304 DEBUG BasicTypeRegistry:135 - Adding type registration java.lang.Float -> org.hibernate.type.FloatType@2b6afea1
21:07:24,306 DEBUG BasicTypeRegistry:135 - Adding type registration double -> org.hibernate.type.DoubleType@fd69131
21:07:24,306 DEBUG BasicTypeRegistry:135 - Adding type registration double -> org.hibernate.type.DoubleType@fd69131
21:07:24,306 DEBUG BasicTypeRegistry:135 - Adding type registration java.lang.Double -> org.hibernate.type.DoubleType@fd69131
21:07:24,307 DEBUG BasicTypeRegistry:135 - Adding type registration big_decimal -> org.hibernate.type.BigDecimalType@78d3df42
21:07:24,308 DEBUG BasicTypeRegistry:135 - Adding type registration java.math.BigDecimal -> org.hibernate.type.BigDecimalType@78d3df42
21:07:24,309 DEBUG BasicTypeRegistry:135 - Adding type registration big_integer -> org.hibernate.type.BigIntegerType@31598bd
21:07:24,309 DEBUG BasicTypeRegistry:135 - Adding type registration java.math.BigInteger -> org.hibernate.type.BigIntegerType@31598bd
21:07:24,310 DEBUG BasicTypeRegistry:135 - Adding type registration string -> org.hibernate.type.StringType@192cbe8c
21:07:24,310 DEBUG BasicTypeRegistry:135 - Adding type registration java.lang.String -> org.hibernate.type.StringType@192cbe8c
21:07:24,311 DEBUG BasicTypeRegistry:135 - Adding type registration nstring -> org.hibernate.type.StringNVarcharType@2fa56884
21:07:24,312 DEBUG BasicTypeRegistry:135 - Adding type registration ncharacter -> org.hibernate.type.CharacterNCharType@677b5466
21:07:24,313 DEBUG BasicTypeRegistry:135 - Adding type registration url -> org.hibernate.type.UrlType@44d2702e
21:07:24,313 DEBUG BasicTypeRegistry:135 - Adding type registration java.net.URL -> org.hibernate.type.UrlType@44d2702e
21:07:24,315 DEBUG BasicTypeRegistry:135 - Adding type registration date -> org.hibernate.type.DateType@4628a18a
21:07:24,315 DEBUG BasicTypeRegistry:135 - Adding type registration java.sql.Date -> org.hibernate.type.DateType@4628a18a
21:07:24,317 DEBUG BasicTypeRegistry:135 - Adding type registration time -> org.hibernate.type.TimeType@aa1e2a5
21:07:24,317 DEBUG BasicTypeRegistry:135 - Adding type registration java.sql.Time -> org.hibernate.type.TimeType@aa1e2a5
21:07:24,319 DEBUG BasicTypeRegistry:135 - Adding type registration timestamp -> org.hibernate.type.TimestampType@5bd44e0b
21:07:24,320 DEBUG BasicTypeRegistry:135 - Adding type registration java.sql.Timestamp -> org.hibernate.type.TimestampType@5bd44e0b
21:07:24,320 DEBUG BasicTypeRegistry:135 - Adding type registration java.util.Date -> org.hibernate.type.TimestampType@5bd44e0b
21:07:24,321 DEBUG BasicTypeRegistry:135 - Adding type registration dbtimestamp -> org.hibernate.type.DbTimestampType@5292f822
21:07:24,322 DEBUG BasicTypeRegistry:135 - Adding type registration calendar -> org.hibernate.type.CalendarType@50f5db13
21:07:24,323 DEBUG BasicTypeRegistry:135 - Adding type registration java.util.Calendar -> org.hibernate.type.CalendarType@50f5db13
21:07:24,323 DEBUG BasicTypeRegistry:135 - Adding type registration java.util.GregorianCalendar -> org.hibernate.type.CalendarType@50f5db13
21:07:24,324 DEBUG BasicTypeRegistry:135 - Adding type registration calendar_date -> org.hibernate.type.CalendarDateType@262bbfbc
21:07:24,324 DEBUG BasicTypeRegistry:135 - Adding type registration locale -> org.hibernate.type.LocaleType@3cab8cf5
21:07:24,325 DEBUG BasicTypeRegistry:135 - Adding type registration java.util.Locale -> org.hibernate.type.LocaleType@3cab8cf5
21:07:24,326 DEBUG BasicTypeRegistry:135 - Adding type registration currency -> org.hibernate.type.CurrencyType@658c349c
21:07:24,326 DEBUG BasicTypeRegistry:135 - Adding type registration java.util.Currency -> org.hibernate.type.CurrencyType@658c349c
21:07:24,327 DEBUG BasicTypeRegistry:135 - Adding type registration timezone -> org.hibernate.type.TimeZoneType@50d6bdbe
21:07:24,327 DEBUG BasicTypeRegistry:135 - Adding type registration java.util.TimeZone -> org.hibernate.type.TimeZoneType@50d6bdbe
21:07:24,328 DEBUG BasicTypeRegistry:135 - Adding type registration class -> org.hibernate.type.ClassType@644a73d8
21:07:24,328 DEBUG BasicTypeRegistry:135 - Adding type registration java.lang.Class -> org.hibernate.type.ClassType@644a73d8
21:07:24,329 DEBUG BasicTypeRegistry:135 - Adding type registration uuid-binary -> org.hibernate.type.UUIDBinaryType@17f0d3b8
21:07:24,330 DEBUG BasicTypeRegistry:135 - Adding type registration java.util.UUID -> org.hibernate.type.UUIDBinaryType@17f0d3b8
21:07:24,330 DEBUG BasicTypeRegistry:135 - Adding type registration uuid-char -> org.hibernate.type.UUIDCharType@3c5b074c
21:07:24,332 DEBUG BasicTypeRegistry:135 - Adding type registration binary -> org.hibernate.type.BinaryType@2d2d6dfc
21:07:24,332 DEBUG BasicTypeRegistry:135 - Adding type registration byte[] -> org.hibernate.type.BinaryType@2d2d6dfc
21:07:24,332 DEBUG BasicTypeRegistry:135 - Adding type registration [B -> org.hibernate.type.BinaryType@2d2d6dfc
21:07:24,333 DEBUG BasicTypeRegistry:135 - Adding type registration wrapper-binary -> org.hibernate.type.WrapperBinaryType@4e174f3b
21:07:24,334 DEBUG BasicTypeRegistry:135 - Adding type registration Byte[] -> org.hibernate.type.WrapperBinaryType@4e174f3b
21:07:24,334 DEBUG BasicTypeRegistry:135 - Adding type registration [Ljava.lang.Byte; -> org.hibernate.type.WrapperBinaryType@4e174f3b
21:07:24,335 DEBUG BasicTypeRegistry:135 - Adding type registration image -> org.hibernate.type.ImageType@52097ce5
21:07:24,335 DEBUG BasicTypeRegistry:135 - Adding type registration characters -> org.hibernate.type.CharArrayType@6b40584c
21:07:24,336 DEBUG BasicTypeRegistry:135 - Adding type registration char[] -> org.hibernate.type.CharArrayType@6b40584c
21:07:24,336 DEBUG BasicTypeRegistry:135 - Adding type registration [C -> org.hibernate.type.CharArrayType@6b40584c
21:07:24,337 DEBUG BasicTypeRegistry:135 - Adding type registration wrapper-characters -> org.hibernate.type.CharacterArrayType@1991d886
21:07:24,337 DEBUG BasicTypeRegistry:135 - Adding type registration [Ljava.lang.Character; -> org.hibernate.type.CharacterArrayType@1991d886
21:07:24,337 DEBUG BasicTypeRegistry:135 - Adding type registration Character[] -> org.hibernate.type.CharacterArrayType@1991d886
21:07:24,338 DEBUG BasicTypeRegistry:135 - Adding type registration text -> org.hibernate.type.TextType@ffe9354
21:07:24,338 DEBUG BasicTypeRegistry:135 - Adding type registration ntext -> org.hibernate.type.NTextType@46a2cbf2
21:07:24,343 DEBUG BasicTypeRegistry:135 - Adding type registration blob -> org.hibernate.type.BlobType@76b48a63
21:07:24,343 DEBUG BasicTypeRegistry:135 - Adding type registration java.sql.Blob -> org.hibernate.type.BlobType@76b48a63
21:07:24,344 DEBUG BasicTypeRegistry:135 - Adding type registration materialized_blob -> org.hibernate.type.MaterializedBlobType@5ecc1016
21:07:24,348 DEBUG BasicTypeRegistry:135 - Adding type registration clob -> org.hibernate.type.ClobType@695d02be
21:07:24,348 DEBUG BasicTypeRegistry:135 - Adding type registration java.sql.Clob -> org.hibernate.type.ClobType@695d02be
21:07:24,351 DEBUG BasicTypeRegistry:135 - Adding type registration nclob -> org.hibernate.type.NClobType@693c4b81
21:07:24,352 DEBUG BasicTypeRegistry:135 - Adding type registration java.sql.NClob -> org.hibernate.type.NClobType@693c4b81
21:07:24,352 DEBUG BasicTypeRegistry:135 - Adding type registration materialized_clob -> org.hibernate.type.MaterializedClobType@7a597692
21:07:24,353 DEBUG BasicTypeRegistry:135 - Adding type registration materialized_nclob -> org.hibernate.type.MaterializedNClobType@5051a0c9
21:07:24,354 DEBUG BasicTypeRegistry:135 - Adding type registration serializable -> org.hibernate.type.SerializableType@7cdd93a5
21:07:24,359 DEBUG BasicTypeRegistry:135 - Adding type registration object -> org.hibernate.type.ObjectType@7913938a
21:07:24,359 DEBUG BasicTypeRegistry:135 - Adding type registration java.lang.Object -> org.hibernate.type.ObjectType@7913938a
21:07:24,360 DEBUG BasicTypeRegistry:135 - Adding type registration imm_date -> org.hibernate.type.AdaptedImmutableType@54c4e0d3
21:07:24,360 DEBUG BasicTypeRegistry:135 - Adding type registration imm_time -> org.hibernate.type.AdaptedImmutableType@4984681f
21:07:24,360 DEBUG BasicTypeRegistry:135 - Adding type registration imm_timestamp -> org.hibernate.type.AdaptedImmutableType@13cff0ee
21:07:24,360 DEBUG BasicTypeRegistry:135 - Adding type registration imm_dbtimestamp -> org.hibernate.type.AdaptedImmutableType@38d2a36b
21:07:24,360 DEBUG BasicTypeRegistry:135 - Adding type registration imm_calendar -> org.hibernate.type.AdaptedImmutableType@ce6e2f2
21:07:24,360 DEBUG BasicTypeRegistry:135 - Adding type registration imm_calendar_date -> org.hibernate.type.AdaptedImmutableType@a3d847c
21:07:24,361 DEBUG BasicTypeRegistry:135 - Adding type registration imm_binary -> org.hibernate.type.AdaptedImmutableType@4cc4ee24
21:07:24,361 DEBUG BasicTypeRegistry:135 - Adding type registration imm_serializable -> org.hibernate.type.AdaptedImmutableType@14eea4dc
21:07:24,370  WARN connections:71 - HHH10001002: Using Hibernate built-in connection pool (not for production use!)
21:07:24,376  INFO connections:127 - HHH10001005: using driver [com.mysql.jdbc.Driver] at URL [jdbc:mysql://ec2-52-36-168-250.us-west-2.compute.amazonaws.com:3306/lms]
21:07:24,377  INFO connections:136 - HHH10001001: Connection properties: {user=cs425, password=****}
21:07:24,377  INFO connections:141 - HHH10001003: Autocommit mode: false
21:10:16,160  INFO Version:37 - HHH000412: Hibernate Core {5.1.0.Final}
21:10:16,163  INFO Environment:213 - HHH000206: hibernate.properties not found
21:10:16,167  INFO Environment:317 - HHH000021: Bytecode provider name : javassist
21:10:16,429  INFO Version:66 - HCANN000001: Hibernate Commons Annotations {5.0.1.Final}
21:10:17,407 DEBUG BasicTypeRegistry:135 - Adding type registration boolean -> org.hibernate.type.BooleanType@2e4e1a77
21:10:17,407 DEBUG BasicTypeRegistry:135 - Adding type registration boolean -> org.hibernate.type.BooleanType@2e4e1a77
21:10:17,407 DEBUG BasicTypeRegistry:135 - Adding type registration java.lang.Boolean -> org.hibernate.type.BooleanType@2e4e1a77
21:10:17,408 DEBUG BasicTypeRegistry:135 - Adding type registration numeric_boolean -> org.hibernate.type.NumericBooleanType@5a483073
21:10:17,409 DEBUG BasicTypeRegistry:135 - Adding type registration true_false -> org.hibernate.type.TrueFalseType@4fe56a7
21:10:17,410 DEBUG BasicTypeRegistry:135 - Adding type registration yes_no -> org.hibernate.type.YesNoType@4db9705c
21:10:17,411 DEBUG BasicTypeRegistry:135 - Adding type registration byte -> org.hibernate.type.ByteType@2dd92573
21:10:17,412 DEBUG BasicTypeRegistry:135 - Adding type registration byte -> org.hibernate.type.ByteType@2dd92573
21:10:17,412 DEBUG BasicTypeRegistry:135 - Adding type registration java.lang.Byte -> org.hibernate.type.ByteType@2dd92573
21:10:17,413 DEBUG BasicTypeRegistry:135 - Adding type registration character -> org.hibernate.type.CharacterType@340ca22a
21:10:17,413 DEBUG BasicTypeRegistry:135 - Adding type registration char -> org.hibernate.type.CharacterType@340ca22a
21:10:17,413 DEBUG BasicTypeRegistry:135 - Adding type registration java.lang.Character -> org.hibernate.type.CharacterType@340ca22a
21:10:17,415 DEBUG BasicTypeRegistry:135 - Adding type registration short -> org.hibernate.type.ShortType@21a728d6
21:10:17,415 DEBUG BasicTypeRegistry:135 - Adding type registration short -> org.hibernate.type.ShortType@21a728d6
21:10:17,416 DEBUG BasicTypeRegistry:135 - Adding type registration java.lang.Short -> org.hibernate.type.ShortType@21a728d6
21:10:17,417 DEBUG BasicTypeRegistry:135 - Adding type registration integer -> org.hibernate.type.IntegerType@60625e69
21:10:17,417 DEBUG BasicTypeRegistry:135 - Adding type registration int -> org.hibernate.type.IntegerType@60625e69
21:10:17,417 DEBUG BasicTypeRegistry:135 - Adding type registration java.lang.Integer -> org.hibernate.type.IntegerType@60625e69
21:10:17,419 DEBUG BasicTypeRegistry:135 - Adding type registration long -> org.hibernate.type.LongType@d5a8bd9
21:10:17,419 DEBUG BasicTypeRegistry:135 - Adding type registration long -> org.hibernate.type.LongType@d5a8bd9
21:10:17,419 DEBUG BasicTypeRegistry:135 - Adding type registration java.lang.Long -> org.hibernate.type.LongType@d5a8bd9
21:10:17,421 DEBUG BasicTypeRegistry:135 - Adding type registration float -> org.hibernate.type.FloatType@5deb702b
21:10:17,421 DEBUG BasicTypeRegistry:135 - Adding type registration float -> org.hibernate.type.FloatType@5deb702b
21:10:17,421 DEBUG BasicTypeRegistry:135 - Adding type registration java.lang.Float -> org.hibernate.type.FloatType@5deb702b
21:10:17,422 DEBUG BasicTypeRegistry:135 - Adding type registration double -> org.hibernate.type.DoubleType@270def92
21:10:17,423 DEBUG BasicTypeRegistry:135 - Adding type registration double -> org.hibernate.type.DoubleType@270def92
21:10:17,423 DEBUG BasicTypeRegistry:135 - Adding type registration java.lang.Double -> org.hibernate.type.DoubleType@270def92
21:10:17,424 DEBUG BasicTypeRegistry:135 - Adding type registration big_decimal -> org.hibernate.type.BigDecimalType@b508a8b
21:10:17,424 DEBUG BasicTypeRegistry:135 - Adding type registration java.math.BigDecimal -> org.hibernate.type.BigDecimalType@b508a8b
21:10:17,425 DEBUG BasicTypeRegistry:135 - Adding type registration big_integer -> org.hibernate.type.BigIntegerType@7901b7cf
21:10:17,426 DEBUG BasicTypeRegistry:135 - Adding type registration java.math.BigInteger -> org.hibernate.type.BigIntegerType@7901b7cf
21:10:17,427 DEBUG BasicTypeRegistry:135 - Adding type registration string -> org.hibernate.type.StringType@3df427e
21:10:17,427 DEBUG BasicTypeRegistry:135 - Adding type registration java.lang.String -> org.hibernate.type.StringType@3df427e
21:10:17,428 DEBUG BasicTypeRegistry:135 - Adding type registration nstring -> org.hibernate.type.StringNVarcharType@27c2ecbe
21:10:17,429 DEBUG BasicTypeRegistry:135 - Adding type registration ncharacter -> org.hibernate.type.CharacterNCharType@22365854
21:10:17,430 DEBUG BasicTypeRegistry:135 - Adding type registration url -> org.hibernate.type.UrlType@4fc9df6
21:10:17,430 DEBUG BasicTypeRegistry:135 - Adding type registration java.net.URL -> org.hibernate.type.UrlType@4fc9df6
21:10:17,432 DEBUG BasicTypeRegistry:135 - Adding type registration date -> org.hibernate.type.DateType@5bd44e0b
21:10:17,432 DEBUG BasicTypeRegistry:135 - Adding type registration java.sql.Date -> org.hibernate.type.DateType@5bd44e0b
21:10:17,434 DEBUG BasicTypeRegistry:135 - Adding type registration time -> org.hibernate.type.TimeType@5428179e
21:10:17,434 DEBUG BasicTypeRegistry:135 - Adding type registration java.sql.Time -> org.hibernate.type.TimeType@5428179e
21:10:17,436 DEBUG BasicTypeRegistry:135 - Adding type registration timestamp -> org.hibernate.type.TimestampType@7b5ce015
21:10:17,436 DEBUG BasicTypeRegistry:135 - Adding type registration java.sql.Timestamp -> org.hibernate.type.TimestampType@7b5ce015
21:10:17,437 DEBUG BasicTypeRegistry:135 - Adding type registration java.util.Date -> org.hibernate.type.TimestampType@7b5ce015
21:10:17,438 DEBUG BasicTypeRegistry:135 - Adding type registration dbtimestamp -> org.hibernate.type.DbTimestampType@429cafd8
21:10:17,439 DEBUG BasicTypeRegistry:135 - Adding type registration calendar -> org.hibernate.type.CalendarType@2f704745
21:10:17,439 DEBUG BasicTypeRegistry:135 - Adding type registration java.util.Calendar -> org.hibernate.type.CalendarType@2f704745
21:10:17,440 DEBUG BasicTypeRegistry:135 - Adding type registration java.util.GregorianCalendar -> org.hibernate.type.CalendarType@2f704745
21:10:17,440 DEBUG BasicTypeRegistry:135 - Adding type registration calendar_date -> org.hibernate.type.CalendarDateType@274de6e4
21:10:17,441 DEBUG BasicTypeRegistry:135 - Adding type registration locale -> org.hibernate.type.LocaleType@7ef30fce
21:10:17,441 DEBUG BasicTypeRegistry:135 - Adding type registration java.util.Locale -> org.hibernate.type.LocaleType@7ef30fce
21:10:17,442 DEBUG BasicTypeRegistry:135 - Adding type registration currency -> org.hibernate.type.CurrencyType@143f032d
21:10:17,442 DEBUG BasicTypeRegistry:135 - Adding type registration java.util.Currency -> org.hibernate.type.CurrencyType@143f032d
21:10:17,443 DEBUG BasicTypeRegistry:135 - Adding type registration timezone -> org.hibernate.type.TimeZoneType@47478104
21:10:17,443 DEBUG BasicTypeRegistry:135 - Adding type registration java.util.TimeZone -> org.hibernate.type.TimeZoneType@47478104
21:10:17,444 DEBUG BasicTypeRegistry:135 - Adding type registration class -> org.hibernate.type.ClassType@238258f1
21:10:17,444 DEBUG BasicTypeRegistry:135 - Adding type registration java.lang.Class -> org.hibernate.type.ClassType@238258f1
21:10:17,446 DEBUG BasicTypeRegistry:135 - Adding type registration uuid-binary -> org.hibernate.type.UUIDBinaryType@100c24c6
21:10:17,446 DEBUG BasicTypeRegistry:135 - Adding type registration java.util.UUID -> org.hibernate.type.UUIDBinaryType@100c24c6
21:10:17,447 DEBUG BasicTypeRegistry:135 - Adding type registration uuid-char -> org.hibernate.type.UUIDCharType@23441f2b
21:10:17,448 DEBUG BasicTypeRegistry:135 - Adding type registration binary -> org.hibernate.type.BinaryType@153015e8
21:10:17,448 DEBUG BasicTypeRegistry:135 - Adding type registration byte[] -> org.hibernate.type.BinaryType@153015e8
21:10:17,448 DEBUG BasicTypeRegistry:135 - Adding type registration [B -> org.hibernate.type.BinaryType@153015e8
21:10:17,449 DEBUG BasicTypeRegistry:135 - Adding type registration wrapper-binary -> org.hibernate.type.WrapperBinaryType@6154863e
21:10:17,449 DEBUG BasicTypeRegistry:135 - Adding type registration Byte[] -> org.hibernate.type.WrapperBinaryType@6154863e
21:10:17,449 DEBUG BasicTypeRegistry:135 - Adding type registration [Ljava.lang.Byte; -> org.hibernate.type.WrapperBinaryType@6154863e
21:10:17,450 DEBUG BasicTypeRegistry:135 - Adding type registration image -> org.hibernate.type.ImageType@4536a505
21:10:17,451 DEBUG BasicTypeRegistry:135 - Adding type registration characters -> org.hibernate.type.CharArrayType@46a2cbf2
21:10:17,451 DEBUG BasicTypeRegistry:135 - Adding type registration char[] -> org.hibernate.type.CharArrayType@46a2cbf2
21:10:17,451 DEBUG BasicTypeRegistry:135 - Adding type registration [C -> org.hibernate.type.CharArrayType@46a2cbf2
21:10:17,452 DEBUG BasicTypeRegistry:135 - Adding type registration wrapper-characters -> org.hibernate.type.CharacterArrayType@573e6f86
21:10:17,452 DEBUG BasicTypeRegistry:135 - Adding type registration [Ljava.lang.Character; -> org.hibernate.type.CharacterArrayType@573e6f86
21:10:17,453 DEBUG BasicTypeRegistry:135 - Adding type registration Character[] -> org.hibernate.type.CharacterArrayType@573e6f86
21:10:17,453 DEBUG BasicTypeRegistry:135 - Adding type registration text -> org.hibernate.type.TextType@44e979ea
21:10:17,454 DEBUG BasicTypeRegistry:135 - Adding type registration ntext -> org.hibernate.type.NTextType@72b02f
21:10:17,458 DEBUG BasicTypeRegistry:135 - Adding type registration blob -> org.hibernate.type.BlobType@22978f81
21:10:17,458 DEBUG BasicTypeRegistry:135 - Adding type registration java.sql.Blob -> org.hibernate.type.BlobType@22978f81
21:10:17,458 DEBUG BasicTypeRegistry:135 - Adding type registration materialized_blob -> org.hibernate.type.MaterializedBlobType@36ab0a5b
21:10:17,463 DEBUG BasicTypeRegistry:135 - Adding type registration clob -> org.hibernate.type.ClobType@7f98cac6
21:10:17,463 DEBUG BasicTypeRegistry:135 - Adding type registration java.sql.Clob -> org.hibernate.type.ClobType@7f98cac6
21:10:17,466 DEBUG BasicTypeRegistry:135 - Adding type registration nclob -> org.hibernate.type.NClobType@370875ae
21:10:17,466 DEBUG BasicTypeRegistry:135 - Adding type registration java.sql.NClob -> org.hibernate.type.NClobType@370875ae
21:10:17,467 DEBUG BasicTypeRegistry:135 - Adding type registration materialized_clob -> org.hibernate.type.MaterializedClobType@5a0b0303
21:10:17,468 DEBUG BasicTypeRegistry:135 - Adding type registration materialized_nclob -> org.hibernate.type.MaterializedNClobType@284a7f6e
21:10:17,469 DEBUG BasicTypeRegistry:135 - Adding type registration serializable -> org.hibernate.type.SerializableType@243cc381
21:10:17,472 DEBUG BasicTypeRegistry:135 - Adding type registration object -> org.hibernate.type.ObjectType@21cda59
21:10:17,472 DEBUG BasicTypeRegistry:135 - Adding type registration java.lang.Object -> org.hibernate.type.ObjectType@21cda59
21:10:17,472 DEBUG BasicTypeRegistry:135 - Adding type registration imm_date -> org.hibernate.type.AdaptedImmutableType@581498cd
21:10:17,472 DEBUG BasicTypeRegistry:135 - Adding type registration imm_time -> org.hibernate.type.AdaptedImmutableType@303be7e8
21:10:17,473 DEBUG BasicTypeRegistry:135 - Adding type registration imm_timestamp -> org.hibernate.type.AdaptedImmutableType@2cf64915
21:10:17,473 DEBUG BasicTypeRegistry:135 - Adding type registration imm_dbtimestamp -> org.hibernate.type.AdaptedImmutableType@5d3818c2
21:10:17,473 DEBUG BasicTypeRegistry:135 - Adding type registration imm_calendar -> org.hibernate.type.AdaptedImmutableType@de1985e
21:10:17,473 DEBUG BasicTypeRegistry:135 - Adding type registration imm_calendar_date -> org.hibernate.type.AdaptedImmutableType@55da4a70
21:10:17,473 DEBUG BasicTypeRegistry:135 - Adding type registration imm_binary -> org.hibernate.type.AdaptedImmutableType@6e4d2b18
21:10:17,473 DEBUG BasicTypeRegistry:135 - Adding type registration imm_serializable -> org.hibernate.type.AdaptedImmutableType@c486d3b
21:10:17,484  WARN connections:71 - HHH10001002: Using Hibernate built-in connection pool (not for production use!)
21:10:17,490  INFO connections:127 - HHH10001005: using driver [com.mysql.jdbc.Driver] at URL [jdbc:mysql://ec2-52-36-168-250.us-west-2.compute.amazonaws.com:3306/lms]
21:10:17,491  INFO connections:136 - HHH10001001: Connection properties: {user=cs425, password=****}
21:10:17,491  INFO connections:141 - HHH10001003: Autocommit mode: false
21:10:17,494  INFO DriverManagerConnectionProviderImpl:39 - HHH000115: Hibernate connection pool size: 20 (min=1)
21:10:18,740  INFO Dialect:156 - HHH000400: Using dialect: org.hibernate.dialect.MySQLDialect
21:10:19,021  INFO connections:235 - HHH10001008: Cleaning up connection pool [jdbc:mysql://ec2-52-36-168-250.us-west-2.compute.amazonaws.com:3306/lms]
21:10:19,602 DEBUG BasicTypeRegistry:135 - Adding type registration boolean -> org.hibernate.type.BooleanType@2e4e1a77
21:10:19,603 DEBUG BasicTypeRegistry:135 - Adding type registration boolean -> org.hibernate.type.BooleanType@2e4e1a77
21:10:19,603 DEBUG BasicTypeRegistry:135 - Adding type registration java.lang.Boolean -> org.hibernate.type.BooleanType@2e4e1a77
21:10:19,603 DEBUG BasicTypeRegistry:135 - Adding type registration numeric_boolean -> org.hibernate.type.NumericBooleanType@5a483073
21:10:19,603 DEBUG BasicTypeRegistry:135 - Adding type registration true_false -> org.hibernate.type.TrueFalseType@4fe56a7
21:10:19,604 DEBUG BasicTypeRegistry:135 - Adding type registration yes_no -> org.hibernate.type.YesNoType@4db9705c
21:10:19,604 DEBUG BasicTypeRegistry:135 - Adding type registration byte -> org.hibernate.type.ByteType@2dd92573
21:10:19,604 DEBUG BasicTypeRegistry:135 - Adding type registration byte -> org.hibernate.type.ByteType@2dd92573
21:10:19,604 DEBUG BasicTypeRegistry:135 - Adding type registration java.lang.Byte -> org.hibernate.type.ByteType@2dd92573
21:10:19,604 DEBUG BasicTypeRegistry:135 - Adding type registration character -> org.hibernate.type.CharacterType@340ca22a
21:10:19,605 DEBUG BasicTypeRegistry:135 - Adding type registration char -> org.hibernate.type.CharacterType@340ca22a
21:10:19,605 DEBUG BasicTypeRegistry:135 - Adding type registration java.lang.Character -> org.hibernate.type.CharacterType@340ca22a
21:10:19,605 DEBUG BasicTypeRegistry:135 - Adding type registration short -> org.hibernate.type.ShortType@21a728d6
21:10:19,605 DEBUG BasicTypeRegistry:135 - Adding type registration short -> org.hibernate.type.ShortType@21a728d6
21:10:19,605 DEBUG BasicTypeRegistry:135 - Adding type registration java.lang.Short -> org.hibernate.type.ShortType@21a728d6
21:10:19,606 DEBUG BasicTypeRegistry:135 - Adding type registration integer -> org.hibernate.type.IntegerType@60625e69
21:10:19,606 DEBUG BasicTypeRegistry:135 - Adding type registration int -> org.hibernate.type.IntegerType@60625e69
21:10:19,606 DEBUG BasicTypeRegistry:135 - Adding type registration java.lang.Integer -> org.hibernate.type.IntegerType@60625e69
21:10:19,606 DEBUG BasicTypeRegistry:135 - Adding type registration long -> org.hibernate.type.LongType@d5a8bd9
21:10:19,606 DEBUG BasicTypeRegistry:135 - Adding type registration long -> org.hibernate.type.LongType@d5a8bd9
21:10:19,606 DEBUG BasicTypeRegistry:135 - Adding type registration java.lang.Long -> org.hibernate.type.LongType@d5a8bd9
21:10:19,607 DEBUG BasicTypeRegistry:135 - Adding type registration float -> org.hibernate.type.FloatType@5deb702b
21:10:19,607 DEBUG BasicTypeRegistry:135 - Adding type registration float -> org.hibernate.type.FloatType@5deb702b
21:10:19,607 DEBUG BasicTypeRegistry:135 - Adding type registration java.lang.Float -> org.hibernate.type.FloatType@5deb702b
21:10:19,607 DEBUG BasicTypeRegistry:135 - Adding type registration double -> org.hibernate.type.DoubleType@270def92
21:10:19,607 DEBUG BasicTypeRegistry:135 - Adding type registration double -> org.hibernate.type.DoubleType@270def92
21:10:19,608 DEBUG BasicTypeRegistry:135 - Adding type registration java.lang.Double -> org.hibernate.type.DoubleType@270def92
21:10:19,608 DEBUG BasicTypeRegistry:135 - Adding type registration big_decimal -> org.hibernate.type.BigDecimalType@b508a8b
21:10:19,608 DEBUG BasicTypeRegistry:135 - Adding type registration java.math.BigDecimal -> org.hibernate.type.BigDecimalType@b508a8b
21:10:19,608 DEBUG BasicTypeRegistry:135 - Adding type registration big_integer -> org.hibernate.type.BigIntegerType@7901b7cf
21:10:19,608 DEBUG BasicTypeRegistry:135 - Adding type registration java.math.BigInteger -> org.hibernate.type.BigIntegerType@7901b7cf
21:10:19,608 DEBUG BasicTypeRegistry:135 - Adding type registration string -> org.hibernate.type.StringType@3df427e
21:10:19,608 DEBUG BasicTypeRegistry:135 - Adding type registration java.lang.String -> org.hibernate.type.StringType@3df427e
21:10:19,609 DEBUG BasicTypeRegistry:135 - Adding type registration nstring -> org.hibernate.type.StringNVarcharType@27c2ecbe
21:10:19,609 DEBUG BasicTypeRegistry:135 - Adding type registration ncharacter -> org.hibernate.type.CharacterNCharType@22365854
21:10:19,609 DEBUG BasicTypeRegistry:135 - Adding type registration url -> org.hibernate.type.UrlType@4fc9df6
21:10:19,609 DEBUG BasicTypeRegistry:135 - Adding type registration java.net.URL -> org.hibernate.type.UrlType@4fc9df6
21:10:19,609 DEBUG BasicTypeRegistry:135 - Adding type registration date -> org.hibernate.type.DateType@5bd44e0b
21:10:19,609 DEBUG BasicTypeRegistry:135 - Adding type registration java.sql.Date -> org.hibernate.type.DateType@5bd44e0b
21:10:19,610 DEBUG BasicTypeRegistry:135 - Adding type registration time -> org.hibernate.type.TimeType@5428179e
21:10:19,610 DEBUG BasicTypeRegistry:135 - Adding type registration java.sql.Time -> org.hibernate.type.TimeType@5428179e
21:10:19,610 DEBUG BasicTypeRegistry:135 - Adding type registration timestamp -> org.hibernate.type.TimestampType@7b5ce015
21:10:19,610 DEBUG BasicTypeRegistry:135 - Adding type registration java.sql.Timestamp -> org.hibernate.type.TimestampType@7b5ce015
21:10:19,610 DEBUG BasicTypeRegistry:135 - Adding type registration java.util.Date -> org.hibernate.type.TimestampType@7b5ce015
21:10:19,610 DEBUG BasicTypeRegistry:135 - Adding type registration dbtimestamp -> org.hibernate.type.DbTimestampType@429cafd8
21:10:19,610 DEBUG BasicTypeRegistry:135 - Adding type registration calendar -> org.hibernate.type.CalendarType@2f704745
21:10:19,611 DEBUG BasicTypeRegistry:135 - Adding type registration java.util.Calendar -> org.hibernate.type.CalendarType@2f704745
21:10:19,611 DEBUG BasicTypeRegistry:135 - Adding type registration java.util.GregorianCalendar -> org.hibernate.type.CalendarType@2f704745
21:10:19,611 DEBUG BasicTypeRegistry:135 - Adding type registration calendar_date -> org.hibernate.type.CalendarDateType@274de6e4
21:10:19,611 DEBUG BasicTypeRegistry:135 - Adding type registration locale -> org.hibernate.type.LocaleType@7ef30fce
21:10:19,611 DEBUG BasicTypeRegistry:135 - Adding type registration java.util.Locale -> org.hibernate.type.LocaleType@7ef30fce
21:10:19,612 DEBUG BasicTypeRegistry:135 - Adding type registration currency -> org.hibernate.type.CurrencyType@143f032d
21:10:19,612 DEBUG BasicTypeRegistry:135 - Adding type registration java.util.Currency -> org.hibernate.type.CurrencyType@143f032d
21:10:19,612 DEBUG BasicTypeRegistry:135 - Adding type registration timezone -> org.hibernate.type.TimeZoneType@47478104
21:10:19,612 DEBUG BasicTypeRegistry:135 - Adding type registration java.util.TimeZone -> org.hibernate.type.TimeZoneType@47478104
21:10:19,612 DEBUG BasicTypeRegistry:135 - Adding type registration class -> org.hibernate.type.ClassType@238258f1
21:10:19,612 DEBUG BasicTypeRegistry:135 - Adding type registration java.lang.Class -> org.hibernate.type.ClassType@238258f1
21:10:19,613 DEBUG BasicTypeRegistry:135 - Adding type registration uuid-binary -> org.hibernate.type.UUIDBinaryType@100c24c6
21:10:19,613 DEBUG BasicTypeRegistry:135 - Adding type registration java.util.UUID -> org.hibernate.type.UUIDBinaryType@100c24c6
21:10:19,613 DEBUG BasicTypeRegistry:135 - Adding type registration uuid-char -> org.hibernate.type.UUIDCharType@23441f2b
21:10:19,613 DEBUG BasicTypeRegistry:135 - Adding type registration binary -> org.hibernate.type.BinaryType@153015e8
21:10:19,613 DEBUG BasicTypeRegistry:135 - Adding type registration byte[] -> org.hibernate.type.BinaryType@153015e8
21:10:19,614 DEBUG BasicTypeRegistry:135 - Adding type registration [B -> org.hibernate.type.BinaryType@153015e8
21:10:19,614 DEBUG BasicTypeRegistry:135 - Adding type registration wrapper-binary -> org.hibernate.type.WrapperBinaryType@6154863e
21:10:19,614 DEBUG BasicTypeRegistry:135 - Adding type registration Byte[] -> org.hibernate.type.WrapperBinaryType@6154863e
21:10:19,614 DEBUG BasicTypeRegistry:135 - Adding type registration [Ljava.lang.Byte; -> org.hibernate.type.WrapperBinaryType@6154863e
21:10:19,614 DEBUG BasicTypeRegistry:135 - Adding type registration image -> org.hibernate.type.ImageType@4536a505
21:10:19,615 DEBUG BasicTypeRegistry:135 - Adding type registration characters -> org.hibernate.type.CharArrayType@46a2cbf2
21:10:19,615 DEBUG BasicTypeRegistry:135 - Adding type registration char[] -> org.hibernate.type.CharArrayType@46a2cbf2
21:10:19,615 DEBUG BasicTypeRegistry:135 - Adding type registration [C -> org.hibernate.type.CharArrayType@46a2cbf2
21:10:19,615 DEBUG BasicTypeRegistry:135 - Adding type registration wrapper-characters -> org.hibernate.type.CharacterArrayType@573e6f86
21:10:19,615 DEBUG BasicTypeRegistry:135 - Adding type registration [Ljava.lang.Character; -> org.hibernate.type.CharacterArrayType@573e6f86
21:10:19,615 DEBUG BasicTypeRegistry:135 - Adding type registration Character[] -> org.hibernate.type.CharacterArrayType@573e6f86
21:10:19,616 DEBUG BasicTypeRegistry:135 - Adding type registration text -> org.hibernate.type.TextType@44e979ea
21:10:19,616 DEBUG BasicTypeRegistry:135 - Adding type registration ntext -> org.hibernate.type.NTextType@72b02f
21:10:19,616 DEBUG BasicTypeRegistry:135 - Adding type registration blob -> org.hibernate.type.BlobType@22978f81
21:10:19,616 DEBUG BasicTypeRegistry:135 - Adding type registration java.sql.Blob -> org.hibernate.type.BlobType@22978f81
21:10:19,616 DEBUG BasicTypeRegistry:135 - Adding type registration materialized_blob -> org.hibernate.type.MaterializedBlobType@36ab0a5b
21:10:19,617 DEBUG BasicTypeRegistry:135 - Adding type registration clob -> org.hibernate.type.ClobType@7f98cac6
21:10:19,617 DEBUG BasicTypeRegistry:135 - Adding type registration java.sql.Clob -> org.hibernate.type.ClobType@7f98cac6
21:10:19,617 DEBUG BasicTypeRegistry:135 - Adding type registration nclob -> org.hibernate.type.NClobType@370875ae
21:10:19,617 DEBUG BasicTypeRegistry:135 - Adding type registration java.sql.NClob -> org.hibernate.type.NClobType@370875ae
21:10:19,617 DEBUG BasicTypeRegistry:135 - Adding type registration materialized_clob -> org.hibernate.type.MaterializedClobType@5a0b0303
21:10:19,617 DEBUG BasicTypeRegistry:135 - Adding type registration materialized_nclob -> org.hibernate.type.MaterializedNClobType@284a7f6e
21:10:19,618 DEBUG BasicTypeRegistry:135 - Adding type registration serializable -> org.hibernate.type.SerializableType@243cc381
21:10:19,618 DEBUG BasicTypeRegistry:135 - Adding type registration object -> org.hibernate.type.ObjectType@21cda59
21:10:19,618 DEBUG BasicTypeRegistry:135 - Adding type registration java.lang.Object -> org.hibernate.type.ObjectType@21cda59
21:10:19,618 DEBUG BasicTypeRegistry:135 - Adding type registration imm_date -> org.hibernate.type.AdaptedImmutableType@2b8b0cd6
21:10:19,618 DEBUG BasicTypeRegistry:135 - Adding type registration imm_time -> org.hibernate.type.AdaptedImmutableType@35f7cbef
21:10:19,618 DEBUG BasicTypeRegistry:135 - Adding type registration imm_timestamp -> org.hibernate.type.AdaptedImmutableType@1f6dd397
21:10:19,619 DEBUG BasicTypeRegistry:135 - Adding type registration imm_dbtimestamp -> org.hibernate.type.AdaptedImmutableType@635e6e9f
21:10:19,619 DEBUG BasicTypeRegistry:135 - Adding type registration imm_calendar -> org.hibernate.type.AdaptedImmutableType@4cb0bbb0
21:10:19,619 DEBUG BasicTypeRegistry:135 - Adding type registration imm_calendar_date -> org.hibernate.type.AdaptedImmutableType@66f24725
21:10:19,619 DEBUG BasicTypeRegistry:135 - Adding type registration imm_binary -> org.hibernate.type.AdaptedImmutableType@2c1d02f0
21:10:19,619 DEBUG BasicTypeRegistry:135 - Adding type registration imm_serializable -> org.hibernate.type.AdaptedImmutableType@24abf130
21:10:19,619  WARN connections:71 - HHH10001002: Using Hibernate built-in connection pool (not for production use!)
21:10:19,620  INFO connections:127 - HHH10001005: using driver [com.mysql.jdbc.Driver] at URL [jdbc:mysql://ec2-52-36-168-250.us-west-2.compute.amazonaws.com:3306/lms]
21:10:19,620  INFO connections:136 - HHH10001001: Connection properties: {user=cs425, password=****}
21:10:19,620  INFO connections:141 - HHH10001003: Autocommit mode: false
21:10:19,620  INFO DriverManagerConnectionProviderImpl:39 - HHH000115: Hibernate connection pool size: 20 (min=1)
21:10:20,505  INFO Dialect:156 - HHH000400: Using dialect: org.hibernate.dialect.MySQLDialect
21:10:20,620  INFO connections:235 - HHH10001008: Cleaning up connection pool [jdbc:mysql://ec2-52-36-168-250.us-west-2.compute.amazonaws.com:3306/lms]
21:14:07,735  INFO Version:37 - HHH000412: Hibernate Core {5.1.0.Final}
21:14:07,738  INFO Environment:213 - HHH000206: hibernate.properties not found
21:14:07,741  INFO Environment:317 - HHH000021: Bytecode provider name : javassist
21:14:07,999  INFO Version:66 - HCANN000001: Hibernate Commons Annotations {5.0.1.Final}
21:14:08,986 DEBUG BasicTypeRegistry:135 - Adding type registration boolean -> org.hibernate.type.BooleanType@2e4e1a77
21:14:08,986 DEBUG BasicTypeRegistry:135 - Adding type registration boolean -> org.hibernate.type.BooleanType@2e4e1a77
21:14:08,986 DEBUG BasicTypeRegistry:135 - Adding type registration java.lang.Boolean -> org.hibernate.type.BooleanType@2e4e1a77
21:14:08,987 DEBUG BasicTypeRegistry:135 - Adding type registration numeric_boolean -> org.hibernate.type.NumericBooleanType@5a483073
21:14:08,989 DEBUG BasicTypeRegistry:135 - Adding type registration true_false -> org.hibernate.type.TrueFalseType@4fe56a7
21:14:08,989 DEBUG BasicTypeRegistry:135 - Adding type registration yes_no -> org.hibernate.type.YesNoType@4db9705c
21:14:08,991 DEBUG BasicTypeRegistry:135 - Adding type registration byte -> org.hibernate.type.ByteType@2dd92573
21:14:08,991 DEBUG BasicTypeRegistry:135 - Adding type registration byte -> org.hibernate.type.ByteType@2dd92573
21:14:08,991 DEBUG BasicTypeRegistry:135 - Adding type registration java.lang.Byte -> org.hibernate.type.ByteType@2dd92573
21:14:08,992 DEBUG BasicTypeRegistry:135 - Adding type registration character -> org.hibernate.type.CharacterType@340ca22a
21:14:08,992 DEBUG BasicTypeRegistry:135 - Adding type registration char -> org.hibernate.type.CharacterType@340ca22a
21:14:08,993 DEBUG BasicTypeRegistry:135 - Adding type registration java.lang.Character -> org.hibernate.type.CharacterType@340ca22a
21:14:08,994 DEBUG BasicTypeRegistry:135 - Adding type registration short -> org.hibernate.type.ShortType@21a728d6
21:14:08,995 DEBUG BasicTypeRegistry:135 - Adding type registration short -> org.hibernate.type.ShortType@21a728d6
21:14:08,995 DEBUG BasicTypeRegistry:135 - Adding type registration java.lang.Short -> org.hibernate.type.ShortType@21a728d6
21:14:08,996 DEBUG BasicTypeRegistry:135 - Adding type registration integer -> org.hibernate.type.IntegerType@60625e69
21:14:08,996 DEBUG BasicTypeRegistry:135 - Adding type registration int -> org.hibernate.type.IntegerType@60625e69
21:14:08,997 DEBUG BasicTypeRegistry:135 - Adding type registration java.lang.Integer -> org.hibernate.type.IntegerType@60625e69
21:14:08,998 DEBUG BasicTypeRegistry:135 - Adding type registration long -> org.hibernate.type.LongType@d5a8bd9
21:14:08,998 DEBUG BasicTypeRegistry:135 - Adding type registration long -> org.hibernate.type.LongType@d5a8bd9
21:14:08,999 DEBUG BasicTypeRegistry:135 - Adding type registration java.lang.Long -> org.hibernate.type.LongType@d5a8bd9
21:14:09,000 DEBUG BasicTypeRegistry:135 - Adding type registration float -> org.hibernate.type.FloatType@5deb702b
21:14:09,000 DEBUG BasicTypeRegistry:135 - Adding type registration float -> org.hibernate.type.FloatType@5deb702b
21:14:09,001 DEBUG BasicTypeRegistry:135 - Adding type registration java.lang.Float -> org.hibernate.type.FloatType@5deb702b
21:14:09,002 DEBUG BasicTypeRegistry:135 - Adding type registration double -> org.hibernate.type.DoubleType@270def92
21:14:09,002 DEBUG BasicTypeRegistry:135 - Adding type registration double -> org.hibernate.type.DoubleType@270def92
21:14:09,002 DEBUG BasicTypeRegistry:135 - Adding type registration java.lang.Double -> org.hibernate.type.DoubleType@270def92
21:14:09,004 DEBUG BasicTypeRegistry:135 - Adding type registration big_decimal -> org.hibernate.type.BigDecimalType@b508a8b
21:14:09,004 DEBUG BasicTypeRegistry:135 - Adding type registration java.math.BigDecimal -> org.hibernate.type.BigDecimalType@b508a8b
21:14:09,005 DEBUG BasicTypeRegistry:135 - Adding type registration big_integer -> org.hibernate.type.BigIntegerType@7901b7cf
21:14:09,005 DEBUG BasicTypeRegistry:135 - Adding type registration java.math.BigInteger -> org.hibernate.type.BigIntegerType@7901b7cf
21:14:09,006 DEBUG BasicTypeRegistry:135 - Adding type registration string -> org.hibernate.type.StringType@3df427e
21:14:09,006 DEBUG BasicTypeRegistry:135 - Adding type registration java.lang.String -> org.hibernate.type.StringType@3df427e
21:14:09,007 DEBUG BasicTypeRegistry:135 - Adding type registration nstring -> org.hibernate.type.StringNVarcharType@27c2ecbe
21:14:09,008 DEBUG BasicTypeRegistry:135 - Adding type registration ncharacter -> org.hibernate.type.CharacterNCharType@22365854
21:14:09,009 DEBUG BasicTypeRegistry:135 - Adding type registration url -> org.hibernate.type.UrlType@4fc9df6
21:14:09,009 DEBUG BasicTypeRegistry:135 - Adding type registration java.net.URL -> org.hibernate.type.UrlType@4fc9df6
21:14:09,011 DEBUG BasicTypeRegistry:135 - Adding type registration date -> org.hibernate.type.DateType@5bd44e0b
21:14:09,011 DEBUG BasicTypeRegistry:135 - Adding type registration java.sql.Date -> org.hibernate.type.DateType@5bd44e0b
21:14:09,013 DEBUG BasicTypeRegistry:135 - Adding type registration time -> org.hibernate.type.TimeType@5428179e
21:14:09,013 DEBUG BasicTypeRegistry:135 - Adding type registration java.sql.Time -> org.hibernate.type.TimeType@5428179e
21:14:09,015 DEBUG BasicTypeRegistry:135 - Adding type registration timestamp -> org.hibernate.type.TimestampType@7b5ce015
21:14:09,015 DEBUG BasicTypeRegistry:135 - Adding type registration java.sql.Timestamp -> org.hibernate.type.TimestampType@7b5ce015
21:14:09,016 DEBUG BasicTypeRegistry:135 - Adding type registration java.util.Date -> org.hibernate.type.TimestampType@7b5ce015
21:14:09,017 DEBUG BasicTypeRegistry:135 - Adding type registration dbtimestamp -> org.hibernate.type.DbTimestampType@429cafd8
21:14:09,018 DEBUG BasicTypeRegistry:135 - Adding type registration calendar -> org.hibernate.type.CalendarType@2f704745
21:14:09,018 DEBUG BasicTypeRegistry:135 - Adding type registration java.util.Calendar -> org.hibernate.type.CalendarType@2f704745
21:14:09,018 DEBUG BasicTypeRegistry:135 - Adding type registration java.util.GregorianCalendar -> org.hibernate.type.CalendarType@2f704745
21:14:09,019 DEBUG BasicTypeRegistry:135 - Adding type registration calendar_date -> org.hibernate.type.CalendarDateType@274de6e4
21:14:09,020 DEBUG BasicTypeRegistry:135 - Adding type registration locale -> org.hibernate.type.LocaleType@7ef30fce
21:14:09,020 DEBUG BasicTypeRegistry:135 - Adding type registration java.util.Locale -> org.hibernate.type.LocaleType@7ef30fce
21:14:09,021 DEBUG BasicTypeRegistry:135 - Adding type registration currency -> org.hibernate.type.CurrencyType@143f032d
21:14:09,021 DEBUG BasicTypeRegistry:135 - Adding type registration java.util.Currency -> org.hibernate.type.CurrencyType@143f032d
21:14:09,022 DEBUG BasicTypeRegistry:135 - Adding type registration timezone -> org.hibernate.type.TimeZoneType@47478104
21:14:09,022 DEBUG BasicTypeRegistry:135 - Adding type registration java.util.TimeZone -> org.hibernate.type.TimeZoneType@47478104
21:14:09,023 DEBUG BasicTypeRegistry:135 - Adding type registration class -> org.hibernate.type.ClassType@238258f1
21:14:09,023 DEBUG BasicTypeRegistry:135 - Adding type registration java.lang.Class -> org.hibernate.type.ClassType@238258f1
21:14:09,024 DEBUG BasicTypeRegistry:135 - Adding type registration uuid-binary -> org.hibernate.type.UUIDBinaryType@100c24c6
21:14:09,025 DEBUG BasicTypeRegistry:135 - Adding type registration java.util.UUID -> org.hibernate.type.UUIDBinaryType@100c24c6
21:14:09,025 DEBUG BasicTypeRegistry:135 - Adding type registration uuid-char -> org.hibernate.type.UUIDCharType@23441f2b
21:14:09,026 DEBUG BasicTypeRegistry:135 - Adding type registration binary -> org.hibernate.type.BinaryType@153015e8
21:14:09,026 DEBUG BasicTypeRegistry:135 - Adding type registration byte[] -> org.hibernate.type.BinaryType@153015e8
21:14:09,027 DEBUG BasicTypeRegistry:135 - Adding type registration [B -> org.hibernate.type.BinaryType@153015e8
21:14:09,028 DEBUG BasicTypeRegistry:135 - Adding type registration wrapper-binary -> org.hibernate.type.WrapperBinaryType@6154863e
21:14:09,028 DEBUG BasicTypeRegistry:135 - Adding type registration Byte[] -> org.hibernate.type.WrapperBinaryType@6154863e
21:14:09,028 DEBUG BasicTypeRegistry:135 - Adding type registration [Ljava.lang.Byte; -> org.hibernate.type.WrapperBinaryType@6154863e
21:14:09,029 DEBUG BasicTypeRegistry:135 - Adding type registration image -> org.hibernate.type.ImageType@4536a505
21:14:09,030 DEBUG BasicTypeRegistry:135 - Adding type registration characters -> org.hibernate.type.CharArrayType@46a2cbf2
21:14:09,030 DEBUG BasicTypeRegistry:135 - Adding type registration char[] -> org.hibernate.type.CharArrayType@46a2cbf2
21:14:09,030 DEBUG BasicTypeRegistry:135 - Adding type registration [C -> org.hibernate.type.CharArrayType@46a2cbf2
21:14:09,031 DEBUG BasicTypeRegistry:135 - Adding type registration wrapper-characters -> org.hibernate.type.CharacterArrayType@573e6f86
21:14:09,031 DEBUG BasicTypeRegistry:135 - Adding type registration [Ljava.lang.Character; -> org.hibernate.type.CharacterArrayType@573e6f86
21:14:09,031 DEBUG BasicTypeRegistry:135 - Adding type registration Character[] -> org.hibernate.type.CharacterArrayType@573e6f86
21:14:09,032 DEBUG BasicTypeRegistry:135 - Adding type registration text -> org.hibernate.type.TextType@44e979ea
21:14:09,033 DEBUG BasicTypeRegistry:135 - Adding type registration ntext -> org.hibernate.type.NTextType@72b02f
21:14:09,036 DEBUG BasicTypeRegistry:135 - Adding type registration blob -> org.hibernate.type.BlobType@22978f81
21:14:09,037 DEBUG BasicTypeRegistry:135 - Adding type registration java.sql.Blob -> org.hibernate.type.BlobType@22978f81
21:14:09,037 DEBUG BasicTypeRegistry:135 - Adding type registration materialized_blob -> org.hibernate.type.MaterializedBlobType@36ab0a5b
21:14:09,041 DEBUG BasicTypeRegistry:135 - Adding type registration clob -> org.hibernate.type.ClobType@7f98cac6
21:14:09,041 DEBUG BasicTypeRegistry:135 - Adding type registration java.sql.Clob -> org.hibernate.type.ClobType@7f98cac6
21:14:09,045 DEBUG BasicTypeRegistry:135 - Adding type registration nclob -> org.hibernate.type.NClobType@370875ae
21:14:09,045 DEBUG BasicTypeRegistry:135 - Adding type registration java.sql.NClob -> org.hibernate.type.NClobType@370875ae
21:14:09,045 DEBUG BasicTypeRegistry:135 - Adding type registration materialized_clob -> org.hibernate.type.MaterializedClobType@5a0b0303
21:14:09,046 DEBUG BasicTypeRegistry:135 - Adding type registration materialized_nclob -> org.hibernate.type.MaterializedNClobType@284a7f6e
21:14:09,047 DEBUG BasicTypeRegistry:135 - Adding type registration serializable -> org.hibernate.type.SerializableType@243cc381
21:14:09,050 DEBUG BasicTypeRegistry:135 - Adding type registration object -> org.hibernate.type.ObjectType@21cda59
21:14:09,050 DEBUG BasicTypeRegistry:135 - Adding type registration java.lang.Object -> org.hibernate.type.ObjectType@21cda59
21:14:09,051 DEBUG BasicTypeRegistry:135 - Adding type registration imm_date -> org.hibernate.type.AdaptedImmutableType@581498cd
21:14:09,051 DEBUG BasicTypeRegistry:135 - Adding type registration imm_time -> org.hibernate.type.AdaptedImmutableType@303be7e8
21:14:09,051 DEBUG BasicTypeRegistry:135 - Adding type registration imm_timestamp -> org.hibernate.type.AdaptedImmutableType@2cf64915
21:14:09,051 DEBUG BasicTypeRegistry:135 - Adding type registration imm_dbtimestamp -> org.hibernate.type.AdaptedImmutableType@5d3818c2
21:14:09,051 DEBUG BasicTypeRegistry:135 - Adding type registration imm_calendar -> org.hibernate.type.AdaptedImmutableType@de1985e
21:14:09,051 DEBUG BasicTypeRegistry:135 - Adding type registration imm_calendar_date -> org.hibernate.type.AdaptedImmutableType@55da4a70
21:14:09,052 DEBUG BasicTypeRegistry:135 - Adding type registration imm_binary -> org.hibernate.type.AdaptedImmutableType@6e4d2b18
21:14:09,052 DEBUG BasicTypeRegistry:135 - Adding type registration imm_serializable -> org.hibernate.type.AdaptedImmutableType@c486d3b
21:14:09,061  WARN connections:71 - HHH10001002: Using Hibernate built-in connection pool (not for production use!)
21:14:09,067  INFO connections:127 - HHH10001005: using driver [com.mysql.jdbc.Driver] at URL [jdbc:mysql://ec2-52-36-168-250.us-west-2.compute.amazonaws.com:3306/lms]
21:14:09,068  INFO connections:136 - HHH10001001: Connection properties: {user=cs425, password=****}
21:14:09,068  INFO connections:141 - HHH10001003: Autocommit mode: false
21:14:09,071  INFO DriverManagerConnectionProviderImpl:39 - HHH000115: Hibernate connection pool size: 20 (min=1)
21:14:10,187  INFO Dialect:156 - HHH000400: Using dialect: org.hibernate.dialect.MySQLDialect
21:14:10,432  INFO connections:235 - HHH10001008: Cleaning up connection pool [jdbc:mysql://ec2-52-36-168-250.us-west-2.compute.amazonaws.com:3306/lms]
21:14:11,033 DEBUG BasicTypeRegistry:135 - Adding type registration boolean -> org.hibernate.type.BooleanType@2e4e1a77
21:14:11,033 DEBUG BasicTypeRegistry:135 - Adding type registration boolean -> org.hibernate.type.BooleanType@2e4e1a77
21:14:11,033 DEBUG BasicTypeRegistry:135 - Adding type registration java.lang.Boolean -> org.hibernate.type.BooleanType@2e4e1a77
21:14:11,034 DEBUG BasicTypeRegistry:135 - Adding type registration numeric_boolean -> org.hibernate.type.NumericBooleanType@5a483073
21:14:11,034 DEBUG BasicTypeRegistry:135 - Adding type registration true_false -> org.hibernate.type.TrueFalseType@4fe56a7
21:14:11,034 DEBUG BasicTypeRegistry:135 - Adding type registration yes_no -> org.hibernate.type.YesNoType@4db9705c
21:14:11,034 DEBUG BasicTypeRegistry:135 - Adding type registration byte -> org.hibernate.type.ByteType@2dd92573
21:14:11,034 DEBUG BasicTypeRegistry:135 - Adding type registration byte -> org.hibernate.type.ByteType@2dd92573
21:14:11,035 DEBUG BasicTypeRegistry:135 - Adding type registration java.lang.Byte -> org.hibernate.type.ByteType@2dd92573
21:14:11,035 DEBUG BasicTypeRegistry:135 - Adding type registration character -> org.hibernate.type.CharacterType@340ca22a
21:14:11,035 DEBUG BasicTypeRegistry:135 - Adding type registration char -> org.hibernate.type.CharacterType@340ca22a
21:14:11,035 DEBUG BasicTypeRegistry:135 - Adding type registration java.lang.Character -> org.hibernate.type.CharacterType@340ca22a
21:14:11,035 DEBUG BasicTypeRegistry:135 - Adding type registration short -> org.hibernate.type.ShortType@21a728d6
21:14:11,036 DEBUG BasicTypeRegistry:135 - Adding type registration short -> org.hibernate.type.ShortType@21a728d6
21:14:11,036 DEBUG BasicTypeRegistry:135 - Adding type registration java.lang.Short -> org.hibernate.type.ShortType@21a728d6
21:14:11,036 DEBUG BasicTypeRegistry:135 - Adding type registration integer -> org.hibernate.type.IntegerType@60625e69
21:14:11,036 DEBUG BasicTypeRegistry:135 - Adding type registration int -> org.hibernate.type.IntegerType@60625e69
21:14:11,036 DEBUG BasicTypeRegistry:135 - Adding type registration java.lang.Integer -> org.hibernate.type.IntegerType@60625e69
21:14:11,037 DEBUG BasicTypeRegistry:135 - Adding type registration long -> org.hibernate.type.LongType@d5a8bd9
21:14:11,037 DEBUG BasicTypeRegistry:135 - Adding type registration long -> org.hibernate.type.LongType@d5a8bd9
21:14:11,037 DEBUG BasicTypeRegistry:135 - Adding type registration java.lang.Long -> org.hibernate.type.LongType@d5a8bd9
21:14:11,037 DEBUG BasicTypeRegistry:135 - Adding type registration float -> org.hibernate.type.FloatType@5deb702b
21:14:11,037 DEBUG BasicTypeRegistry:135 - Adding type registration float -> org.hibernate.type.FloatType@5deb702b
21:14:11,037 DEBUG BasicTypeRegistry:135 - Adding type registration java.lang.Float -> org.hibernate.type.FloatType@5deb702b
21:14:11,038 DEBUG BasicTypeRegistry:135 - Adding type registration double -> org.hibernate.type.DoubleType@270def92
21:14:11,038 DEBUG BasicTypeRegistry:135 - Adding type registration double -> org.hibernate.type.DoubleType@270def92
21:14:11,038 DEBUG BasicTypeRegistry:135 - Adding type registration java.lang.Double -> org.hibernate.type.DoubleType@270def92
21:14:11,038 DEBUG BasicTypeRegistry:135 - Adding type registration big_decimal -> org.hibernate.type.BigDecimalType@b508a8b
21:14:11,038 DEBUG BasicTypeRegistry:135 - Adding type registration java.math.BigDecimal -> org.hibernate.type.BigDecimalType@b508a8b
21:14:11,039 DEBUG BasicTypeRegistry:135 - Adding type registration big_integer -> org.hibernate.type.BigIntegerType@7901b7cf
21:14:11,039 DEBUG BasicTypeRegistry:135 - Adding type registration java.math.BigInteger -> org.hibernate.type.BigIntegerType@7901b7cf
21:14:11,039 DEBUG BasicTypeRegistry:135 - Adding type registration string -> org.hibernate.type.StringType@3df427e
21:14:11,039 DEBUG BasicTypeRegistry:135 - Adding type registration java.lang.String -> org.hibernate.type.StringType@3df427e
21:14:11,039 DEBUG BasicTypeRegistry:135 - Adding type registration nstring -> org.hibernate.type.StringNVarcharType@27c2ecbe
21:14:11,040 DEBUG BasicTypeRegistry:135 - Adding type registration ncharacter -> org.hibernate.type.CharacterNCharType@22365854
21:14:11,040 DEBUG BasicTypeRegistry:135 - Adding type registration url -> org.hibernate.type.UrlType@4fc9df6
21:14:11,040 DEBUG BasicTypeRegistry:135 - Adding type registration java.net.URL -> org.hibernate.type.UrlType@4fc9df6
21:14:11,040 DEBUG BasicTypeRegistry:135 - Adding type registration date -> org.hibernate.type.DateType@5bd44e0b
21:14:11,040 DEBUG BasicTypeRegistry:135 - Adding type registration java.sql.Date -> org.hibernate.type.DateType@5bd44e0b
21:14:11,041 DEBUG BasicTypeRegistry:135 - Adding type registration time -> org.hibernate.type.TimeType@5428179e
21:14:11,041 DEBUG BasicTypeRegistry:135 - Adding type registration java.sql.Time -> org.hibernate.type.TimeType@5428179e
21:14:11,041 DEBUG BasicTypeRegistry:135 - Adding type registration timestamp -> org.hibernate.type.TimestampType@7b5ce015
21:14:11,041 DEBUG BasicTypeRegistry:135 - Adding type registration java.sql.Timestamp -> org.hibernate.type.TimestampType@7b5ce015
21:14:11,041 DEBUG BasicTypeRegistry:135 - Adding type registration java.util.Date -> org.hibernate.type.TimestampType@7b5ce015
21:14:11,042 DEBUG BasicTypeRegistry:135 - Adding type registration dbtimestamp -> org.hibernate.type.DbTimestampType@429cafd8
21:14:11,042 DEBUG BasicTypeRegistry:135 - Adding type registration calendar -> org.hibernate.type.CalendarType@2f704745
21:14:11,042 DEBUG BasicTypeRegistry:135 - Adding type registration java.util.Calendar -> org.hibernate.type.CalendarType@2f704745
21:14:11,042 DEBUG BasicTypeRegistry:135 - Adding type registration java.util.GregorianCalendar -> org.hibernate.type.CalendarType@2f704745
21:14:11,042 DEBUG BasicTypeRegistry:135 - Adding type registration calendar_date -> org.hibernate.type.CalendarDateType@274de6e4
21:14:11,043 DEBUG BasicTypeRegistry:135 - Adding type registration locale -> org.hibernate.type.LocaleType@7ef30fce
21:14:11,043 DEBUG BasicTypeRegistry:135 - Adding type registration java.util.Locale -> org.hibernate.type.LocaleType@7ef30fce
21:14:11,043 DEBUG BasicTypeRegistry:135 - Adding type registration currency -> org.hibernate.type.CurrencyType@143f032d
21:14:11,043 DEBUG BasicTypeRegistry:135 - Adding type registration java.util.Currency -> org.hibernate.type.CurrencyType@143f032d
21:14:11,043 DEBUG BasicTypeRegistry:135 - Adding type registration timezone -> org.hibernate.type.TimeZoneType@47478104
21:14:11,044 DEBUG BasicTypeRegistry:135 - Adding type registration java.util.TimeZone -> org.hibernate.type.TimeZoneType@47478104
21:14:11,044 DEBUG BasicTypeRegistry:135 - Adding type registration class -> org.hibernate.type.ClassType@238258f1
21:14:11,044 DEBUG BasicTypeRegistry:135 - Adding type registration java.lang.Class -> org.hibernate.type.ClassType@238258f1
21:14:11,044 DEBUG BasicTypeRegistry:135 - Adding type registration uuid-binary -> org.hibernate.type.UUIDBinaryType@100c24c6
21:14:11,044 DEBUG BasicTypeRegistry:135 - Adding type registration java.util.UUID -> org.hibernate.type.UUIDBinaryType@100c24c6
21:14:11,045 DEBUG BasicTypeRegistry:135 - Adding type registration uuid-char -> org.hibernate.type.UUIDCharType@23441f2b
21:14:11,045 DEBUG BasicTypeRegistry:135 - Adding type registration binary -> org.hibernate.type.BinaryType@153015e8
21:14:11,045 DEBUG BasicTypeRegistry:135 - Adding type registration byte[] -> org.hibernate.type.BinaryType@153015e8
21:14:11,045 DEBUG BasicTypeRegistry:135 - Adding type registration [B -> org.hibernate.type.BinaryType@153015e8
21:14:11,045 DEBUG BasicTypeRegistry:135 - Adding type registration wrapper-binary -> org.hibernate.type.WrapperBinaryType@6154863e
21:14:11,046 DEBUG BasicTypeRegistry:135 - Adding type registration Byte[] -> org.hibernate.type.WrapperBinaryType@6154863e
21:14:11,046 DEBUG BasicTypeRegistry:135 - Adding type registration [Ljava.lang.Byte; -> org.hibernate.type.WrapperBinaryType@6154863e
21:14:11,046 DEBUG BasicTypeRegistry:135 - Adding type registration image -> org.hibernate.type.ImageType@4536a505
21:14:11,046 DEBUG BasicTypeRegistry:135 - Adding type registration characters -> org.hibernate.type.CharArrayType@46a2cbf2
21:14:11,046 DEBUG BasicTypeRegistry:135 - Adding type registration char[] -> org.hibernate.type.CharArrayType@46a2cbf2
21:14:11,047 DEBUG BasicTypeRegistry:135 - Adding type registration [C -> org.hibernate.type.CharArrayType@46a2cbf2
21:14:11,047 DEBUG BasicTypeRegistry:135 - Adding type registration wrapper-characters -> org.hibernate.type.CharacterArrayType@573e6f86
21:14:11,047 DEBUG BasicTypeRegistry:135 - Adding type registration [Ljava.lang.Character; -> org.hibernate.type.CharacterArrayType@573e6f86
21:14:11,047 DEBUG BasicTypeRegistry:135 - Adding type registration Character[] -> org.hibernate.type.CharacterArrayType@573e6f86
21:14:11,047 DEBUG BasicTypeRegistry:135 - Adding type registration text -> org.hibernate.type.TextType@44e979ea
21:14:11,048 DEBUG BasicTypeRegistry:135 - Adding type registration ntext -> org.hibernate.type.NTextType@72b02f
21:14:11,048 DEBUG BasicTypeRegistry:135 - Adding type registration blob -> org.hibernate.type.BlobType@22978f81
21:14:11,048 DEBUG BasicTypeRegistry:135 - Adding type registration java.sql.Blob -> org.hibernate.type.BlobType@22978f81
21:14:11,048 DEBUG BasicTypeRegistry:135 - Adding type registration materialized_blob -> org.hibernate.type.MaterializedBlobType@36ab0a5b
21:14:11,048 DEBUG BasicTypeRegistry:135 - Adding type registration clob -> org.hibernate.type.ClobType@7f98cac6
21:14:11,048 DEBUG BasicTypeRegistry:135 - Adding type registration java.sql.Clob -> org.hibernate.type.ClobType@7f98cac6
21:14:11,049 DEBUG BasicTypeRegistry:135 - Adding type registration nclob -> org.hibernate.type.NClobType@370875ae
21:14:11,049 DEBUG BasicTypeRegistry:135 - Adding type registration java.sql.NClob -> org.hibernate.type.NClobType@370875ae
21:14:11,049 DEBUG BasicTypeRegistry:135 - Adding type registration materialized_clob -> org.hibernate.type.MaterializedClobType@5a0b0303
21:14:11,049 DEBUG BasicTypeRegistry:135 - Adding type registration materialized_nclob -> org.hibernate.type.MaterializedNClobType@284a7f6e
21:14:11,049 DEBUG BasicTypeRegistry:135 - Adding type registration serializable -> org.hibernate.type.SerializableType@243cc381
21:14:11,050 DEBUG BasicTypeRegistry:135 - Adding type registration object -> org.hibernate.type.ObjectType@21cda59
21:14:11,050 DEBUG BasicTypeRegistry:135 - Adding type registration java.lang.Object -> org.hibernate.type.ObjectType@21cda59
21:14:11,050 DEBUG BasicTypeRegistry:135 - Adding type registration imm_date -> org.hibernate.type.AdaptedImmutableType@2b8b0cd6
21:14:11,050 DEBUG BasicTypeRegistry:135 - Adding type registration imm_time -> org.hibernate.type.AdaptedImmutableType@35f7cbef
21:14:11,050 DEBUG BasicTypeRegistry:135 - Adding type registration imm_timestamp -> org.hibernate.type.AdaptedImmutableType@1f6dd397
21:14:11,050 DEBUG BasicTypeRegistry:135 - Adding type registration imm_dbtimestamp -> org.hibernate.type.AdaptedImmutableType@635e6e9f
21:14:11,050 DEBUG BasicTypeRegistry:135 - Adding type registration imm_calendar -> org.hibernate.type.AdaptedImmutableType@4cb0bbb0
21:14:11,051 DEBUG BasicTypeRegistry:135 - Adding type registration imm_calendar_date -> org.hibernate.type.AdaptedImmutableType@66f24725
21:14:11,051 DEBUG BasicTypeRegistry:135 - Adding type registration imm_binary -> org.hibernate.type.AdaptedImmutableType@2c1d02f0
21:14:11,051 DEBUG BasicTypeRegistry:135 - Adding type registration imm_serializable -> org.hibernate.type.AdaptedImmutableType@24abf130
21:14:11,051  WARN connections:71 - HHH10001002: Using Hibernate built-in connection pool (not for production use!)
21:14:11,052  INFO connections:127 - HHH10001005: using driver [com.mysql.jdbc.Driver] at URL [jdbc:mysql://ec2-52-36-168-250.us-west-2.compute.amazonaws.com:3306/lms]
21:14:11,052  INFO connections:136 - HHH10001001: Connection properties: {user=cs425, password=****}
21:14:11,052  INFO connections:141 - HHH10001003: Autocommit mode: false
21:14:11,053  INFO DriverManagerConnectionProviderImpl:39 - HHH000115: Hibernate connection pool size: 20 (min=1)
21:14:11,922  INFO Dialect:156 - HHH000400: Using dialect: org.hibernate.dialect.MySQLDialect
21:14:12,035  INFO connections:235 - HHH10001008: Cleaning up connection pool [jdbc:mysql://ec2-52-36-168-250.us-west-2.compute.amazonaws.com:3306/lms]
21:15:41,958  INFO Version:37 - HHH000412: Hibernate Core {5.1.0.Final}
21:15:41,962  INFO Environment:213 - HHH000206: hibernate.properties not found
21:15:41,965  INFO Environment:317 - HHH000021: Bytecode provider name : javassist
21:15:42,250  INFO Version:66 - HCANN000001: Hibernate Commons Annotations {5.0.1.Final}
21:15:43,216 DEBUG BasicTypeRegistry:135 - Adding type registration boolean -> org.hibernate.type.BooleanType@9ab9261
21:15:43,216 DEBUG BasicTypeRegistry:135 - Adding type registration boolean -> org.hibernate.type.BooleanType@9ab9261
21:15:43,216 DEBUG BasicTypeRegistry:135 - Adding type registration java.lang.Boolean -> org.hibernate.type.BooleanType@9ab9261
21:15:43,218 DEBUG BasicTypeRegistry:135 - Adding type registration numeric_boolean -> org.hibernate.type.NumericBooleanType@3964fc53
21:15:43,219 DEBUG BasicTypeRegistry:135 - Adding type registration true_false -> org.hibernate.type.TrueFalseType@55eaf080
21:15:43,220 DEBUG BasicTypeRegistry:135 - Adding type registration yes_no -> org.hibernate.type.YesNoType@497fcfe1
21:15:43,221 DEBUG BasicTypeRegistry:135 - Adding type registration byte -> org.hibernate.type.ByteType@b29b889
21:15:43,221 DEBUG BasicTypeRegistry:135 - Adding type registration byte -> org.hibernate.type.ByteType@b29b889
21:15:43,221 DEBUG BasicTypeRegistry:135 - Adding type registration java.lang.Byte -> org.hibernate.type.ByteType@b29b889
21:15:43,222 DEBUG BasicTypeRegistry:135 - Adding type registration character -> org.hibernate.type.CharacterType@296a8e18
21:15:43,223 DEBUG BasicTypeRegistry:135 - Adding type registration char -> org.hibernate.type.CharacterType@296a8e18
21:15:43,223 DEBUG BasicTypeRegistry:135 - Adding type registration java.lang.Character -> org.hibernate.type.CharacterType@296a8e18
21:15:43,225 DEBUG BasicTypeRegistry:135 - Adding type registration short -> org.hibernate.type.ShortType@656a0adc
21:15:43,225 DEBUG BasicTypeRegistry:135 - Adding type registration short -> org.hibernate.type.ShortType@656a0adc
21:15:43,226 DEBUG BasicTypeRegistry:135 - Adding type registration java.lang.Short -> org.hibernate.type.ShortType@656a0adc
21:15:43,227 DEBUG BasicTypeRegistry:135 - Adding type registration integer -> org.hibernate.type.IntegerType@5a2470ee
21:15:43,227 DEBUG BasicTypeRegistry:135 - Adding type registration int -> org.hibernate.type.IntegerType@5a2470ee
21:15:43,227 DEBUG BasicTypeRegistry:135 - Adding type registration java.lang.Integer -> org.hibernate.type.IntegerType@5a2470ee
21:15:43,229 DEBUG BasicTypeRegistry:135 - Adding type registration long -> org.hibernate.type.LongType@33935a68
21:15:43,229 DEBUG BasicTypeRegistry:135 - Adding type registration long -> org.hibernate.type.LongType@33935a68
21:15:43,229 DEBUG BasicTypeRegistry:135 - Adding type registration java.lang.Long -> org.hibernate.type.LongType@33935a68
21:15:43,231 DEBUG BasicTypeRegistry:135 - Adding type registration float -> org.hibernate.type.FloatType@c114739
21:15:43,231 DEBUG BasicTypeRegistry:135 - Adding type registration float -> org.hibernate.type.FloatType@c114739
21:15:43,231 DEBUG BasicTypeRegistry:135 - Adding type registration java.lang.Float -> org.hibernate.type.FloatType@c114739
21:15:43,232 DEBUG BasicTypeRegistry:135 - Adding type registration double -> org.hibernate.type.DoubleType@3eb6e46
21:15:43,233 DEBUG BasicTypeRegistry:135 - Adding type registration double -> org.hibernate.type.DoubleType@3eb6e46
21:15:43,233 DEBUG BasicTypeRegistry:135 - Adding type registration java.lang.Double -> org.hibernate.type.DoubleType@3eb6e46
21:15:43,234 DEBUG BasicTypeRegistry:135 - Adding type registration big_decimal -> org.hibernate.type.BigDecimalType@54b7b17a
21:15:43,235 DEBUG BasicTypeRegistry:135 - Adding type registration java.math.BigDecimal -> org.hibernate.type.BigDecimalType@54b7b17a
21:15:43,235 DEBUG BasicTypeRegistry:135 - Adding type registration big_integer -> org.hibernate.type.BigIntegerType@5fcab519
21:15:43,236 DEBUG BasicTypeRegistry:135 - Adding type registration java.math.BigInteger -> org.hibernate.type.BigIntegerType@5fcab519
21:15:43,237 DEBUG BasicTypeRegistry:135 - Adding type registration string -> org.hibernate.type.StringType@3686602e
21:15:43,237 DEBUG BasicTypeRegistry:135 - Adding type registration java.lang.String -> org.hibernate.type.StringType@3686602e
21:15:43,238 DEBUG BasicTypeRegistry:135 - Adding type registration nstring -> org.hibernate.type.StringNVarcharType@6e44c256
21:15:43,239 DEBUG BasicTypeRegistry:135 - Adding type registration ncharacter -> org.hibernate.type.CharacterNCharType@1de10458
21:15:43,240 DEBUG BasicTypeRegistry:135 - Adding type registration url -> org.hibernate.type.UrlType@64e68408
21:15:43,240 DEBUG BasicTypeRegistry:135 - Adding type registration java.net.URL -> org.hibernate.type.UrlType@64e68408
21:15:43,242 DEBUG BasicTypeRegistry:135 - Adding type registration date -> org.hibernate.type.DateType@4f4fe346
21:15:43,242 DEBUG BasicTypeRegistry:135 - Adding type registration java.sql.Date -> org.hibernate.type.DateType@4f4fe346
21:15:43,244 DEBUG BasicTypeRegistry:135 - Adding type registration time -> org.hibernate.type.TimeType@1426b13c
21:15:43,244 DEBUG BasicTypeRegistry:135 - Adding type registration java.sql.Time -> org.hibernate.type.TimeType@1426b13c
21:15:43,246 DEBUG BasicTypeRegistry:135 - Adding type registration timestamp -> org.hibernate.type.TimestampType@e7bc1f9
21:15:43,246 DEBUG BasicTypeRegistry:135 - Adding type registration java.sql.Timestamp -> org.hibernate.type.TimestampType@e7bc1f9
21:15:43,246 DEBUG BasicTypeRegistry:135 - Adding type registration java.util.Date -> org.hibernate.type.TimestampType@e7bc1f9
21:15:43,248 DEBUG BasicTypeRegistry:135 - Adding type registration dbtimestamp -> org.hibernate.type.DbTimestampType@3cdcb012
21:15:43,249 DEBUG BasicTypeRegistry:135 - Adding type registration calendar -> org.hibernate.type.CalendarType@74571b57
21:15:43,249 DEBUG BasicTypeRegistry:135 - Adding type registration java.util.Calendar -> org.hibernate.type.CalendarType@74571b57
21:15:43,249 DEBUG BasicTypeRegistry:135 - Adding type registration java.util.GregorianCalendar -> org.hibernate.type.CalendarType@74571b57
21:15:43,250 DEBUG BasicTypeRegistry:135 - Adding type registration calendar_date -> org.hibernate.type.CalendarDateType@6b7196e4
21:15:43,251 DEBUG BasicTypeRegistry:135 - Adding type registration locale -> org.hibernate.type.LocaleType@792de7f
21:15:43,251 DEBUG BasicTypeRegistry:135 - Adding type registration java.util.Locale -> org.hibernate.type.LocaleType@792de7f
21:15:43,252 DEBUG BasicTypeRegistry:135 - Adding type registration currency -> org.hibernate.type.CurrencyType@34e989bd
21:15:43,252 DEBUG BasicTypeRegistry:135 - Adding type registration java.util.Currency -> org.hibernate.type.CurrencyType@34e989bd
21:15:43,253 DEBUG BasicTypeRegistry:135 - Adding type registration timezone -> org.hibernate.type.TimeZoneType@2767522b
21:15:43,253 DEBUG BasicTypeRegistry:135 - Adding type registration java.util.TimeZone -> org.hibernate.type.TimeZoneType@2767522b
21:15:43,254 DEBUG BasicTypeRegistry:135 - Adding type registration class -> org.hibernate.type.ClassType@429d486d
21:15:43,254 DEBUG BasicTypeRegistry:135 - Adding type registration java.lang.Class -> org.hibernate.type.ClassType@429d486d
21:15:43,256 DEBUG BasicTypeRegistry:135 - Adding type registration uuid-binary -> org.hibernate.type.UUIDBinaryType@d424b65
21:15:43,256 DEBUG BasicTypeRegistry:135 - Adding type registration java.util.UUID -> org.hibernate.type.UUIDBinaryType@d424b65
21:15:43,257 DEBUG BasicTypeRegistry:135 - Adding type registration uuid-char -> org.hibernate.type.UUIDCharType@4d5a5223
21:15:43,258 DEBUG BasicTypeRegistry:135 - Adding type registration binary -> org.hibernate.type.BinaryType@7ee3d36
21:15:43,258 DEBUG BasicTypeRegistry:135 - Adding type registration byte[] -> org.hibernate.type.BinaryType@7ee3d36
21:15:43,258 DEBUG BasicTypeRegistry:135 - Adding type registration [B -> org.hibernate.type.BinaryType@7ee3d36
21:15:43,259 DEBUG BasicTypeRegistry:135 - Adding type registration wrapper-binary -> org.hibernate.type.WrapperBinaryType@7439825d
21:15:43,259 DEBUG BasicTypeRegistry:135 - Adding type registration Byte[] -> org.hibernate.type.WrapperBinaryType@7439825d
21:15:43,259 DEBUG BasicTypeRegistry:135 - Adding type registration [Ljava.lang.Byte; -> org.hibernate.type.WrapperBinaryType@7439825d
21:15:43,260 DEBUG BasicTypeRegistry:135 - Adding type registration image -> org.hibernate.type.ImageType@68c0ec3
21:15:43,261 DEBUG BasicTypeRegistry:135 - Adding type registration characters -> org.hibernate.type.CharArrayType@69fba118
21:15:43,261 DEBUG BasicTypeRegistry:135 - Adding type registration char[] -> org.hibernate.type.CharArrayType@69fba118
21:15:43,261 DEBUG BasicTypeRegistry:135 - Adding type registration [C -> org.hibernate.type.CharArrayType@69fba118
21:15:43,263 DEBUG BasicTypeRegistry:135 - Adding type registration wrapper-characters -> org.hibernate.type.CharacterArrayType@440bf329
21:15:43,263 DEBUG BasicTypeRegistry:135 - Adding type registration [Ljava.lang.Character; -> org.hibernate.type.CharacterArrayType@440bf329
21:15:43,263 DEBUG BasicTypeRegistry:135 - Adding type registration Character[] -> org.hibernate.type.CharacterArrayType@440bf329
21:15:43,265 DEBUG BasicTypeRegistry:135 - Adding type registration text -> org.hibernate.type.TextType@3c4314fe
21:15:43,265 DEBUG BasicTypeRegistry:135 - Adding type registration ntext -> org.hibernate.type.NTextType@698cdde3
21:15:43,270 DEBUG BasicTypeRegistry:135 - Adding type registration blob -> org.hibernate.type.BlobType@c4e6fe5
21:15:43,271 DEBUG BasicTypeRegistry:135 - Adding type registration java.sql.Blob -> org.hibernate.type.BlobType@c4e6fe5
21:15:43,271 DEBUG BasicTypeRegistry:135 - Adding type registration materialized_blob -> org.hibernate.type.MaterializedBlobType@1734f867
21:15:43,275 DEBUG BasicTypeRegistry:135 - Adding type registration clob -> org.hibernate.type.ClobType@828ce9c
21:15:43,275 DEBUG BasicTypeRegistry:135 - Adding type registration java.sql.Clob -> org.hibernate.type.ClobType@828ce9c
21:15:43,278 DEBUG BasicTypeRegistry:135 - Adding type registration nclob -> org.hibernate.type.NClobType@c660ebc
21:15:43,279 DEBUG BasicTypeRegistry:135 - Adding type registration java.sql.NClob -> org.hibernate.type.NClobType@c660ebc
21:15:43,279 DEBUG BasicTypeRegistry:135 - Adding type registration materialized_clob -> org.hibernate.type.MaterializedClobType@8f2e824
21:15:43,280 DEBUG BasicTypeRegistry:135 - Adding type registration materialized_nclob -> org.hibernate.type.MaterializedNClobType@32f4236c
21:15:43,281 DEBUG BasicTypeRegistry:135 - Adding type registration serializable -> org.hibernate.type.SerializableType@11475cbd
21:15:43,284 DEBUG BasicTypeRegistry:135 - Adding type registration object -> org.hibernate.type.ObjectType@34430a24
21:15:43,284 DEBUG BasicTypeRegistry:135 - Adding type registration java.lang.Object -> org.hibernate.type.ObjectType@34430a24
21:15:43,285 DEBUG BasicTypeRegistry:135 - Adding type registration imm_date -> org.hibernate.type.AdaptedImmutableType@303be7e8
21:15:43,285 DEBUG BasicTypeRegistry:135 - Adding type registration imm_time -> org.hibernate.type.AdaptedImmutableType@2cf64915
21:15:43,285 DEBUG BasicTypeRegistry:135 - Adding type registration imm_timestamp -> org.hibernate.type.AdaptedImmutableType@5d3818c2
21:15:43,285 DEBUG BasicTypeRegistry:135 - Adding type registration imm_dbtimestamp -> org.hibernate.type.AdaptedImmutableType@de1985e
21:15:43,285 DEBUG BasicTypeRegistry:135 - Adding type registration imm_calendar -> org.hibernate.type.AdaptedImmutableType@55da4a70
21:15:43,285 DEBUG BasicTypeRegistry:135 - Adding type registration imm_calendar_date -> org.hibernate.type.AdaptedImmutableType@6e4d2b18
21:15:43,286 DEBUG BasicTypeRegistry:135 - Adding type registration imm_binary -> org.hibernate.type.AdaptedImmutableType@c486d3b
21:15:43,286 DEBUG BasicTypeRegistry:135 - Adding type registration imm_serializable -> org.hibernate.type.AdaptedImmutableType@66fb42c9
21:15:43,294  WARN connections:71 - HHH10001002: Using Hibernate built-in connection pool (not for production use!)
21:15:43,300  INFO connections:127 - HHH10001005: using driver [com.mysql.jdbc.Driver] at URL [jdbc:mysql://ec2-52-36-168-250.us-west-2.compute.amazonaws.com:3306/lms]
21:15:43,301  INFO connections:136 - HHH10001001: Connection properties: {user=cs425, password=****}
21:15:43,301  INFO connections:141 - HHH10001003: Autocommit mode: false
21:15:43,304  INFO DriverManagerConnectionProviderImpl:39 - HHH000115: Hibernate connection pool size: 20 (min=1)
21:15:44,448  INFO Dialect:156 - HHH000400: Using dialect: org.hibernate.dialect.MySQLDialect
21:15:44,882 TRACE TypeFactory:58 - Scoping types to session factory org.hibernate.internal.SessionFactoryImpl@3b748737
21:15:45,570  WARN ExceptionHandlerLoggedImpl:27 - GenerationTarget encountered exception accepting command : Unable to execute command [alter table lms.Orders drop foreign key FKbv25gkslgvpmeb7177x27i4kw]
org.hibernate.tool.schema.spi.CommandAcceptanceException: Unable to execute command [alter table lms.Orders drop foreign key FKbv25gkslgvpmeb7177x27i4kw]
	at org.hibernate.tool.schema.internal.exec.GenerationTargetToDatabase.accept(GenerationTargetToDatabase.java:63)
	at org.hibernate.tool.schema.internal.SchemaDropperImpl.applySqlString(SchemaDropperImpl.java:370)
	at org.hibernate.tool.schema.internal.SchemaDropperImpl.applySqlStrings(SchemaDropperImpl.java:355)
	at org.hibernate.tool.schema.internal.SchemaDropperImpl.applyConstraintDropping(SchemaDropperImpl.java:327)
	at org.hibernate.tool.schema.internal.SchemaDropperImpl.dropFromMetadata(SchemaDropperImpl.java:229)
	at org.hibernate.tool.schema.internal.SchemaDropperImpl.performDrop(SchemaDropperImpl.java:153)
	at org.hibernate.tool.schema.internal.SchemaDropperImpl.doDrop(SchemaDropperImpl.java:125)
	at org.hibernate.tool.schema.internal.SchemaDropperImpl.doDrop(SchemaDropperImpl.java:111)
	at org.hibernate.tool.schema.spi.SchemaManagementToolCoordinator.performDatabaseAction(SchemaManagementToolCoordinator.java:137)
	at org.hibernate.tool.schema.spi.SchemaManagementToolCoordinator.process(SchemaManagementToolCoordinator.java:64)
	at org.hibernate.internal.SessionFactoryImpl.<init>(SessionFactoryImpl.java:458)
	at org.hibernate.boot.internal.SessionFactoryBuilderImpl.build(SessionFactoryBuilderImpl.java:465)
	at org.hibernate.boot.internal.MetadataImpl.buildSessionFactory(MetadataImpl.java:170)
	at edu.iit.dao.HibernateSessionFactory.<clinit>(HibernateSessionFactory.java:36)
	at edu.iit.dao.BaseHibernateDAO.getSession(BaseHibernateDAO.java:13)
	at edu.iit.dao.StudentsDAO.findById(StudentsDAO.java:63)
	at edu.iit.dao.testGet.main(testGet.java:13)
Caused by: java.sql.SQLException: Error on rename of './lms/Orders' to './lms/#sql2-152b-157b' (errno: 152)
	at com.mysql.jdbc.SQLError.createSQLException(SQLError.java:963)
	at com.mysql.jdbc.MysqlIO.checkErrorPacket(MysqlIO.java:3966)
	at com.mysql.jdbc.MysqlIO.checkErrorPacket(MysqlIO.java:3902)
	at com.mysql.jdbc.MysqlIO.sendCommand(MysqlIO.java:2526)
	at com.mysql.jdbc.MysqlIO.sqlQueryDirect(MysqlIO.java:2673)
	at com.mysql.jdbc.ConnectionImpl.execSQL(ConnectionImpl.java:2545)
	at com.mysql.jdbc.ConnectionImpl.execSQL(ConnectionImpl.java:2503)
	at com.mysql.jdbc.StatementImpl.executeInternal(StatementImpl.java:839)
	at com.mysql.jdbc.StatementImpl.execute(StatementImpl.java:739)
	at org.hibernate.tool.schema.internal.exec.GenerationTargetToDatabase.accept(GenerationTargetToDatabase.java:51)
	... 16 more
21:15:45,668  WARN ExceptionHandlerLoggedImpl:27 - GenerationTarget encountered exception accepting command : Unable to execute command [alter table lms.Orders drop foreign key FK1ep1ymjadvh6kffxjsp8lfiv5]
org.hibernate.tool.schema.spi.CommandAcceptanceException: Unable to execute command [alter table lms.Orders drop foreign key FK1ep1ymjadvh6kffxjsp8lfiv5]
	at org.hibernate.tool.schema.internal.exec.GenerationTargetToDatabase.accept(GenerationTargetToDatabase.java:63)
	at org.hibernate.tool.schema.internal.SchemaDropperImpl.applySqlString(SchemaDropperImpl.java:370)
	at org.hibernate.tool.schema.internal.SchemaDropperImpl.applySqlStrings(SchemaDropperImpl.java:355)
	at org.hibernate.tool.schema.internal.SchemaDropperImpl.applyConstraintDropping(SchemaDropperImpl.java:327)
	at org.hibernate.tool.schema.internal.SchemaDropperImpl.dropFromMetadata(SchemaDropperImpl.java:229)
	at org.hibernate.tool.schema.internal.SchemaDropperImpl.performDrop(SchemaDropperImpl.java:153)
	at org.hibernate.tool.schema.internal.SchemaDropperImpl.doDrop(SchemaDropperImpl.java:125)
	at org.hibernate.tool.schema.internal.SchemaDropperImpl.doDrop(SchemaDropperImpl.java:111)
	at org.hibernate.tool.schema.spi.SchemaManagementToolCoordinator.performDatabaseAction(SchemaManagementToolCoordinator.java:137)
	at org.hibernate.tool.schema.spi.SchemaManagementToolCoordinator.process(SchemaManagementToolCoordinator.java:64)
	at org.hibernate.internal.SessionFactoryImpl.<init>(SessionFactoryImpl.java:458)
	at org.hibernate.boot.internal.SessionFactoryBuilderImpl.build(SessionFactoryBuilderImpl.java:465)
	at org.hibernate.boot.internal.MetadataImpl.buildSessionFactory(MetadataImpl.java:170)
	at edu.iit.dao.HibernateSessionFactory.<clinit>(HibernateSessionFactory.java:36)
	at edu.iit.dao.BaseHibernateDAO.getSession(BaseHibernateDAO.java:13)
	at edu.iit.dao.StudentsDAO.findById(StudentsDAO.java:63)
	at edu.iit.dao.testGet.main(testGet.java:13)
Caused by: java.sql.SQLException: Error on rename of './lms/Orders' to './lms/#sql2-152b-157b' (errno: 152)
	at com.mysql.jdbc.SQLError.createSQLException(SQLError.java:963)
	at com.mysql.jdbc.MysqlIO.checkErrorPacket(MysqlIO.java:3966)
	at com.mysql.jdbc.MysqlIO.checkErrorPacket(MysqlIO.java:3902)
	at com.mysql.jdbc.MysqlIO.sendCommand(MysqlIO.java:2526)
	at com.mysql.jdbc.MysqlIO.sqlQueryDirect(MysqlIO.java:2673)
	at com.mysql.jdbc.ConnectionImpl.execSQL(ConnectionImpl.java:2545)
	at com.mysql.jdbc.ConnectionImpl.execSQL(ConnectionImpl.java:2503)
	at com.mysql.jdbc.StatementImpl.executeInternal(StatementImpl.java:839)
	at com.mysql.jdbc.StatementImpl.execute(StatementImpl.java:739)
	at org.hibernate.tool.schema.internal.exec.GenerationTargetToDatabase.accept(GenerationTargetToDatabase.java:51)
	... 16 more
21:15:45,764  WARN ExceptionHandlerLoggedImpl:27 - GenerationTarget encountered exception accepting command : Unable to execute command [alter table lms.Orders drop foreign key FK58gb938mvv3jp3jv26v5ny7ys]
org.hibernate.tool.schema.spi.CommandAcceptanceException: Unable to execute command [alter table lms.Orders drop foreign key FK58gb938mvv3jp3jv26v5ny7ys]
	at org.hibernate.tool.schema.internal.exec.GenerationTargetToDatabase.accept(GenerationTargetToDatabase.java:63)
	at org.hibernate.tool.schema.internal.SchemaDropperImpl.applySqlString(SchemaDropperImpl.java:370)
	at org.hibernate.tool.schema.internal.SchemaDropperImpl.applySqlStrings(SchemaDropperImpl.java:355)
	at org.hibernate.tool.schema.internal.SchemaDropperImpl.applyConstraintDropping(SchemaDropperImpl.java:327)
	at org.hibernate.tool.schema.internal.SchemaDropperImpl.dropFromMetadata(SchemaDropperImpl.java:229)
	at org.hibernate.tool.schema.internal.SchemaDropperImpl.performDrop(SchemaDropperImpl.java:153)
	at org.hibernate.tool.schema.internal.SchemaDropperImpl.doDrop(SchemaDropperImpl.java:125)
	at org.hibernate.tool.schema.internal.SchemaDropperImpl.doDrop(SchemaDropperImpl.java:111)
	at org.hibernate.tool.schema.spi.SchemaManagementToolCoordinator.performDatabaseAction(SchemaManagementToolCoordinator.java:137)
	at org.hibernate.tool.schema.spi.SchemaManagementToolCoordinator.process(SchemaManagementToolCoordinator.java:64)
	at org.hibernate.internal.SessionFactoryImpl.<init>(SessionFactoryImpl.java:458)
	at org.hibernate.boot.internal.SessionFactoryBuilderImpl.build(SessionFactoryBuilderImpl.java:465)
	at org.hibernate.boot.internal.MetadataImpl.buildSessionFactory(MetadataImpl.java:170)
	at edu.iit.dao.HibernateSessionFactory.<clinit>(HibernateSessionFactory.java:36)
	at edu.iit.dao.BaseHibernateDAO.getSession(BaseHibernateDAO.java:13)
	at edu.iit.dao.StudentsDAO.findById(StudentsDAO.java:63)
	at edu.iit.dao.testGet.main(testGet.java:13)
Caused by: java.sql.SQLException: Error on rename of './lms/Orders' to './lms/#sql2-152b-157b' (errno: 152)
	at com.mysql.jdbc.SQLError.createSQLException(SQLError.java:963)
	at com.mysql.jdbc.MysqlIO.checkErrorPacket(MysqlIO.java:3966)
	at com.mysql.jdbc.MysqlIO.checkErrorPacket(MysqlIO.java:3902)
	at com.mysql.jdbc.MysqlIO.sendCommand(MysqlIO.java:2526)
	at com.mysql.jdbc.MysqlIO.sqlQueryDirect(MysqlIO.java:2673)
	at com.mysql.jdbc.ConnectionImpl.execSQL(ConnectionImpl.java:2545)
	at com.mysql.jdbc.ConnectionImpl.execSQL(ConnectionImpl.java:2503)
	at com.mysql.jdbc.StatementImpl.executeInternal(StatementImpl.java:839)
	at com.mysql.jdbc.StatementImpl.execute(StatementImpl.java:739)
	at org.hibernate.tool.schema.internal.exec.GenerationTargetToDatabase.accept(GenerationTargetToDatabase.java:51)
	... 16 more
21:15:45,860  WARN ExceptionHandlerLoggedImpl:27 - GenerationTarget encountered exception accepting command : Unable to execute command [alter table lms.Parents drop foreign key FKroom15h53h51myvaqpopsicfa]
org.hibernate.tool.schema.spi.CommandAcceptanceException: Unable to execute command [alter table lms.Parents drop foreign key FKroom15h53h51myvaqpopsicfa]
	at org.hibernate.tool.schema.internal.exec.GenerationTargetToDatabase.accept(GenerationTargetToDatabase.java:63)
	at org.hibernate.tool.schema.internal.SchemaDropperImpl.applySqlString(SchemaDropperImpl.java:370)
	at org.hibernate.tool.schema.internal.SchemaDropperImpl.applySqlStrings(SchemaDropperImpl.java:355)
	at org.hibernate.tool.schema.internal.SchemaDropperImpl.applyConstraintDropping(SchemaDropperImpl.java:327)
	at org.hibernate.tool.schema.internal.SchemaDropperImpl.dropFromMetadata(SchemaDropperImpl.java:229)
	at org.hibernate.tool.schema.internal.SchemaDropperImpl.performDrop(SchemaDropperImpl.java:153)
	at org.hibernate.tool.schema.internal.SchemaDropperImpl.doDrop(SchemaDropperImpl.java:125)
	at org.hibernate.tool.schema.internal.SchemaDropperImpl.doDrop(SchemaDropperImpl.java:111)
	at org.hibernate.tool.schema.spi.SchemaManagementToolCoordinator.performDatabaseAction(SchemaManagementToolCoordinator.java:137)
	at org.hibernate.tool.schema.spi.SchemaManagementToolCoordinator.process(SchemaManagementToolCoordinator.java:64)
	at org.hibernate.internal.SessionFactoryImpl.<init>(SessionFactoryImpl.java:458)
	at org.hibernate.boot.internal.SessionFactoryBuilderImpl.build(SessionFactoryBuilderImpl.java:465)
	at org.hibernate.boot.internal.MetadataImpl.buildSessionFactory(MetadataImpl.java:170)
	at edu.iit.dao.HibernateSessionFactory.<clinit>(HibernateSessionFactory.java:36)
	at edu.iit.dao.BaseHibernateDAO.getSession(BaseHibernateDAO.java:13)
	at edu.iit.dao.StudentsDAO.findById(StudentsDAO.java:63)
	at edu.iit.dao.testGet.main(testGet.java:13)
Caused by: java.sql.SQLException: Error on rename of './lms/Parents' to './lms/#sql2-152b-157b' (errno: 152)
	at com.mysql.jdbc.SQLError.createSQLException(SQLError.java:963)
	at com.mysql.jdbc.MysqlIO.checkErrorPacket(MysqlIO.java:3966)
	at com.mysql.jdbc.MysqlIO.checkErrorPacket(MysqlIO.java:3902)
	at com.mysql.jdbc.MysqlIO.sendCommand(MysqlIO.java:2526)
	at com.mysql.jdbc.MysqlIO.sqlQueryDirect(MysqlIO.java:2673)
	at com.mysql.jdbc.ConnectionImpl.execSQL(ConnectionImpl.java:2545)
	at com.mysql.jdbc.ConnectionImpl.execSQL(ConnectionImpl.java:2503)
	at com.mysql.jdbc.StatementImpl.executeInternal(StatementImpl.java:839)
	at com.mysql.jdbc.StatementImpl.execute(StatementImpl.java:739)
	at org.hibernate.tool.schema.internal.exec.GenerationTargetToDatabase.accept(GenerationTargetToDatabase.java:51)
	... 16 more
21:15:45,954  WARN ExceptionHandlerLoggedImpl:27 - GenerationTarget encountered exception accepting command : Unable to execute command [alter table lms.Recommend drop foreign key FKdvc6k960uke33o6uyw8896ass]
org.hibernate.tool.schema.spi.CommandAcceptanceException: Unable to execute command [alter table lms.Recommend drop foreign key FKdvc6k960uke33o6uyw8896ass]
	at org.hibernate.tool.schema.internal.exec.GenerationTargetToDatabase.accept(GenerationTargetToDatabase.java:63)
	at org.hibernate.tool.schema.internal.SchemaDropperImpl.applySqlString(SchemaDropperImpl.java:370)
	at org.hibernate.tool.schema.internal.SchemaDropperImpl.applySqlStrings(SchemaDropperImpl.java:355)
	at org.hibernate.tool.schema.internal.SchemaDropperImpl.applyConstraintDropping(SchemaDropperImpl.java:327)
	at org.hibernate.tool.schema.internal.SchemaDropperImpl.dropFromMetadata(SchemaDropperImpl.java:229)
	at org.hibernate.tool.schema.internal.SchemaDropperImpl.performDrop(SchemaDropperImpl.java:153)
	at org.hibernate.tool.schema.internal.SchemaDropperImpl.doDrop(SchemaDropperImpl.java:125)
	at org.hibernate.tool.schema.internal.SchemaDropperImpl.doDrop(SchemaDropperImpl.java:111)
	at org.hibernate.tool.schema.spi.SchemaManagementToolCoordinator.performDatabaseAction(SchemaManagementToolCoordinator.java:137)
	at org.hibernate.tool.schema.spi.SchemaManagementToolCoordinator.process(SchemaManagementToolCoordinator.java:64)
	at org.hibernate.internal.SessionFactoryImpl.<init>(SessionFactoryImpl.java:458)
	at org.hibernate.boot.internal.SessionFactoryBuilderImpl.build(SessionFactoryBuilderImpl.java:465)
	at org.hibernate.boot.internal.MetadataImpl.buildSessionFactory(MetadataImpl.java:170)
	at edu.iit.dao.HibernateSessionFactory.<clinit>(HibernateSessionFactory.java:36)
	at edu.iit.dao.BaseHibernateDAO.getSession(BaseHibernateDAO.java:13)
	at edu.iit.dao.StudentsDAO.findById(StudentsDAO.java:63)
	at edu.iit.dao.testGet.main(testGet.java:13)
Caused by: java.sql.SQLException: Error on rename of './lms/Recommend' to './lms/#sql2-152b-157b' (errno: 152)
	at com.mysql.jdbc.SQLError.createSQLException(SQLError.java:963)
	at com.mysql.jdbc.MysqlIO.checkErrorPacket(MysqlIO.java:3966)
	at com.mysql.jdbc.MysqlIO.checkErrorPacket(MysqlIO.java:3902)
	at com.mysql.jdbc.MysqlIO.sendCommand(MysqlIO.java:2526)
	at com.mysql.jdbc.MysqlIO.sqlQueryDirect(MysqlIO.java:2673)
	at com.mysql.jdbc.ConnectionImpl.execSQL(ConnectionImpl.java:2545)
	at com.mysql.jdbc.ConnectionImpl.execSQL(ConnectionImpl.java:2503)
	at com.mysql.jdbc.StatementImpl.executeInternal(StatementImpl.java:839)
	at com.mysql.jdbc.StatementImpl.execute(StatementImpl.java:739)
	at org.hibernate.tool.schema.internal.exec.GenerationTargetToDatabase.accept(GenerationTargetToDatabase.java:51)
	... 16 more
21:15:46,057  WARN ExceptionHandlerLoggedImpl:27 - GenerationTarget encountered exception accepting command : Unable to execute command [alter table lms.Recommend drop foreign key FK8yu2fk26yx1vgyac3t3kat0g0]
org.hibernate.tool.schema.spi.CommandAcceptanceException: Unable to execute command [alter table lms.Recommend drop foreign key FK8yu2fk26yx1vgyac3t3kat0g0]
	at org.hibernate.tool.schema.internal.exec.GenerationTargetToDatabase.accept(GenerationTargetToDatabase.java:63)
	at org.hibernate.tool.schema.internal.SchemaDropperImpl.applySqlString(SchemaDropperImpl.java:370)
	at org.hibernate.tool.schema.internal.SchemaDropperImpl.applySqlStrings(SchemaDropperImpl.java:355)
	at org.hibernate.tool.schema.internal.SchemaDropperImpl.applyConstraintDropping(SchemaDropperImpl.java:327)
	at org.hibernate.tool.schema.internal.SchemaDropperImpl.dropFromMetadata(SchemaDropperImpl.java:229)
	at org.hibernate.tool.schema.internal.SchemaDropperImpl.performDrop(SchemaDropperImpl.java:153)
	at org.hibernate.tool.schema.internal.SchemaDropperImpl.doDrop(SchemaDropperImpl.java:125)
	at org.hibernate.tool.schema.internal.SchemaDropperImpl.doDrop(SchemaDropperImpl.java:111)
	at org.hibernate.tool.schema.spi.SchemaManagementToolCoordinator.performDatabaseAction(SchemaManagementToolCoordinator.java:137)
	at org.hibernate.tool.schema.spi.SchemaManagementToolCoordinator.process(SchemaManagementToolCoordinator.java:64)
	at org.hibernate.internal.SessionFactoryImpl.<init>(SessionFactoryImpl.java:458)
	at org.hibernate.boot.internal.SessionFactoryBuilderImpl.build(SessionFactoryBuilderImpl.java:465)
	at org.hibernate.boot.internal.MetadataImpl.buildSessionFactory(MetadataImpl.java:170)
	at edu.iit.dao.HibernateSessionFactory.<clinit>(HibernateSessionFactory.java:36)
	at edu.iit.dao.BaseHibernateDAO.getSession(BaseHibernateDAO.java:13)
	at edu.iit.dao.StudentsDAO.findById(StudentsDAO.java:63)
	at edu.iit.dao.testGet.main(testGet.java:13)
Caused by: java.sql.SQLException: Error on rename of './lms/Recommend' to './lms/#sql2-152b-157b' (errno: 152)
	at com.mysql.jdbc.SQLError.createSQLException(SQLError.java:963)
	at com.mysql.jdbc.MysqlIO.checkErrorPacket(MysqlIO.java:3966)
	at com.mysql.jdbc.MysqlIO.checkErrorPacket(MysqlIO.java:3902)
	at com.mysql.jdbc.MysqlIO.sendCommand(MysqlIO.java:2526)
	at com.mysql.jdbc.MysqlIO.sqlQueryDirect(MysqlIO.java:2673)
	at com.mysql.jdbc.ConnectionImpl.execSQL(ConnectionImpl.java:2545)
	at com.mysql.jdbc.ConnectionImpl.execSQL(ConnectionImpl.java:2503)
	at com.mysql.jdbc.StatementImpl.executeInternal(StatementImpl.java:839)
	at com.mysql.jdbc.StatementImpl.execute(StatementImpl.java:739)
	at org.hibernate.tool.schema.internal.exec.GenerationTargetToDatabase.accept(GenerationTargetToDatabase.java:51)
	... 16 more
21:15:46,162  WARN ExceptionHandlerLoggedImpl:27 - GenerationTarget encountered exception accepting command : Unable to execute command [alter table lms.TeachBy drop foreign key FKnua2r5gvsb63isoj4nj6rif1p]
org.hibernate.tool.schema.spi.CommandAcceptanceException: Unable to execute command [alter table lms.TeachBy drop foreign key FKnua2r5gvsb63isoj4nj6rif1p]
	at org.hibernate.tool.schema.internal.exec.GenerationTargetToDatabase.accept(GenerationTargetToDatabase.java:63)
	at org.hibernate.tool.schema.internal.SchemaDropperImpl.applySqlString(SchemaDropperImpl.java:370)
	at org.hibernate.tool.schema.internal.SchemaDropperImpl.applySqlStrings(SchemaDropperImpl.java:355)
	at org.hibernate.tool.schema.internal.SchemaDropperImpl.applyConstraintDropping(SchemaDropperImpl.java:327)
	at org.hibernate.tool.schema.internal.SchemaDropperImpl.dropFromMetadata(SchemaDropperImpl.java:229)
	at org.hibernate.tool.schema.internal.SchemaDropperImpl.performDrop(SchemaDropperImpl.java:153)
	at org.hibernate.tool.schema.internal.SchemaDropperImpl.doDrop(SchemaDropperImpl.java:125)
	at org.hibernate.tool.schema.internal.SchemaDropperImpl.doDrop(SchemaDropperImpl.java:111)
	at org.hibernate.tool.schema.spi.SchemaManagementToolCoordinator.performDatabaseAction(SchemaManagementToolCoordinator.java:137)
	at org.hibernate.tool.schema.spi.SchemaManagementToolCoordinator.process(SchemaManagementToolCoordinator.java:64)
	at org.hibernate.internal.SessionFactoryImpl.<init>(SessionFactoryImpl.java:458)
	at org.hibernate.boot.internal.SessionFactoryBuilderImpl.build(SessionFactoryBuilderImpl.java:465)
	at org.hibernate.boot.internal.MetadataImpl.buildSessionFactory(MetadataImpl.java:170)
	at edu.iit.dao.HibernateSessionFactory.<clinit>(HibernateSessionFactory.java:36)
	at edu.iit.dao.BaseHibernateDAO.getSession(BaseHibernateDAO.java:13)
	at edu.iit.dao.StudentsDAO.findById(StudentsDAO.java:63)
	at edu.iit.dao.testGet.main(testGet.java:13)
Caused by: java.sql.SQLException: Error on rename of './lms/TeachBy' to './lms/#sql2-152b-157b' (errno: 152)
	at com.mysql.jdbc.SQLError.createSQLException(SQLError.java:963)
	at com.mysql.jdbc.MysqlIO.checkErrorPacket(MysqlIO.java:3966)
	at com.mysql.jdbc.MysqlIO.checkErrorPacket(MysqlIO.java:3902)
	at com.mysql.jdbc.MysqlIO.sendCommand(MysqlIO.java:2526)
	at com.mysql.jdbc.MysqlIO.sqlQueryDirect(MysqlIO.java:2673)
	at com.mysql.jdbc.ConnectionImpl.execSQL(ConnectionImpl.java:2545)
	at com.mysql.jdbc.ConnectionImpl.execSQL(ConnectionImpl.java:2503)
	at com.mysql.jdbc.StatementImpl.executeInternal(StatementImpl.java:839)
	at com.mysql.jdbc.StatementImpl.execute(StatementImpl.java:739)
	at org.hibernate.tool.schema.internal.exec.GenerationTargetToDatabase.accept(GenerationTargetToDatabase.java:51)
	... 16 more
21:15:46,256  WARN ExceptionHandlerLoggedImpl:27 - GenerationTarget encountered exception accepting command : Unable to execute command [alter table lms.TeachBy drop foreign key FKn7yj38b57wq3l4kp069kmbuwo]
org.hibernate.tool.schema.spi.CommandAcceptanceException: Unable to execute command [alter table lms.TeachBy drop foreign key FKn7yj38b57wq3l4kp069kmbuwo]
	at org.hibernate.tool.schema.internal.exec.GenerationTargetToDatabase.accept(GenerationTargetToDatabase.java:63)
	at org.hibernate.tool.schema.internal.SchemaDropperImpl.applySqlString(SchemaDropperImpl.java:370)
	at org.hibernate.tool.schema.internal.SchemaDropperImpl.applySqlStrings(SchemaDropperImpl.java:355)
	at org.hibernate.tool.schema.internal.SchemaDropperImpl.applyConstraintDropping(SchemaDropperImpl.java:327)
	at org.hibernate.tool.schema.internal.SchemaDropperImpl.dropFromMetadata(SchemaDropperImpl.java:229)
	at org.hibernate.tool.schema.internal.SchemaDropperImpl.performDrop(SchemaDropperImpl.java:153)
	at org.hibernate.tool.schema.internal.SchemaDropperImpl.doDrop(SchemaDropperImpl.java:125)
	at org.hibernate.tool.schema.internal.SchemaDropperImpl.doDrop(SchemaDropperImpl.java:111)
	at org.hibernate.tool.schema.spi.SchemaManagementToolCoordinator.performDatabaseAction(SchemaManagementToolCoordinator.java:137)
	at org.hibernate.tool.schema.spi.SchemaManagementToolCoordinator.process(SchemaManagementToolCoordinator.java:64)
	at org.hibernate.internal.SessionFactoryImpl.<init>(SessionFactoryImpl.java:458)
	at org.hibernate.boot.internal.SessionFactoryBuilderImpl.build(SessionFactoryBuilderImpl.java:465)
	at org.hibernate.boot.internal.MetadataImpl.buildSessionFactory(MetadataImpl.java:170)
	at edu.iit.dao.HibernateSessionFactory.<clinit>(HibernateSessionFactory.java:36)
	at edu.iit.dao.BaseHibernateDAO.getSession(BaseHibernateDAO.java:13)
	at edu.iit.dao.StudentsDAO.findById(StudentsDAO.java:63)
	at edu.iit.dao.testGet.main(testGet.java:13)
Caused by: java.sql.SQLException: Error on rename of './lms/TeachBy' to './lms/#sql2-152b-157b' (errno: 152)
	at com.mysql.jdbc.SQLError.createSQLException(SQLError.java:963)
	at com.mysql.jdbc.MysqlIO.checkErrorPacket(MysqlIO.java:3966)
	at com.mysql.jdbc.MysqlIO.checkErrorPacket(MysqlIO.java:3902)
	at com.mysql.jdbc.MysqlIO.sendCommand(MysqlIO.java:2526)
	at com.mysql.jdbc.MysqlIO.sqlQueryDirect(MysqlIO.java:2673)
	at com.mysql.jdbc.ConnectionImpl.execSQL(ConnectionImpl.java:2545)
	at com.mysql.jdbc.ConnectionImpl.execSQL(ConnectionImpl.java:2503)
	at com.mysql.jdbc.StatementImpl.executeInternal(StatementImpl.java:839)
	at com.mysql.jdbc.StatementImpl.execute(StatementImpl.java:739)
	at org.hibernate.tool.schema.internal.exec.GenerationTargetToDatabase.accept(GenerationTargetToDatabase.java:51)
	... 16 more
21:15:46,356  WARN ExceptionHandlerLoggedImpl:27 - GenerationTarget encountered exception accepting command : Unable to execute command [alter table lms.Teachers drop foreign key FK5ac97dle51ejapmfnpfi0j82p]
org.hibernate.tool.schema.spi.CommandAcceptanceException: Unable to execute command [alter table lms.Teachers drop foreign key FK5ac97dle51ejapmfnpfi0j82p]
	at org.hibernate.tool.schema.internal.exec.GenerationTargetToDatabase.accept(GenerationTargetToDatabase.java:63)
	at org.hibernate.tool.schema.internal.SchemaDropperImpl.applySqlString(SchemaDropperImpl.java:370)
	at org.hibernate.tool.schema.internal.SchemaDropperImpl.applySqlStrings(SchemaDropperImpl.java:355)
	at org.hibernate.tool.schema.internal.SchemaDropperImpl.applyConstraintDropping(SchemaDropperImpl.java:327)
	at org.hibernate.tool.schema.internal.SchemaDropperImpl.dropFromMetadata(SchemaDropperImpl.java:229)
	at org.hibernate.tool.schema.internal.SchemaDropperImpl.performDrop(SchemaDropperImpl.java:153)
	at org.hibernate.tool.schema.internal.SchemaDropperImpl.doDrop(SchemaDropperImpl.java:125)
	at org.hibernate.tool.schema.internal.SchemaDropperImpl.doDrop(SchemaDropperImpl.java:111)
	at org.hibernate.tool.schema.spi.SchemaManagementToolCoordinator.performDatabaseAction(SchemaManagementToolCoordinator.java:137)
	at org.hibernate.tool.schema.spi.SchemaManagementToolCoordinator.process(SchemaManagementToolCoordinator.java:64)
	at org.hibernate.internal.SessionFactoryImpl.<init>(SessionFactoryImpl.java:458)
	at org.hibernate.boot.internal.SessionFactoryBuilderImpl.build(SessionFactoryBuilderImpl.java:465)
	at org.hibernate.boot.internal.MetadataImpl.buildSessionFactory(MetadataImpl.java:170)
	at edu.iit.dao.HibernateSessionFactory.<clinit>(HibernateSessionFactory.java:36)
	at edu.iit.dao.BaseHibernateDAO.getSession(BaseHibernateDAO.java:13)
	at edu.iit.dao.StudentsDAO.findById(StudentsDAO.java:63)
	at edu.iit.dao.testGet.main(testGet.java:13)
Caused by: java.sql.SQLException: Error on rename of './lms/Teachers' to './lms/#sql2-152b-157b' (errno: 152)
	at com.mysql.jdbc.SQLError.createSQLException(SQLError.java:963)
	at com.mysql.jdbc.MysqlIO.checkErrorPacket(MysqlIO.java:3966)
	at com.mysql.jdbc.MysqlIO.checkErrorPacket(MysqlIO.java:3902)
	at com.mysql.jdbc.MysqlIO.sendCommand(MysqlIO.java:2526)
	at com.mysql.jdbc.MysqlIO.sqlQueryDirect(MysqlIO.java:2673)
	at com.mysql.jdbc.ConnectionImpl.execSQL(ConnectionImpl.java:2545)
	at com.mysql.jdbc.ConnectionImpl.execSQL(ConnectionImpl.java:2503)
	at com.mysql.jdbc.StatementImpl.executeInternal(StatementImpl.java:839)
	at com.mysql.jdbc.StatementImpl.execute(StatementImpl.java:739)
	at org.hibernate.tool.schema.internal.exec.GenerationTargetToDatabase.accept(GenerationTargetToDatabase.java:51)
	... 16 more
21:15:46,446  WARN ExceptionHandlerLoggedImpl:27 - GenerationTarget encountered exception accepting command : Unable to execute command [drop table if exists lms.Admins]
org.hibernate.tool.schema.spi.CommandAcceptanceException: Unable to execute command [drop table if exists lms.Admins]
	at org.hibernate.tool.schema.internal.exec.GenerationTargetToDatabase.accept(GenerationTargetToDatabase.java:63)
	at org.hibernate.tool.schema.internal.SchemaDropperImpl.applySqlString(SchemaDropperImpl.java:370)
	at org.hibernate.tool.schema.internal.SchemaDropperImpl.applySqlStrings(SchemaDropperImpl.java:355)
	at org.hibernate.tool.schema.internal.SchemaDropperImpl.dropFromMetadata(SchemaDropperImpl.java:240)
	at org.hibernate.tool.schema.internal.SchemaDropperImpl.performDrop(SchemaDropperImpl.java:153)
	at org.hibernate.tool.schema.internal.SchemaDropperImpl.doDrop(SchemaDropperImpl.java:125)
	at org.hibernate.tool.schema.internal.SchemaDropperImpl.doDrop(SchemaDropperImpl.java:111)
	at org.hibernate.tool.schema.spi.SchemaManagementToolCoordinator.performDatabaseAction(SchemaManagementToolCoordinator.java:137)
	at org.hibernate.tool.schema.spi.SchemaManagementToolCoordinator.process(SchemaManagementToolCoordinator.java:64)
	at org.hibernate.internal.SessionFactoryImpl.<init>(SessionFactoryImpl.java:458)
	at org.hibernate.boot.internal.SessionFactoryBuilderImpl.build(SessionFactoryBuilderImpl.java:465)
	at org.hibernate.boot.internal.MetadataImpl.buildSessionFactory(MetadataImpl.java:170)
	at edu.iit.dao.HibernateSessionFactory.<clinit>(HibernateSessionFactory.java:36)
	at edu.iit.dao.BaseHibernateDAO.getSession(BaseHibernateDAO.java:13)
	at edu.iit.dao.StudentsDAO.findById(StudentsDAO.java:63)
	at edu.iit.dao.testGet.main(testGet.java:13)
Caused by: com.mysql.jdbc.exceptions.jdbc4.MySQLIntegrityConstraintViolationException: Cannot delete or update a parent row: a foreign key constraint fails
	at sun.reflect.NativeConstructorAccessorImpl.newInstance0(Native Method)
	at sun.reflect.NativeConstructorAccessorImpl.newInstance(NativeConstructorAccessorImpl.java:57)
	at sun.reflect.DelegatingConstructorAccessorImpl.newInstance(DelegatingConstructorAccessorImpl.java:45)
	at java.lang.reflect.Constructor.newInstance(Constructor.java:526)
	at com.mysql.jdbc.Util.handleNewInstance(Util.java:404)
	at com.mysql.jdbc.Util.getInstance(Util.java:387)
	at com.mysql.jdbc.SQLError.createSQLException(SQLError.java:934)
	at com.mysql.jdbc.MysqlIO.checkErrorPacket(MysqlIO.java:3966)
	at com.mysql.jdbc.MysqlIO.checkErrorPacket(MysqlIO.java:3902)
	at com.mysql.jdbc.MysqlIO.sendCommand(MysqlIO.java:2526)
	at com.mysql.jdbc.MysqlIO.sqlQueryDirect(MysqlIO.java:2673)
	at com.mysql.jdbc.ConnectionImpl.execSQL(ConnectionImpl.java:2545)
	at com.mysql.jdbc.ConnectionImpl.execSQL(ConnectionImpl.java:2503)
	at com.mysql.jdbc.StatementImpl.executeInternal(StatementImpl.java:839)
	at com.mysql.jdbc.StatementImpl.execute(StatementImpl.java:739)
	at org.hibernate.tool.schema.internal.exec.GenerationTargetToDatabase.accept(GenerationTargetToDatabase.java:51)
	... 15 more
21:15:46,533  WARN ExceptionHandlerLoggedImpl:27 - GenerationTarget encountered exception accepting command : Unable to execute command [drop table if exists lms.Books]
org.hibernate.tool.schema.spi.CommandAcceptanceException: Unable to execute command [drop table if exists lms.Books]
	at org.hibernate.tool.schema.internal.exec.GenerationTargetToDatabase.accept(GenerationTargetToDatabase.java:63)
	at org.hibernate.tool.schema.internal.SchemaDropperImpl.applySqlString(SchemaDropperImpl.java:370)
	at org.hibernate.tool.schema.internal.SchemaDropperImpl.applySqlStrings(SchemaDropperImpl.java:355)
	at org.hibernate.tool.schema.internal.SchemaDropperImpl.dropFromMetadata(SchemaDropperImpl.java:240)
	at org.hibernate.tool.schema.internal.SchemaDropperImpl.performDrop(SchemaDropperImpl.java:153)
	at org.hibernate.tool.schema.internal.SchemaDropperImpl.doDrop(SchemaDropperImpl.java:125)
	at org.hibernate.tool.schema.internal.SchemaDropperImpl.doDrop(SchemaDropperImpl.java:111)
	at org.hibernate.tool.schema.spi.SchemaManagementToolCoordinator.performDatabaseAction(SchemaManagementToolCoordinator.java:137)
	at org.hibernate.tool.schema.spi.SchemaManagementToolCoordinator.process(SchemaManagementToolCoordinator.java:64)
	at org.hibernate.internal.SessionFactoryImpl.<init>(SessionFactoryImpl.java:458)
	at org.hibernate.boot.internal.SessionFactoryBuilderImpl.build(SessionFactoryBuilderImpl.java:465)
	at org.hibernate.boot.internal.MetadataImpl.buildSessionFactory(MetadataImpl.java:170)
	at edu.iit.dao.HibernateSessionFactory.<clinit>(HibernateSessionFactory.java:36)
	at edu.iit.dao.BaseHibernateDAO.getSession(BaseHibernateDAO.java:13)
	at edu.iit.dao.StudentsDAO.findById(StudentsDAO.java:63)
	at edu.iit.dao.testGet.main(testGet.java:13)
Caused by: com.mysql.jdbc.exceptions.jdbc4.MySQLIntegrityConstraintViolationException: Cannot delete or update a parent row: a foreign key constraint fails
	at sun.reflect.NativeConstructorAccessorImpl.newInstance0(Native Method)
	at sun.reflect.NativeConstructorAccessorImpl.newInstance(NativeConstructorAccessorImpl.java:57)
	at sun.reflect.DelegatingConstructorAccessorImpl.newInstance(DelegatingConstructorAccessorImpl.java:45)
	at java.lang.reflect.Constructor.newInstance(Constructor.java:526)
	at com.mysql.jdbc.Util.handleNewInstance(Util.java:404)
	at com.mysql.jdbc.Util.getInstance(Util.java:387)
	at com.mysql.jdbc.SQLError.createSQLException(SQLError.java:934)
	at com.mysql.jdbc.MysqlIO.checkErrorPacket(MysqlIO.java:3966)
	at com.mysql.jdbc.MysqlIO.checkErrorPacket(MysqlIO.java:3902)
	at com.mysql.jdbc.MysqlIO.sendCommand(MysqlIO.java:2526)
	at com.mysql.jdbc.MysqlIO.sqlQueryDirect(MysqlIO.java:2673)
	at com.mysql.jdbc.ConnectionImpl.execSQL(ConnectionImpl.java:2545)
	at com.mysql.jdbc.ConnectionImpl.execSQL(ConnectionImpl.java:2503)
	at com.mysql.jdbc.StatementImpl.executeInternal(StatementImpl.java:839)
	at com.mysql.jdbc.StatementImpl.execute(StatementImpl.java:739)
	at org.hibernate.tool.schema.internal.exec.GenerationTargetToDatabase.accept(GenerationTargetToDatabase.java:51)
	... 15 more
21:15:46,622  WARN ExceptionHandlerLoggedImpl:27 - GenerationTarget encountered exception accepting command : Unable to execute command [drop table if exists lms.Classes]
org.hibernate.tool.schema.spi.CommandAcceptanceException: Unable to execute command [drop table if exists lms.Classes]
	at org.hibernate.tool.schema.internal.exec.GenerationTargetToDatabase.accept(GenerationTargetToDatabase.java:63)
	at org.hibernate.tool.schema.internal.SchemaDropperImpl.applySqlString(SchemaDropperImpl.java:370)
	at org.hibernate.tool.schema.internal.SchemaDropperImpl.applySqlStrings(SchemaDropperImpl.java:355)
	at org.hibernate.tool.schema.internal.SchemaDropperImpl.dropFromMetadata(SchemaDropperImpl.java:240)
	at org.hibernate.tool.schema.internal.SchemaDropperImpl.performDrop(SchemaDropperImpl.java:153)
	at org.hibernate.tool.schema.internal.SchemaDropperImpl.doDrop(SchemaDropperImpl.java:125)
	at org.hibernate.tool.schema.internal.SchemaDropperImpl.doDrop(SchemaDropperImpl.java:111)
	at org.hibernate.tool.schema.spi.SchemaManagementToolCoordinator.performDatabaseAction(SchemaManagementToolCoordinator.java:137)
	at org.hibernate.tool.schema.spi.SchemaManagementToolCoordinator.process(SchemaManagementToolCoordinator.java:64)
	at org.hibernate.internal.SessionFactoryImpl.<init>(SessionFactoryImpl.java:458)
	at org.hibernate.boot.internal.SessionFactoryBuilderImpl.build(SessionFactoryBuilderImpl.java:465)
	at org.hibernate.boot.internal.MetadataImpl.buildSessionFactory(MetadataImpl.java:170)
	at edu.iit.dao.HibernateSessionFactory.<clinit>(HibernateSessionFactory.java:36)
	at edu.iit.dao.BaseHibernateDAO.getSession(BaseHibernateDAO.java:13)
	at edu.iit.dao.StudentsDAO.findById(StudentsDAO.java:63)
	at edu.iit.dao.testGet.main(testGet.java:13)
Caused by: com.mysql.jdbc.exceptions.jdbc4.MySQLIntegrityConstraintViolationException: Cannot delete or update a parent row: a foreign key constraint fails
	at sun.reflect.NativeConstructorAccessorImpl.newInstance0(Native Method)
	at sun.reflect.NativeConstructorAccessorImpl.newInstance(NativeConstructorAccessorImpl.java:57)
	at sun.reflect.DelegatingConstructorAccessorImpl.newInstance(DelegatingConstructorAccessorImpl.java:45)
	at java.lang.reflect.Constructor.newInstance(Constructor.java:526)
	at com.mysql.jdbc.Util.handleNewInstance(Util.java:404)
	at com.mysql.jdbc.Util.getInstance(Util.java:387)
	at com.mysql.jdbc.SQLError.createSQLException(SQLError.java:934)
	at com.mysql.jdbc.MysqlIO.checkErrorPacket(MysqlIO.java:3966)
	at com.mysql.jdbc.MysqlIO.checkErrorPacket(MysqlIO.java:3902)
	at com.mysql.jdbc.MysqlIO.sendCommand(MysqlIO.java:2526)
	at com.mysql.jdbc.MysqlIO.sqlQueryDirect(MysqlIO.java:2673)
	at com.mysql.jdbc.ConnectionImpl.execSQL(ConnectionImpl.java:2545)
	at com.mysql.jdbc.ConnectionImpl.execSQL(ConnectionImpl.java:2503)
	at com.mysql.jdbc.StatementImpl.executeInternal(StatementImpl.java:839)
	at com.mysql.jdbc.StatementImpl.execute(StatementImpl.java:739)
	at org.hibernate.tool.schema.internal.exec.GenerationTargetToDatabase.accept(GenerationTargetToDatabase.java:51)
	... 15 more
21:15:47,243  WARN ExceptionHandlerLoggedImpl:27 - GenerationTarget encountered exception accepting command : Unable to execute command [drop table if exists lms.Students]
org.hibernate.tool.schema.spi.CommandAcceptanceException: Unable to execute command [drop table if exists lms.Students]
	at org.hibernate.tool.schema.internal.exec.GenerationTargetToDatabase.accept(GenerationTargetToDatabase.java:63)
	at org.hibernate.tool.schema.internal.SchemaDropperImpl.applySqlString(SchemaDropperImpl.java:370)
	at org.hibernate.tool.schema.internal.SchemaDropperImpl.applySqlStrings(SchemaDropperImpl.java:355)
	at org.hibernate.tool.schema.internal.SchemaDropperImpl.dropFromMetadata(SchemaDropperImpl.java:240)
	at org.hibernate.tool.schema.internal.SchemaDropperImpl.performDrop(SchemaDropperImpl.java:153)
	at org.hibernate.tool.schema.internal.SchemaDropperImpl.doDrop(SchemaDropperImpl.java:125)
	at org.hibernate.tool.schema.internal.SchemaDropperImpl.doDrop(SchemaDropperImpl.java:111)
	at org.hibernate.tool.schema.spi.SchemaManagementToolCoordinator.performDatabaseAction(SchemaManagementToolCoordinator.java:137)
	at org.hibernate.tool.schema.spi.SchemaManagementToolCoordinator.process(SchemaManagementToolCoordinator.java:64)
	at org.hibernate.internal.SessionFactoryImpl.<init>(SessionFactoryImpl.java:458)
	at org.hibernate.boot.internal.SessionFactoryBuilderImpl.build(SessionFactoryBuilderImpl.java:465)
	at org.hibernate.boot.internal.MetadataImpl.buildSessionFactory(MetadataImpl.java:170)
	at edu.iit.dao.HibernateSessionFactory.<clinit>(HibernateSessionFactory.java:36)
	at edu.iit.dao.BaseHibernateDAO.getSession(BaseHibernateDAO.java:13)
	at edu.iit.dao.StudentsDAO.findById(StudentsDAO.java:63)
	at edu.iit.dao.testGet.main(testGet.java:13)
Caused by: com.mysql.jdbc.exceptions.jdbc4.MySQLIntegrityConstraintViolationException: Cannot delete or update a parent row: a foreign key constraint fails
	at sun.reflect.NativeConstructorAccessorImpl.newInstance0(Native Method)
	at sun.reflect.NativeConstructorAccessorImpl.newInstance(NativeConstructorAccessorImpl.java:57)
	at sun.reflect.DelegatingConstructorAccessorImpl.newInstance(DelegatingConstructorAccessorImpl.java:45)
	at java.lang.reflect.Constructor.newInstance(Constructor.java:526)
	at com.mysql.jdbc.Util.handleNewInstance(Util.java:404)
	at com.mysql.jdbc.Util.getInstance(Util.java:387)
	at com.mysql.jdbc.SQLError.createSQLException(SQLError.java:934)
	at com.mysql.jdbc.MysqlIO.checkErrorPacket(MysqlIO.java:3966)
	at com.mysql.jdbc.MysqlIO.checkErrorPacket(MysqlIO.java:3902)
	at com.mysql.jdbc.MysqlIO.sendCommand(MysqlIO.java:2526)
	at com.mysql.jdbc.MysqlIO.sqlQueryDirect(MysqlIO.java:2673)
	at com.mysql.jdbc.ConnectionImpl.execSQL(ConnectionImpl.java:2545)
	at com.mysql.jdbc.ConnectionImpl.execSQL(ConnectionImpl.java:2503)
	at com.mysql.jdbc.StatementImpl.executeInternal(StatementImpl.java:839)
	at com.mysql.jdbc.StatementImpl.execute(StatementImpl.java:739)
	at org.hibernate.tool.schema.internal.exec.GenerationTargetToDatabase.accept(GenerationTargetToDatabase.java:51)
	... 15 more
21:15:48,039  WARN ExceptionHandlerLoggedImpl:27 - GenerationTarget encountered exception accepting command : Unable to execute command [create table lms.Admins (AdminID integer not null auto_increment, UserID varchar(18) not null, LastName varchar(30) not null, Moblie varchar(10), Address varchar(30), Email varchar(30) not null, Power varchar(2) not null, FirstName varchar(30) not null, MiddleName varchar(30), PAS varchar(40), primary key (AdminID))]
org.hibernate.tool.schema.spi.CommandAcceptanceException: Unable to execute command [create table lms.Admins (AdminID integer not null auto_increment, UserID varchar(18) not null, LastName varchar(30) not null, Moblie varchar(10), Address varchar(30), Email varchar(30) not null, Power varchar(2) not null, FirstName varchar(30) not null, MiddleName varchar(30), PAS varchar(40), primary key (AdminID))]
	at org.hibernate.tool.schema.internal.exec.GenerationTargetToDatabase.accept(GenerationTargetToDatabase.java:63)
	at org.hibernate.tool.schema.internal.SchemaCreatorImpl.applySqlString(SchemaCreatorImpl.java:423)
	at org.hibernate.tool.schema.internal.SchemaCreatorImpl.applySqlStrings(SchemaCreatorImpl.java:408)
	at org.hibernate.tool.schema.internal.SchemaCreatorImpl.createFromMetadata(SchemaCreatorImpl.java:310)
	at org.hibernate.tool.schema.internal.SchemaCreatorImpl.performCreation(SchemaCreatorImpl.java:165)
	at org.hibernate.tool.schema.internal.SchemaCreatorImpl.doCreation(SchemaCreatorImpl.java:134)
	at org.hibernate.tool.schema.internal.SchemaCreatorImpl.doCreation(SchemaCreatorImpl.java:120)
	at org.hibernate.tool.schema.spi.SchemaManagementToolCoordinator.performDatabaseAction(SchemaManagementToolCoordinator.java:148)
	at org.hibernate.tool.schema.spi.SchemaManagementToolCoordinator.process(SchemaManagementToolCoordinator.java:64)
	at org.hibernate.internal.SessionFactoryImpl.<init>(SessionFactoryImpl.java:458)
	at org.hibernate.boot.internal.SessionFactoryBuilderImpl.build(SessionFactoryBuilderImpl.java:465)
	at org.hibernate.boot.internal.MetadataImpl.buildSessionFactory(MetadataImpl.java:170)
	at edu.iit.dao.HibernateSessionFactory.<clinit>(HibernateSessionFactory.java:36)
	at edu.iit.dao.BaseHibernateDAO.getSession(BaseHibernateDAO.java:13)
	at edu.iit.dao.StudentsDAO.findById(StudentsDAO.java:63)
	at edu.iit.dao.testGet.main(testGet.java:13)
Caused by: com.mysql.jdbc.exceptions.jdbc4.MySQLSyntaxErrorException: Table 'Admins' already exists
	at sun.reflect.NativeConstructorAccessorImpl.newInstance0(Native Method)
	at sun.reflect.NativeConstructorAccessorImpl.newInstance(NativeConstructorAccessorImpl.java:57)
	at sun.reflect.DelegatingConstructorAccessorImpl.newInstance(DelegatingConstructorAccessorImpl.java:45)
	at java.lang.reflect.Constructor.newInstance(Constructor.java:526)
	at com.mysql.jdbc.Util.handleNewInstance(Util.java:404)
	at com.mysql.jdbc.Util.getInstance(Util.java:387)
	at com.mysql.jdbc.SQLError.createSQLException(SQLError.java:942)
	at com.mysql.jdbc.MysqlIO.checkErrorPacket(MysqlIO.java:3966)
	at com.mysql.jdbc.MysqlIO.checkErrorPacket(MysqlIO.java:3902)
	at com.mysql.jdbc.MysqlIO.sendCommand(MysqlIO.java:2526)
	at com.mysql.jdbc.MysqlIO.sqlQueryDirect(MysqlIO.java:2673)
	at com.mysql.jdbc.ConnectionImpl.execSQL(ConnectionImpl.java:2545)
	at com.mysql.jdbc.ConnectionImpl.execSQL(ConnectionImpl.java:2503)
	at com.mysql.jdbc.StatementImpl.executeInternal(StatementImpl.java:839)
	at com.mysql.jdbc.StatementImpl.execute(StatementImpl.java:739)
	at org.hibernate.tool.schema.internal.exec.GenerationTargetToDatabase.accept(GenerationTargetToDatabase.java:51)
	... 15 more
21:15:48,128  WARN ExceptionHandlerLoggedImpl:27 - GenerationTarget encountered exception accepting command : Unable to execute command [create table lms.Books (BookID integer not null auto_increment, ISBN varchar(20) not null, Title varchar(50) not null, Author varchar(50) not null, Publisher varchar(50) not null, NumberOfPages integer not null, Cover varchar(50) not null, PublicationDate datetime not null, Studio varchar(50) not null, Manufactor varchar(50) not null, Status varchar(13) not null, GeneratedID varchar(30) not null, primary key (BookID))]
org.hibernate.tool.schema.spi.CommandAcceptanceException: Unable to execute command [create table lms.Books (BookID integer not null auto_increment, ISBN varchar(20) not null, Title varchar(50) not null, Author varchar(50) not null, Publisher varchar(50) not null, NumberOfPages integer not null, Cover varchar(50) not null, PublicationDate datetime not null, Studio varchar(50) not null, Manufactor varchar(50) not null, Status varchar(13) not null, GeneratedID varchar(30) not null, primary key (BookID))]
	at org.hibernate.tool.schema.internal.exec.GenerationTargetToDatabase.accept(GenerationTargetToDatabase.java:63)
	at org.hibernate.tool.schema.internal.SchemaCreatorImpl.applySqlString(SchemaCreatorImpl.java:423)
	at org.hibernate.tool.schema.internal.SchemaCreatorImpl.applySqlStrings(SchemaCreatorImpl.java:408)
	at org.hibernate.tool.schema.internal.SchemaCreatorImpl.createFromMetadata(SchemaCreatorImpl.java:310)
	at org.hibernate.tool.schema.internal.SchemaCreatorImpl.performCreation(SchemaCreatorImpl.java:165)
	at org.hibernate.tool.schema.internal.SchemaCreatorImpl.doCreation(SchemaCreatorImpl.java:134)
	at org.hibernate.tool.schema.internal.SchemaCreatorImpl.doCreation(SchemaCreatorImpl.java:120)
	at org.hibernate.tool.schema.spi.SchemaManagementToolCoordinator.performDatabaseAction(SchemaManagementToolCoordinator.java:148)
	at org.hibernate.tool.schema.spi.SchemaManagementToolCoordinator.process(SchemaManagementToolCoordinator.java:64)
	at org.hibernate.internal.SessionFactoryImpl.<init>(SessionFactoryImpl.java:458)
	at org.hibernate.boot.internal.SessionFactoryBuilderImpl.build(SessionFactoryBuilderImpl.java:465)
	at org.hibernate.boot.internal.MetadataImpl.buildSessionFactory(MetadataImpl.java:170)
	at edu.iit.dao.HibernateSessionFactory.<clinit>(HibernateSessionFactory.java:36)
	at edu.iit.dao.BaseHibernateDAO.getSession(BaseHibernateDAO.java:13)
	at edu.iit.dao.StudentsDAO.findById(StudentsDAO.java:63)
	at edu.iit.dao.testGet.main(testGet.java:13)
Caused by: com.mysql.jdbc.exceptions.jdbc4.MySQLSyntaxErrorException: Table 'Books' already exists
	at sun.reflect.NativeConstructorAccessorImpl.newInstance0(Native Method)
	at sun.reflect.NativeConstructorAccessorImpl.newInstance(NativeConstructorAccessorImpl.java:57)
	at sun.reflect.DelegatingConstructorAccessorImpl.newInstance(DelegatingConstructorAccessorImpl.java:45)
	at java.lang.reflect.Constructor.newInstance(Constructor.java:526)
	at com.mysql.jdbc.Util.handleNewInstance(Util.java:404)
	at com.mysql.jdbc.Util.getInstance(Util.java:387)
	at com.mysql.jdbc.SQLError.createSQLException(SQLError.java:942)
	at com.mysql.jdbc.MysqlIO.checkErrorPacket(MysqlIO.java:3966)
	at com.mysql.jdbc.MysqlIO.checkErrorPacket(MysqlIO.java:3902)
	at com.mysql.jdbc.MysqlIO.sendCommand(MysqlIO.java:2526)
	at com.mysql.jdbc.MysqlIO.sqlQueryDirect(MysqlIO.java:2673)
	at com.mysql.jdbc.ConnectionImpl.execSQL(ConnectionImpl.java:2545)
	at com.mysql.jdbc.ConnectionImpl.execSQL(ConnectionImpl.java:2503)
	at com.mysql.jdbc.StatementImpl.executeInternal(StatementImpl.java:839)
	at com.mysql.jdbc.StatementImpl.execute(StatementImpl.java:739)
	at org.hibernate.tool.schema.internal.exec.GenerationTargetToDatabase.accept(GenerationTargetToDatabase.java:51)
	... 15 more
21:15:48,217  WARN ExceptionHandlerLoggedImpl:27 - GenerationTarget encountered exception accepting command : Unable to execute command [create table lms.Classes (ClassID integer not null auto_increment, Section integer not null, Title varchar(30) not null, primary key (ClassID))]
org.hibernate.tool.schema.spi.CommandAcceptanceException: Unable to execute command [create table lms.Classes (ClassID integer not null auto_increment, Section integer not null, Title varchar(30) not null, primary key (ClassID))]
	at org.hibernate.tool.schema.internal.exec.GenerationTargetToDatabase.accept(GenerationTargetToDatabase.java:63)
	at org.hibernate.tool.schema.internal.SchemaCreatorImpl.applySqlString(SchemaCreatorImpl.java:423)
	at org.hibernate.tool.schema.internal.SchemaCreatorImpl.applySqlStrings(SchemaCreatorImpl.java:408)
	at org.hibernate.tool.schema.internal.SchemaCreatorImpl.createFromMetadata(SchemaCreatorImpl.java:310)
	at org.hibernate.tool.schema.internal.SchemaCreatorImpl.performCreation(SchemaCreatorImpl.java:165)
	at org.hibernate.tool.schema.internal.SchemaCreatorImpl.doCreation(SchemaCreatorImpl.java:134)
	at org.hibernate.tool.schema.internal.SchemaCreatorImpl.doCreation(SchemaCreatorImpl.java:120)
	at org.hibernate.tool.schema.spi.SchemaManagementToolCoordinator.performDatabaseAction(SchemaManagementToolCoordinator.java:148)
	at org.hibernate.tool.schema.spi.SchemaManagementToolCoordinator.process(SchemaManagementToolCoordinator.java:64)
	at org.hibernate.internal.SessionFactoryImpl.<init>(SessionFactoryImpl.java:458)
	at org.hibernate.boot.internal.SessionFactoryBuilderImpl.build(SessionFactoryBuilderImpl.java:465)
	at org.hibernate.boot.internal.MetadataImpl.buildSessionFactory(MetadataImpl.java:170)
	at edu.iit.dao.HibernateSessionFactory.<clinit>(HibernateSessionFactory.java:36)
	at edu.iit.dao.BaseHibernateDAO.getSession(BaseHibernateDAO.java:13)
	at edu.iit.dao.StudentsDAO.findById(StudentsDAO.java:63)
	at edu.iit.dao.testGet.main(testGet.java:13)
Caused by: com.mysql.jdbc.exceptions.jdbc4.MySQLSyntaxErrorException: Table 'Classes' already exists
	at sun.reflect.NativeConstructorAccessorImpl.newInstance0(Native Method)
	at sun.reflect.NativeConstructorAccessorImpl.newInstance(NativeConstructorAccessorImpl.java:57)
	at sun.reflect.DelegatingConstructorAccessorImpl.newInstance(DelegatingConstructorAccessorImpl.java:45)
	at java.lang.reflect.Constructor.newInstance(Constructor.java:526)
	at com.mysql.jdbc.Util.handleNewInstance(Util.java:404)
	at com.mysql.jdbc.Util.getInstance(Util.java:387)
	at com.mysql.jdbc.SQLError.createSQLException(SQLError.java:942)
	at com.mysql.jdbc.MysqlIO.checkErrorPacket(MysqlIO.java:3966)
	at com.mysql.jdbc.MysqlIO.checkErrorPacket(MysqlIO.java:3902)
	at com.mysql.jdbc.MysqlIO.sendCommand(MysqlIO.java:2526)
	at com.mysql.jdbc.MysqlIO.sqlQueryDirect(MysqlIO.java:2673)
	at com.mysql.jdbc.ConnectionImpl.execSQL(ConnectionImpl.java:2545)
	at com.mysql.jdbc.ConnectionImpl.execSQL(ConnectionImpl.java:2503)
	at com.mysql.jdbc.StatementImpl.executeInternal(StatementImpl.java:839)
	at com.mysql.jdbc.StatementImpl.execute(StatementImpl.java:739)
	at org.hibernate.tool.schema.internal.exec.GenerationTargetToDatabase.accept(GenerationTargetToDatabase.java:51)
	... 15 more
21:15:48,846  WARN ExceptionHandlerLoggedImpl:27 - GenerationTarget encountered exception accepting command : Unable to execute command [create table lms.Students (StudentID integer not null auto_increment, Moblie varchar(10), Address varchar(30), Power varchar(2) not null, LastName varchar(20) not null, MiddleName varchar(20), FirstName varchar(20) not null, Birthday datetime, Gender varchar(6) not null, Age integer, Email varchar(20) not null, UserID varchar(20) not null, PAS varchar(40), primary key (StudentID))]
org.hibernate.tool.schema.spi.CommandAcceptanceException: Unable to execute command [create table lms.Students (StudentID integer not null auto_increment, Moblie varchar(10), Address varchar(30), Power varchar(2) not null, LastName varchar(20) not null, MiddleName varchar(20), FirstName varchar(20) not null, Birthday datetime, Gender varchar(6) not null, Age integer, Email varchar(20) not null, UserID varchar(20) not null, PAS varchar(40), primary key (StudentID))]
	at org.hibernate.tool.schema.internal.exec.GenerationTargetToDatabase.accept(GenerationTargetToDatabase.java:63)
	at org.hibernate.tool.schema.internal.SchemaCreatorImpl.applySqlString(SchemaCreatorImpl.java:423)
	at org.hibernate.tool.schema.internal.SchemaCreatorImpl.applySqlStrings(SchemaCreatorImpl.java:408)
	at org.hibernate.tool.schema.internal.SchemaCreatorImpl.createFromMetadata(SchemaCreatorImpl.java:310)
	at org.hibernate.tool.schema.internal.SchemaCreatorImpl.performCreation(SchemaCreatorImpl.java:165)
	at org.hibernate.tool.schema.internal.SchemaCreatorImpl.doCreation(SchemaCreatorImpl.java:134)
	at org.hibernate.tool.schema.internal.SchemaCreatorImpl.doCreation(SchemaCreatorImpl.java:120)
	at org.hibernate.tool.schema.spi.SchemaManagementToolCoordinator.performDatabaseAction(SchemaManagementToolCoordinator.java:148)
	at org.hibernate.tool.schema.spi.SchemaManagementToolCoordinator.process(SchemaManagementToolCoordinator.java:64)
	at org.hibernate.internal.SessionFactoryImpl.<init>(SessionFactoryImpl.java:458)
	at org.hibernate.boot.internal.SessionFactoryBuilderImpl.build(SessionFactoryBuilderImpl.java:465)
	at org.hibernate.boot.internal.MetadataImpl.buildSessionFactory(MetadataImpl.java:170)
	at edu.iit.dao.HibernateSessionFactory.<clinit>(HibernateSessionFactory.java:36)
	at edu.iit.dao.BaseHibernateDAO.getSession(BaseHibernateDAO.java:13)
	at edu.iit.dao.StudentsDAO.findById(StudentsDAO.java:63)
	at edu.iit.dao.testGet.main(testGet.java:13)
Caused by: com.mysql.jdbc.exceptions.jdbc4.MySQLSyntaxErrorException: Table 'Students' already exists
	at sun.reflect.NativeConstructorAccessorImpl.newInstance0(Native Method)
	at sun.reflect.NativeConstructorAccessorImpl.newInstance(NativeConstructorAccessorImpl.java:57)
	at sun.reflect.DelegatingConstructorAccessorImpl.newInstance(DelegatingConstructorAccessorImpl.java:45)
	at java.lang.reflect.Constructor.newInstance(Constructor.java:526)
	at com.mysql.jdbc.Util.handleNewInstance(Util.java:404)
	at com.mysql.jdbc.Util.getInstance(Util.java:387)
	at com.mysql.jdbc.SQLError.createSQLException(SQLError.java:942)
	at com.mysql.jdbc.MysqlIO.checkErrorPacket(MysqlIO.java:3966)
	at com.mysql.jdbc.MysqlIO.checkErrorPacket(MysqlIO.java:3902)
	at com.mysql.jdbc.MysqlIO.sendCommand(MysqlIO.java:2526)
	at com.mysql.jdbc.MysqlIO.sqlQueryDirect(MysqlIO.java:2673)
	at com.mysql.jdbc.ConnectionImpl.execSQL(ConnectionImpl.java:2545)
	at com.mysql.jdbc.ConnectionImpl.execSQL(ConnectionImpl.java:2503)
	at com.mysql.jdbc.StatementImpl.executeInternal(StatementImpl.java:839)
	at com.mysql.jdbc.StatementImpl.execute(StatementImpl.java:739)
	at org.hibernate.tool.schema.internal.exec.GenerationTargetToDatabase.accept(GenerationTargetToDatabase.java:51)
	... 15 more
21:15:50,909  INFO SchemaCreatorImpl:470 - HHH000476: Executing import script 'org.hibernate.tool.schema.internal.exec.ScriptSourceInputNonExistentImpl@688c5e06'
21:15:51,240 TRACE BasicBinder:65 - binding parameter [1] as [INTEGER] - [1]
21:15:51,343 TRACE BasicExtractor:61 - extracted value ([Moblie2_6_0_] : [VARCHAR]) - [312-8894-9]
21:15:51,344 TRACE BasicExtractor:61 - extracted value ([Address3_6_0_] : [VARCHAR]) - [asdfa]
21:15:51,344 TRACE BasicExtractor:61 - extracted value ([Power4_6_0_] : [VARCHAR]) - [0]
21:15:51,344 TRACE BasicExtractor:61 - extracted value ([LastName5_6_0_] : [VARCHAR]) - [Yan]
21:15:51,344 TRACE BasicExtractor:61 - extracted value ([MiddleNa6_6_0_] : [VARCHAR]) - [mi]
21:15:51,344 TRACE BasicExtractor:61 - extracted value ([FirstNam7_6_0_] : [VARCHAR]) - [Xinzhou]
21:15:51,345 TRACE BasicExtractor:61 - extracted value ([Birthday8_6_0_] : [TIMESTAMP]) - [2008-07-04 00:00:00.0]
21:15:51,346 TRACE BasicExtractor:61 - extracted value ([Gender9_6_0_] : [VARCHAR]) - [male]
21:15:51,346 TRACE BasicExtractor:61 - extracted value ([Age10_6_0_] : [INTEGER]) - [23]
21:15:51,347 TRACE BasicExtractor:61 - extracted value ([Email11_6_0_] : [VARCHAR]) - [yanxin@hawk.iit.edu]
21:15:51,347 TRACE BasicExtractor:61 - extracted value ([UserID12_6_0_] : [VARCHAR]) - [yan]
21:15:51,347 TRACE BasicExtractor:61 - extracted value ([PAS13_6_0_] : [VARCHAR]) - [123456]
21:15:51,359 TRACE CollectionType:756 - Created collection wrapper: [edu.iit.dao.Students.parentses#1]
21:15:51,359 TRACE CollectionType:756 - Created collection wrapper: [edu.iit.dao.Students.teacherses#1]
21:15:51,359 TRACE CollectionType:756 - Created collection wrapper: [edu.iit.dao.Students.orderses#1]
08:57:28,866  INFO Version:45 - HHH000412: Hibernate Core {5.2.6.Final}
08:57:28,870  INFO Environment:213 - HHH000206: hibernate.properties not found
08:57:29,277  INFO Version:66 - HCANN000001: Hibernate Commons Annotations {5.0.1.Final}
08:57:30,402 DEBUG BasicTypeRegistry:145 - Adding type registration boolean -> org.hibernate.type.BooleanType@6fdbe764
08:57:30,402 DEBUG BasicTypeRegistry:145 - Adding type registration boolean -> org.hibernate.type.BooleanType@6fdbe764
08:57:30,403 DEBUG BasicTypeRegistry:145 - Adding type registration java.lang.Boolean -> org.hibernate.type.BooleanType@6fdbe764
08:57:30,405 DEBUG BasicTypeRegistry:145 - Adding type registration numeric_boolean -> org.hibernate.type.NumericBooleanType@3012646b
08:57:30,408 DEBUG BasicTypeRegistry:145 - Adding type registration true_false -> org.hibernate.type.TrueFalseType@18df8434
08:57:30,409 DEBUG BasicTypeRegistry:145 - Adding type registration yes_no -> org.hibernate.type.YesNoType@229c6181
08:57:30,411 DEBUG BasicTypeRegistry:145 - Adding type registration byte -> org.hibernate.type.ByteType@e350b40
08:57:30,411 DEBUG BasicTypeRegistry:145 - Adding type registration byte -> org.hibernate.type.ByteType@e350b40
08:57:30,412 DEBUG BasicTypeRegistry:145 - Adding type registration java.lang.Byte -> org.hibernate.type.ByteType@e350b40
08:57:30,413 DEBUG BasicTypeRegistry:145 - Adding type registration character -> org.hibernate.type.CharacterType@13e344d
08:57:30,413 DEBUG BasicTypeRegistry:145 - Adding type registration char -> org.hibernate.type.CharacterType@13e344d
08:57:30,414 DEBUG BasicTypeRegistry:145 - Adding type registration java.lang.Character -> org.hibernate.type.CharacterType@13e344d
08:57:30,416 DEBUG BasicTypeRegistry:145 - Adding type registration short -> org.hibernate.type.ShortType@1e6a3214
08:57:30,418 DEBUG BasicTypeRegistry:145 - Adding type registration short -> org.hibernate.type.ShortType@1e6a3214
08:57:30,419 DEBUG BasicTypeRegistry:145 - Adding type registration java.lang.Short -> org.hibernate.type.ShortType@1e6a3214
08:57:30,420 DEBUG BasicTypeRegistry:145 - Adding type registration integer -> org.hibernate.type.IntegerType@4145bad8
08:57:30,420 DEBUG BasicTypeRegistry:145 - Adding type registration int -> org.hibernate.type.IntegerType@4145bad8
08:57:30,421 DEBUG BasicTypeRegistry:145 - Adding type registration java.lang.Integer -> org.hibernate.type.IntegerType@4145bad8
08:57:30,423 DEBUG BasicTypeRegistry:145 - Adding type registration long -> org.hibernate.type.LongType@2e385cce
08:57:30,424 DEBUG BasicTypeRegistry:145 - Adding type registration long -> org.hibernate.type.LongType@2e385cce
08:57:30,424 DEBUG BasicTypeRegistry:145 - Adding type registration java.lang.Long -> org.hibernate.type.LongType@2e385cce
08:57:30,426 DEBUG BasicTypeRegistry:145 - Adding type registration float -> org.hibernate.type.FloatType@644baf4a
08:57:30,426 DEBUG BasicTypeRegistry:145 - Adding type registration float -> org.hibernate.type.FloatType@644baf4a
08:57:30,427 DEBUG BasicTypeRegistry:145 - Adding type registration java.lang.Float -> org.hibernate.type.FloatType@644baf4a
08:57:30,429 DEBUG BasicTypeRegistry:145 - Adding type registration double -> org.hibernate.type.DoubleType@6892b3b6
08:57:30,429 DEBUG BasicTypeRegistry:145 - Adding type registration double -> org.hibernate.type.DoubleType@6892b3b6
08:57:30,429 DEBUG BasicTypeRegistry:145 - Adding type registration java.lang.Double -> org.hibernate.type.DoubleType@6892b3b6
08:57:30,432 DEBUG BasicTypeRegistry:145 - Adding type registration big_decimal -> org.hibernate.type.BigDecimalType@6e9175d8
08:57:30,433 DEBUG BasicTypeRegistry:145 - Adding type registration java.math.BigDecimal -> org.hibernate.type.BigDecimalType@6e9175d8
08:57:30,435 DEBUG BasicTypeRegistry:145 - Adding type registration big_integer -> org.hibernate.type.BigIntegerType@8f2ef19
08:57:30,435 DEBUG BasicTypeRegistry:145 - Adding type registration java.math.BigInteger -> org.hibernate.type.BigIntegerType@8f2ef19
08:57:30,437 DEBUG BasicTypeRegistry:145 - Adding type registration string -> org.hibernate.type.StringType@173ed316
08:57:30,437 DEBUG BasicTypeRegistry:145 - Adding type registration java.lang.String -> org.hibernate.type.StringType@173ed316
08:57:30,438 DEBUG BasicTypeRegistry:145 - Adding type registration nstring -> org.hibernate.type.StringNVarcharType@27406a17
08:57:30,440 DEBUG BasicTypeRegistry:145 - Adding type registration ncharacter -> org.hibernate.type.CharacterNCharType@3e8c3cb
08:57:30,441 DEBUG BasicTypeRegistry:145 - Adding type registration url -> org.hibernate.type.UrlType@3e27ba32
08:57:30,443 DEBUG BasicTypeRegistry:145 - Adding type registration java.net.URL -> org.hibernate.type.UrlType@3e27ba32
08:57:30,447 DEBUG BasicTypeRegistry:145 - Adding type registration Duration -> org.hibernate.type.DurationType@1ca3b418
08:57:30,448 DEBUG BasicTypeRegistry:145 - Adding type registration java.time.Duration -> org.hibernate.type.DurationType@1ca3b418
08:57:30,482 DEBUG BasicTypeRegistry:145 - Adding type registration Instant -> org.hibernate.type.InstantType@15043a2f
08:57:30,482 DEBUG BasicTypeRegistry:145 - Adding type registration java.time.Instant -> org.hibernate.type.InstantType@15043a2f
08:57:30,486 DEBUG BasicTypeRegistry:145 - Adding type registration LocalDateTime -> org.hibernate.type.LocalDateTimeType@28261e8e
08:57:30,486 DEBUG BasicTypeRegistry:145 - Adding type registration java.time.LocalDateTime -> org.hibernate.type.LocalDateTimeType@28261e8e
08:57:30,489 DEBUG BasicTypeRegistry:145 - Adding type registration LocalDate -> org.hibernate.type.LocalDateType@5f049ea1
08:57:30,489 DEBUG BasicTypeRegistry:145 - Adding type registration java.time.LocalDate -> org.hibernate.type.LocalDateType@5f049ea1
08:57:30,491 DEBUG BasicTypeRegistry:145 - Adding type registration LocalTime -> org.hibernate.type.LocalTimeType@8458f04
08:57:30,492 DEBUG BasicTypeRegistry:145 - Adding type registration java.time.LocalTime -> org.hibernate.type.LocalTimeType@8458f04
08:57:30,494 DEBUG BasicTypeRegistry:145 - Adding type registration OffsetDateTime -> org.hibernate.type.OffsetDateTimeType@2cb4893b
08:57:30,494 DEBUG BasicTypeRegistry:145 - Adding type registration java.time.OffsetDateTime -> org.hibernate.type.OffsetDateTimeType@2cb4893b
08:57:30,497 DEBUG BasicTypeRegistry:145 - Adding type registration OffsetTime -> org.hibernate.type.OffsetTimeType@413d1baf
08:57:30,497 DEBUG BasicTypeRegistry:145 - Adding type registration java.time.OffsetTime -> org.hibernate.type.OffsetTimeType@413d1baf
08:57:30,503 DEBUG BasicTypeRegistry:145 - Adding type registration ZonedDateTime -> org.hibernate.type.ZonedDateTimeType@1caa0244
08:57:30,503 DEBUG BasicTypeRegistry:145 - Adding type registration java.time.ZonedDateTime -> org.hibernate.type.ZonedDateTimeType@1caa0244
08:57:30,506 DEBUG BasicTypeRegistry:145 - Adding type registration date -> org.hibernate.type.DateType@7e057f43
08:57:30,506 DEBUG BasicTypeRegistry:145 - Adding type registration java.sql.Date -> org.hibernate.type.DateType@7e057f43
08:57:30,508 DEBUG BasicTypeRegistry:145 - Adding type registration time -> org.hibernate.type.TimeType@231f98ef
08:57:30,508 DEBUG BasicTypeRegistry:145 - Adding type registration java.sql.Time -> org.hibernate.type.TimeType@231f98ef
08:57:30,510 DEBUG BasicTypeRegistry:145 - Adding type registration timestamp -> org.hibernate.type.TimestampType@451001e5
08:57:30,510 DEBUG BasicTypeRegistry:145 - Adding type registration java.sql.Timestamp -> org.hibernate.type.TimestampType@451001e5
08:57:30,511 DEBUG BasicTypeRegistry:145 - Adding type registration java.util.Date -> org.hibernate.type.TimestampType@451001e5
08:57:30,513 DEBUG BasicTypeRegistry:145 - Adding type registration dbtimestamp -> org.hibernate.type.DbTimestampType@4d1c005e
08:57:30,514 DEBUG BasicTypeRegistry:145 - Adding type registration calendar -> org.hibernate.type.CalendarType@496bc455
08:57:30,515 DEBUG BasicTypeRegistry:145 - Adding type registration java.util.Calendar -> org.hibernate.type.CalendarType@496bc455
08:57:30,515 DEBUG BasicTypeRegistry:145 - Adding type registration java.util.GregorianCalendar -> org.hibernate.type.CalendarType@496bc455
08:57:30,516 DEBUG BasicTypeRegistry:145 - Adding type registration calendar_date -> org.hibernate.type.CalendarDateType@6be968ce
08:57:30,518 DEBUG BasicTypeRegistry:145 - Adding type registration locale -> org.hibernate.type.LocaleType@76494737
08:57:30,519 DEBUG BasicTypeRegistry:145 - Adding type registration java.util.Locale -> org.hibernate.type.LocaleType@76494737
08:57:30,520 DEBUG BasicTypeRegistry:145 - Adding type registration currency -> org.hibernate.type.CurrencyType@609e8838
08:57:30,520 DEBUG BasicTypeRegistry:145 - Adding type registration java.util.Currency -> org.hibernate.type.CurrencyType@609e8838
08:57:30,522 DEBUG BasicTypeRegistry:145 - Adding type registration timezone -> org.hibernate.type.TimeZoneType@23e84203
08:57:30,523 DEBUG BasicTypeRegistry:145 - Adding type registration java.util.TimeZone -> org.hibernate.type.TimeZoneType@23e84203
08:57:30,524 DEBUG BasicTypeRegistry:145 - Adding type registration class -> org.hibernate.type.ClassType@302c971f
08:57:30,525 DEBUG BasicTypeRegistry:145 - Adding type registration java.lang.Class -> org.hibernate.type.ClassType@302c971f
08:57:30,528 DEBUG BasicTypeRegistry:145 - Adding type registration uuid-binary -> org.hibernate.type.UUIDBinaryType@2a693f59
08:57:30,528 DEBUG BasicTypeRegistry:145 - Adding type registration java.util.UUID -> org.hibernate.type.UUIDBinaryType@2a693f59
08:57:30,529 DEBUG BasicTypeRegistry:145 - Adding type registration uuid-char -> org.hibernate.type.UUIDCharType@533bda92
08:57:30,531 DEBUG BasicTypeRegistry:145 - Adding type registration binary -> org.hibernate.type.BinaryType@45d84a20
08:57:30,531 DEBUG BasicTypeRegistry:145 - Adding type registration byte[] -> org.hibernate.type.BinaryType@45d84a20
08:57:30,531 DEBUG BasicTypeRegistry:145 - Adding type registration [B -> org.hibernate.type.BinaryType@45d84a20
08:57:30,534 DEBUG BasicTypeRegistry:145 - Adding type registration wrapper-binary -> org.hibernate.type.WrapperBinaryType@c430e6c
08:57:30,534 DEBUG BasicTypeRegistry:145 - Adding type registration Byte[] -> org.hibernate.type.WrapperBinaryType@c430e6c
08:57:30,534 DEBUG BasicTypeRegistry:145 - Adding type registration [Ljava.lang.Byte; -> org.hibernate.type.WrapperBinaryType@c430e6c
08:57:30,536 DEBUG BasicTypeRegistry:145 - Adding type registration row_version -> org.hibernate.type.RowVersionType@70cf32e3
08:57:30,538 DEBUG BasicTypeRegistry:145 - Adding type registration image -> org.hibernate.type.ImageType@71075444
08:57:30,539 DEBUG BasicTypeRegistry:145 - Adding type registration characters -> org.hibernate.type.CharArrayType@5c80cf32
08:57:30,539 DEBUG BasicTypeRegistry:145 - Adding type registration char[] -> org.hibernate.type.CharArrayType@5c80cf32
08:57:30,540 DEBUG BasicTypeRegistry:145 - Adding type registration [C -> org.hibernate.type.CharArrayType@5c80cf32
08:57:30,541 DEBUG BasicTypeRegistry:145 - Adding type registration wrapper-characters -> org.hibernate.type.CharacterArrayType@673fdbce
08:57:30,542 DEBUG BasicTypeRegistry:145 - Adding type registration [Ljava.lang.Character; -> org.hibernate.type.CharacterArrayType@673fdbce
08:57:30,542 DEBUG BasicTypeRegistry:145 - Adding type registration Character[] -> org.hibernate.type.CharacterArrayType@673fdbce
08:57:30,544 DEBUG BasicTypeRegistry:145 - Adding type registration text -> org.hibernate.type.TextType@6cb107fd
08:57:30,545 DEBUG BasicTypeRegistry:145 - Adding type registration ntext -> org.hibernate.type.NTextType@eadd4fb
08:57:30,553 DEBUG BasicTypeRegistry:145 - Adding type registration blob -> org.hibernate.type.BlobType@431cd9b2
08:57:30,554 DEBUG BasicTypeRegistry:145 - Adding type registration java.sql.Blob -> org.hibernate.type.BlobType@431cd9b2
08:57:30,556 DEBUG BasicTypeRegistry:145 - Adding type registration materialized_blob -> org.hibernate.type.MaterializedBlobType@790da477
08:57:30,562 DEBUG BasicTypeRegistry:145 - Adding type registration clob -> org.hibernate.type.ClobType@4d15107f
08:57:30,562 DEBUG BasicTypeRegistry:145 - Adding type registration java.sql.Clob -> org.hibernate.type.ClobType@4d15107f
08:57:30,567 DEBUG BasicTypeRegistry:145 - Adding type registration nclob -> org.hibernate.type.NClobType@821330f
08:57:30,567 DEBUG BasicTypeRegistry:145 - Adding type registration java.sql.NClob -> org.hibernate.type.NClobType@821330f
08:57:30,568 DEBUG BasicTypeRegistry:145 - Adding type registration materialized_clob -> org.hibernate.type.MaterializedClobType@210ab13f
08:57:30,569 DEBUG BasicTypeRegistry:145 - Adding type registration materialized_nclob -> org.hibernate.type.MaterializedNClobType@6f15d60e
08:57:30,570 DEBUG BasicTypeRegistry:145 - Adding type registration serializable -> org.hibernate.type.SerializableType@5340477f
08:57:30,575 DEBUG BasicTypeRegistry:145 - Adding type registration object -> org.hibernate.type.ObjectType@1807f5a7
08:57:30,576 DEBUG BasicTypeRegistry:145 - Adding type registration java.lang.Object -> org.hibernate.type.ObjectType@1807f5a7
08:57:30,577 DEBUG BasicTypeRegistry:145 - Adding type registration imm_date -> org.hibernate.type.AdaptedImmutableType@4dc27487
08:57:30,577 DEBUG BasicTypeRegistry:145 - Adding type registration imm_time -> org.hibernate.type.AdaptedImmutableType@6a4f1a55
08:57:30,577 DEBUG BasicTypeRegistry:145 - Adding type registration imm_timestamp -> org.hibernate.type.AdaptedImmutableType@7dfd3c81
08:57:30,577 DEBUG BasicTypeRegistry:145 - Adding type registration imm_dbtimestamp -> org.hibernate.type.AdaptedImmutableType@2584b82d
08:57:30,578 DEBUG BasicTypeRegistry:145 - Adding type registration imm_calendar -> org.hibernate.type.AdaptedImmutableType@7bbc8656
08:57:30,578 DEBUG BasicTypeRegistry:145 - Adding type registration imm_calendar_date -> org.hibernate.type.AdaptedImmutableType@6933b6c6
08:57:30,578 DEBUG BasicTypeRegistry:145 - Adding type registration imm_binary -> org.hibernate.type.AdaptedImmutableType@7d3e8655
08:57:30,578 DEBUG BasicTypeRegistry:145 - Adding type registration imm_serializable -> org.hibernate.type.AdaptedImmutableType@7dfb0c0f
08:57:30,589  WARN pooling:70 - HHH10001002: Using Hibernate built-in connection pool (not for production use!)
08:57:30,596  INFO pooling:126 - HHH10001005: using driver [com.mysql.jdbc.Driver] at URL [jdbc:mysql://ec2-52-36-168-250.us-west-2.compute.amazonaws.com:3306/lms]
08:57:30,596  INFO pooling:135 - HHH10001001: Connection properties: {user=cs425, password=****}
08:57:30,597  INFO pooling:140 - HHH10001003: Autocommit mode: false
08:57:30,602  INFO DriverManagerConnectionProviderImpl:41 - HHH000115: Hibernate connection pool size: 20 (min=1)
08:57:31,748  INFO Dialect:157 - HHH000400: Using dialect: org.hibernate.dialect.MySQLDialect
08:57:32,123 TRACE TypeFactory:58 - Scoping types to session factory org.hibernate.internal.SessionFactoryImpl@7446d8d5
08:57:32,555  INFO access:47 - HHH10001501: Connection obtained from JdbcConnectionAccess [org.hibernate.engine.jdbc.env.internal.JdbcEnvironmentInitiator$ConnectionProviderJdbcConnectionAccess@5c09d180] for (non-JTA) DDL execution was not in auto-commit mode; the Connection 'local transaction' will be committed and the Connection will be set into auto-commit mode.
08:57:35,762  INFO access:47 - HHH10001501: Connection obtained from JdbcConnectionAccess [org.hibernate.engine.jdbc.env.internal.JdbcEnvironmentInitiator$ConnectionProviderJdbcConnectionAccess@7f4d9395] for (non-JTA) DDL execution was not in auto-commit mode; the Connection 'local transaction' will be committed and the Connection will be set into auto-commit mode.
08:57:38,831  INFO SchemaCreatorImpl:488 - HHH000476: Executing import script 'org.hibernate.tool.schema.internal.exec.ScriptSourceInputNonExistentImpl@867ba60'
08:57:39,075 TRACE BasicBinder:65 - binding parameter [1] as [INTEGER] - [1]
08:58:01,750  INFO Version:45 - HHH000412: Hibernate Core {5.2.6.Final}
08:58:01,753  INFO Environment:213 - HHH000206: hibernate.properties not found
08:58:02,000  INFO Version:66 - HCANN000001: Hibernate Commons Annotations {5.0.1.Final}
08:58:02,865 DEBUG BasicTypeRegistry:145 - Adding type registration boolean -> org.hibernate.type.BooleanType@6fdbe764
08:58:02,865 DEBUG BasicTypeRegistry:145 - Adding type registration boolean -> org.hibernate.type.BooleanType@6fdbe764
08:58:02,866 DEBUG BasicTypeRegistry:145 - Adding type registration java.lang.Boolean -> org.hibernate.type.BooleanType@6fdbe764
08:58:02,866 DEBUG BasicTypeRegistry:145 - Adding type registration numeric_boolean -> org.hibernate.type.NumericBooleanType@3012646b
08:58:02,867 DEBUG BasicTypeRegistry:145 - Adding type registration true_false -> org.hibernate.type.TrueFalseType@18df8434
08:58:02,868 DEBUG BasicTypeRegistry:145 - Adding type registration yes_no -> org.hibernate.type.YesNoType@229c6181
08:58:02,871 DEBUG BasicTypeRegistry:145 - Adding type registration byte -> org.hibernate.type.ByteType@e350b40
08:58:02,871 DEBUG BasicTypeRegistry:145 - Adding type registration byte -> org.hibernate.type.ByteType@e350b40
08:58:02,871 DEBUG BasicTypeRegistry:145 - Adding type registration java.lang.Byte -> org.hibernate.type.ByteType@e350b40
08:58:02,873 DEBUG BasicTypeRegistry:145 - Adding type registration character -> org.hibernate.type.CharacterType@13e344d
08:58:02,873 DEBUG BasicTypeRegistry:145 - Adding type registration char -> org.hibernate.type.CharacterType@13e344d
08:58:02,873 DEBUG BasicTypeRegistry:145 - Adding type registration java.lang.Character -> org.hibernate.type.CharacterType@13e344d
08:58:02,875 DEBUG BasicTypeRegistry:145 - Adding type registration short -> org.hibernate.type.ShortType@1e6a3214
08:58:02,876 DEBUG BasicTypeRegistry:145 - Adding type registration short -> org.hibernate.type.ShortType@1e6a3214
08:58:02,876 DEBUG BasicTypeRegistry:145 - Adding type registration java.lang.Short -> org.hibernate.type.ShortType@1e6a3214
08:58:02,877 DEBUG BasicTypeRegistry:145 - Adding type registration integer -> org.hibernate.type.IntegerType@4145bad8
08:58:02,878 DEBUG BasicTypeRegistry:145 - Adding type registration int -> org.hibernate.type.IntegerType@4145bad8
08:58:02,878 DEBUG BasicTypeRegistry:145 - Adding type registration java.lang.Integer -> org.hibernate.type.IntegerType@4145bad8
08:58:02,879 DEBUG BasicTypeRegistry:145 - Adding type registration long -> org.hibernate.type.LongType@2e385cce
08:58:02,880 DEBUG BasicTypeRegistry:145 - Adding type registration long -> org.hibernate.type.LongType@2e385cce
08:58:02,880 DEBUG BasicTypeRegistry:145 - Adding type registration java.lang.Long -> org.hibernate.type.LongType@2e385cce
08:58:02,881 DEBUG BasicTypeRegistry:145 - Adding type registration float -> org.hibernate.type.FloatType@644baf4a
08:58:02,881 DEBUG BasicTypeRegistry:145 - Adding type registration float -> org.hibernate.type.FloatType@644baf4a
08:58:02,882 DEBUG BasicTypeRegistry:145 - Adding type registration java.lang.Float -> org.hibernate.type.FloatType@644baf4a
08:58:02,883 DEBUG BasicTypeRegistry:145 - Adding type registration double -> org.hibernate.type.DoubleType@6892b3b6
08:58:02,883 DEBUG BasicTypeRegistry:145 - Adding type registration double -> org.hibernate.type.DoubleType@6892b3b6
08:58:02,884 DEBUG BasicTypeRegistry:145 - Adding type registration java.lang.Double -> org.hibernate.type.DoubleType@6892b3b6
08:58:02,885 DEBUG BasicTypeRegistry:145 - Adding type registration big_decimal -> org.hibernate.type.BigDecimalType@6e9175d8
08:58:02,885 DEBUG BasicTypeRegistry:145 - Adding type registration java.math.BigDecimal -> org.hibernate.type.BigDecimalType@6e9175d8
08:58:02,886 DEBUG BasicTypeRegistry:145 - Adding type registration big_integer -> org.hibernate.type.BigIntegerType@8f2ef19
08:58:02,886 DEBUG BasicTypeRegistry:145 - Adding type registration java.math.BigInteger -> org.hibernate.type.BigIntegerType@8f2ef19
08:58:02,888 DEBUG BasicTypeRegistry:145 - Adding type registration string -> org.hibernate.type.StringType@173ed316
08:58:02,888 DEBUG BasicTypeRegistry:145 - Adding type registration java.lang.String -> org.hibernate.type.StringType@173ed316
08:58:02,889 DEBUG BasicTypeRegistry:145 - Adding type registration nstring -> org.hibernate.type.StringNVarcharType@27406a17
08:58:02,890 DEBUG BasicTypeRegistry:145 - Adding type registration ncharacter -> org.hibernate.type.CharacterNCharType@3e8c3cb
08:58:02,891 DEBUG BasicTypeRegistry:145 - Adding type registration url -> org.hibernate.type.UrlType@3e27ba32
08:58:02,891 DEBUG BasicTypeRegistry:145 - Adding type registration java.net.URL -> org.hibernate.type.UrlType@3e27ba32
08:58:02,892 DEBUG BasicTypeRegistry:145 - Adding type registration Duration -> org.hibernate.type.DurationType@1ca3b418
08:58:02,892 DEBUG BasicTypeRegistry:145 - Adding type registration java.time.Duration -> org.hibernate.type.DurationType@1ca3b418
08:58:02,905 DEBUG BasicTypeRegistry:145 - Adding type registration Instant -> org.hibernate.type.InstantType@15043a2f
08:58:02,905 DEBUG BasicTypeRegistry:145 - Adding type registration java.time.Instant -> org.hibernate.type.InstantType@15043a2f
08:58:02,907 DEBUG BasicTypeRegistry:145 - Adding type registration LocalDateTime -> org.hibernate.type.LocalDateTimeType@28261e8e
08:58:02,907 DEBUG BasicTypeRegistry:145 - Adding type registration java.time.LocalDateTime -> org.hibernate.type.LocalDateTimeType@28261e8e
08:58:02,909 DEBUG BasicTypeRegistry:145 - Adding type registration LocalDate -> org.hibernate.type.LocalDateType@5f049ea1
08:58:02,909 DEBUG BasicTypeRegistry:145 - Adding type registration java.time.LocalDate -> org.hibernate.type.LocalDateType@5f049ea1
08:58:02,911 DEBUG BasicTypeRegistry:145 - Adding type registration LocalTime -> org.hibernate.type.LocalTimeType@8458f04
08:58:02,911 DEBUG BasicTypeRegistry:145 - Adding type registration java.time.LocalTime -> org.hibernate.type.LocalTimeType@8458f04
08:58:02,913 DEBUG BasicTypeRegistry:145 - Adding type registration OffsetDateTime -> org.hibernate.type.OffsetDateTimeType@2cb4893b
08:58:02,914 DEBUG BasicTypeRegistry:145 - Adding type registration java.time.OffsetDateTime -> org.hibernate.type.OffsetDateTimeType@2cb4893b
08:58:02,916 DEBUG BasicTypeRegistry:145 - Adding type registration OffsetTime -> org.hibernate.type.OffsetTimeType@413d1baf
08:58:02,916 DEBUG BasicTypeRegistry:145 - Adding type registration java.time.OffsetTime -> org.hibernate.type.OffsetTimeType@413d1baf
08:58:02,921 DEBUG BasicTypeRegistry:145 - Adding type registration ZonedDateTime -> org.hibernate.type.ZonedDateTimeType@1caa0244
08:58:02,921 DEBUG BasicTypeRegistry:145 - Adding type registration java.time.ZonedDateTime -> org.hibernate.type.ZonedDateTimeType@1caa0244
08:58:02,924 DEBUG BasicTypeRegistry:145 - Adding type registration date -> org.hibernate.type.DateType@7e057f43
08:58:02,924 DEBUG BasicTypeRegistry:145 - Adding type registration java.sql.Date -> org.hibernate.type.DateType@7e057f43
08:58:02,926 DEBUG BasicTypeRegistry:145 - Adding type registration time -> org.hibernate.type.TimeType@231f98ef
08:58:02,926 DEBUG BasicTypeRegistry:145 - Adding type registration java.sql.Time -> org.hibernate.type.TimeType@231f98ef
08:58:02,927 DEBUG BasicTypeRegistry:145 - Adding type registration timestamp -> org.hibernate.type.TimestampType@451001e5
08:58:02,927 DEBUG BasicTypeRegistry:145 - Adding type registration java.sql.Timestamp -> org.hibernate.type.TimestampType@451001e5
08:58:02,928 DEBUG BasicTypeRegistry:145 - Adding type registration java.util.Date -> org.hibernate.type.TimestampType@451001e5
08:58:02,930 DEBUG BasicTypeRegistry:145 - Adding type registration dbtimestamp -> org.hibernate.type.DbTimestampType@4d1c005e
08:58:02,931 DEBUG BasicTypeRegistry:145 - Adding type registration calendar -> org.hibernate.type.CalendarType@496bc455
08:58:02,931 DEBUG BasicTypeRegistry:145 - Adding type registration java.util.Calendar -> org.hibernate.type.CalendarType@496bc455
08:58:02,931 DEBUG BasicTypeRegistry:145 - Adding type registration java.util.GregorianCalendar -> org.hibernate.type.CalendarType@496bc455
08:58:02,932 DEBUG BasicTypeRegistry:145 - Adding type registration calendar_date -> org.hibernate.type.CalendarDateType@6be968ce
08:58:02,934 DEBUG BasicTypeRegistry:145 - Adding type registration locale -> org.hibernate.type.LocaleType@76494737
08:58:02,935 DEBUG BasicTypeRegistry:145 - Adding type registration java.util.Locale -> org.hibernate.type.LocaleType@76494737
08:58:02,936 DEBUG BasicTypeRegistry:145 - Adding type registration currency -> org.hibernate.type.CurrencyType@609e8838
08:58:02,937 DEBUG BasicTypeRegistry:145 - Adding type registration java.util.Currency -> org.hibernate.type.CurrencyType@609e8838
08:58:02,938 DEBUG BasicTypeRegistry:145 - Adding type registration timezone -> org.hibernate.type.TimeZoneType@23e84203
08:58:02,939 DEBUG BasicTypeRegistry:145 - Adding type registration java.util.TimeZone -> org.hibernate.type.TimeZoneType@23e84203
08:58:02,940 DEBUG BasicTypeRegistry:145 - Adding type registration class -> org.hibernate.type.ClassType@302c971f
08:58:02,940 DEBUG BasicTypeRegistry:145 - Adding type registration java.lang.Class -> org.hibernate.type.ClassType@302c971f
08:58:02,942 DEBUG BasicTypeRegistry:145 - Adding type registration uuid-binary -> org.hibernate.type.UUIDBinaryType@2a693f59
08:58:02,942 DEBUG BasicTypeRegistry:145 - Adding type registration java.util.UUID -> org.hibernate.type.UUIDBinaryType@2a693f59
08:58:02,943 DEBUG BasicTypeRegistry:145 - Adding type registration uuid-char -> org.hibernate.type.UUIDCharType@533bda92
08:58:02,944 DEBUG BasicTypeRegistry:145 - Adding type registration binary -> org.hibernate.type.BinaryType@45d84a20
08:58:02,944 DEBUG BasicTypeRegistry:145 - Adding type registration byte[] -> org.hibernate.type.BinaryType@45d84a20
08:58:02,945 DEBUG BasicTypeRegistry:145 - Adding type registration [B -> org.hibernate.type.BinaryType@45d84a20
08:58:02,947 DEBUG BasicTypeRegistry:145 - Adding type registration wrapper-binary -> org.hibernate.type.WrapperBinaryType@c430e6c
08:58:02,947 DEBUG BasicTypeRegistry:145 - Adding type registration Byte[] -> org.hibernate.type.WrapperBinaryType@c430e6c
08:58:02,947 DEBUG BasicTypeRegistry:145 - Adding type registration [Ljava.lang.Byte; -> org.hibernate.type.WrapperBinaryType@c430e6c
08:58:02,949 DEBUG BasicTypeRegistry:145 - Adding type registration row_version -> org.hibernate.type.RowVersionType@70cf32e3
08:58:02,950 DEBUG BasicTypeRegistry:145 - Adding type registration image -> org.hibernate.type.ImageType@71075444
08:58:02,952 DEBUG BasicTypeRegistry:145 - Adding type registration characters -> org.hibernate.type.CharArrayType@5c80cf32
08:58:02,952 DEBUG BasicTypeRegistry:145 - Adding type registration char[] -> org.hibernate.type.CharArrayType@5c80cf32
08:58:02,952 DEBUG BasicTypeRegistry:145 - Adding type registration [C -> org.hibernate.type.CharArrayType@5c80cf32
08:58:02,954 DEBUG BasicTypeRegistry:145 - Adding type registration wrapper-characters -> org.hibernate.type.CharacterArrayType@673fdbce
08:58:02,954 DEBUG BasicTypeRegistry:145 - Adding type registration [Ljava.lang.Character; -> org.hibernate.type.CharacterArrayType@673fdbce
08:58:02,954 DEBUG BasicTypeRegistry:145 - Adding type registration Character[] -> org.hibernate.type.CharacterArrayType@673fdbce
08:58:02,955 DEBUG BasicTypeRegistry:145 - Adding type registration text -> org.hibernate.type.TextType@6cb107fd
08:58:02,956 DEBUG BasicTypeRegistry:145 - Adding type registration ntext -> org.hibernate.type.NTextType@eadd4fb
08:58:02,960 DEBUG BasicTypeRegistry:145 - Adding type registration blob -> org.hibernate.type.BlobType@431cd9b2
08:58:02,962 DEBUG BasicTypeRegistry:145 - Adding type registration java.sql.Blob -> org.hibernate.type.BlobType@431cd9b2
08:58:02,963 DEBUG BasicTypeRegistry:145 - Adding type registration materialized_blob -> org.hibernate.type.MaterializedBlobType@790da477
08:58:02,967 DEBUG BasicTypeRegistry:145 - Adding type registration clob -> org.hibernate.type.ClobType@4d15107f
08:58:02,967 DEBUG BasicTypeRegistry:145 - Adding type registration java.sql.Clob -> org.hibernate.type.ClobType@4d15107f
08:58:02,970 DEBUG BasicTypeRegistry:145 - Adding type registration nclob -> org.hibernate.type.NClobType@821330f
08:58:02,970 DEBUG BasicTypeRegistry:145 - Adding type registration java.sql.NClob -> org.hibernate.type.NClobType@821330f
08:58:02,971 DEBUG BasicTypeRegistry:145 - Adding type registration materialized_clob -> org.hibernate.type.MaterializedClobType@210ab13f
08:58:02,972 DEBUG BasicTypeRegistry:145 - Adding type registration materialized_nclob -> org.hibernate.type.MaterializedNClobType@6f15d60e
08:58:02,975 DEBUG BasicTypeRegistry:145 - Adding type registration serializable -> org.hibernate.type.SerializableType@5340477f
08:58:02,980 DEBUG BasicTypeRegistry:145 - Adding type registration object -> org.hibernate.type.ObjectType@1807f5a7
08:58:02,980 DEBUG BasicTypeRegistry:145 - Adding type registration java.lang.Object -> org.hibernate.type.ObjectType@1807f5a7
08:58:02,980 DEBUG BasicTypeRegistry:145 - Adding type registration imm_date -> org.hibernate.type.AdaptedImmutableType@4dc27487
08:58:02,981 DEBUG BasicTypeRegistry:145 - Adding type registration imm_time -> org.hibernate.type.AdaptedImmutableType@6a4f1a55
08:58:02,981 DEBUG BasicTypeRegistry:145 - Adding type registration imm_timestamp -> org.hibernate.type.AdaptedImmutableType@7dfd3c81
08:58:02,981 DEBUG BasicTypeRegistry:145 - Adding type registration imm_dbtimestamp -> org.hibernate.type.AdaptedImmutableType@2584b82d
08:58:02,981 DEBUG BasicTypeRegistry:145 - Adding type registration imm_calendar -> org.hibernate.type.AdaptedImmutableType@7bbc8656
08:58:02,981 DEBUG BasicTypeRegistry:145 - Adding type registration imm_calendar_date -> org.hibernate.type.AdaptedImmutableType@6933b6c6
08:58:02,982 DEBUG BasicTypeRegistry:145 - Adding type registration imm_binary -> org.hibernate.type.AdaptedImmutableType@7d3e8655
08:58:02,982 DEBUG BasicTypeRegistry:145 - Adding type registration imm_serializable -> org.hibernate.type.AdaptedImmutableType@7dfb0c0f
08:58:02,994  WARN pooling:70 - HHH10001002: Using Hibernate built-in connection pool (not for production use!)
08:58:03,001  INFO pooling:126 - HHH10001005: using driver [com.mysql.jdbc.Driver] at URL [jdbc:mysql://ec2-52-36-168-250.us-west-2.compute.amazonaws.com:3306/lms]
08:58:03,002  INFO pooling:135 - HHH10001001: Connection properties: {user=cs425, password=****}
08:58:03,002  INFO pooling:140 - HHH10001003: Autocommit mode: false
08:58:03,006  INFO DriverManagerConnectionProviderImpl:41 - HHH000115: Hibernate connection pool size: 20 (min=1)
08:58:04,078  INFO Dialect:157 - HHH000400: Using dialect: org.hibernate.dialect.MySQLDialect
08:58:04,446 TRACE TypeFactory:58 - Scoping types to session factory org.hibernate.internal.SessionFactoryImpl@7446d8d5
08:58:04,873  INFO access:47 - HHH10001501: Connection obtained from JdbcConnectionAccess [org.hibernate.engine.jdbc.env.internal.JdbcEnvironmentInitiator$ConnectionProviderJdbcConnectionAccess@5c09d180] for (non-JTA) DDL execution was not in auto-commit mode; the Connection 'local transaction' will be committed and the Connection will be set into auto-commit mode.
08:58:08,060  INFO access:47 - HHH10001501: Connection obtained from JdbcConnectionAccess [org.hibernate.engine.jdbc.env.internal.JdbcEnvironmentInitiator$ConnectionProviderJdbcConnectionAccess@7f4d9395] for (non-JTA) DDL execution was not in auto-commit mode; the Connection 'local transaction' will be committed and the Connection will be set into auto-commit mode.
08:58:11,081  INFO SchemaCreatorImpl:488 - HHH000476: Executing import script 'org.hibernate.tool.schema.internal.exec.ScriptSourceInputNonExistentImpl@867ba60'
08:58:11,331 TRACE BasicBinder:65 - binding parameter [1] as [INTEGER] - [1]
08:59:16,188  INFO Version:45 - HHH000412: Hibernate Core {5.2.6.Final}
08:59:16,191  INFO Environment:213 - HHH000206: hibernate.properties not found
08:59:16,451  INFO Version:66 - HCANN000001: Hibernate Commons Annotations {5.0.1.Final}
08:59:17,263 DEBUG BasicTypeRegistry:145 - Adding type registration boolean -> org.hibernate.type.BooleanType@6fdbe764
08:59:17,263 DEBUG BasicTypeRegistry:145 - Adding type registration boolean -> org.hibernate.type.BooleanType@6fdbe764
08:59:17,263 DEBUG BasicTypeRegistry:145 - Adding type registration java.lang.Boolean -> org.hibernate.type.BooleanType@6fdbe764
08:59:17,264 DEBUG BasicTypeRegistry:145 - Adding type registration numeric_boolean -> org.hibernate.type.NumericBooleanType@3012646b
08:59:17,265 DEBUG BasicTypeRegistry:145 - Adding type registration true_false -> org.hibernate.type.TrueFalseType@18df8434
08:59:17,266 DEBUG BasicTypeRegistry:145 - Adding type registration yes_no -> org.hibernate.type.YesNoType@229c6181
08:59:17,267 DEBUG BasicTypeRegistry:145 - Adding type registration byte -> org.hibernate.type.ByteType@e350b40
08:59:17,268 DEBUG BasicTypeRegistry:145 - Adding type registration byte -> org.hibernate.type.ByteType@e350b40
08:59:17,268 DEBUG BasicTypeRegistry:145 - Adding type registration java.lang.Byte -> org.hibernate.type.ByteType@e350b40
08:59:17,269 DEBUG BasicTypeRegistry:145 - Adding type registration character -> org.hibernate.type.CharacterType@13e344d
08:59:17,269 DEBUG BasicTypeRegistry:145 - Adding type registration char -> org.hibernate.type.CharacterType@13e344d
08:59:17,269 DEBUG BasicTypeRegistry:145 - Adding type registration java.lang.Character -> org.hibernate.type.CharacterType@13e344d
08:59:17,271 DEBUG BasicTypeRegistry:145 - Adding type registration short -> org.hibernate.type.ShortType@1e6a3214
08:59:17,272 DEBUG BasicTypeRegistry:145 - Adding type registration short -> org.hibernate.type.ShortType@1e6a3214
08:59:17,272 DEBUG BasicTypeRegistry:145 - Adding type registration java.lang.Short -> org.hibernate.type.ShortType@1e6a3214
08:59:17,274 DEBUG BasicTypeRegistry:145 - Adding type registration integer -> org.hibernate.type.IntegerType@4145bad8
08:59:17,274 DEBUG BasicTypeRegistry:145 - Adding type registration int -> org.hibernate.type.IntegerType@4145bad8
08:59:17,274 DEBUG BasicTypeRegistry:145 - Adding type registration java.lang.Integer -> org.hibernate.type.IntegerType@4145bad8
08:59:17,276 DEBUG BasicTypeRegistry:145 - Adding type registration long -> org.hibernate.type.LongType@2e385cce
08:59:17,276 DEBUG BasicTypeRegistry:145 - Adding type registration long -> org.hibernate.type.LongType@2e385cce
08:59:17,276 DEBUG BasicTypeRegistry:145 - Adding type registration java.lang.Long -> org.hibernate.type.LongType@2e385cce
08:59:17,277 DEBUG BasicTypeRegistry:145 - Adding type registration float -> org.hibernate.type.FloatType@644baf4a
08:59:17,278 DEBUG BasicTypeRegistry:145 - Adding type registration float -> org.hibernate.type.FloatType@644baf4a
08:59:17,278 DEBUG BasicTypeRegistry:145 - Adding type registration java.lang.Float -> org.hibernate.type.FloatType@644baf4a
08:59:17,280 DEBUG BasicTypeRegistry:145 - Adding type registration double -> org.hibernate.type.DoubleType@6892b3b6
08:59:17,280 DEBUG BasicTypeRegistry:145 - Adding type registration double -> org.hibernate.type.DoubleType@6892b3b6
08:59:17,280 DEBUG BasicTypeRegistry:145 - Adding type registration java.lang.Double -> org.hibernate.type.DoubleType@6892b3b6
08:59:17,282 DEBUG BasicTypeRegistry:145 - Adding type registration big_decimal -> org.hibernate.type.BigDecimalType@6e9175d8
08:59:17,282 DEBUG BasicTypeRegistry:145 - Adding type registration java.math.BigDecimal -> org.hibernate.type.BigDecimalType@6e9175d8
08:59:17,283 DEBUG BasicTypeRegistry:145 - Adding type registration big_integer -> org.hibernate.type.BigIntegerType@8f2ef19
08:59:17,283 DEBUG BasicTypeRegistry:145 - Adding type registration java.math.BigInteger -> org.hibernate.type.BigIntegerType@8f2ef19
08:59:17,285 DEBUG BasicTypeRegistry:145 - Adding type registration string -> org.hibernate.type.StringType@173ed316
08:59:17,285 DEBUG BasicTypeRegistry:145 - Adding type registration java.lang.String -> org.hibernate.type.StringType@173ed316
08:59:17,286 DEBUG BasicTypeRegistry:145 - Adding type registration nstring -> org.hibernate.type.StringNVarcharType@27406a17
08:59:17,286 DEBUG BasicTypeRegistry:145 - Adding type registration ncharacter -> org.hibernate.type.CharacterNCharType@3e8c3cb
08:59:17,288 DEBUG BasicTypeRegistry:145 - Adding type registration url -> org.hibernate.type.UrlType@3e27ba32
08:59:17,288 DEBUG BasicTypeRegistry:145 - Adding type registration java.net.URL -> org.hibernate.type.UrlType@3e27ba32
08:59:17,289 DEBUG BasicTypeRegistry:145 - Adding type registration Duration -> org.hibernate.type.DurationType@1ca3b418
08:59:17,289 DEBUG BasicTypeRegistry:145 - Adding type registration java.time.Duration -> org.hibernate.type.DurationType@1ca3b418
08:59:17,302 DEBUG BasicTypeRegistry:145 - Adding type registration Instant -> org.hibernate.type.InstantType@15043a2f
08:59:17,303 DEBUG BasicTypeRegistry:145 - Adding type registration java.time.Instant -> org.hibernate.type.InstantType@15043a2f
08:59:17,304 DEBUG BasicTypeRegistry:145 - Adding type registration LocalDateTime -> org.hibernate.type.LocalDateTimeType@28261e8e
08:59:17,304 DEBUG BasicTypeRegistry:145 - Adding type registration java.time.LocalDateTime -> org.hibernate.type.LocalDateTimeType@28261e8e
08:59:17,306 DEBUG BasicTypeRegistry:145 - Adding type registration LocalDate -> org.hibernate.type.LocalDateType@5f049ea1
08:59:17,306 DEBUG BasicTypeRegistry:145 - Adding type registration java.time.LocalDate -> org.hibernate.type.LocalDateType@5f049ea1
08:59:17,307 DEBUG BasicTypeRegistry:145 - Adding type registration LocalTime -> org.hibernate.type.LocalTimeType@8458f04
08:59:17,308 DEBUG BasicTypeRegistry:145 - Adding type registration java.time.LocalTime -> org.hibernate.type.LocalTimeType@8458f04
08:59:17,310 DEBUG BasicTypeRegistry:145 - Adding type registration OffsetDateTime -> org.hibernate.type.OffsetDateTimeType@2cb4893b
08:59:17,310 DEBUG BasicTypeRegistry:145 - Adding type registration java.time.OffsetDateTime -> org.hibernate.type.OffsetDateTimeType@2cb4893b
08:59:17,312 DEBUG BasicTypeRegistry:145 - Adding type registration OffsetTime -> org.hibernate.type.OffsetTimeType@413d1baf
08:59:17,312 DEBUG BasicTypeRegistry:145 - Adding type registration java.time.OffsetTime -> org.hibernate.type.OffsetTimeType@413d1baf
08:59:17,316 DEBUG BasicTypeRegistry:145 - Adding type registration ZonedDateTime -> org.hibernate.type.ZonedDateTimeType@1caa0244
08:59:17,316 DEBUG BasicTypeRegistry:145 - Adding type registration java.time.ZonedDateTime -> org.hibernate.type.ZonedDateTimeType@1caa0244
08:59:17,318 DEBUG BasicTypeRegistry:145 - Adding type registration date -> org.hibernate.type.DateType@7e057f43
08:59:17,318 DEBUG BasicTypeRegistry:145 - Adding type registration java.sql.Date -> org.hibernate.type.DateType@7e057f43
08:59:17,320 DEBUG BasicTypeRegistry:145 - Adding type registration time -> org.hibernate.type.TimeType@231f98ef
08:59:17,321 DEBUG BasicTypeRegistry:145 - Adding type registration java.sql.Time -> org.hibernate.type.TimeType@231f98ef
08:59:17,324 DEBUG BasicTypeRegistry:145 - Adding type registration timestamp -> org.hibernate.type.TimestampType@451001e5
08:59:17,324 DEBUG BasicTypeRegistry:145 - Adding type registration java.sql.Timestamp -> org.hibernate.type.TimestampType@451001e5
08:59:17,325 DEBUG BasicTypeRegistry:145 - Adding type registration java.util.Date -> org.hibernate.type.TimestampType@451001e5
08:59:17,328 DEBUG BasicTypeRegistry:145 - Adding type registration dbtimestamp -> org.hibernate.type.DbTimestampType@4d1c005e
08:59:17,330 DEBUG BasicTypeRegistry:145 - Adding type registration calendar -> org.hibernate.type.CalendarType@496bc455
08:59:17,330 DEBUG BasicTypeRegistry:145 - Adding type registration java.util.Calendar -> org.hibernate.type.CalendarType@496bc455
08:59:17,331 DEBUG BasicTypeRegistry:145 - Adding type registration java.util.GregorianCalendar -> org.hibernate.type.CalendarType@496bc455
08:59:17,333 DEBUG BasicTypeRegistry:145 - Adding type registration calendar_date -> org.hibernate.type.CalendarDateType@6be968ce
08:59:17,335 DEBUG BasicTypeRegistry:145 - Adding type registration locale -> org.hibernate.type.LocaleType@76494737
08:59:17,336 DEBUG BasicTypeRegistry:145 - Adding type registration java.util.Locale -> org.hibernate.type.LocaleType@76494737
08:59:17,338 DEBUG BasicTypeRegistry:145 - Adding type registration currency -> org.hibernate.type.CurrencyType@609e8838
08:59:17,339 DEBUG BasicTypeRegistry:145 - Adding type registration java.util.Currency -> org.hibernate.type.CurrencyType@609e8838
08:59:17,343 DEBUG BasicTypeRegistry:145 - Adding type registration timezone -> org.hibernate.type.TimeZoneType@23e84203
08:59:17,346 DEBUG BasicTypeRegistry:145 - Adding type registration java.util.TimeZone -> org.hibernate.type.TimeZoneType@23e84203
08:59:17,349 DEBUG BasicTypeRegistry:145 - Adding type registration class -> org.hibernate.type.ClassType@302c971f
08:59:17,351 DEBUG BasicTypeRegistry:145 - Adding type registration java.lang.Class -> org.hibernate.type.ClassType@302c971f
08:59:17,356 DEBUG BasicTypeRegistry:145 - Adding type registration uuid-binary -> org.hibernate.type.UUIDBinaryType@2a693f59
08:59:17,359 DEBUG BasicTypeRegistry:145 - Adding type registration java.util.UUID -> org.hibernate.type.UUIDBinaryType@2a693f59
08:59:17,362 DEBUG BasicTypeRegistry:145 - Adding type registration uuid-char -> org.hibernate.type.UUIDCharType@533bda92
08:59:17,366 DEBUG BasicTypeRegistry:145 - Adding type registration binary -> org.hibernate.type.BinaryType@45d84a20
08:59:17,368 DEBUG BasicTypeRegistry:145 - Adding type registration byte[] -> org.hibernate.type.BinaryType@45d84a20
08:59:17,371 DEBUG BasicTypeRegistry:145 - Adding type registration [B -> org.hibernate.type.BinaryType@45d84a20
08:59:17,400 DEBUG BasicTypeRegistry:145 - Adding type registration wrapper-binary -> org.hibernate.type.WrapperBinaryType@c430e6c
08:59:17,400 DEBUG BasicTypeRegistry:145 - Adding type registration Byte[] -> org.hibernate.type.WrapperBinaryType@c430e6c
08:59:17,404 DEBUG BasicTypeRegistry:145 - Adding type registration [Ljava.lang.Byte; -> org.hibernate.type.WrapperBinaryType@c430e6c
08:59:17,405 DEBUG BasicTypeRegistry:145 - Adding type registration row_version -> org.hibernate.type.RowVersionType@70cf32e3
08:59:17,407 DEBUG BasicTypeRegistry:145 - Adding type registration image -> org.hibernate.type.ImageType@71075444
08:59:17,410 DEBUG BasicTypeRegistry:145 - Adding type registration characters -> org.hibernate.type.CharArrayType@5c80cf32
08:59:17,410 DEBUG BasicTypeRegistry:145 - Adding type registration char[] -> org.hibernate.type.CharArrayType@5c80cf32
08:59:17,411 DEBUG BasicTypeRegistry:145 - Adding type registration [C -> org.hibernate.type.CharArrayType@5c80cf32
08:59:17,413 DEBUG BasicTypeRegistry:145 - Adding type registration wrapper-characters -> org.hibernate.type.CharacterArrayType@673fdbce
08:59:17,413 DEBUG BasicTypeRegistry:145 - Adding type registration [Ljava.lang.Character; -> org.hibernate.type.CharacterArrayType@673fdbce
08:59:17,413 DEBUG BasicTypeRegistry:145 - Adding type registration Character[] -> org.hibernate.type.CharacterArrayType@673fdbce
08:59:17,414 DEBUG BasicTypeRegistry:145 - Adding type registration text -> org.hibernate.type.TextType@6cb107fd
08:59:17,415 DEBUG BasicTypeRegistry:145 - Adding type registration ntext -> org.hibernate.type.NTextType@eadd4fb
08:59:17,420 DEBUG BasicTypeRegistry:145 - Adding type registration blob -> org.hibernate.type.BlobType@431cd9b2
08:59:17,423 DEBUG BasicTypeRegistry:145 - Adding type registration java.sql.Blob -> org.hibernate.type.BlobType@431cd9b2
08:59:17,426 DEBUG BasicTypeRegistry:145 - Adding type registration materialized_blob -> org.hibernate.type.MaterializedBlobType@790da477
08:59:17,433 DEBUG BasicTypeRegistry:145 - Adding type registration clob -> org.hibernate.type.ClobType@4d15107f
08:59:17,434 DEBUG BasicTypeRegistry:145 - Adding type registration java.sql.Clob -> org.hibernate.type.ClobType@4d15107f
08:59:17,441 DEBUG BasicTypeRegistry:145 - Adding type registration nclob -> org.hibernate.type.NClobType@821330f
08:59:17,441 DEBUG BasicTypeRegistry:145 - Adding type registration java.sql.NClob -> org.hibernate.type.NClobType@821330f
08:59:17,443 DEBUG BasicTypeRegistry:145 - Adding type registration materialized_clob -> org.hibernate.type.MaterializedClobType@210ab13f
08:59:17,447 DEBUG BasicTypeRegistry:145 - Adding type registration materialized_nclob -> org.hibernate.type.MaterializedNClobType@6f15d60e
08:59:17,449 DEBUG BasicTypeRegistry:145 - Adding type registration serializable -> org.hibernate.type.SerializableType@5340477f
08:59:17,455 DEBUG BasicTypeRegistry:145 - Adding type registration object -> org.hibernate.type.ObjectType@1807f5a7
08:59:17,455 DEBUG BasicTypeRegistry:145 - Adding type registration java.lang.Object -> org.hibernate.type.ObjectType@1807f5a7
08:59:17,456 DEBUG BasicTypeRegistry:145 - Adding type registration imm_date -> org.hibernate.type.AdaptedImmutableType@4dc27487
08:59:17,456 DEBUG BasicTypeRegistry:145 - Adding type registration imm_time -> org.hibernate.type.AdaptedImmutableType@6a4f1a55
08:59:17,456 DEBUG BasicTypeRegistry:145 - Adding type registration imm_timestamp -> org.hibernate.type.AdaptedImmutableType@7dfd3c81
08:59:17,457 DEBUG BasicTypeRegistry:145 - Adding type registration imm_dbtimestamp -> org.hibernate.type.AdaptedImmutableType@2584b82d
08:59:17,460 DEBUG BasicTypeRegistry:145 - Adding type registration imm_calendar -> org.hibernate.type.AdaptedImmutableType@7bbc8656
08:59:17,460 DEBUG BasicTypeRegistry:145 - Adding type registration imm_calendar_date -> org.hibernate.type.AdaptedImmutableType@6933b6c6
08:59:17,460 DEBUG BasicTypeRegistry:145 - Adding type registration imm_binary -> org.hibernate.type.AdaptedImmutableType@7d3e8655
08:59:17,461 DEBUG BasicTypeRegistry:145 - Adding type registration imm_serializable -> org.hibernate.type.AdaptedImmutableType@7dfb0c0f
08:59:17,478  WARN pooling:70 - HHH10001002: Using Hibernate built-in connection pool (not for production use!)
08:59:17,486  INFO pooling:126 - HHH10001005: using driver [com.mysql.jdbc.Driver] at URL [jdbc:mysql://ec2-52-36-168-250.us-west-2.compute.amazonaws.com:3306/lms]
08:59:17,489  INFO pooling:135 - HHH10001001: Connection properties: {user=cs425, password=****}
08:59:17,489  INFO pooling:140 - HHH10001003: Autocommit mode: false
08:59:17,496  INFO DriverManagerConnectionProviderImpl:41 - HHH000115: Hibernate connection pool size: 20 (min=1)
08:59:18,630  INFO Dialect:157 - HHH000400: Using dialect: org.hibernate.dialect.MySQLDialect
08:59:19,018 TRACE TypeFactory:58 - Scoping types to session factory org.hibernate.internal.SessionFactoryImpl@7446d8d5
08:59:19,474  INFO access:47 - HHH10001501: Connection obtained from JdbcConnectionAccess [org.hibernate.engine.jdbc.env.internal.JdbcEnvironmentInitiator$ConnectionProviderJdbcConnectionAccess@5c09d180] for (non-JTA) DDL execution was not in auto-commit mode; the Connection 'local transaction' will be committed and the Connection will be set into auto-commit mode.
08:59:22,985  INFO access:47 - HHH10001501: Connection obtained from JdbcConnectionAccess [org.hibernate.engine.jdbc.env.internal.JdbcEnvironmentInitiator$ConnectionProviderJdbcConnectionAccess@7f4d9395] for (non-JTA) DDL execution was not in auto-commit mode; the Connection 'local transaction' will be committed and the Connection will be set into auto-commit mode.
08:59:26,311  INFO SchemaCreatorImpl:488 - HHH000476: Executing import script 'org.hibernate.tool.schema.internal.exec.ScriptSourceInputNonExistentImpl@867ba60'
08:59:26,555 TRACE BasicBinder:65 - binding parameter [1] as [INTEGER] - [1]
09:03:16,875  INFO Version:45 - HHH000412: Hibernate Core {5.2.6.Final}
09:03:16,879  INFO Environment:213 - HHH000206: hibernate.properties not found
09:03:17,142  INFO Version:66 - HCANN000001: Hibernate Commons Annotations {5.0.1.Final}
09:03:18,016 DEBUG BasicTypeRegistry:145 - Adding type registration boolean -> org.hibernate.type.BooleanType@6fdbe764
09:03:18,016 DEBUG BasicTypeRegistry:145 - Adding type registration boolean -> org.hibernate.type.BooleanType@6fdbe764
09:03:18,016 DEBUG BasicTypeRegistry:145 - Adding type registration java.lang.Boolean -> org.hibernate.type.BooleanType@6fdbe764
09:03:18,018 DEBUG BasicTypeRegistry:145 - Adding type registration numeric_boolean -> org.hibernate.type.NumericBooleanType@3012646b
09:03:18,019 DEBUG BasicTypeRegistry:145 - Adding type registration true_false -> org.hibernate.type.TrueFalseType@18df8434
09:03:18,020 DEBUG BasicTypeRegistry:145 - Adding type registration yes_no -> org.hibernate.type.YesNoType@229c6181
09:03:18,022 DEBUG BasicTypeRegistry:145 - Adding type registration byte -> org.hibernate.type.ByteType@e350b40
09:03:18,022 DEBUG BasicTypeRegistry:145 - Adding type registration byte -> org.hibernate.type.ByteType@e350b40
09:03:18,023 DEBUG BasicTypeRegistry:145 - Adding type registration java.lang.Byte -> org.hibernate.type.ByteType@e350b40
09:03:18,024 DEBUG BasicTypeRegistry:145 - Adding type registration character -> org.hibernate.type.CharacterType@13e344d
09:03:18,024 DEBUG BasicTypeRegistry:145 - Adding type registration char -> org.hibernate.type.CharacterType@13e344d
09:03:18,024 DEBUG BasicTypeRegistry:145 - Adding type registration java.lang.Character -> org.hibernate.type.CharacterType@13e344d
09:03:18,025 DEBUG BasicTypeRegistry:145 - Adding type registration short -> org.hibernate.type.ShortType@1e6a3214
09:03:18,027 DEBUG BasicTypeRegistry:145 - Adding type registration short -> org.hibernate.type.ShortType@1e6a3214
09:03:18,027 DEBUG BasicTypeRegistry:145 - Adding type registration java.lang.Short -> org.hibernate.type.ShortType@1e6a3214
09:03:18,029 DEBUG BasicTypeRegistry:145 - Adding type registration integer -> org.hibernate.type.IntegerType@4145bad8
09:03:18,029 DEBUG BasicTypeRegistry:145 - Adding type registration int -> org.hibernate.type.IntegerType@4145bad8
09:03:18,029 DEBUG BasicTypeRegistry:145 - Adding type registration java.lang.Integer -> org.hibernate.type.IntegerType@4145bad8
09:03:18,031 DEBUG BasicTypeRegistry:145 - Adding type registration long -> org.hibernate.type.LongType@2e385cce
09:03:18,031 DEBUG BasicTypeRegistry:145 - Adding type registration long -> org.hibernate.type.LongType@2e385cce
09:03:18,031 DEBUG BasicTypeRegistry:145 - Adding type registration java.lang.Long -> org.hibernate.type.LongType@2e385cce
09:03:18,033 DEBUG BasicTypeRegistry:145 - Adding type registration float -> org.hibernate.type.FloatType@644baf4a
09:03:18,033 DEBUG BasicTypeRegistry:145 - Adding type registration float -> org.hibernate.type.FloatType@644baf4a
09:03:18,033 DEBUG BasicTypeRegistry:145 - Adding type registration java.lang.Float -> org.hibernate.type.FloatType@644baf4a
09:03:18,035 DEBUG BasicTypeRegistry:145 - Adding type registration double -> org.hibernate.type.DoubleType@6892b3b6
09:03:18,035 DEBUG BasicTypeRegistry:145 - Adding type registration double -> org.hibernate.type.DoubleType@6892b3b6
09:03:18,035 DEBUG BasicTypeRegistry:145 - Adding type registration java.lang.Double -> org.hibernate.type.DoubleType@6892b3b6
09:03:18,036 DEBUG BasicTypeRegistry:145 - Adding type registration big_decimal -> org.hibernate.type.BigDecimalType@6e9175d8
09:03:18,036 DEBUG BasicTypeRegistry:145 - Adding type registration java.math.BigDecimal -> org.hibernate.type.BigDecimalType@6e9175d8
09:03:18,037 DEBUG BasicTypeRegistry:145 - Adding type registration big_integer -> org.hibernate.type.BigIntegerType@8f2ef19
09:03:18,038 DEBUG BasicTypeRegistry:145 - Adding type registration java.math.BigInteger -> org.hibernate.type.BigIntegerType@8f2ef19
09:03:18,039 DEBUG BasicTypeRegistry:145 - Adding type registration string -> org.hibernate.type.StringType@173ed316
09:03:18,039 DEBUG BasicTypeRegistry:145 - Adding type registration java.lang.String -> org.hibernate.type.StringType@173ed316
09:03:18,040 DEBUG BasicTypeRegistry:145 - Adding type registration nstring -> org.hibernate.type.StringNVarcharType@27406a17
09:03:18,041 DEBUG BasicTypeRegistry:145 - Adding type registration ncharacter -> org.hibernate.type.CharacterNCharType@3e8c3cb
09:03:18,042 DEBUG BasicTypeRegistry:145 - Adding type registration url -> org.hibernate.type.UrlType@3e27ba32
09:03:18,042 DEBUG BasicTypeRegistry:145 - Adding type registration java.net.URL -> org.hibernate.type.UrlType@3e27ba32
09:03:18,043 DEBUG BasicTypeRegistry:145 - Adding type registration Duration -> org.hibernate.type.DurationType@1ca3b418
09:03:18,044 DEBUG BasicTypeRegistry:145 - Adding type registration java.time.Duration -> org.hibernate.type.DurationType@1ca3b418
09:03:18,056 DEBUG BasicTypeRegistry:145 - Adding type registration Instant -> org.hibernate.type.InstantType@15043a2f
09:03:18,056 DEBUG BasicTypeRegistry:145 - Adding type registration java.time.Instant -> org.hibernate.type.InstantType@15043a2f
09:03:18,057 DEBUG BasicTypeRegistry:145 - Adding type registration LocalDateTime -> org.hibernate.type.LocalDateTimeType@28261e8e
09:03:18,057 DEBUG BasicTypeRegistry:145 - Adding type registration java.time.LocalDateTime -> org.hibernate.type.LocalDateTimeType@28261e8e
09:03:18,059 DEBUG BasicTypeRegistry:145 - Adding type registration LocalDate -> org.hibernate.type.LocalDateType@5f049ea1
09:03:18,059 DEBUG BasicTypeRegistry:145 - Adding type registration java.time.LocalDate -> org.hibernate.type.LocalDateType@5f049ea1
09:03:18,060 DEBUG BasicTypeRegistry:145 - Adding type registration LocalTime -> org.hibernate.type.LocalTimeType@8458f04
09:03:18,061 DEBUG BasicTypeRegistry:145 - Adding type registration java.time.LocalTime -> org.hibernate.type.LocalTimeType@8458f04
09:03:18,063 DEBUG BasicTypeRegistry:145 - Adding type registration OffsetDateTime -> org.hibernate.type.OffsetDateTimeType@2cb4893b
09:03:18,063 DEBUG BasicTypeRegistry:145 - Adding type registration java.time.OffsetDateTime -> org.hibernate.type.OffsetDateTimeType@2cb4893b
09:03:18,065 DEBUG BasicTypeRegistry:145 - Adding type registration OffsetTime -> org.hibernate.type.OffsetTimeType@413d1baf
09:03:18,065 DEBUG BasicTypeRegistry:145 - Adding type registration java.time.OffsetTime -> org.hibernate.type.OffsetTimeType@413d1baf
09:03:18,070 DEBUG BasicTypeRegistry:145 - Adding type registration ZonedDateTime -> org.hibernate.type.ZonedDateTimeType@1caa0244
09:03:18,070 DEBUG BasicTypeRegistry:145 - Adding type registration java.time.ZonedDateTime -> org.hibernate.type.ZonedDateTimeType@1caa0244
09:03:18,072 DEBUG BasicTypeRegistry:145 - Adding type registration date -> org.hibernate.type.DateType@7e057f43
09:03:18,072 DEBUG BasicTypeRegistry:145 - Adding type registration java.sql.Date -> org.hibernate.type.DateType@7e057f43
09:03:18,073 DEBUG BasicTypeRegistry:145 - Adding type registration time -> org.hibernate.type.TimeType@231f98ef
09:03:18,074 DEBUG BasicTypeRegistry:145 - Adding type registration java.sql.Time -> org.hibernate.type.TimeType@231f98ef
09:03:18,075 DEBUG BasicTypeRegistry:145 - Adding type registration timestamp -> org.hibernate.type.TimestampType@451001e5
09:03:18,075 DEBUG BasicTypeRegistry:145 - Adding type registration java.sql.Timestamp -> org.hibernate.type.TimestampType@451001e5
09:03:18,075 DEBUG BasicTypeRegistry:145 - Adding type registration java.util.Date -> org.hibernate.type.TimestampType@451001e5
09:03:18,077 DEBUG BasicTypeRegistry:145 - Adding type registration dbtimestamp -> org.hibernate.type.DbTimestampType@4d1c005e
09:03:18,078 DEBUG BasicTypeRegistry:145 - Adding type registration calendar -> org.hibernate.type.CalendarType@496bc455
09:03:18,078 DEBUG BasicTypeRegistry:145 - Adding type registration java.util.Calendar -> org.hibernate.type.CalendarType@496bc455
09:03:18,079 DEBUG BasicTypeRegistry:145 - Adding type registration java.util.GregorianCalendar -> org.hibernate.type.CalendarType@496bc455
09:03:18,079 DEBUG BasicTypeRegistry:145 - Adding type registration calendar_date -> org.hibernate.type.CalendarDateType@6be968ce
09:03:18,081 DEBUG BasicTypeRegistry:145 - Adding type registration locale -> org.hibernate.type.LocaleType@76494737
09:03:18,081 DEBUG BasicTypeRegistry:145 - Adding type registration java.util.Locale -> org.hibernate.type.LocaleType@76494737
09:03:18,082 DEBUG BasicTypeRegistry:145 - Adding type registration currency -> org.hibernate.type.CurrencyType@609e8838
09:03:18,082 DEBUG BasicTypeRegistry:145 - Adding type registration java.util.Currency -> org.hibernate.type.CurrencyType@609e8838
09:03:18,083 DEBUG BasicTypeRegistry:145 - Adding type registration timezone -> org.hibernate.type.TimeZoneType@23e84203
09:03:18,083 DEBUG BasicTypeRegistry:145 - Adding type registration java.util.TimeZone -> org.hibernate.type.TimeZoneType@23e84203
09:03:18,084 DEBUG BasicTypeRegistry:145 - Adding type registration class -> org.hibernate.type.ClassType@302c971f
09:03:18,085 DEBUG BasicTypeRegistry:145 - Adding type registration java.lang.Class -> org.hibernate.type.ClassType@302c971f
09:03:18,087 DEBUG BasicTypeRegistry:145 - Adding type registration uuid-binary -> org.hibernate.type.UUIDBinaryType@2a693f59
09:03:18,087 DEBUG BasicTypeRegistry:145 - Adding type registration java.util.UUID -> org.hibernate.type.UUIDBinaryType@2a693f59
09:03:18,088 DEBUG BasicTypeRegistry:145 - Adding type registration uuid-char -> org.hibernate.type.UUIDCharType@533bda92
09:03:18,089 DEBUG BasicTypeRegistry:145 - Adding type registration binary -> org.hibernate.type.BinaryType@45d84a20
09:03:18,090 DEBUG BasicTypeRegistry:145 - Adding type registration byte[] -> org.hibernate.type.BinaryType@45d84a20
09:03:18,090 DEBUG BasicTypeRegistry:145 - Adding type registration [B -> org.hibernate.type.BinaryType@45d84a20
09:03:18,095 DEBUG BasicTypeRegistry:145 - Adding type registration wrapper-binary -> org.hibernate.type.WrapperBinaryType@c430e6c
09:03:18,095 DEBUG BasicTypeRegistry:145 - Adding type registration Byte[] -> org.hibernate.type.WrapperBinaryType@c430e6c
09:03:18,096 DEBUG BasicTypeRegistry:145 - Adding type registration [Ljava.lang.Byte; -> org.hibernate.type.WrapperBinaryType@c430e6c
09:03:18,097 DEBUG BasicTypeRegistry:145 - Adding type registration row_version -> org.hibernate.type.RowVersionType@70cf32e3
09:03:18,098 DEBUG BasicTypeRegistry:145 - Adding type registration image -> org.hibernate.type.ImageType@71075444
09:03:18,099 DEBUG BasicTypeRegistry:145 - Adding type registration characters -> org.hibernate.type.CharArrayType@5c80cf32
09:03:18,099 DEBUG BasicTypeRegistry:145 - Adding type registration char[] -> org.hibernate.type.CharArrayType@5c80cf32
09:03:18,099 DEBUG BasicTypeRegistry:145 - Adding type registration [C -> org.hibernate.type.CharArrayType@5c80cf32
09:03:18,101 DEBUG BasicTypeRegistry:145 - Adding type registration wrapper-characters -> org.hibernate.type.CharacterArrayType@673fdbce
09:03:18,101 DEBUG BasicTypeRegistry:145 - Adding type registration [Ljava.lang.Character; -> org.hibernate.type.CharacterArrayType@673fdbce
09:03:18,101 DEBUG BasicTypeRegistry:145 - Adding type registration Character[] -> org.hibernate.type.CharacterArrayType@673fdbce
09:03:18,102 DEBUG BasicTypeRegistry:145 - Adding type registration text -> org.hibernate.type.TextType@6cb107fd
09:03:18,103 DEBUG BasicTypeRegistry:145 - Adding type registration ntext -> org.hibernate.type.NTextType@eadd4fb
09:03:18,107 DEBUG BasicTypeRegistry:145 - Adding type registration blob -> org.hibernate.type.BlobType@431cd9b2
09:03:18,107 DEBUG BasicTypeRegistry:145 - Adding type registration java.sql.Blob -> org.hibernate.type.BlobType@431cd9b2
09:03:18,108 DEBUG BasicTypeRegistry:145 - Adding type registration materialized_blob -> org.hibernate.type.MaterializedBlobType@790da477
09:03:18,112 DEBUG BasicTypeRegistry:145 - Adding type registration clob -> org.hibernate.type.ClobType@4d15107f
09:03:18,112 DEBUG BasicTypeRegistry:145 - Adding type registration java.sql.Clob -> org.hibernate.type.ClobType@4d15107f
09:03:18,114 DEBUG BasicTypeRegistry:145 - Adding type registration nclob -> org.hibernate.type.NClobType@821330f
09:03:18,115 DEBUG BasicTypeRegistry:145 - Adding type registration java.sql.NClob -> org.hibernate.type.NClobType@821330f
09:03:18,115 DEBUG BasicTypeRegistry:145 - Adding type registration materialized_clob -> org.hibernate.type.MaterializedClobType@210ab13f
09:03:18,116 DEBUG BasicTypeRegistry:145 - Adding type registration materialized_nclob -> org.hibernate.type.MaterializedNClobType@6f15d60e
09:03:18,118 DEBUG BasicTypeRegistry:145 - Adding type registration serializable -> org.hibernate.type.SerializableType@5340477f
09:03:18,120 DEBUG BasicTypeRegistry:145 - Adding type registration object -> org.hibernate.type.ObjectType@1807f5a7
09:03:18,120 DEBUG BasicTypeRegistry:145 - Adding type registration java.lang.Object -> org.hibernate.type.ObjectType@1807f5a7
09:03:18,121 DEBUG BasicTypeRegistry:145 - Adding type registration imm_date -> org.hibernate.type.AdaptedImmutableType@4dc27487
09:03:18,121 DEBUG BasicTypeRegistry:145 - Adding type registration imm_time -> org.hibernate.type.AdaptedImmutableType@6a4f1a55
09:03:18,121 DEBUG BasicTypeRegistry:145 - Adding type registration imm_timestamp -> org.hibernate.type.AdaptedImmutableType@7dfd3c81
09:03:18,122 DEBUG BasicTypeRegistry:145 - Adding type registration imm_dbtimestamp -> org.hibernate.type.AdaptedImmutableType@2584b82d
09:03:18,122 DEBUG BasicTypeRegistry:145 - Adding type registration imm_calendar -> org.hibernate.type.AdaptedImmutableType@7bbc8656
09:03:18,122 DEBUG BasicTypeRegistry:145 - Adding type registration imm_calendar_date -> org.hibernate.type.AdaptedImmutableType@6933b6c6
09:03:18,122 DEBUG BasicTypeRegistry:145 - Adding type registration imm_binary -> org.hibernate.type.AdaptedImmutableType@7d3e8655
09:03:18,122 DEBUG BasicTypeRegistry:145 - Adding type registration imm_serializable -> org.hibernate.type.AdaptedImmutableType@7dfb0c0f
09:03:18,135  WARN pooling:70 - HHH10001002: Using Hibernate built-in connection pool (not for production use!)
09:03:18,144  INFO pooling:126 - HHH10001005: using driver [com.mysql.jdbc.Driver] at URL [jdbc:mysql://ec2-52-36-168-250.us-west-2.compute.amazonaws.com:3306/lms]
09:03:18,145  INFO pooling:135 - HHH10001001: Connection properties: {user=cs425, password=****}
09:03:18,145  INFO pooling:140 - HHH10001003: Autocommit mode: false
09:03:18,150  INFO DriverManagerConnectionProviderImpl:41 - HHH000115: Hibernate connection pool size: 20 (min=1)
09:03:19,229  INFO Dialect:157 - HHH000400: Using dialect: org.hibernate.dialect.MySQLDialect
09:03:19,595 TRACE TypeFactory:58 - Scoping types to session factory org.hibernate.internal.SessionFactoryImpl@7446d8d5
09:03:20,063  INFO access:47 - HHH10001501: Connection obtained from JdbcConnectionAccess [org.hibernate.engine.jdbc.env.internal.JdbcEnvironmentInitiator$ConnectionProviderJdbcConnectionAccess@5c09d180] for (non-JTA) DDL execution was not in auto-commit mode; the Connection 'local transaction' will be committed and the Connection will be set into auto-commit mode.
09:03:23,255  INFO access:47 - HHH10001501: Connection obtained from JdbcConnectionAccess [org.hibernate.engine.jdbc.env.internal.JdbcEnvironmentInitiator$ConnectionProviderJdbcConnectionAccess@7f4d9395] for (non-JTA) DDL execution was not in auto-commit mode; the Connection 'local transaction' will be committed and the Connection will be set into auto-commit mode.
09:03:26,324  INFO SchemaCreatorImpl:488 - HHH000476: Executing import script 'org.hibernate.tool.schema.internal.exec.ScriptSourceInputNonExistentImpl@867ba60'
09:03:26,567 TRACE BasicBinder:65 - binding parameter [1] as [INTEGER] - [1]
09:08:47,322  INFO Version:45 - HHH000412: Hibernate Core {5.2.6.Final}
09:08:47,326  INFO Environment:213 - HHH000206: hibernate.properties not found
09:08:47,591  INFO Version:66 - HCANN000001: Hibernate Commons Annotations {5.0.1.Final}
09:08:48,402 DEBUG BasicTypeRegistry:145 - Adding type registration boolean -> org.hibernate.type.BooleanType@6fdbe764
09:08:48,403 DEBUG BasicTypeRegistry:145 - Adding type registration boolean -> org.hibernate.type.BooleanType@6fdbe764
09:08:48,403 DEBUG BasicTypeRegistry:145 - Adding type registration java.lang.Boolean -> org.hibernate.type.BooleanType@6fdbe764
09:08:48,404 DEBUG BasicTypeRegistry:145 - Adding type registration numeric_boolean -> org.hibernate.type.NumericBooleanType@3012646b
09:08:48,405 DEBUG BasicTypeRegistry:145 - Adding type registration true_false -> org.hibernate.type.TrueFalseType@18df8434
09:08:48,406 DEBUG BasicTypeRegistry:145 - Adding type registration yes_no -> org.hibernate.type.YesNoType@229c6181
09:08:48,408 DEBUG BasicTypeRegistry:145 - Adding type registration byte -> org.hibernate.type.ByteType@e350b40
09:08:48,408 DEBUG BasicTypeRegistry:145 - Adding type registration byte -> org.hibernate.type.ByteType@e350b40
09:08:48,409 DEBUG BasicTypeRegistry:145 - Adding type registration java.lang.Byte -> org.hibernate.type.ByteType@e350b40
09:08:48,410 DEBUG BasicTypeRegistry:145 - Adding type registration character -> org.hibernate.type.CharacterType@13e344d
09:08:48,410 DEBUG BasicTypeRegistry:145 - Adding type registration char -> org.hibernate.type.CharacterType@13e344d
09:08:48,411 DEBUG BasicTypeRegistry:145 - Adding type registration java.lang.Character -> org.hibernate.type.CharacterType@13e344d
09:08:48,412 DEBUG BasicTypeRegistry:145 - Adding type registration short -> org.hibernate.type.ShortType@1e6a3214
09:08:48,413 DEBUG BasicTypeRegistry:145 - Adding type registration short -> org.hibernate.type.ShortType@1e6a3214
09:08:48,414 DEBUG BasicTypeRegistry:145 - Adding type registration java.lang.Short -> org.hibernate.type.ShortType@1e6a3214
09:08:48,415 DEBUG BasicTypeRegistry:145 - Adding type registration integer -> org.hibernate.type.IntegerType@4145bad8
09:08:48,415 DEBUG BasicTypeRegistry:145 - Adding type registration int -> org.hibernate.type.IntegerType@4145bad8
09:08:48,416 DEBUG BasicTypeRegistry:145 - Adding type registration java.lang.Integer -> org.hibernate.type.IntegerType@4145bad8
09:08:48,417 DEBUG BasicTypeRegistry:145 - Adding type registration long -> org.hibernate.type.LongType@2e385cce
09:08:48,417 DEBUG BasicTypeRegistry:145 - Adding type registration long -> org.hibernate.type.LongType@2e385cce
09:08:48,418 DEBUG BasicTypeRegistry:145 - Adding type registration java.lang.Long -> org.hibernate.type.LongType@2e385cce
09:08:48,419 DEBUG BasicTypeRegistry:145 - Adding type registration float -> org.hibernate.type.FloatType@644baf4a
09:08:48,419 DEBUG BasicTypeRegistry:145 - Adding type registration float -> org.hibernate.type.FloatType@644baf4a
09:08:48,419 DEBUG BasicTypeRegistry:145 - Adding type registration java.lang.Float -> org.hibernate.type.FloatType@644baf4a
09:08:48,421 DEBUG BasicTypeRegistry:145 - Adding type registration double -> org.hibernate.type.DoubleType@6892b3b6
09:08:48,421 DEBUG BasicTypeRegistry:145 - Adding type registration double -> org.hibernate.type.DoubleType@6892b3b6
09:08:48,421 DEBUG BasicTypeRegistry:145 - Adding type registration java.lang.Double -> org.hibernate.type.DoubleType@6892b3b6
09:08:48,423 DEBUG BasicTypeRegistry:145 - Adding type registration big_decimal -> org.hibernate.type.BigDecimalType@6e9175d8
09:08:48,423 DEBUG BasicTypeRegistry:145 - Adding type registration java.math.BigDecimal -> org.hibernate.type.BigDecimalType@6e9175d8
09:08:48,424 DEBUG BasicTypeRegistry:145 - Adding type registration big_integer -> org.hibernate.type.BigIntegerType@8f2ef19
09:08:48,424 DEBUG BasicTypeRegistry:145 - Adding type registration java.math.BigInteger -> org.hibernate.type.BigIntegerType@8f2ef19
09:08:48,425 DEBUG BasicTypeRegistry:145 - Adding type registration string -> org.hibernate.type.StringType@173ed316
09:08:48,425 DEBUG BasicTypeRegistry:145 - Adding type registration java.lang.String -> org.hibernate.type.StringType@173ed316
09:08:48,426 DEBUG BasicTypeRegistry:145 - Adding type registration nstring -> org.hibernate.type.StringNVarcharType@27406a17
09:08:48,427 DEBUG BasicTypeRegistry:145 - Adding type registration ncharacter -> org.hibernate.type.CharacterNCharType@3e8c3cb
09:08:48,427 DEBUG BasicTypeRegistry:145 - Adding type registration url -> org.hibernate.type.UrlType@3e27ba32
09:08:48,428 DEBUG BasicTypeRegistry:145 - Adding type registration java.net.URL -> org.hibernate.type.UrlType@3e27ba32
09:08:48,429 DEBUG BasicTypeRegistry:145 - Adding type registration Duration -> org.hibernate.type.DurationType@1ca3b418
09:08:48,429 DEBUG BasicTypeRegistry:145 - Adding type registration java.time.Duration -> org.hibernate.type.DurationType@1ca3b418
09:08:48,441 DEBUG BasicTypeRegistry:145 - Adding type registration Instant -> org.hibernate.type.InstantType@15043a2f
09:08:48,441 DEBUG BasicTypeRegistry:145 - Adding type registration java.time.Instant -> org.hibernate.type.InstantType@15043a2f
09:08:48,442 DEBUG BasicTypeRegistry:145 - Adding type registration LocalDateTime -> org.hibernate.type.LocalDateTimeType@28261e8e
09:08:48,443 DEBUG BasicTypeRegistry:145 - Adding type registration java.time.LocalDateTime -> org.hibernate.type.LocalDateTimeType@28261e8e
09:08:48,444 DEBUG BasicTypeRegistry:145 - Adding type registration LocalDate -> org.hibernate.type.LocalDateType@5f049ea1
09:08:48,444 DEBUG BasicTypeRegistry:145 - Adding type registration java.time.LocalDate -> org.hibernate.type.LocalDateType@5f049ea1
09:08:48,446 DEBUG BasicTypeRegistry:145 - Adding type registration LocalTime -> org.hibernate.type.LocalTimeType@8458f04
09:08:48,446 DEBUG BasicTypeRegistry:145 - Adding type registration java.time.LocalTime -> org.hibernate.type.LocalTimeType@8458f04
09:08:48,448 DEBUG BasicTypeRegistry:145 - Adding type registration OffsetDateTime -> org.hibernate.type.OffsetDateTimeType@2cb4893b
09:08:48,448 DEBUG BasicTypeRegistry:145 - Adding type registration java.time.OffsetDateTime -> org.hibernate.type.OffsetDateTimeType@2cb4893b
09:08:48,450 DEBUG BasicTypeRegistry:145 - Adding type registration OffsetTime -> org.hibernate.type.OffsetTimeType@413d1baf
09:08:48,450 DEBUG BasicTypeRegistry:145 - Adding type registration java.time.OffsetTime -> org.hibernate.type.OffsetTimeType@413d1baf
09:08:48,454 DEBUG BasicTypeRegistry:145 - Adding type registration ZonedDateTime -> org.hibernate.type.ZonedDateTimeType@1caa0244
09:08:48,454 DEBUG BasicTypeRegistry:145 - Adding type registration java.time.ZonedDateTime -> org.hibernate.type.ZonedDateTimeType@1caa0244
09:08:48,456 DEBUG BasicTypeRegistry:145 - Adding type registration date -> org.hibernate.type.DateType@7e057f43
09:08:48,456 DEBUG BasicTypeRegistry:145 - Adding type registration java.sql.Date -> org.hibernate.type.DateType@7e057f43
09:08:48,457 DEBUG BasicTypeRegistry:145 - Adding type registration time -> org.hibernate.type.TimeType@231f98ef
09:08:48,457 DEBUG BasicTypeRegistry:145 - Adding type registration java.sql.Time -> org.hibernate.type.TimeType@231f98ef
09:08:48,459 DEBUG BasicTypeRegistry:145 - Adding type registration timestamp -> org.hibernate.type.TimestampType@451001e5
09:08:48,459 DEBUG BasicTypeRegistry:145 - Adding type registration java.sql.Timestamp -> org.hibernate.type.TimestampType@451001e5
09:08:48,459 DEBUG BasicTypeRegistry:145 - Adding type registration java.util.Date -> org.hibernate.type.TimestampType@451001e5
09:08:48,461 DEBUG BasicTypeRegistry:145 - Adding type registration dbtimestamp -> org.hibernate.type.DbTimestampType@4d1c005e
09:08:48,463 DEBUG BasicTypeRegistry:145 - Adding type registration calendar -> org.hibernate.type.CalendarType@496bc455
09:08:48,463 DEBUG BasicTypeRegistry:145 - Adding type registration java.util.Calendar -> org.hibernate.type.CalendarType@496bc455
09:08:48,463 DEBUG BasicTypeRegistry:145 - Adding type registration java.util.GregorianCalendar -> org.hibernate.type.CalendarType@496bc455
09:08:48,464 DEBUG BasicTypeRegistry:145 - Adding type registration calendar_date -> org.hibernate.type.CalendarDateType@6be968ce
09:08:48,466 DEBUG BasicTypeRegistry:145 - Adding type registration locale -> org.hibernate.type.LocaleType@76494737
09:08:48,466 DEBUG BasicTypeRegistry:145 - Adding type registration java.util.Locale -> org.hibernate.type.LocaleType@76494737
09:08:48,467 DEBUG BasicTypeRegistry:145 - Adding type registration currency -> org.hibernate.type.CurrencyType@609e8838
09:08:48,468 DEBUG BasicTypeRegistry:145 - Adding type registration java.util.Currency -> org.hibernate.type.CurrencyType@609e8838
09:08:48,469 DEBUG BasicTypeRegistry:145 - Adding type registration timezone -> org.hibernate.type.TimeZoneType@23e84203
09:08:48,469 DEBUG BasicTypeRegistry:145 - Adding type registration java.util.TimeZone -> org.hibernate.type.TimeZoneType@23e84203
09:08:48,470 DEBUG BasicTypeRegistry:145 - Adding type registration class -> org.hibernate.type.ClassType@302c971f
09:08:48,470 DEBUG BasicTypeRegistry:145 - Adding type registration java.lang.Class -> org.hibernate.type.ClassType@302c971f
09:08:48,472 DEBUG BasicTypeRegistry:145 - Adding type registration uuid-binary -> org.hibernate.type.UUIDBinaryType@2a693f59
09:08:48,472 DEBUG BasicTypeRegistry:145 - Adding type registration java.util.UUID -> org.hibernate.type.UUIDBinaryType@2a693f59
09:08:48,473 DEBUG BasicTypeRegistry:145 - Adding type registration uuid-char -> org.hibernate.type.UUIDCharType@533bda92
09:08:48,475 DEBUG BasicTypeRegistry:145 - Adding type registration binary -> org.hibernate.type.BinaryType@45d84a20
09:08:48,475 DEBUG BasicTypeRegistry:145 - Adding type registration byte[] -> org.hibernate.type.BinaryType@45d84a20
09:08:48,475 DEBUG BasicTypeRegistry:145 - Adding type registration [B -> org.hibernate.type.BinaryType@45d84a20
09:08:48,478 DEBUG BasicTypeRegistry:145 - Adding type registration wrapper-binary -> org.hibernate.type.WrapperBinaryType@c430e6c
09:08:48,478 DEBUG BasicTypeRegistry:145 - Adding type registration Byte[] -> org.hibernate.type.WrapperBinaryType@c430e6c
09:08:48,479 DEBUG BasicTypeRegistry:145 - Adding type registration [Ljava.lang.Byte; -> org.hibernate.type.WrapperBinaryType@c430e6c
09:08:48,480 DEBUG BasicTypeRegistry:145 - Adding type registration row_version -> org.hibernate.type.RowVersionType@70cf32e3
09:08:48,481 DEBUG BasicTypeRegistry:145 - Adding type registration image -> org.hibernate.type.ImageType@71075444
09:08:48,483 DEBUG BasicTypeRegistry:145 - Adding type registration characters -> org.hibernate.type.CharArrayType@5c80cf32
09:08:48,483 DEBUG BasicTypeRegistry:145 - Adding type registration char[] -> org.hibernate.type.CharArrayType@5c80cf32
09:08:48,483 DEBUG BasicTypeRegistry:145 - Adding type registration [C -> org.hibernate.type.CharArrayType@5c80cf32
09:08:48,485 DEBUG BasicTypeRegistry:145 - Adding type registration wrapper-characters -> org.hibernate.type.CharacterArrayType@673fdbce
09:08:48,485 DEBUG BasicTypeRegistry:145 - Adding type registration [Ljava.lang.Character; -> org.hibernate.type.CharacterArrayType@673fdbce
09:08:48,485 DEBUG BasicTypeRegistry:145 - Adding type registration Character[] -> org.hibernate.type.CharacterArrayType@673fdbce
09:08:48,486 DEBUG BasicTypeRegistry:145 - Adding type registration text -> org.hibernate.type.TextType@6cb107fd
09:08:48,487 DEBUG BasicTypeRegistry:145 - Adding type registration ntext -> org.hibernate.type.NTextType@eadd4fb
09:08:48,492 DEBUG BasicTypeRegistry:145 - Adding type registration blob -> org.hibernate.type.BlobType@431cd9b2
09:08:48,492 DEBUG BasicTypeRegistry:145 - Adding type registration java.sql.Blob -> org.hibernate.type.BlobType@431cd9b2
09:08:48,493 DEBUG BasicTypeRegistry:145 - Adding type registration materialized_blob -> org.hibernate.type.MaterializedBlobType@790da477
09:08:48,497 DEBUG BasicTypeRegistry:145 - Adding type registration clob -> org.hibernate.type.ClobType@4d15107f
09:08:48,497 DEBUG BasicTypeRegistry:145 - Adding type registration java.sql.Clob -> org.hibernate.type.ClobType@4d15107f
09:08:48,500 DEBUG BasicTypeRegistry:145 - Adding type registration nclob -> org.hibernate.type.NClobType@821330f
09:08:48,500 DEBUG BasicTypeRegistry:145 - Adding type registration java.sql.NClob -> org.hibernate.type.NClobType@821330f
09:08:48,501 DEBUG BasicTypeRegistry:145 - Adding type registration materialized_clob -> org.hibernate.type.MaterializedClobType@210ab13f
09:08:48,502 DEBUG BasicTypeRegistry:145 - Adding type registration materialized_nclob -> org.hibernate.type.MaterializedNClobType@6f15d60e
09:08:48,504 DEBUG BasicTypeRegistry:145 - Adding type registration serializable -> org.hibernate.type.SerializableType@5340477f
09:08:48,507 DEBUG BasicTypeRegistry:145 - Adding type registration object -> org.hibernate.type.ObjectType@1807f5a7
09:08:48,507 DEBUG BasicTypeRegistry:145 - Adding type registration java.lang.Object -> org.hibernate.type.ObjectType@1807f5a7
09:08:48,508 DEBUG BasicTypeRegistry:145 - Adding type registration imm_date -> org.hibernate.type.AdaptedImmutableType@4dc27487
09:08:48,509 DEBUG BasicTypeRegistry:145 - Adding type registration imm_time -> org.hibernate.type.AdaptedImmutableType@6a4f1a55
09:08:48,509 DEBUG BasicTypeRegistry:145 - Adding type registration imm_timestamp -> org.hibernate.type.AdaptedImmutableType@7dfd3c81
09:08:48,509 DEBUG BasicTypeRegistry:145 - Adding type registration imm_dbtimestamp -> org.hibernate.type.AdaptedImmutableType@2584b82d
09:08:48,509 DEBUG BasicTypeRegistry:145 - Adding type registration imm_calendar -> org.hibernate.type.AdaptedImmutableType@7bbc8656
09:08:48,509 DEBUG BasicTypeRegistry:145 - Adding type registration imm_calendar_date -> org.hibernate.type.AdaptedImmutableType@6933b6c6
09:08:48,510 DEBUG BasicTypeRegistry:145 - Adding type registration imm_binary -> org.hibernate.type.AdaptedImmutableType@7d3e8655
09:08:48,510 DEBUG BasicTypeRegistry:145 - Adding type registration imm_serializable -> org.hibernate.type.AdaptedImmutableType@7dfb0c0f
09:08:48,521  WARN pooling:70 - HHH10001002: Using Hibernate built-in connection pool (not for production use!)
09:08:48,529  INFO pooling:126 - HHH10001005: using driver [com.mysql.jdbc.Driver] at URL [jdbc:mysql://ec2-52-36-168-250.us-west-2.compute.amazonaws.com:3306/lms]
09:08:48,530  INFO pooling:135 - HHH10001001: Connection properties: {user=cs425, password=****}
09:08:48,530  INFO pooling:140 - HHH10001003: Autocommit mode: false
09:08:48,534  INFO DriverManagerConnectionProviderImpl:41 - HHH000115: Hibernate connection pool size: 20 (min=1)
09:08:49,611  INFO Dialect:157 - HHH000400: Using dialect: org.hibernate.dialect.MySQLDialect
09:08:49,995 TRACE TypeFactory:58 - Scoping types to session factory org.hibernate.internal.SessionFactoryImpl@7446d8d5
09:08:50,461  INFO access:47 - HHH10001501: Connection obtained from JdbcConnectionAccess [org.hibernate.engine.jdbc.env.internal.JdbcEnvironmentInitiator$ConnectionProviderJdbcConnectionAccess@5c09d180] for (non-JTA) DDL execution was not in auto-commit mode; the Connection 'local transaction' will be committed and the Connection will be set into auto-commit mode.
09:08:53,579  INFO access:47 - HHH10001501: Connection obtained from JdbcConnectionAccess [org.hibernate.engine.jdbc.env.internal.JdbcEnvironmentInitiator$ConnectionProviderJdbcConnectionAccess@7f4d9395] for (non-JTA) DDL execution was not in auto-commit mode; the Connection 'local transaction' will be committed and the Connection will be set into auto-commit mode.
09:08:56,587  INFO SchemaCreatorImpl:488 - HHH000476: Executing import script 'org.hibernate.tool.schema.internal.exec.ScriptSourceInputNonExistentImpl@867ba60'
09:08:56,836 TRACE BasicBinder:65 - binding parameter [1] as [INTEGER] - [1]
09:13:06,390  INFO Version:45 - HHH000412: Hibernate Core {5.2.6.Final}
09:13:06,393  INFO Environment:213 - HHH000206: hibernate.properties not found
09:13:06,713  INFO Version:66 - HCANN000001: Hibernate Commons Annotations {5.0.1.Final}
09:13:07,686 DEBUG BasicTypeRegistry:145 - Adding type registration boolean -> org.hibernate.type.BooleanType@6fdbe764
09:13:07,687 DEBUG BasicTypeRegistry:145 - Adding type registration boolean -> org.hibernate.type.BooleanType@6fdbe764
09:13:07,687 DEBUG BasicTypeRegistry:145 - Adding type registration java.lang.Boolean -> org.hibernate.type.BooleanType@6fdbe764
09:13:07,688 DEBUG BasicTypeRegistry:145 - Adding type registration numeric_boolean -> org.hibernate.type.NumericBooleanType@3012646b
09:13:07,690 DEBUG BasicTypeRegistry:145 - Adding type registration true_false -> org.hibernate.type.TrueFalseType@18df8434
09:13:07,691 DEBUG BasicTypeRegistry:145 - Adding type registration yes_no -> org.hibernate.type.YesNoType@229c6181
09:13:07,693 DEBUG BasicTypeRegistry:145 - Adding type registration byte -> org.hibernate.type.ByteType@e350b40
09:13:07,693 DEBUG BasicTypeRegistry:145 - Adding type registration byte -> org.hibernate.type.ByteType@e350b40
09:13:07,694 DEBUG BasicTypeRegistry:145 - Adding type registration java.lang.Byte -> org.hibernate.type.ByteType@e350b40
09:13:07,695 DEBUG BasicTypeRegistry:145 - Adding type registration character -> org.hibernate.type.CharacterType@13e344d
09:13:07,695 DEBUG BasicTypeRegistry:145 - Adding type registration char -> org.hibernate.type.CharacterType@13e344d
09:13:07,695 DEBUG BasicTypeRegistry:145 - Adding type registration java.lang.Character -> org.hibernate.type.CharacterType@13e344d
09:13:07,697 DEBUG BasicTypeRegistry:145 - Adding type registration short -> org.hibernate.type.ShortType@1e6a3214
09:13:07,698 DEBUG BasicTypeRegistry:145 - Adding type registration short -> org.hibernate.type.ShortType@1e6a3214
09:13:07,699 DEBUG BasicTypeRegistry:145 - Adding type registration java.lang.Short -> org.hibernate.type.ShortType@1e6a3214
09:13:07,701 DEBUG BasicTypeRegistry:145 - Adding type registration integer -> org.hibernate.type.IntegerType@4145bad8
09:13:07,701 DEBUG BasicTypeRegistry:145 - Adding type registration int -> org.hibernate.type.IntegerType@4145bad8
09:13:07,702 DEBUG BasicTypeRegistry:145 - Adding type registration java.lang.Integer -> org.hibernate.type.IntegerType@4145bad8
09:13:07,703 DEBUG BasicTypeRegistry:145 - Adding type registration long -> org.hibernate.type.LongType@2e385cce
09:13:07,704 DEBUG BasicTypeRegistry:145 - Adding type registration long -> org.hibernate.type.LongType@2e385cce
09:13:07,704 DEBUG BasicTypeRegistry:145 - Adding type registration java.lang.Long -> org.hibernate.type.LongType@2e385cce
09:13:07,707 DEBUG BasicTypeRegistry:145 - Adding type registration float -> org.hibernate.type.FloatType@644baf4a
09:13:07,707 DEBUG BasicTypeRegistry:145 - Adding type registration float -> org.hibernate.type.FloatType@644baf4a
09:13:07,707 DEBUG BasicTypeRegistry:145 - Adding type registration java.lang.Float -> org.hibernate.type.FloatType@644baf4a
09:13:07,709 DEBUG BasicTypeRegistry:145 - Adding type registration double -> org.hibernate.type.DoubleType@6892b3b6
09:13:07,709 DEBUG BasicTypeRegistry:145 - Adding type registration double -> org.hibernate.type.DoubleType@6892b3b6
09:13:07,709 DEBUG BasicTypeRegistry:145 - Adding type registration java.lang.Double -> org.hibernate.type.DoubleType@6892b3b6
09:13:07,711 DEBUG BasicTypeRegistry:145 - Adding type registration big_decimal -> org.hibernate.type.BigDecimalType@6e9175d8
09:13:07,711 DEBUG BasicTypeRegistry:145 - Adding type registration java.math.BigDecimal -> org.hibernate.type.BigDecimalType@6e9175d8
09:13:07,713 DEBUG BasicTypeRegistry:145 - Adding type registration big_integer -> org.hibernate.type.BigIntegerType@8f2ef19
09:13:07,713 DEBUG BasicTypeRegistry:145 - Adding type registration java.math.BigInteger -> org.hibernate.type.BigIntegerType@8f2ef19
09:13:07,714 DEBUG BasicTypeRegistry:145 - Adding type registration string -> org.hibernate.type.StringType@173ed316
09:13:07,715 DEBUG BasicTypeRegistry:145 - Adding type registration java.lang.String -> org.hibernate.type.StringType@173ed316
09:13:07,716 DEBUG BasicTypeRegistry:145 - Adding type registration nstring -> org.hibernate.type.StringNVarcharType@27406a17
09:13:07,718 DEBUG BasicTypeRegistry:145 - Adding type registration ncharacter -> org.hibernate.type.CharacterNCharType@3e8c3cb
09:13:07,719 DEBUG BasicTypeRegistry:145 - Adding type registration url -> org.hibernate.type.UrlType@3e27ba32
09:13:07,720 DEBUG BasicTypeRegistry:145 - Adding type registration java.net.URL -> org.hibernate.type.UrlType@3e27ba32
09:13:07,721 DEBUG BasicTypeRegistry:145 - Adding type registration Duration -> org.hibernate.type.DurationType@1ca3b418
09:13:07,721 DEBUG BasicTypeRegistry:145 - Adding type registration java.time.Duration -> org.hibernate.type.DurationType@1ca3b418
09:13:07,738 DEBUG BasicTypeRegistry:145 - Adding type registration Instant -> org.hibernate.type.InstantType@15043a2f
09:13:07,739 DEBUG BasicTypeRegistry:145 - Adding type registration java.time.Instant -> org.hibernate.type.InstantType@15043a2f
09:13:07,742 DEBUG BasicTypeRegistry:145 - Adding type registration LocalDateTime -> org.hibernate.type.LocalDateTimeType@28261e8e
09:13:07,742 DEBUG BasicTypeRegistry:145 - Adding type registration java.time.LocalDateTime -> org.hibernate.type.LocalDateTimeType@28261e8e
09:13:07,744 DEBUG BasicTypeRegistry:145 - Adding type registration LocalDate -> org.hibernate.type.LocalDateType@5f049ea1
09:13:07,744 DEBUG BasicTypeRegistry:145 - Adding type registration java.time.LocalDate -> org.hibernate.type.LocalDateType@5f049ea1
09:13:07,746 DEBUG BasicTypeRegistry:145 - Adding type registration LocalTime -> org.hibernate.type.LocalTimeType@8458f04
09:13:07,747 DEBUG BasicTypeRegistry:145 - Adding type registration java.time.LocalTime -> org.hibernate.type.LocalTimeType@8458f04
09:13:07,749 DEBUG BasicTypeRegistry:145 - Adding type registration OffsetDateTime -> org.hibernate.type.OffsetDateTimeType@2cb4893b
09:13:07,750 DEBUG BasicTypeRegistry:145 - Adding type registration java.time.OffsetDateTime -> org.hibernate.type.OffsetDateTimeType@2cb4893b
09:13:07,753 DEBUG BasicTypeRegistry:145 - Adding type registration OffsetTime -> org.hibernate.type.OffsetTimeType@413d1baf
09:13:07,754 DEBUG BasicTypeRegistry:145 - Adding type registration java.time.OffsetTime -> org.hibernate.type.OffsetTimeType@413d1baf
09:13:07,759 DEBUG BasicTypeRegistry:145 - Adding type registration ZonedDateTime -> org.hibernate.type.ZonedDateTimeType@1caa0244
09:13:07,760 DEBUG BasicTypeRegistry:145 - Adding type registration java.time.ZonedDateTime -> org.hibernate.type.ZonedDateTimeType@1caa0244
09:13:07,766 DEBUG BasicTypeRegistry:145 - Adding type registration date -> org.hibernate.type.DateType@7e057f43
09:13:07,767 DEBUG BasicTypeRegistry:145 - Adding type registration java.sql.Date -> org.hibernate.type.DateType@7e057f43
09:13:07,769 DEBUG BasicTypeRegistry:145 - Adding type registration time -> org.hibernate.type.TimeType@231f98ef
09:13:07,769 DEBUG BasicTypeRegistry:145 - Adding type registration java.sql.Time -> org.hibernate.type.TimeType@231f98ef
09:13:07,770 DEBUG BasicTypeRegistry:145 - Adding type registration timestamp -> org.hibernate.type.TimestampType@451001e5
09:13:07,770 DEBUG BasicTypeRegistry:145 - Adding type registration java.sql.Timestamp -> org.hibernate.type.TimestampType@451001e5
09:13:07,771 DEBUG BasicTypeRegistry:145 - Adding type registration java.util.Date -> org.hibernate.type.TimestampType@451001e5
09:13:07,773 DEBUG BasicTypeRegistry:145 - Adding type registration dbtimestamp -> org.hibernate.type.DbTimestampType@4d1c005e
09:13:07,774 DEBUG BasicTypeRegistry:145 - Adding type registration calendar -> org.hibernate.type.CalendarType@496bc455
09:13:07,774 DEBUG BasicTypeRegistry:145 - Adding type registration java.util.Calendar -> org.hibernate.type.CalendarType@496bc455
09:13:07,775 DEBUG BasicTypeRegistry:145 - Adding type registration java.util.GregorianCalendar -> org.hibernate.type.CalendarType@496bc455
09:13:07,777 DEBUG BasicTypeRegistry:145 - Adding type registration calendar_date -> org.hibernate.type.CalendarDateType@6be968ce
09:13:07,778 DEBUG BasicTypeRegistry:145 - Adding type registration locale -> org.hibernate.type.LocaleType@76494737
09:13:07,778 DEBUG BasicTypeRegistry:145 - Adding type registration java.util.Locale -> org.hibernate.type.LocaleType@76494737
09:13:07,779 DEBUG BasicTypeRegistry:145 - Adding type registration currency -> org.hibernate.type.CurrencyType@609e8838
09:13:07,780 DEBUG BasicTypeRegistry:145 - Adding type registration java.util.Currency -> org.hibernate.type.CurrencyType@609e8838
09:13:07,783 DEBUG BasicTypeRegistry:145 - Adding type registration timezone -> org.hibernate.type.TimeZoneType@23e84203
09:13:07,783 DEBUG BasicTypeRegistry:145 - Adding type registration java.util.TimeZone -> org.hibernate.type.TimeZoneType@23e84203
09:13:07,785 DEBUG BasicTypeRegistry:145 - Adding type registration class -> org.hibernate.type.ClassType@302c971f
09:13:07,786 DEBUG BasicTypeRegistry:145 - Adding type registration java.lang.Class -> org.hibernate.type.ClassType@302c971f
09:13:07,788 DEBUG BasicTypeRegistry:145 - Adding type registration uuid-binary -> org.hibernate.type.UUIDBinaryType@2a693f59
09:13:07,788 DEBUG BasicTypeRegistry:145 - Adding type registration java.util.UUID -> org.hibernate.type.UUIDBinaryType@2a693f59
09:13:07,790 DEBUG BasicTypeRegistry:145 - Adding type registration uuid-char -> org.hibernate.type.UUIDCharType@533bda92
09:13:07,793 DEBUG BasicTypeRegistry:145 - Adding type registration binary -> org.hibernate.type.BinaryType@45d84a20
09:13:07,794 DEBUG BasicTypeRegistry:145 - Adding type registration byte[] -> org.hibernate.type.BinaryType@45d84a20
09:13:07,794 DEBUG BasicTypeRegistry:145 - Adding type registration [B -> org.hibernate.type.BinaryType@45d84a20
09:13:07,796 DEBUG BasicTypeRegistry:145 - Adding type registration wrapper-binary -> org.hibernate.type.WrapperBinaryType@c430e6c
09:13:07,800 DEBUG BasicTypeRegistry:145 - Adding type registration Byte[] -> org.hibernate.type.WrapperBinaryType@c430e6c
09:13:07,804 DEBUG BasicTypeRegistry:145 - Adding type registration [Ljava.lang.Byte; -> org.hibernate.type.WrapperBinaryType@c430e6c
09:13:07,807 DEBUG BasicTypeRegistry:145 - Adding type registration row_version -> org.hibernate.type.RowVersionType@70cf32e3
09:13:07,809 DEBUG BasicTypeRegistry:145 - Adding type registration image -> org.hibernate.type.ImageType@71075444
09:13:07,811 DEBUG BasicTypeRegistry:145 - Adding type registration characters -> org.hibernate.type.CharArrayType@5c80cf32
09:13:07,811 DEBUG BasicTypeRegistry:145 - Adding type registration char[] -> org.hibernate.type.CharArrayType@5c80cf32
09:13:07,812 DEBUG BasicTypeRegistry:145 - Adding type registration [C -> org.hibernate.type.CharArrayType@5c80cf32
09:13:07,814 DEBUG BasicTypeRegistry:145 - Adding type registration wrapper-characters -> org.hibernate.type.CharacterArrayType@673fdbce
09:13:07,814 DEBUG BasicTypeRegistry:145 - Adding type registration [Ljava.lang.Character; -> org.hibernate.type.CharacterArrayType@673fdbce
09:13:07,817 DEBUG BasicTypeRegistry:145 - Adding type registration Character[] -> org.hibernate.type.CharacterArrayType@673fdbce
09:13:07,819 DEBUG BasicTypeRegistry:145 - Adding type registration text -> org.hibernate.type.TextType@6cb107fd
09:13:07,820 DEBUG BasicTypeRegistry:145 - Adding type registration ntext -> org.hibernate.type.NTextType@eadd4fb
09:13:07,827 DEBUG BasicTypeRegistry:145 - Adding type registration blob -> org.hibernate.type.BlobType@431cd9b2
09:13:07,827 DEBUG BasicTypeRegistry:145 - Adding type registration java.sql.Blob -> org.hibernate.type.BlobType@431cd9b2
09:13:07,829 DEBUG BasicTypeRegistry:145 - Adding type registration materialized_blob -> org.hibernate.type.MaterializedBlobType@790da477
09:13:07,840 DEBUG BasicTypeRegistry:145 - Adding type registration clob -> org.hibernate.type.ClobType@4d15107f
09:13:07,841 DEBUG BasicTypeRegistry:145 - Adding type registration java.sql.Clob -> org.hibernate.type.ClobType@4d15107f
09:13:07,846 DEBUG BasicTypeRegistry:145 - Adding type registration nclob -> org.hibernate.type.NClobType@821330f
09:13:07,848 DEBUG BasicTypeRegistry:145 - Adding type registration java.sql.NClob -> org.hibernate.type.NClobType@821330f
09:13:07,850 DEBUG BasicTypeRegistry:145 - Adding type registration materialized_clob -> org.hibernate.type.MaterializedClobType@210ab13f
09:13:07,852 DEBUG BasicTypeRegistry:145 - Adding type registration materialized_nclob -> org.hibernate.type.MaterializedNClobType@6f15d60e
09:13:07,853 DEBUG BasicTypeRegistry:145 - Adding type registration serializable -> org.hibernate.type.SerializableType@5340477f
09:13:07,860 DEBUG BasicTypeRegistry:145 - Adding type registration object -> org.hibernate.type.ObjectType@1807f5a7
09:13:07,861 DEBUG BasicTypeRegistry:145 - Adding type registration java.lang.Object -> org.hibernate.type.ObjectType@1807f5a7
09:13:07,862 DEBUG BasicTypeRegistry:145 - Adding type registration imm_date -> org.hibernate.type.AdaptedImmutableType@4dc27487
09:13:07,862 DEBUG BasicTypeRegistry:145 - Adding type registration imm_time -> org.hibernate.type.AdaptedImmutableType@6a4f1a55
09:13:07,863 DEBUG BasicTypeRegistry:145 - Adding type registration imm_timestamp -> org.hibernate.type.AdaptedImmutableType@7dfd3c81
09:13:07,863 DEBUG BasicTypeRegistry:145 - Adding type registration imm_dbtimestamp -> org.hibernate.type.AdaptedImmutableType@2584b82d
09:13:07,864 DEBUG BasicTypeRegistry:145 - Adding type registration imm_calendar -> org.hibernate.type.AdaptedImmutableType@7bbc8656
09:13:07,865 DEBUG BasicTypeRegistry:145 - Adding type registration imm_calendar_date -> org.hibernate.type.AdaptedImmutableType@6933b6c6
09:13:07,866 DEBUG BasicTypeRegistry:145 - Adding type registration imm_binary -> org.hibernate.type.AdaptedImmutableType@7d3e8655
09:13:07,867 DEBUG BasicTypeRegistry:145 - Adding type registration imm_serializable -> org.hibernate.type.AdaptedImmutableType@7dfb0c0f
09:13:07,880  WARN pooling:70 - HHH10001002: Using Hibernate built-in connection pool (not for production use!)
09:13:07,895  INFO pooling:126 - HHH10001005: using driver [com.mysql.jdbc.Driver] at URL [jdbc:mysql://ec2-52-36-168-250.us-west-2.compute.amazonaws.com:3306/lms]
09:13:07,896  INFO pooling:135 - HHH10001001: Connection properties: {user=cs425, password=****}
09:13:07,897  INFO pooling:140 - HHH10001003: Autocommit mode: false
09:13:07,904  INFO DriverManagerConnectionProviderImpl:41 - HHH000115: Hibernate connection pool size: 20 (min=1)
09:13:09,048  INFO Dialect:157 - HHH000400: Using dialect: org.hibernate.dialect.MySQLDialect
09:13:09,493 TRACE TypeFactory:58 - Scoping types to session factory org.hibernate.internal.SessionFactoryImpl@7446d8d5
09:13:09,997  INFO access:47 - HHH10001501: Connection obtained from JdbcConnectionAccess [org.hibernate.engine.jdbc.env.internal.JdbcEnvironmentInitiator$ConnectionProviderJdbcConnectionAccess@5c09d180] for (non-JTA) DDL execution was not in auto-commit mode; the Connection 'local transaction' will be committed and the Connection will be set into auto-commit mode.
09:13:13,251  INFO access:47 - HHH10001501: Connection obtained from JdbcConnectionAccess [org.hibernate.engine.jdbc.env.internal.JdbcEnvironmentInitiator$ConnectionProviderJdbcConnectionAccess@7f4d9395] for (non-JTA) DDL execution was not in auto-commit mode; the Connection 'local transaction' will be committed and the Connection will be set into auto-commit mode.
09:13:16,329  INFO SchemaCreatorImpl:488 - HHH000476: Executing import script 'org.hibernate.tool.schema.internal.exec.ScriptSourceInputNonExistentImpl@867ba60'
09:13:16,589 TRACE BasicBinder:65 - binding parameter [1] as [INTEGER] - [1]
09:16:48,135  INFO Version:45 - HHH000412: Hibernate Core {5.2.6.Final}
09:16:48,138  INFO Environment:213 - HHH000206: hibernate.properties not found
09:16:48,435  INFO Version:66 - HCANN000001: Hibernate Commons Annotations {5.0.1.Final}
09:16:49,355 DEBUG BasicTypeRegistry:145 - Adding type registration boolean -> org.hibernate.type.BooleanType@6fdbe764
09:16:49,355 DEBUG BasicTypeRegistry:145 - Adding type registration boolean -> org.hibernate.type.BooleanType@6fdbe764
09:16:49,356 DEBUG BasicTypeRegistry:145 - Adding type registration java.lang.Boolean -> org.hibernate.type.BooleanType@6fdbe764
09:16:49,357 DEBUG BasicTypeRegistry:145 - Adding type registration numeric_boolean -> org.hibernate.type.NumericBooleanType@3012646b
09:16:49,358 DEBUG BasicTypeRegistry:145 - Adding type registration true_false -> org.hibernate.type.TrueFalseType@18df8434
09:16:49,359 DEBUG BasicTypeRegistry:145 - Adding type registration yes_no -> org.hibernate.type.YesNoType@229c6181
09:16:49,361 DEBUG BasicTypeRegistry:145 - Adding type registration byte -> org.hibernate.type.ByteType@e350b40
09:16:49,361 DEBUG BasicTypeRegistry:145 - Adding type registration byte -> org.hibernate.type.ByteType@e350b40
09:16:49,361 DEBUG BasicTypeRegistry:145 - Adding type registration java.lang.Byte -> org.hibernate.type.ByteType@e350b40
09:16:49,363 DEBUG BasicTypeRegistry:145 - Adding type registration character -> org.hibernate.type.CharacterType@13e344d
09:16:49,363 DEBUG BasicTypeRegistry:145 - Adding type registration char -> org.hibernate.type.CharacterType@13e344d
09:16:49,363 DEBUG BasicTypeRegistry:145 - Adding type registration java.lang.Character -> org.hibernate.type.CharacterType@13e344d
09:16:49,365 DEBUG BasicTypeRegistry:145 - Adding type registration short -> org.hibernate.type.ShortType@1e6a3214
09:16:49,366 DEBUG BasicTypeRegistry:145 - Adding type registration short -> org.hibernate.type.ShortType@1e6a3214
09:16:49,367 DEBUG BasicTypeRegistry:145 - Adding type registration java.lang.Short -> org.hibernate.type.ShortType@1e6a3214
09:16:49,370 DEBUG BasicTypeRegistry:145 - Adding type registration integer -> org.hibernate.type.IntegerType@4145bad8
09:16:49,370 DEBUG BasicTypeRegistry:145 - Adding type registration int -> org.hibernate.type.IntegerType@4145bad8
09:16:49,371 DEBUG BasicTypeRegistry:145 - Adding type registration java.lang.Integer -> org.hibernate.type.IntegerType@4145bad8
09:16:49,373 DEBUG BasicTypeRegistry:145 - Adding type registration long -> org.hibernate.type.LongType@2e385cce
09:16:49,373 DEBUG BasicTypeRegistry:145 - Adding type registration long -> org.hibernate.type.LongType@2e385cce
09:16:49,373 DEBUG BasicTypeRegistry:145 - Adding type registration java.lang.Long -> org.hibernate.type.LongType@2e385cce
09:16:49,375 DEBUG BasicTypeRegistry:145 - Adding type registration float -> org.hibernate.type.FloatType@644baf4a
09:16:49,376 DEBUG BasicTypeRegistry:145 - Adding type registration float -> org.hibernate.type.FloatType@644baf4a
09:16:49,376 DEBUG BasicTypeRegistry:145 - Adding type registration java.lang.Float -> org.hibernate.type.FloatType@644baf4a
09:16:49,377 DEBUG BasicTypeRegistry:145 - Adding type registration double -> org.hibernate.type.DoubleType@6892b3b6
09:16:49,377 DEBUG BasicTypeRegistry:145 - Adding type registration double -> org.hibernate.type.DoubleType@6892b3b6
09:16:49,378 DEBUG BasicTypeRegistry:145 - Adding type registration java.lang.Double -> org.hibernate.type.DoubleType@6892b3b6
09:16:49,379 DEBUG BasicTypeRegistry:145 - Adding type registration big_decimal -> org.hibernate.type.BigDecimalType@6e9175d8
09:16:49,379 DEBUG BasicTypeRegistry:145 - Adding type registration java.math.BigDecimal -> org.hibernate.type.BigDecimalType@6e9175d8
09:16:49,380 DEBUG BasicTypeRegistry:145 - Adding type registration big_integer -> org.hibernate.type.BigIntegerType@8f2ef19
09:16:49,381 DEBUG BasicTypeRegistry:145 - Adding type registration java.math.BigInteger -> org.hibernate.type.BigIntegerType@8f2ef19
09:16:49,382 DEBUG BasicTypeRegistry:145 - Adding type registration string -> org.hibernate.type.StringType@173ed316
09:16:49,382 DEBUG BasicTypeRegistry:145 - Adding type registration java.lang.String -> org.hibernate.type.StringType@173ed316
09:16:49,383 DEBUG BasicTypeRegistry:145 - Adding type registration nstring -> org.hibernate.type.StringNVarcharType@27406a17
09:16:49,384 DEBUG BasicTypeRegistry:145 - Adding type registration ncharacter -> org.hibernate.type.CharacterNCharType@3e8c3cb
09:16:49,385 DEBUG BasicTypeRegistry:145 - Adding type registration url -> org.hibernate.type.UrlType@3e27ba32
09:16:49,385 DEBUG BasicTypeRegistry:145 - Adding type registration java.net.URL -> org.hibernate.type.UrlType@3e27ba32
09:16:49,387 DEBUG BasicTypeRegistry:145 - Adding type registration Duration -> org.hibernate.type.DurationType@1ca3b418
09:16:49,387 DEBUG BasicTypeRegistry:145 - Adding type registration java.time.Duration -> org.hibernate.type.DurationType@1ca3b418
09:16:49,399 DEBUG BasicTypeRegistry:145 - Adding type registration Instant -> org.hibernate.type.InstantType@15043a2f
09:16:49,400 DEBUG BasicTypeRegistry:145 - Adding type registration java.time.Instant -> org.hibernate.type.InstantType@15043a2f
09:16:49,401 DEBUG BasicTypeRegistry:145 - Adding type registration LocalDateTime -> org.hibernate.type.LocalDateTimeType@28261e8e
09:16:49,402 DEBUG BasicTypeRegistry:145 - Adding type registration java.time.LocalDateTime -> org.hibernate.type.LocalDateTimeType@28261e8e
09:16:49,403 DEBUG BasicTypeRegistry:145 - Adding type registration LocalDate -> org.hibernate.type.LocalDateType@5f049ea1
09:16:49,404 DEBUG BasicTypeRegistry:145 - Adding type registration java.time.LocalDate -> org.hibernate.type.LocalDateType@5f049ea1
09:16:49,405 DEBUG BasicTypeRegistry:145 - Adding type registration LocalTime -> org.hibernate.type.LocalTimeType@8458f04
09:16:49,406 DEBUG BasicTypeRegistry:145 - Adding type registration java.time.LocalTime -> org.hibernate.type.LocalTimeType@8458f04
09:16:49,407 DEBUG BasicTypeRegistry:145 - Adding type registration OffsetDateTime -> org.hibernate.type.OffsetDateTimeType@2cb4893b
09:16:49,408 DEBUG BasicTypeRegistry:145 - Adding type registration java.time.OffsetDateTime -> org.hibernate.type.OffsetDateTimeType@2cb4893b
09:16:49,409 DEBUG BasicTypeRegistry:145 - Adding type registration OffsetTime -> org.hibernate.type.OffsetTimeType@413d1baf
09:16:49,410 DEBUG BasicTypeRegistry:145 - Adding type registration java.time.OffsetTime -> org.hibernate.type.OffsetTimeType@413d1baf
09:16:49,416 DEBUG BasicTypeRegistry:145 - Adding type registration ZonedDateTime -> org.hibernate.type.ZonedDateTimeType@1caa0244
09:16:49,417 DEBUG BasicTypeRegistry:145 - Adding type registration java.time.ZonedDateTime -> org.hibernate.type.ZonedDateTimeType@1caa0244
09:16:49,419 DEBUG BasicTypeRegistry:145 - Adding type registration date -> org.hibernate.type.DateType@7e057f43
09:16:49,420 DEBUG BasicTypeRegistry:145 - Adding type registration java.sql.Date -> org.hibernate.type.DateType@7e057f43
09:16:49,421 DEBUG BasicTypeRegistry:145 - Adding type registration time -> org.hibernate.type.TimeType@231f98ef
09:16:49,421 DEBUG BasicTypeRegistry:145 - Adding type registration java.sql.Time -> org.hibernate.type.TimeType@231f98ef
09:16:49,423 DEBUG BasicTypeRegistry:145 - Adding type registration timestamp -> org.hibernate.type.TimestampType@451001e5
09:16:49,423 DEBUG BasicTypeRegistry:145 - Adding type registration java.sql.Timestamp -> org.hibernate.type.TimestampType@451001e5
09:16:49,423 DEBUG BasicTypeRegistry:145 - Adding type registration java.util.Date -> org.hibernate.type.TimestampType@451001e5
09:16:49,425 DEBUG BasicTypeRegistry:145 - Adding type registration dbtimestamp -> org.hibernate.type.DbTimestampType@4d1c005e
09:16:49,426 DEBUG BasicTypeRegistry:145 - Adding type registration calendar -> org.hibernate.type.CalendarType@496bc455
09:16:49,426 DEBUG BasicTypeRegistry:145 - Adding type registration java.util.Calendar -> org.hibernate.type.CalendarType@496bc455
09:16:49,427 DEBUG BasicTypeRegistry:145 - Adding type registration java.util.GregorianCalendar -> org.hibernate.type.CalendarType@496bc455
09:16:49,427 DEBUG BasicTypeRegistry:145 - Adding type registration calendar_date -> org.hibernate.type.CalendarDateType@6be968ce
09:16:49,429 DEBUG BasicTypeRegistry:145 - Adding type registration locale -> org.hibernate.type.LocaleType@76494737
09:16:49,429 DEBUG BasicTypeRegistry:145 - Adding type registration java.util.Locale -> org.hibernate.type.LocaleType@76494737
09:16:49,430 DEBUG BasicTypeRegistry:145 - Adding type registration currency -> org.hibernate.type.CurrencyType@609e8838
09:16:49,430 DEBUG BasicTypeRegistry:145 - Adding type registration java.util.Currency -> org.hibernate.type.CurrencyType@609e8838
09:16:49,431 DEBUG BasicTypeRegistry:145 - Adding type registration timezone -> org.hibernate.type.TimeZoneType@23e84203
09:16:49,432 DEBUG BasicTypeRegistry:145 - Adding type registration java.util.TimeZone -> org.hibernate.type.TimeZoneType@23e84203
09:16:49,434 DEBUG BasicTypeRegistry:145 - Adding type registration class -> org.hibernate.type.ClassType@302c971f
09:16:49,435 DEBUG BasicTypeRegistry:145 - Adding type registration java.lang.Class -> org.hibernate.type.ClassType@302c971f
09:16:49,437 DEBUG BasicTypeRegistry:145 - Adding type registration uuid-binary -> org.hibernate.type.UUIDBinaryType@2a693f59
09:16:49,437 DEBUG BasicTypeRegistry:145 - Adding type registration java.util.UUID -> org.hibernate.type.UUIDBinaryType@2a693f59
09:16:49,438 DEBUG BasicTypeRegistry:145 - Adding type registration uuid-char -> org.hibernate.type.UUIDCharType@533bda92
09:16:49,439 DEBUG BasicTypeRegistry:145 - Adding type registration binary -> org.hibernate.type.BinaryType@45d84a20
09:16:49,441 DEBUG BasicTypeRegistry:145 - Adding type registration byte[] -> org.hibernate.type.BinaryType@45d84a20
09:16:49,442 DEBUG BasicTypeRegistry:145 - Adding type registration [B -> org.hibernate.type.BinaryType@45d84a20
09:16:49,443 DEBUG BasicTypeRegistry:145 - Adding type registration wrapper-binary -> org.hibernate.type.WrapperBinaryType@c430e6c
09:16:49,444 DEBUG BasicTypeRegistry:145 - Adding type registration Byte[] -> org.hibernate.type.WrapperBinaryType@c430e6c
09:16:49,444 DEBUG BasicTypeRegistry:145 - Adding type registration [Ljava.lang.Byte; -> org.hibernate.type.WrapperBinaryType@c430e6c
09:16:49,445 DEBUG BasicTypeRegistry:145 - Adding type registration row_version -> org.hibernate.type.RowVersionType@70cf32e3
09:16:49,446 DEBUG BasicTypeRegistry:145 - Adding type registration image -> org.hibernate.type.ImageType@71075444
09:16:49,447 DEBUG BasicTypeRegistry:145 - Adding type registration characters -> org.hibernate.type.CharArrayType@5c80cf32
09:16:49,448 DEBUG BasicTypeRegistry:145 - Adding type registration char[] -> org.hibernate.type.CharArrayType@5c80cf32
09:16:49,448 DEBUG BasicTypeRegistry:145 - Adding type registration [C -> org.hibernate.type.CharArrayType@5c80cf32
09:16:49,450 DEBUG BasicTypeRegistry:145 - Adding type registration wrapper-characters -> org.hibernate.type.CharacterArrayType@673fdbce
09:16:49,450 DEBUG BasicTypeRegistry:145 - Adding type registration [Ljava.lang.Character; -> org.hibernate.type.CharacterArrayType@673fdbce
09:16:49,450 DEBUG BasicTypeRegistry:145 - Adding type registration Character[] -> org.hibernate.type.CharacterArrayType@673fdbce
09:16:49,451 DEBUG BasicTypeRegistry:145 - Adding type registration text -> org.hibernate.type.TextType@6cb107fd
09:16:49,452 DEBUG BasicTypeRegistry:145 - Adding type registration ntext -> org.hibernate.type.NTextType@eadd4fb
09:16:49,458 DEBUG BasicTypeRegistry:145 - Adding type registration blob -> org.hibernate.type.BlobType@431cd9b2
09:16:49,460 DEBUG BasicTypeRegistry:145 - Adding type registration java.sql.Blob -> org.hibernate.type.BlobType@431cd9b2
09:16:49,461 DEBUG BasicTypeRegistry:145 - Adding type registration materialized_blob -> org.hibernate.type.MaterializedBlobType@790da477
09:16:49,465 DEBUG BasicTypeRegistry:145 - Adding type registration clob -> org.hibernate.type.ClobType@4d15107f
09:16:49,465 DEBUG BasicTypeRegistry:145 - Adding type registration java.sql.Clob -> org.hibernate.type.ClobType@4d15107f
09:16:49,471 DEBUG BasicTypeRegistry:145 - Adding type registration nclob -> org.hibernate.type.NClobType@821330f
09:16:49,471 DEBUG BasicTypeRegistry:145 - Adding type registration java.sql.NClob -> org.hibernate.type.NClobType@821330f
09:16:49,472 DEBUG BasicTypeRegistry:145 - Adding type registration materialized_clob -> org.hibernate.type.MaterializedClobType@210ab13f
09:16:49,473 DEBUG BasicTypeRegistry:145 - Adding type registration materialized_nclob -> org.hibernate.type.MaterializedNClobType@6f15d60e
09:16:49,474 DEBUG BasicTypeRegistry:145 - Adding type registration serializable -> org.hibernate.type.SerializableType@5340477f
09:16:49,478 DEBUG BasicTypeRegistry:145 - Adding type registration object -> org.hibernate.type.ObjectType@1807f5a7
09:16:49,478 DEBUG BasicTypeRegistry:145 - Adding type registration java.lang.Object -> org.hibernate.type.ObjectType@1807f5a7
09:16:49,479 DEBUG BasicTypeRegistry:145 - Adding type registration imm_date -> org.hibernate.type.AdaptedImmutableType@4dc27487
09:16:49,479 DEBUG BasicTypeRegistry:145 - Adding type registration imm_time -> org.hibernate.type.AdaptedImmutableType@6a4f1a55
09:16:49,480 DEBUG BasicTypeRegistry:145 - Adding type registration imm_timestamp -> org.hibernate.type.AdaptedImmutableType@7dfd3c81
09:16:49,480 DEBUG BasicTypeRegistry:145 - Adding type registration imm_dbtimestamp -> org.hibernate.type.AdaptedImmutableType@2584b82d
09:16:49,480 DEBUG BasicTypeRegistry:145 - Adding type registration imm_calendar -> org.hibernate.type.AdaptedImmutableType@7bbc8656
09:16:49,480 DEBUG BasicTypeRegistry:145 - Adding type registration imm_calendar_date -> org.hibernate.type.AdaptedImmutableType@6933b6c6
09:16:49,481 DEBUG BasicTypeRegistry:145 - Adding type registration imm_binary -> org.hibernate.type.AdaptedImmutableType@7d3e8655
09:16:49,481 DEBUG BasicTypeRegistry:145 - Adding type registration imm_serializable -> org.hibernate.type.AdaptedImmutableType@7dfb0c0f
09:16:49,491  WARN ConnectionProviderInitiator:219 - HHH000022: c3p0 properties were encountered, but the c3p0 provider class was not found on the classpath; these properties are going to be ignored.
09:16:49,494  WARN pooling:70 - HHH10001002: Using Hibernate built-in connection pool (not for production use!)
09:16:49,502  INFO pooling:126 - HHH10001005: using driver [com.mysql.jdbc.Driver] at URL [jdbc:mysql://ec2-52-36-168-250.us-west-2.compute.amazonaws.com:3306/lms]
09:16:49,503  INFO pooling:135 - HHH10001001: Connection properties: {user=cs425, password=****}
09:16:49,503  INFO pooling:140 - HHH10001003: Autocommit mode: false
09:16:49,507  INFO DriverManagerConnectionProviderImpl:41 - HHH000115: Hibernate connection pool size: 20 (min=1)
09:16:50,865  INFO Dialect:157 - HHH000400: Using dialect: org.hibernate.dialect.MySQLDialect
09:16:51,246 TRACE TypeFactory:58 - Scoping types to session factory org.hibernate.internal.SessionFactoryImpl@7446d8d5
09:16:51,693  INFO access:47 - HHH10001501: Connection obtained from JdbcConnectionAccess [org.hibernate.engine.jdbc.env.internal.JdbcEnvironmentInitiator$ConnectionProviderJdbcConnectionAccess@5c09d180] for (non-JTA) DDL execution was not in auto-commit mode; the Connection 'local transaction' will be committed and the Connection will be set into auto-commit mode.
09:16:54,921  INFO access:47 - HHH10001501: Connection obtained from JdbcConnectionAccess [org.hibernate.engine.jdbc.env.internal.JdbcEnvironmentInitiator$ConnectionProviderJdbcConnectionAccess@7f4d9395] for (non-JTA) DDL execution was not in auto-commit mode; the Connection 'local transaction' will be committed and the Connection will be set into auto-commit mode.
09:16:57,987  INFO SchemaCreatorImpl:488 - HHH000476: Executing import script 'org.hibernate.tool.schema.internal.exec.ScriptSourceInputNonExistentImpl@867ba60'
09:16:58,232 TRACE BasicBinder:65 - binding parameter [1] as [INTEGER] - [1]
09:17:23,784  INFO Version:45 - HHH000412: Hibernate Core {5.2.6.Final}
09:17:23,788  INFO Environment:213 - HHH000206: hibernate.properties not found
09:17:50,975  INFO Version:66 - HCANN000001: Hibernate Commons Annotations {5.0.1.Final}
09:17:51,936 DEBUG BasicTypeRegistry:145 - Adding type registration boolean -> org.hibernate.type.BooleanType@7a11c4c7
09:17:51,936 DEBUG BasicTypeRegistry:145 - Adding type registration boolean -> org.hibernate.type.BooleanType@7a11c4c7
09:17:51,937 DEBUG BasicTypeRegistry:145 - Adding type registration java.lang.Boolean -> org.hibernate.type.BooleanType@7a11c4c7
09:17:51,938 DEBUG BasicTypeRegistry:145 - Adding type registration numeric_boolean -> org.hibernate.type.NumericBooleanType@5cc5b667
09:17:51,940 DEBUG BasicTypeRegistry:145 - Adding type registration true_false -> org.hibernate.type.TrueFalseType@6db66836
09:17:51,941 DEBUG BasicTypeRegistry:145 - Adding type registration yes_no -> org.hibernate.type.YesNoType@61a002b1
09:17:51,943 DEBUG BasicTypeRegistry:145 - Adding type registration byte -> org.hibernate.type.ByteType@1ee4730
09:17:51,944 DEBUG BasicTypeRegistry:145 - Adding type registration byte -> org.hibernate.type.ByteType@1ee4730
09:17:51,944 DEBUG BasicTypeRegistry:145 - Adding type registration java.lang.Byte -> org.hibernate.type.ByteType@1ee4730
09:17:51,945 DEBUG BasicTypeRegistry:145 - Adding type registration character -> org.hibernate.type.CharacterType@ca27722
09:17:51,946 DEBUG BasicTypeRegistry:145 - Adding type registration char -> org.hibernate.type.CharacterType@ca27722
09:17:51,946 DEBUG BasicTypeRegistry:145 - Adding type registration java.lang.Character -> org.hibernate.type.CharacterType@ca27722
09:17:51,948 DEBUG BasicTypeRegistry:145 - Adding type registration short -> org.hibernate.type.ShortType@1b822fcc
09:17:51,949 DEBUG BasicTypeRegistry:145 - Adding type registration short -> org.hibernate.type.ShortType@1b822fcc
09:17:51,950 DEBUG BasicTypeRegistry:145 - Adding type registration java.lang.Short -> org.hibernate.type.ShortType@1b822fcc
09:17:51,951 DEBUG BasicTypeRegistry:145 - Adding type registration integer -> org.hibernate.type.IntegerType@245a26e1
09:17:51,951 DEBUG BasicTypeRegistry:145 - Adding type registration int -> org.hibernate.type.IntegerType@245a26e1
09:17:51,952 DEBUG BasicTypeRegistry:145 - Adding type registration java.lang.Integer -> org.hibernate.type.IntegerType@245a26e1
09:17:51,954 DEBUG BasicTypeRegistry:145 - Adding type registration long -> org.hibernate.type.LongType@60094a13
09:17:51,954 DEBUG BasicTypeRegistry:145 - Adding type registration long -> org.hibernate.type.LongType@60094a13
09:17:51,954 DEBUG BasicTypeRegistry:145 - Adding type registration java.lang.Long -> org.hibernate.type.LongType@60094a13
09:17:51,956 DEBUG BasicTypeRegistry:145 - Adding type registration float -> org.hibernate.type.FloatType@7689ddef
09:17:51,956 DEBUG BasicTypeRegistry:145 - Adding type registration float -> org.hibernate.type.FloatType@7689ddef
09:17:51,957 DEBUG BasicTypeRegistry:145 - Adding type registration java.lang.Float -> org.hibernate.type.FloatType@7689ddef
09:17:51,958 DEBUG BasicTypeRegistry:145 - Adding type registration double -> org.hibernate.type.DoubleType@5922ae77
09:17:51,958 DEBUG BasicTypeRegistry:145 - Adding type registration double -> org.hibernate.type.DoubleType@5922ae77
09:17:51,959 DEBUG BasicTypeRegistry:145 - Adding type registration java.lang.Double -> org.hibernate.type.DoubleType@5922ae77
09:17:51,961 DEBUG BasicTypeRegistry:145 - Adding type registration big_decimal -> org.hibernate.type.BigDecimalType@1f130eaf
09:17:51,961 DEBUG BasicTypeRegistry:145 - Adding type registration java.math.BigDecimal -> org.hibernate.type.BigDecimalType@1f130eaf
09:17:51,962 DEBUG BasicTypeRegistry:145 - Adding type registration big_integer -> org.hibernate.type.BigIntegerType@655a5d9c
09:17:51,962 DEBUG BasicTypeRegistry:145 - Adding type registration java.math.BigInteger -> org.hibernate.type.BigIntegerType@655a5d9c
09:17:51,963 DEBUG BasicTypeRegistry:145 - Adding type registration string -> org.hibernate.type.StringType@21ca139c
09:17:51,964 DEBUG BasicTypeRegistry:145 - Adding type registration java.lang.String -> org.hibernate.type.StringType@21ca139c
09:17:51,965 DEBUG BasicTypeRegistry:145 - Adding type registration nstring -> org.hibernate.type.StringNVarcharType@1a6f2363
09:17:51,966 DEBUG BasicTypeRegistry:145 - Adding type registration ncharacter -> org.hibernate.type.CharacterNCharType@56b78e55
09:17:51,967 DEBUG BasicTypeRegistry:145 - Adding type registration url -> org.hibernate.type.UrlType@4c4d362a
09:17:51,967 DEBUG BasicTypeRegistry:145 - Adding type registration java.net.URL -> org.hibernate.type.UrlType@4c4d362a
09:17:51,969 DEBUG BasicTypeRegistry:145 - Adding type registration Duration -> org.hibernate.type.DurationType@2c5d601e
09:17:51,969 DEBUG BasicTypeRegistry:145 - Adding type registration java.time.Duration -> org.hibernate.type.DurationType@2c5d601e
09:17:51,983 DEBUG BasicTypeRegistry:145 - Adding type registration Instant -> org.hibernate.type.InstantType@5bd73d1a
09:17:51,983 DEBUG BasicTypeRegistry:145 - Adding type registration java.time.Instant -> org.hibernate.type.InstantType@5bd73d1a
09:17:51,984 DEBUG BasicTypeRegistry:145 - Adding type registration LocalDateTime -> org.hibernate.type.LocalDateTimeType@173b9122
09:17:51,985 DEBUG BasicTypeRegistry:145 - Adding type registration java.time.LocalDateTime -> org.hibernate.type.LocalDateTimeType@173b9122
09:17:51,986 DEBUG BasicTypeRegistry:145 - Adding type registration LocalDate -> org.hibernate.type.LocalDateType@5d8445d7
09:17:51,986 DEBUG BasicTypeRegistry:145 - Adding type registration java.time.LocalDate -> org.hibernate.type.LocalDateType@5d8445d7
09:17:51,988 DEBUG BasicTypeRegistry:145 - Adding type registration LocalTime -> org.hibernate.type.LocalTimeType@43c67247
09:17:51,989 DEBUG BasicTypeRegistry:145 - Adding type registration java.time.LocalTime -> org.hibernate.type.LocalTimeType@43c67247
09:17:51,992 DEBUG BasicTypeRegistry:145 - Adding type registration OffsetDateTime -> org.hibernate.type.OffsetDateTimeType@1a15b789
09:17:51,993 DEBUG BasicTypeRegistry:145 - Adding type registration java.time.OffsetDateTime -> org.hibernate.type.OffsetDateTimeType@1a15b789
09:17:51,995 DEBUG BasicTypeRegistry:145 - Adding type registration OffsetTime -> org.hibernate.type.OffsetTimeType@596df867
09:17:51,995 DEBUG BasicTypeRegistry:145 - Adding type registration java.time.OffsetTime -> org.hibernate.type.OffsetTimeType@596df867
09:17:52,001 DEBUG BasicTypeRegistry:145 - Adding type registration ZonedDateTime -> org.hibernate.type.ZonedDateTimeType@f8908f6
09:17:52,002 DEBUG BasicTypeRegistry:145 - Adding type registration java.time.ZonedDateTime -> org.hibernate.type.ZonedDateTimeType@f8908f6
09:17:52,004 DEBUG BasicTypeRegistry:145 - Adding type registration date -> org.hibernate.type.DateType@4fdfa676
09:17:52,005 DEBUG BasicTypeRegistry:145 - Adding type registration java.sql.Date -> org.hibernate.type.DateType@4fdfa676
09:17:52,006 DEBUG BasicTypeRegistry:145 - Adding type registration time -> org.hibernate.type.TimeType@1734f68
09:17:52,006 DEBUG BasicTypeRegistry:145 - Adding type registration java.sql.Time -> org.hibernate.type.TimeType@1734f68
09:17:52,008 DEBUG BasicTypeRegistry:145 - Adding type registration timestamp -> org.hibernate.type.TimestampType@425357dd
09:17:52,008 DEBUG BasicTypeRegistry:145 - Adding type registration java.sql.Timestamp -> org.hibernate.type.TimestampType@425357dd
09:17:52,008 DEBUG BasicTypeRegistry:145 - Adding type registration java.util.Date -> org.hibernate.type.TimestampType@425357dd
09:17:52,011 DEBUG BasicTypeRegistry:145 - Adding type registration dbtimestamp -> org.hibernate.type.DbTimestampType@65f87a2c
09:17:52,013 DEBUG BasicTypeRegistry:145 - Adding type registration calendar -> org.hibernate.type.CalendarType@31c269fd
09:17:52,013 DEBUG BasicTypeRegistry:145 - Adding type registration java.util.Calendar -> org.hibernate.type.CalendarType@31c269fd
09:17:52,013 DEBUG BasicTypeRegistry:145 - Adding type registration java.util.GregorianCalendar -> org.hibernate.type.CalendarType@31c269fd
09:17:52,015 DEBUG BasicTypeRegistry:145 - Adding type registration calendar_date -> org.hibernate.type.CalendarDateType@4e9658b5
09:17:52,017 DEBUG BasicTypeRegistry:145 - Adding type registration locale -> org.hibernate.type.LocaleType@52eacb4b
09:17:52,018 DEBUG BasicTypeRegistry:145 - Adding type registration java.util.Locale -> org.hibernate.type.LocaleType@52eacb4b
09:17:52,019 DEBUG BasicTypeRegistry:145 - Adding type registration currency -> org.hibernate.type.CurrencyType@6cc0bcf6
09:17:52,019 DEBUG BasicTypeRegistry:145 - Adding type registration java.util.Currency -> org.hibernate.type.CurrencyType@6cc0bcf6
09:17:52,021 DEBUG BasicTypeRegistry:145 - Adding type registration timezone -> org.hibernate.type.TimeZoneType@3dddbe65
09:17:52,021 DEBUG BasicTypeRegistry:145 - Adding type registration java.util.TimeZone -> org.hibernate.type.TimeZoneType@3dddbe65
09:17:52,023 DEBUG BasicTypeRegistry:145 - Adding type registration class -> org.hibernate.type.ClassType@251f7d26
09:17:52,023 DEBUG BasicTypeRegistry:145 - Adding type registration java.lang.Class -> org.hibernate.type.ClassType@251f7d26
09:17:52,025 DEBUG BasicTypeRegistry:145 - Adding type registration uuid-binary -> org.hibernate.type.UUIDBinaryType@1fc793c2
09:17:52,025 DEBUG BasicTypeRegistry:145 - Adding type registration java.util.UUID -> org.hibernate.type.UUIDBinaryType@1fc793c2
09:17:52,026 DEBUG BasicTypeRegistry:145 - Adding type registration uuid-char -> org.hibernate.type.UUIDCharType@2d35442b
09:17:52,028 DEBUG BasicTypeRegistry:145 - Adding type registration binary -> org.hibernate.type.BinaryType@1d572e62
09:17:52,029 DEBUG BasicTypeRegistry:145 - Adding type registration byte[] -> org.hibernate.type.BinaryType@1d572e62
09:17:52,029 DEBUG BasicTypeRegistry:145 - Adding type registration [B -> org.hibernate.type.BinaryType@1d572e62
09:17:52,031 DEBUG BasicTypeRegistry:145 - Adding type registration wrapper-binary -> org.hibernate.type.WrapperBinaryType@69c43e48
09:17:52,032 DEBUG BasicTypeRegistry:145 - Adding type registration Byte[] -> org.hibernate.type.WrapperBinaryType@69c43e48
09:17:52,032 DEBUG BasicTypeRegistry:145 - Adding type registration [Ljava.lang.Byte; -> org.hibernate.type.WrapperBinaryType@69c43e48
09:17:52,034 DEBUG BasicTypeRegistry:145 - Adding type registration row_version -> org.hibernate.type.RowVersionType@3e2fc448
09:17:52,036 DEBUG BasicTypeRegistry:145 - Adding type registration image -> org.hibernate.type.ImageType@7048f722
09:17:52,037 DEBUG BasicTypeRegistry:145 - Adding type registration characters -> org.hibernate.type.CharArrayType@3c291aad
09:17:52,038 DEBUG BasicTypeRegistry:145 - Adding type registration char[] -> org.hibernate.type.CharArrayType@3c291aad
09:17:52,038 DEBUG BasicTypeRegistry:145 - Adding type registration [C -> org.hibernate.type.CharArrayType@3c291aad
09:17:52,040 DEBUG BasicTypeRegistry:145 - Adding type registration wrapper-characters -> org.hibernate.type.CharacterArrayType@28c0b664
09:17:52,040 DEBUG BasicTypeRegistry:145 - Adding type registration [Ljava.lang.Character; -> org.hibernate.type.CharacterArrayType@28c0b664
09:17:52,040 DEBUG BasicTypeRegistry:145 - Adding type registration Character[] -> org.hibernate.type.CharacterArrayType@28c0b664
09:17:52,042 DEBUG BasicTypeRegistry:145 - Adding type registration text -> org.hibernate.type.TextType@6d1310f6
09:17:52,043 DEBUG BasicTypeRegistry:145 - Adding type registration ntext -> org.hibernate.type.NTextType@29d2d081
09:17:52,051 DEBUG BasicTypeRegistry:145 - Adding type registration blob -> org.hibernate.type.BlobType@1e392345
09:17:52,051 DEBUG BasicTypeRegistry:145 - Adding type registration java.sql.Blob -> org.hibernate.type.BlobType@1e392345
09:17:52,052 DEBUG BasicTypeRegistry:145 - Adding type registration materialized_blob -> org.hibernate.type.MaterializedBlobType@7bd69e82
09:17:52,062 DEBUG BasicTypeRegistry:145 - Adding type registration clob -> org.hibernate.type.ClobType@24b52d3e
09:17:52,062 DEBUG BasicTypeRegistry:145 - Adding type registration java.sql.Clob -> org.hibernate.type.ClobType@24b52d3e
09:17:52,068 DEBUG BasicTypeRegistry:145 - Adding type registration nclob -> org.hibernate.type.NClobType@1968a49c
09:17:52,068 DEBUG BasicTypeRegistry:145 - Adding type registration java.sql.NClob -> org.hibernate.type.NClobType@1968a49c
09:17:52,069 DEBUG BasicTypeRegistry:145 - Adding type registration materialized_clob -> org.hibernate.type.MaterializedClobType@c20be82
09:17:52,070 DEBUG BasicTypeRegistry:145 - Adding type registration materialized_nclob -> org.hibernate.type.MaterializedNClobType@622ef26a
09:17:52,073 DEBUG BasicTypeRegistry:145 - Adding type registration serializable -> org.hibernate.type.SerializableType@4102b1b1
09:17:52,077 DEBUG BasicTypeRegistry:145 - Adding type registration object -> org.hibernate.type.ObjectType@25243bc1
09:17:52,077 DEBUG BasicTypeRegistry:145 - Adding type registration java.lang.Object -> org.hibernate.type.ObjectType@25243bc1
09:17:52,078 DEBUG BasicTypeRegistry:145 - Adding type registration imm_date -> org.hibernate.type.AdaptedImmutableType@467f77a5
09:17:52,078 DEBUG BasicTypeRegistry:145 - Adding type registration imm_time -> org.hibernate.type.AdaptedImmutableType@1bb9aa43
09:17:52,079 DEBUG BasicTypeRegistry:145 - Adding type registration imm_timestamp -> org.hibernate.type.AdaptedImmutableType@420bc288
09:17:52,079 DEBUG BasicTypeRegistry:145 - Adding type registration imm_dbtimestamp -> org.hibernate.type.AdaptedImmutableType@df5f5c0
09:17:52,079 DEBUG BasicTypeRegistry:145 - Adding type registration imm_calendar -> org.hibernate.type.AdaptedImmutableType@308a6984
09:17:52,079 DEBUG BasicTypeRegistry:145 - Adding type registration imm_calendar_date -> org.hibernate.type.AdaptedImmutableType@66b72664
09:17:52,080 DEBUG BasicTypeRegistry:145 - Adding type registration imm_binary -> org.hibernate.type.AdaptedImmutableType@7a34b7b8
09:17:52,080 DEBUG BasicTypeRegistry:145 - Adding type registration imm_serializable -> org.hibernate.type.AdaptedImmutableType@58cd06cb
09:17:52,093  WARN ConnectionProviderInitiator:219 - HHH000022: c3p0 properties were encountered, but the c3p0 provider class was not found on the classpath; these properties are going to be ignored.
09:17:52,097  WARN pooling:70 - HHH10001002: Using Hibernate built-in connection pool (not for production use!)
09:17:52,106  INFO pooling:126 - HHH10001005: using driver [com.mysql.jdbc.Driver] at URL [jdbc:mysql://ec2-52-36-168-250.us-west-2.compute.amazonaws.com:3306/lms]
09:17:52,107  INFO pooling:135 - HHH10001001: Connection properties: {user=cs425, password=****}
09:17:52,107  INFO pooling:140 - HHH10001003: Autocommit mode: false
09:17:52,118  INFO DriverManagerConnectionProviderImpl:41 - HHH000115: Hibernate connection pool size: 20 (min=1)
09:17:53,275  INFO Dialect:157 - HHH000400: Using dialect: org.hibernate.dialect.MySQLDialect
09:17:53,715 TRACE TypeFactory:58 - Scoping types to session factory org.hibernate.internal.SessionFactoryImpl@38a1a26
09:17:54,243  INFO access:47 - HHH10001501: Connection obtained from JdbcConnectionAccess [org.hibernate.engine.jdbc.env.internal.JdbcEnvironmentInitiator$ConnectionProviderJdbcConnectionAccess@6ee99964] for (non-JTA) DDL execution was not in auto-commit mode; the Connection 'local transaction' will be committed and the Connection will be set into auto-commit mode.
09:17:57,395  INFO access:47 - HHH10001501: Connection obtained from JdbcConnectionAccess [org.hibernate.engine.jdbc.env.internal.JdbcEnvironmentInitiator$ConnectionProviderJdbcConnectionAccess@2f894ad9] for (non-JTA) DDL execution was not in auto-commit mode; the Connection 'local transaction' will be committed and the Connection will be set into auto-commit mode.
09:18:00,469  INFO SchemaCreatorImpl:488 - HHH000476: Executing import script 'org.hibernate.tool.schema.internal.exec.ScriptSourceInputNonExistentImpl@5377414a'
09:18:00,723 TRACE BasicBinder:65 - binding parameter [1] as [INTEGER] - [1]
09:20:35,021  INFO Version:45 - HHH000412: Hibernate Core {5.2.6.Final}
09:20:35,024  INFO Environment:213 - HHH000206: hibernate.properties not found
09:20:35,285  INFO Version:66 - HCANN000001: Hibernate Commons Annotations {5.0.1.Final}
09:20:36,276 DEBUG BasicTypeRegistry:145 - Adding type registration boolean -> org.hibernate.type.BooleanType@4d5650ae
09:20:36,277 DEBUG BasicTypeRegistry:145 - Adding type registration boolean -> org.hibernate.type.BooleanType@4d5650ae
09:20:36,277 DEBUG BasicTypeRegistry:145 - Adding type registration java.lang.Boolean -> org.hibernate.type.BooleanType@4d5650ae
09:20:36,279 DEBUG BasicTypeRegistry:145 - Adding type registration numeric_boolean -> org.hibernate.type.NumericBooleanType@6221a451
09:20:36,280 DEBUG BasicTypeRegistry:145 - Adding type registration true_false -> org.hibernate.type.TrueFalseType@537f60bf
09:20:36,281 DEBUG BasicTypeRegistry:145 - Adding type registration yes_no -> org.hibernate.type.YesNoType@65c7a252
09:20:36,282 DEBUG BasicTypeRegistry:145 - Adding type registration byte -> org.hibernate.type.ByteType@4b45a2f5
09:20:36,283 DEBUG BasicTypeRegistry:145 - Adding type registration byte -> org.hibernate.type.ByteType@4b45a2f5
09:20:36,283 DEBUG BasicTypeRegistry:145 - Adding type registration java.lang.Byte -> org.hibernate.type.ByteType@4b45a2f5
09:20:36,284 DEBUG BasicTypeRegistry:145 - Adding type registration character -> org.hibernate.type.CharacterType@6340e5f0
09:20:36,284 DEBUG BasicTypeRegistry:145 - Adding type registration char -> org.hibernate.type.CharacterType@6340e5f0
09:20:36,285 DEBUG BasicTypeRegistry:145 - Adding type registration java.lang.Character -> org.hibernate.type.CharacterType@6340e5f0
09:20:36,286 DEBUG BasicTypeRegistry:145 - Adding type registration short -> org.hibernate.type.ShortType@60099951
09:20:36,287 DEBUG BasicTypeRegistry:145 - Adding type registration short -> org.hibernate.type.ShortType@60099951
09:20:36,288 DEBUG BasicTypeRegistry:145 - Adding type registration java.lang.Short -> org.hibernate.type.ShortType@60099951
09:20:36,289 DEBUG BasicTypeRegistry:145 - Adding type registration integer -> org.hibernate.type.IntegerType@3c77d488
09:20:36,290 DEBUG BasicTypeRegistry:145 - Adding type registration int -> org.hibernate.type.IntegerType@3c77d488
09:20:36,290 DEBUG BasicTypeRegistry:145 - Adding type registration java.lang.Integer -> org.hibernate.type.IntegerType@3c77d488
09:20:36,291 DEBUG BasicTypeRegistry:145 - Adding type registration long -> org.hibernate.type.LongType@750e2b97
09:20:36,292 DEBUG BasicTypeRegistry:145 - Adding type registration long -> org.hibernate.type.LongType@750e2b97
09:20:36,292 DEBUG BasicTypeRegistry:145 - Adding type registration java.lang.Long -> org.hibernate.type.LongType@750e2b97
09:20:36,293 DEBUG BasicTypeRegistry:145 - Adding type registration float -> org.hibernate.type.FloatType@26d9b808
09:20:36,293 DEBUG BasicTypeRegistry:145 - Adding type registration float -> org.hibernate.type.FloatType@26d9b808
09:20:36,294 DEBUG BasicTypeRegistry:145 - Adding type registration java.lang.Float -> org.hibernate.type.FloatType@26d9b808
09:20:36,295 DEBUG BasicTypeRegistry:145 - Adding type registration double -> org.hibernate.type.DoubleType@2a265ea9
09:20:36,296 DEBUG BasicTypeRegistry:145 - Adding type registration double -> org.hibernate.type.DoubleType@2a265ea9
09:20:36,296 DEBUG BasicTypeRegistry:145 - Adding type registration java.lang.Double -> org.hibernate.type.DoubleType@2a265ea9
09:20:36,298 DEBUG BasicTypeRegistry:145 - Adding type registration big_decimal -> org.hibernate.type.BigDecimalType@5b1669c0
09:20:36,298 DEBUG BasicTypeRegistry:145 - Adding type registration java.math.BigDecimal -> org.hibernate.type.BigDecimalType@5b1669c0
09:20:36,300 DEBUG BasicTypeRegistry:145 - Adding type registration big_integer -> org.hibernate.type.BigIntegerType@4b741d6d
09:20:36,300 DEBUG BasicTypeRegistry:145 - Adding type registration java.math.BigInteger -> org.hibernate.type.BigIntegerType@4b741d6d
09:20:36,301 DEBUG BasicTypeRegistry:145 - Adding type registration string -> org.hibernate.type.StringType@7674f035
09:20:36,301 DEBUG BasicTypeRegistry:145 - Adding type registration java.lang.String -> org.hibernate.type.StringType@7674f035
09:20:36,302 DEBUG BasicTypeRegistry:145 - Adding type registration nstring -> org.hibernate.type.StringNVarcharType@17f62e33
09:20:36,303 DEBUG BasicTypeRegistry:145 - Adding type registration ncharacter -> org.hibernate.type.CharacterNCharType@5d0bf09b
09:20:36,305 DEBUG BasicTypeRegistry:145 - Adding type registration url -> org.hibernate.type.UrlType@54422e18
09:20:36,305 DEBUG BasicTypeRegistry:145 - Adding type registration java.net.URL -> org.hibernate.type.UrlType@54422e18
09:20:36,307 DEBUG BasicTypeRegistry:145 - Adding type registration Duration -> org.hibernate.type.DurationType@202b0582
09:20:36,307 DEBUG BasicTypeRegistry:145 - Adding type registration java.time.Duration -> org.hibernate.type.DurationType@202b0582
09:20:36,322 DEBUG BasicTypeRegistry:145 - Adding type registration Instant -> org.hibernate.type.InstantType@196a42c3
09:20:36,323 DEBUG BasicTypeRegistry:145 - Adding type registration java.time.Instant -> org.hibernate.type.InstantType@196a42c3
09:20:36,324 DEBUG BasicTypeRegistry:145 - Adding type registration LocalDateTime -> org.hibernate.type.LocalDateTimeType@4b29d1d2
09:20:36,325 DEBUG BasicTypeRegistry:145 - Adding type registration java.time.LocalDateTime -> org.hibernate.type.LocalDateTimeType@4b29d1d2
09:20:36,327 DEBUG BasicTypeRegistry:145 - Adding type registration LocalDate -> org.hibernate.type.LocalDateType@3ba987b8
09:20:36,327 DEBUG BasicTypeRegistry:145 - Adding type registration java.time.LocalDate -> org.hibernate.type.LocalDateType@3ba987b8
09:20:36,329 DEBUG BasicTypeRegistry:145 - Adding type registration LocalTime -> org.hibernate.type.LocalTimeType@18271936
09:20:36,329 DEBUG BasicTypeRegistry:145 - Adding type registration java.time.LocalTime -> org.hibernate.type.LocalTimeType@18271936
09:20:36,332 DEBUG BasicTypeRegistry:145 - Adding type registration OffsetDateTime -> org.hibernate.type.OffsetDateTimeType@7a35b0f5
09:20:36,337 DEBUG BasicTypeRegistry:145 - Adding type registration java.time.OffsetDateTime -> org.hibernate.type.OffsetDateTimeType@7a35b0f5
09:20:36,339 DEBUG BasicTypeRegistry:145 - Adding type registration OffsetTime -> org.hibernate.type.OffsetTimeType@645aa696
09:20:36,339 DEBUG BasicTypeRegistry:145 - Adding type registration java.time.OffsetTime -> org.hibernate.type.OffsetTimeType@645aa696
09:20:36,343 DEBUG BasicTypeRegistry:145 - Adding type registration ZonedDateTime -> org.hibernate.type.ZonedDateTimeType@14028087
09:20:36,344 DEBUG BasicTypeRegistry:145 - Adding type registration java.time.ZonedDateTime -> org.hibernate.type.ZonedDateTimeType@14028087
09:20:36,347 DEBUG BasicTypeRegistry:145 - Adding type registration date -> org.hibernate.type.DateType@268f106e
09:20:36,347 DEBUG BasicTypeRegistry:145 - Adding type registration java.sql.Date -> org.hibernate.type.DateType@268f106e
09:20:36,349 DEBUG BasicTypeRegistry:145 - Adding type registration time -> org.hibernate.type.TimeType@6440112d
09:20:36,349 DEBUG BasicTypeRegistry:145 - Adding type registration java.sql.Time -> org.hibernate.type.TimeType@6440112d
09:20:36,351 DEBUG BasicTypeRegistry:145 - Adding type registration timestamp -> org.hibernate.type.TimestampType@7d9d0818
09:20:36,351 DEBUG BasicTypeRegistry:145 - Adding type registration java.sql.Timestamp -> org.hibernate.type.TimestampType@7d9d0818
09:20:36,351 DEBUG BasicTypeRegistry:145 - Adding type registration java.util.Date -> org.hibernate.type.TimestampType@7d9d0818
09:20:36,354 DEBUG BasicTypeRegistry:145 - Adding type registration dbtimestamp -> org.hibernate.type.DbTimestampType@2b40ff9c
09:20:36,358 DEBUG BasicTypeRegistry:145 - Adding type registration calendar -> org.hibernate.type.CalendarType@5ddeb7cb
09:20:36,358 DEBUG BasicTypeRegistry:145 - Adding type registration java.util.Calendar -> org.hibernate.type.CalendarType@5ddeb7cb
09:20:36,358 DEBUG BasicTypeRegistry:145 - Adding type registration java.util.GregorianCalendar -> org.hibernate.type.CalendarType@5ddeb7cb
09:20:36,360 DEBUG BasicTypeRegistry:145 - Adding type registration calendar_date -> org.hibernate.type.CalendarDateType@59402b8f
09:20:36,362 DEBUG BasicTypeRegistry:145 - Adding type registration locale -> org.hibernate.type.LocaleType@1033576a
09:20:36,362 DEBUG BasicTypeRegistry:145 - Adding type registration java.util.Locale -> org.hibernate.type.LocaleType@1033576a
09:20:36,364 DEBUG BasicTypeRegistry:145 - Adding type registration currency -> org.hibernate.type.CurrencyType@17fc391b
09:20:36,364 DEBUG BasicTypeRegistry:145 - Adding type registration java.util.Currency -> org.hibernate.type.CurrencyType@17fc391b
09:20:36,366 DEBUG BasicTypeRegistry:145 - Adding type registration timezone -> org.hibernate.type.TimeZoneType@6d60fe40
09:20:36,366 DEBUG BasicTypeRegistry:145 - Adding type registration java.util.TimeZone -> org.hibernate.type.TimeZoneType@6d60fe40
09:20:36,368 DEBUG BasicTypeRegistry:145 - Adding type registration class -> org.hibernate.type.ClassType@514646ef
09:20:36,368 DEBUG BasicTypeRegistry:145 - Adding type registration java.lang.Class -> org.hibernate.type.ClassType@514646ef
09:20:36,370 DEBUG BasicTypeRegistry:145 - Adding type registration uuid-binary -> org.hibernate.type.UUIDBinaryType@548a24a
09:20:36,370 DEBUG BasicTypeRegistry:145 - Adding type registration java.util.UUID -> org.hibernate.type.UUIDBinaryType@548a24a
09:20:36,371 DEBUG BasicTypeRegistry:145 - Adding type registration uuid-char -> org.hibernate.type.UUIDCharType@3f4faf53
09:20:36,372 DEBUG BasicTypeRegistry:145 - Adding type registration binary -> org.hibernate.type.BinaryType@25be7b63
09:20:36,373 DEBUG BasicTypeRegistry:145 - Adding type registration byte[] -> org.hibernate.type.BinaryType@25be7b63
09:20:36,375 DEBUG BasicTypeRegistry:145 - Adding type registration [B -> org.hibernate.type.BinaryType@25be7b63
09:20:36,377 DEBUG BasicTypeRegistry:145 - Adding type registration wrapper-binary -> org.hibernate.type.WrapperBinaryType@4a8355dd
09:20:36,378 DEBUG BasicTypeRegistry:145 - Adding type registration Byte[] -> org.hibernate.type.WrapperBinaryType@4a8355dd
09:20:36,378 DEBUG BasicTypeRegistry:145 - Adding type registration [Ljava.lang.Byte; -> org.hibernate.type.WrapperBinaryType@4a8355dd
09:20:36,379 DEBUG BasicTypeRegistry:145 - Adding type registration row_version -> org.hibernate.type.RowVersionType@72bc6553
09:20:36,381 DEBUG BasicTypeRegistry:145 - Adding type registration image -> org.hibernate.type.ImageType@6c4906d3
09:20:36,382 DEBUG BasicTypeRegistry:145 - Adding type registration characters -> org.hibernate.type.CharArrayType@4d1bf319
09:20:36,382 DEBUG BasicTypeRegistry:145 - Adding type registration char[] -> org.hibernate.type.CharArrayType@4d1bf319
09:20:36,383 DEBUG BasicTypeRegistry:145 - Adding type registration [C -> org.hibernate.type.CharArrayType@4d1bf319
09:20:36,384 DEBUG BasicTypeRegistry:145 - Adding type registration wrapper-characters -> org.hibernate.type.CharacterArrayType@4007f65e
09:20:36,385 DEBUG BasicTypeRegistry:145 - Adding type registration [Ljava.lang.Character; -> org.hibernate.type.CharacterArrayType@4007f65e
09:20:36,385 DEBUG BasicTypeRegistry:145 - Adding type registration Character[] -> org.hibernate.type.CharacterArrayType@4007f65e
09:20:36,386 DEBUG BasicTypeRegistry:145 - Adding type registration text -> org.hibernate.type.TextType@4201c465
09:20:36,387 DEBUG BasicTypeRegistry:145 - Adding type registration ntext -> org.hibernate.type.NTextType@2ab4bc72
09:20:36,392 DEBUG BasicTypeRegistry:145 - Adding type registration blob -> org.hibernate.type.BlobType@72c8e7b
09:20:36,392 DEBUG BasicTypeRegistry:145 - Adding type registration java.sql.Blob -> org.hibernate.type.BlobType@72c8e7b
09:20:36,393 DEBUG BasicTypeRegistry:145 - Adding type registration materialized_blob -> org.hibernate.type.MaterializedBlobType@38467116
09:20:36,398 DEBUG BasicTypeRegistry:145 - Adding type registration clob -> org.hibernate.type.ClobType@c05fddc
09:20:36,398 DEBUG BasicTypeRegistry:145 - Adding type registration java.sql.Clob -> org.hibernate.type.ClobType@c05fddc
09:20:36,402 DEBUG BasicTypeRegistry:145 - Adding type registration nclob -> org.hibernate.type.NClobType@34bde49d
09:20:36,402 DEBUG BasicTypeRegistry:145 - Adding type registration java.sql.NClob -> org.hibernate.type.NClobType@34bde49d
09:20:36,403 DEBUG BasicTypeRegistry:145 - Adding type registration materialized_clob -> org.hibernate.type.MaterializedClobType@6f43c82
09:20:36,405 DEBUG BasicTypeRegistry:145 - Adding type registration materialized_nclob -> org.hibernate.type.MaterializedNClobType@20b2475a
09:20:36,407 DEBUG BasicTypeRegistry:145 - Adding type registration serializable -> org.hibernate.type.SerializableType@4f0f2942
09:20:36,411 DEBUG BasicTypeRegistry:145 - Adding type registration object -> org.hibernate.type.ObjectType@5276d6ee
09:20:36,411 DEBUG BasicTypeRegistry:145 - Adding type registration java.lang.Object -> org.hibernate.type.ObjectType@5276d6ee
09:20:36,412 DEBUG BasicTypeRegistry:145 - Adding type registration imm_date -> org.hibernate.type.AdaptedImmutableType@1b919693
09:20:36,412 DEBUG BasicTypeRegistry:145 - Adding type registration imm_time -> org.hibernate.type.AdaptedImmutableType@7fb4f2a9
09:20:36,413 DEBUG BasicTypeRegistry:145 - Adding type registration imm_timestamp -> org.hibernate.type.AdaptedImmutableType@4dc27487
09:20:36,413 DEBUG BasicTypeRegistry:145 - Adding type registration imm_dbtimestamp -> org.hibernate.type.AdaptedImmutableType@6a4f1a55
09:20:36,413 DEBUG BasicTypeRegistry:145 - Adding type registration imm_calendar -> org.hibernate.type.AdaptedImmutableType@7dfd3c81
09:20:36,414 DEBUG BasicTypeRegistry:145 - Adding type registration imm_calendar_date -> org.hibernate.type.AdaptedImmutableType@2584b82d
09:20:36,414 DEBUG BasicTypeRegistry:145 - Adding type registration imm_binary -> org.hibernate.type.AdaptedImmutableType@7bbc8656
09:20:36,414 DEBUG BasicTypeRegistry:145 - Adding type registration imm_serializable -> org.hibernate.type.AdaptedImmutableType@6933b6c6
09:20:36,422  WARN ConnectionProviderInitiator:219 - HHH000022: c3p0 properties were encountered, but the c3p0 provider class was not found on the classpath; these properties are going to be ignored.
09:20:36,426  WARN pooling:70 - HHH10001002: Using Hibernate built-in connection pool (not for production use!)
09:20:36,434  INFO pooling:126 - HHH10001005: using driver [com.mysql.jdbc.Driver] at URL [jdbc:mysql://ec2-52-36-168-250.us-west-2.compute.amazonaws.com:3306/lms]
09:20:36,434  INFO pooling:135 - HHH10001001: Connection properties: {user=cs425, password=****}
09:20:36,435  INFO pooling:140 - HHH10001003: Autocommit mode: false
09:20:36,438  INFO DriverManagerConnectionProviderImpl:41 - HHH000115: Hibernate connection pool size: 20 (min=1)
09:20:37,495  INFO Dialect:157 - HHH000400: Using dialect: org.hibernate.dialect.MySQLDialect
09:20:37,861 TRACE TypeFactory:58 - Scoping types to session factory org.hibernate.internal.SessionFactoryImpl@6f8f9349
09:20:38,321  INFO access:47 - HHH10001501: Connection obtained from JdbcConnectionAccess [org.hibernate.engine.jdbc.env.internal.JdbcEnvironmentInitiator$ConnectionProviderJdbcConnectionAccess@23c650a3] for (non-JTA) DDL execution was not in auto-commit mode; the Connection 'local transaction' will be committed and the Connection will be set into auto-commit mode.
09:20:41,551  INFO access:47 - HHH10001501: Connection obtained from JdbcConnectionAccess [org.hibernate.engine.jdbc.env.internal.JdbcEnvironmentInitiator$ConnectionProviderJdbcConnectionAccess@341a8659] for (non-JTA) DDL execution was not in auto-commit mode; the Connection 'local transaction' will be committed and the Connection will be set into auto-commit mode.
09:20:44,561  INFO SchemaCreatorImpl:488 - HHH000476: Executing import script 'org.hibernate.tool.schema.internal.exec.ScriptSourceInputNonExistentImpl@55b62629'
09:20:44,822 TRACE BasicBinder:65 - binding parameter [1] as [INTEGER] - [1]
09:22:54,475  INFO Version:45 - HHH000412: Hibernate Core {5.2.6.Final}
09:22:54,478  INFO Environment:213 - HHH000206: hibernate.properties not found
09:22:54,764  INFO Version:66 - HCANN000001: Hibernate Commons Annotations {5.0.1.Final}
09:22:55,660 DEBUG BasicTypeRegistry:145 - Adding type registration boolean -> org.hibernate.type.BooleanType@4d5650ae
09:22:55,660 DEBUG BasicTypeRegistry:145 - Adding type registration boolean -> org.hibernate.type.BooleanType@4d5650ae
09:22:55,660 DEBUG BasicTypeRegistry:145 - Adding type registration java.lang.Boolean -> org.hibernate.type.BooleanType@4d5650ae
09:22:55,662 DEBUG BasicTypeRegistry:145 - Adding type registration numeric_boolean -> org.hibernate.type.NumericBooleanType@6221a451
09:22:55,663 DEBUG BasicTypeRegistry:145 - Adding type registration true_false -> org.hibernate.type.TrueFalseType@537f60bf
09:22:55,664 DEBUG BasicTypeRegistry:145 - Adding type registration yes_no -> org.hibernate.type.YesNoType@65c7a252
09:22:55,666 DEBUG BasicTypeRegistry:145 - Adding type registration byte -> org.hibernate.type.ByteType@4b45a2f5
09:22:55,666 DEBUG BasicTypeRegistry:145 - Adding type registration byte -> org.hibernate.type.ByteType@4b45a2f5
09:22:55,666 DEBUG BasicTypeRegistry:145 - Adding type registration java.lang.Byte -> org.hibernate.type.ByteType@4b45a2f5
09:22:55,668 DEBUG BasicTypeRegistry:145 - Adding type registration character -> org.hibernate.type.CharacterType@6340e5f0
09:22:55,668 DEBUG BasicTypeRegistry:145 - Adding type registration char -> org.hibernate.type.CharacterType@6340e5f0
09:22:55,669 DEBUG BasicTypeRegistry:145 - Adding type registration java.lang.Character -> org.hibernate.type.CharacterType@6340e5f0
09:22:55,671 DEBUG BasicTypeRegistry:145 - Adding type registration short -> org.hibernate.type.ShortType@60099951
09:22:55,672 DEBUG BasicTypeRegistry:145 - Adding type registration short -> org.hibernate.type.ShortType@60099951
09:22:55,673 DEBUG BasicTypeRegistry:145 - Adding type registration java.lang.Short -> org.hibernate.type.ShortType@60099951
09:22:55,674 DEBUG BasicTypeRegistry:145 - Adding type registration integer -> org.hibernate.type.IntegerType@3c77d488
09:22:55,674 DEBUG BasicTypeRegistry:145 - Adding type registration int -> org.hibernate.type.IntegerType@3c77d488
09:22:55,675 DEBUG BasicTypeRegistry:145 - Adding type registration java.lang.Integer -> org.hibernate.type.IntegerType@3c77d488
09:22:55,676 DEBUG BasicTypeRegistry:145 - Adding type registration long -> org.hibernate.type.LongType@750e2b97
09:22:55,676 DEBUG BasicTypeRegistry:145 - Adding type registration long -> org.hibernate.type.LongType@750e2b97
09:22:55,677 DEBUG BasicTypeRegistry:145 - Adding type registration java.lang.Long -> org.hibernate.type.LongType@750e2b97
09:22:55,678 DEBUG BasicTypeRegistry:145 - Adding type registration float -> org.hibernate.type.FloatType@26d9b808
09:22:55,679 DEBUG BasicTypeRegistry:145 - Adding type registration float -> org.hibernate.type.FloatType@26d9b808
09:22:55,679 DEBUG BasicTypeRegistry:145 - Adding type registration java.lang.Float -> org.hibernate.type.FloatType@26d9b808
09:22:55,681 DEBUG BasicTypeRegistry:145 - Adding type registration double -> org.hibernate.type.DoubleType@2a265ea9
09:22:55,681 DEBUG BasicTypeRegistry:145 - Adding type registration double -> org.hibernate.type.DoubleType@2a265ea9
09:22:55,681 DEBUG BasicTypeRegistry:145 - Adding type registration java.lang.Double -> org.hibernate.type.DoubleType@2a265ea9
09:22:55,683 DEBUG BasicTypeRegistry:145 - Adding type registration big_decimal -> org.hibernate.type.BigDecimalType@5b1669c0
09:22:55,683 DEBUG BasicTypeRegistry:145 - Adding type registration java.math.BigDecimal -> org.hibernate.type.BigDecimalType@5b1669c0
09:22:55,684 DEBUG BasicTypeRegistry:145 - Adding type registration big_integer -> org.hibernate.type.BigIntegerType@4b741d6d
09:22:55,684 DEBUG BasicTypeRegistry:145 - Adding type registration java.math.BigInteger -> org.hibernate.type.BigIntegerType@4b741d6d
09:22:55,686 DEBUG BasicTypeRegistry:145 - Adding type registration string -> org.hibernate.type.StringType@7674f035
09:22:55,686 DEBUG BasicTypeRegistry:145 - Adding type registration java.lang.String -> org.hibernate.type.StringType@7674f035
09:22:55,687 DEBUG BasicTypeRegistry:145 - Adding type registration nstring -> org.hibernate.type.StringNVarcharType@17f62e33
09:22:55,688 DEBUG BasicTypeRegistry:145 - Adding type registration ncharacter -> org.hibernate.type.CharacterNCharType@5d0bf09b
09:22:55,689 DEBUG BasicTypeRegistry:145 - Adding type registration url -> org.hibernate.type.UrlType@54422e18
09:22:55,689 DEBUG BasicTypeRegistry:145 - Adding type registration java.net.URL -> org.hibernate.type.UrlType@54422e18
09:22:55,691 DEBUG BasicTypeRegistry:145 - Adding type registration Duration -> org.hibernate.type.DurationType@202b0582
09:22:55,691 DEBUG BasicTypeRegistry:145 - Adding type registration java.time.Duration -> org.hibernate.type.DurationType@202b0582
09:22:55,704 DEBUG BasicTypeRegistry:145 - Adding type registration Instant -> org.hibernate.type.InstantType@196a42c3
09:22:55,704 DEBUG BasicTypeRegistry:145 - Adding type registration java.time.Instant -> org.hibernate.type.InstantType@196a42c3
09:22:55,706 DEBUG BasicTypeRegistry:145 - Adding type registration LocalDateTime -> org.hibernate.type.LocalDateTimeType@4b29d1d2
09:22:55,706 DEBUG BasicTypeRegistry:145 - Adding type registration java.time.LocalDateTime -> org.hibernate.type.LocalDateTimeType@4b29d1d2
09:22:55,707 DEBUG BasicTypeRegistry:145 - Adding type registration LocalDate -> org.hibernate.type.LocalDateType@3ba987b8
09:22:55,708 DEBUG BasicTypeRegistry:145 - Adding type registration java.time.LocalDate -> org.hibernate.type.LocalDateType@3ba987b8
09:22:55,709 DEBUG BasicTypeRegistry:145 - Adding type registration LocalTime -> org.hibernate.type.LocalTimeType@18271936
09:22:55,710 DEBUG BasicTypeRegistry:145 - Adding type registration java.time.LocalTime -> org.hibernate.type.LocalTimeType@18271936
09:22:55,712 DEBUG BasicTypeRegistry:145 - Adding type registration OffsetDateTime -> org.hibernate.type.OffsetDateTimeType@7a35b0f5
09:22:55,712 DEBUG BasicTypeRegistry:145 - Adding type registration java.time.OffsetDateTime -> org.hibernate.type.OffsetDateTimeType@7a35b0f5
09:22:55,714 DEBUG BasicTypeRegistry:145 - Adding type registration OffsetTime -> org.hibernate.type.OffsetTimeType@645aa696
09:22:55,714 DEBUG BasicTypeRegistry:145 - Adding type registration java.time.OffsetTime -> org.hibernate.type.OffsetTimeType@645aa696
09:22:55,720 DEBUG BasicTypeRegistry:145 - Adding type registration ZonedDateTime -> org.hibernate.type.ZonedDateTimeType@14028087
09:22:55,720 DEBUG BasicTypeRegistry:145 - Adding type registration java.time.ZonedDateTime -> org.hibernate.type.ZonedDateTimeType@14028087
09:22:55,722 DEBUG BasicTypeRegistry:145 - Adding type registration date -> org.hibernate.type.DateType@268f106e
09:22:55,722 DEBUG BasicTypeRegistry:145 - Adding type registration java.sql.Date -> org.hibernate.type.DateType@268f106e
09:22:55,724 DEBUG BasicTypeRegistry:145 - Adding type registration time -> org.hibernate.type.TimeType@6440112d
09:22:55,724 DEBUG BasicTypeRegistry:145 - Adding type registration java.sql.Time -> org.hibernate.type.TimeType@6440112d
09:22:55,726 DEBUG BasicTypeRegistry:145 - Adding type registration timestamp -> org.hibernate.type.TimestampType@7d9d0818
09:22:55,726 DEBUG BasicTypeRegistry:145 - Adding type registration java.sql.Timestamp -> org.hibernate.type.TimestampType@7d9d0818
09:22:55,727 DEBUG BasicTypeRegistry:145 - Adding type registration java.util.Date -> org.hibernate.type.TimestampType@7d9d0818
09:22:55,729 DEBUG BasicTypeRegistry:145 - Adding type registration dbtimestamp -> org.hibernate.type.DbTimestampType@2b40ff9c
09:22:55,730 DEBUG BasicTypeRegistry:145 - Adding type registration calendar -> org.hibernate.type.CalendarType@5ddeb7cb
09:22:55,730 DEBUG BasicTypeRegistry:145 - Adding type registration java.util.Calendar -> org.hibernate.type.CalendarType@5ddeb7cb
09:22:55,730 DEBUG BasicTypeRegistry:145 - Adding type registration java.util.GregorianCalendar -> org.hibernate.type.CalendarType@5ddeb7cb
09:22:55,731 DEBUG BasicTypeRegistry:145 - Adding type registration calendar_date -> org.hibernate.type.CalendarDateType@59402b8f
09:22:55,733 DEBUG BasicTypeRegistry:145 - Adding type registration locale -> org.hibernate.type.LocaleType@1033576a
09:22:55,733 DEBUG BasicTypeRegistry:145 - Adding type registration java.util.Locale -> org.hibernate.type.LocaleType@1033576a
09:22:55,734 DEBUG BasicTypeRegistry:145 - Adding type registration currency -> org.hibernate.type.CurrencyType@17fc391b
09:22:55,735 DEBUG BasicTypeRegistry:145 - Adding type registration java.util.Currency -> org.hibernate.type.CurrencyType@17fc391b
09:22:55,736 DEBUG BasicTypeRegistry:145 - Adding type registration timezone -> org.hibernate.type.TimeZoneType@6d60fe40
09:22:55,737 DEBUG BasicTypeRegistry:145 - Adding type registration java.util.TimeZone -> org.hibernate.type.TimeZoneType@6d60fe40
09:22:55,738 DEBUG BasicTypeRegistry:145 - Adding type registration class -> org.hibernate.type.ClassType@514646ef
09:22:55,738 DEBUG BasicTypeRegistry:145 - Adding type registration java.lang.Class -> org.hibernate.type.ClassType@514646ef
09:22:55,740 DEBUG BasicTypeRegistry:145 - Adding type registration uuid-binary -> org.hibernate.type.UUIDBinaryType@548a24a
09:22:55,740 DEBUG BasicTypeRegistry:145 - Adding type registration java.util.UUID -> org.hibernate.type.UUIDBinaryType@548a24a
09:22:55,741 DEBUG BasicTypeRegistry:145 - Adding type registration uuid-char -> org.hibernate.type.UUIDCharType@3f4faf53
09:22:55,744 DEBUG BasicTypeRegistry:145 - Adding type registration binary -> org.hibernate.type.BinaryType@25be7b63
09:22:55,744 DEBUG BasicTypeRegistry:145 - Adding type registration byte[] -> org.hibernate.type.BinaryType@25be7b63
09:22:55,745 DEBUG BasicTypeRegistry:145 - Adding type registration [B -> org.hibernate.type.BinaryType@25be7b63
09:22:55,747 DEBUG BasicTypeRegistry:145 - Adding type registration wrapper-binary -> org.hibernate.type.WrapperBinaryType@4a8355dd
09:22:55,747 DEBUG BasicTypeRegistry:145 - Adding type registration Byte[] -> org.hibernate.type.WrapperBinaryType@4a8355dd
09:22:55,748 DEBUG BasicTypeRegistry:145 - Adding type registration [Ljava.lang.Byte; -> org.hibernate.type.WrapperBinaryType@4a8355dd
09:22:55,749 DEBUG BasicTypeRegistry:145 - Adding type registration row_version -> org.hibernate.type.RowVersionType@72bc6553
09:22:55,751 DEBUG BasicTypeRegistry:145 - Adding type registration image -> org.hibernate.type.ImageType@6c4906d3
09:22:55,754 DEBUG BasicTypeRegistry:145 - Adding type registration characters -> org.hibernate.type.CharArrayType@4d1bf319
09:22:55,754 DEBUG BasicTypeRegistry:145 - Adding type registration char[] -> org.hibernate.type.CharArrayType@4d1bf319
09:22:55,754 DEBUG BasicTypeRegistry:145 - Adding type registration [C -> org.hibernate.type.CharArrayType@4d1bf319
09:22:55,756 DEBUG BasicTypeRegistry:145 - Adding type registration wrapper-characters -> org.hibernate.type.CharacterArrayType@4007f65e
09:22:55,756 DEBUG BasicTypeRegistry:145 - Adding type registration [Ljava.lang.Character; -> org.hibernate.type.CharacterArrayType@4007f65e
09:22:55,756 DEBUG BasicTypeRegistry:145 - Adding type registration Character[] -> org.hibernate.type.CharacterArrayType@4007f65e
09:22:55,758 DEBUG BasicTypeRegistry:145 - Adding type registration text -> org.hibernate.type.TextType@4201c465
09:22:55,759 DEBUG BasicTypeRegistry:145 - Adding type registration ntext -> org.hibernate.type.NTextType@2ab4bc72
09:22:55,762 DEBUG BasicTypeRegistry:145 - Adding type registration blob -> org.hibernate.type.BlobType@72c8e7b
09:22:55,762 DEBUG BasicTypeRegistry:145 - Adding type registration java.sql.Blob -> org.hibernate.type.BlobType@72c8e7b
09:22:55,763 DEBUG BasicTypeRegistry:145 - Adding type registration materialized_blob -> org.hibernate.type.MaterializedBlobType@38467116
09:22:55,767 DEBUG BasicTypeRegistry:145 - Adding type registration clob -> org.hibernate.type.ClobType@c05fddc
09:22:55,767 DEBUG BasicTypeRegistry:145 - Adding type registration java.sql.Clob -> org.hibernate.type.ClobType@c05fddc
09:22:55,770 DEBUG BasicTypeRegistry:145 - Adding type registration nclob -> org.hibernate.type.NClobType@34bde49d
09:22:55,772 DEBUG BasicTypeRegistry:145 - Adding type registration java.sql.NClob -> org.hibernate.type.NClobType@34bde49d
09:22:55,773 DEBUG BasicTypeRegistry:145 - Adding type registration materialized_clob -> org.hibernate.type.MaterializedClobType@6f43c82
09:22:55,775 DEBUG BasicTypeRegistry:145 - Adding type registration materialized_nclob -> org.hibernate.type.MaterializedNClobType@20b2475a
09:22:55,778 DEBUG BasicTypeRegistry:145 - Adding type registration serializable -> org.hibernate.type.SerializableType@4f0f2942
09:22:55,782 DEBUG BasicTypeRegistry:145 - Adding type registration object -> org.hibernate.type.ObjectType@5276d6ee
09:22:55,782 DEBUG BasicTypeRegistry:145 - Adding type registration java.lang.Object -> org.hibernate.type.ObjectType@5276d6ee
09:22:55,783 DEBUG BasicTypeRegistry:145 - Adding type registration imm_date -> org.hibernate.type.AdaptedImmutableType@1b919693
09:22:55,783 DEBUG BasicTypeRegistry:145 - Adding type registration imm_time -> org.hibernate.type.AdaptedImmutableType@7fb4f2a9
09:22:55,796 DEBUG BasicTypeRegistry:145 - Adding type registration imm_timestamp -> org.hibernate.type.AdaptedImmutableType@4dc27487
09:22:55,799 DEBUG BasicTypeRegistry:145 - Adding type registration imm_dbtimestamp -> org.hibernate.type.AdaptedImmutableType@6a4f1a55
09:22:55,800 DEBUG BasicTypeRegistry:145 - Adding type registration imm_calendar -> org.hibernate.type.AdaptedImmutableType@7dfd3c81
09:22:55,800 DEBUG BasicTypeRegistry:145 - Adding type registration imm_calendar_date -> org.hibernate.type.AdaptedImmutableType@2584b82d
09:22:55,801 DEBUG BasicTypeRegistry:145 - Adding type registration imm_binary -> org.hibernate.type.AdaptedImmutableType@7bbc8656
09:22:55,801 DEBUG BasicTypeRegistry:145 - Adding type registration imm_serializable -> org.hibernate.type.AdaptedImmutableType@6933b6c6
09:22:55,813  WARN ConnectionProviderInitiator:219 - HHH000022: c3p0 properties were encountered, but the c3p0 provider class was not found on the classpath; these properties are going to be ignored.
09:22:55,818  WARN pooling:70 - HHH10001002: Using Hibernate built-in connection pool (not for production use!)
09:22:55,828  INFO pooling:126 - HHH10001005: using driver [com.mysql.jdbc.Driver] at URL [jdbc:mysql://ec2-52-36-168-250.us-west-2.compute.amazonaws.com:3306/lms]
09:22:55,829  INFO pooling:135 - HHH10001001: Connection properties: {user=cs425, password=****}
09:22:55,829  INFO pooling:140 - HHH10001003: Autocommit mode: false
09:22:55,834  INFO DriverManagerConnectionProviderImpl:41 - HHH000115: Hibernate connection pool size: 20 (min=1)
09:22:56,922  INFO Dialect:157 - HHH000400: Using dialect: org.hibernate.dialect.MySQLDialect
09:22:57,287 TRACE TypeFactory:58 - Scoping types to session factory org.hibernate.internal.SessionFactoryImpl@6f8f9349
09:22:57,740  INFO access:47 - HHH10001501: Connection obtained from JdbcConnectionAccess [org.hibernate.engine.jdbc.env.internal.JdbcEnvironmentInitiator$ConnectionProviderJdbcConnectionAccess@23c650a3] for (non-JTA) DDL execution was not in auto-commit mode; the Connection 'local transaction' will be committed and the Connection will be set into auto-commit mode.
09:23:00,910  INFO access:47 - HHH10001501: Connection obtained from JdbcConnectionAccess [org.hibernate.engine.jdbc.env.internal.JdbcEnvironmentInitiator$ConnectionProviderJdbcConnectionAccess@341a8659] for (non-JTA) DDL execution was not in auto-commit mode; the Connection 'local transaction' will be committed and the Connection will be set into auto-commit mode.
09:23:03,926  INFO SchemaCreatorImpl:488 - HHH000476: Executing import script 'org.hibernate.tool.schema.internal.exec.ScriptSourceInputNonExistentImpl@55b62629'
09:23:04,169 TRACE BasicBinder:65 - binding parameter [1] as [INTEGER] - [1]
09:23:11,267  INFO Version:45 - HHH000412: Hibernate Core {5.2.6.Final}
09:23:11,271  INFO Environment:213 - HHH000206: hibernate.properties not found
09:23:11,528  INFO Version:66 - HCANN000001: Hibernate Commons Annotations {5.0.1.Final}
09:23:12,349 DEBUG BasicTypeRegistry:145 - Adding type registration boolean -> org.hibernate.type.BooleanType@4d5650ae
09:23:12,350 DEBUG BasicTypeRegistry:145 - Adding type registration boolean -> org.hibernate.type.BooleanType@4d5650ae
09:23:12,350 DEBUG BasicTypeRegistry:145 - Adding type registration java.lang.Boolean -> org.hibernate.type.BooleanType@4d5650ae
09:23:12,352 DEBUG BasicTypeRegistry:145 - Adding type registration numeric_boolean -> org.hibernate.type.NumericBooleanType@6221a451
09:23:12,353 DEBUG BasicTypeRegistry:145 - Adding type registration true_false -> org.hibernate.type.TrueFalseType@537f60bf
09:23:12,354 DEBUG BasicTypeRegistry:145 - Adding type registration yes_no -> org.hibernate.type.YesNoType@65c7a252
09:23:12,356 DEBUG BasicTypeRegistry:145 - Adding type registration byte -> org.hibernate.type.ByteType@4b45a2f5
09:23:12,357 DEBUG BasicTypeRegistry:145 - Adding type registration byte -> org.hibernate.type.ByteType@4b45a2f5
09:23:12,357 DEBUG BasicTypeRegistry:145 - Adding type registration java.lang.Byte -> org.hibernate.type.ByteType@4b45a2f5
09:23:12,359 DEBUG BasicTypeRegistry:145 - Adding type registration character -> org.hibernate.type.CharacterType@6340e5f0
09:23:12,359 DEBUG BasicTypeRegistry:145 - Adding type registration char -> org.hibernate.type.CharacterType@6340e5f0
09:23:12,360 DEBUG BasicTypeRegistry:145 - Adding type registration java.lang.Character -> org.hibernate.type.CharacterType@6340e5f0
09:23:12,362 DEBUG BasicTypeRegistry:145 - Adding type registration short -> org.hibernate.type.ShortType@60099951
09:23:12,363 DEBUG BasicTypeRegistry:145 - Adding type registration short -> org.hibernate.type.ShortType@60099951
09:23:12,363 DEBUG BasicTypeRegistry:145 - Adding type registration java.lang.Short -> org.hibernate.type.ShortType@60099951
09:23:12,365 DEBUG BasicTypeRegistry:145 - Adding type registration integer -> org.hibernate.type.IntegerType@3c77d488
09:23:12,365 DEBUG BasicTypeRegistry:145 - Adding type registration int -> org.hibernate.type.IntegerType@3c77d488
09:23:12,365 DEBUG BasicTypeRegistry:145 - Adding type registration java.lang.Integer -> org.hibernate.type.IntegerType@3c77d488
09:23:12,366 DEBUG BasicTypeRegistry:145 - Adding type registration long -> org.hibernate.type.LongType@750e2b97
09:23:12,367 DEBUG BasicTypeRegistry:145 - Adding type registration long -> org.hibernate.type.LongType@750e2b97
09:23:12,367 DEBUG BasicTypeRegistry:145 - Adding type registration java.lang.Long -> org.hibernate.type.LongType@750e2b97
09:23:12,368 DEBUG BasicTypeRegistry:145 - Adding type registration float -> org.hibernate.type.FloatType@26d9b808
09:23:12,369 DEBUG BasicTypeRegistry:145 - Adding type registration float -> org.hibernate.type.FloatType@26d9b808
09:23:12,369 DEBUG BasicTypeRegistry:145 - Adding type registration java.lang.Float -> org.hibernate.type.FloatType@26d9b808
09:23:12,371 DEBUG BasicTypeRegistry:145 - Adding type registration double -> org.hibernate.type.DoubleType@2a265ea9
09:23:12,371 DEBUG BasicTypeRegistry:145 - Adding type registration double -> org.hibernate.type.DoubleType@2a265ea9
09:23:12,371 DEBUG BasicTypeRegistry:145 - Adding type registration java.lang.Double -> org.hibernate.type.DoubleType@2a265ea9
09:23:12,373 DEBUG BasicTypeRegistry:145 - Adding type registration big_decimal -> org.hibernate.type.BigDecimalType@5b1669c0
09:23:12,373 DEBUG BasicTypeRegistry:145 - Adding type registration java.math.BigDecimal -> org.hibernate.type.BigDecimalType@5b1669c0
09:23:12,374 DEBUG BasicTypeRegistry:145 - Adding type registration big_integer -> org.hibernate.type.BigIntegerType@4b741d6d
09:23:12,374 DEBUG BasicTypeRegistry:145 - Adding type registration java.math.BigInteger -> org.hibernate.type.BigIntegerType@4b741d6d
09:23:12,375 DEBUG BasicTypeRegistry:145 - Adding type registration string -> org.hibernate.type.StringType@7674f035
09:23:12,376 DEBUG BasicTypeRegistry:145 - Adding type registration java.lang.String -> org.hibernate.type.StringType@7674f035
09:23:12,377 DEBUG BasicTypeRegistry:145 - Adding type registration nstring -> org.hibernate.type.StringNVarcharType@17f62e33
09:23:12,378 DEBUG BasicTypeRegistry:145 - Adding type registration ncharacter -> org.hibernate.type.CharacterNCharType@5d0bf09b
09:23:12,379 DEBUG BasicTypeRegistry:145 - Adding type registration url -> org.hibernate.type.UrlType@54422e18
09:23:12,379 DEBUG BasicTypeRegistry:145 - Adding type registration java.net.URL -> org.hibernate.type.UrlType@54422e18
09:23:12,380 DEBUG BasicTypeRegistry:145 - Adding type registration Duration -> org.hibernate.type.DurationType@202b0582
09:23:12,381 DEBUG BasicTypeRegistry:145 - Adding type registration java.time.Duration -> org.hibernate.type.DurationType@202b0582
09:23:12,393 DEBUG BasicTypeRegistry:145 - Adding type registration Instant -> org.hibernate.type.InstantType@196a42c3
09:23:12,393 DEBUG BasicTypeRegistry:145 - Adding type registration java.time.Instant -> org.hibernate.type.InstantType@196a42c3
09:23:12,395 DEBUG BasicTypeRegistry:145 - Adding type registration LocalDateTime -> org.hibernate.type.LocalDateTimeType@4b29d1d2
09:23:12,395 DEBUG BasicTypeRegistry:145 - Adding type registration java.time.LocalDateTime -> org.hibernate.type.LocalDateTimeType@4b29d1d2
09:23:12,397 DEBUG BasicTypeRegistry:145 - Adding type registration LocalDate -> org.hibernate.type.LocalDateType@3ba987b8
09:23:12,397 DEBUG BasicTypeRegistry:145 - Adding type registration java.time.LocalDate -> org.hibernate.type.LocalDateType@3ba987b8
09:23:12,399 DEBUG BasicTypeRegistry:145 - Adding type registration LocalTime -> org.hibernate.type.LocalTimeType@18271936
09:23:12,400 DEBUG BasicTypeRegistry:145 - Adding type registration java.time.LocalTime -> org.hibernate.type.LocalTimeType@18271936
09:23:12,403 DEBUG BasicTypeRegistry:145 - Adding type registration OffsetDateTime -> org.hibernate.type.OffsetDateTimeType@7a35b0f5
09:23:12,403 DEBUG BasicTypeRegistry:145 - Adding type registration java.time.OffsetDateTime -> org.hibernate.type.OffsetDateTimeType@7a35b0f5
09:23:12,405 DEBUG BasicTypeRegistry:145 - Adding type registration OffsetTime -> org.hibernate.type.OffsetTimeType@645aa696
09:23:12,406 DEBUG BasicTypeRegistry:145 - Adding type registration java.time.OffsetTime -> org.hibernate.type.OffsetTimeType@645aa696
09:23:12,410 DEBUG BasicTypeRegistry:145 - Adding type registration ZonedDateTime -> org.hibernate.type.ZonedDateTimeType@14028087
09:23:12,413 DEBUG BasicTypeRegistry:145 - Adding type registration java.time.ZonedDateTime -> org.hibernate.type.ZonedDateTimeType@14028087
09:23:12,415 DEBUG BasicTypeRegistry:145 - Adding type registration date -> org.hibernate.type.DateType@268f106e
09:23:12,415 DEBUG BasicTypeRegistry:145 - Adding type registration java.sql.Date -> org.hibernate.type.DateType@268f106e
09:23:12,416 DEBUG BasicTypeRegistry:145 - Adding type registration time -> org.hibernate.type.TimeType@6440112d
09:23:12,416 DEBUG BasicTypeRegistry:145 - Adding type registration java.sql.Time -> org.hibernate.type.TimeType@6440112d
09:23:12,418 DEBUG BasicTypeRegistry:145 - Adding type registration timestamp -> org.hibernate.type.TimestampType@7d9d0818
09:23:12,418 DEBUG BasicTypeRegistry:145 - Adding type registration java.sql.Timestamp -> org.hibernate.type.TimestampType@7d9d0818
09:23:12,418 DEBUG BasicTypeRegistry:145 - Adding type registration java.util.Date -> org.hibernate.type.TimestampType@7d9d0818
09:23:12,420 DEBUG BasicTypeRegistry:145 - Adding type registration dbtimestamp -> org.hibernate.type.DbTimestampType@2b40ff9c
09:23:12,421 DEBUG BasicTypeRegistry:145 - Adding type registration calendar -> org.hibernate.type.CalendarType@5ddeb7cb
09:23:12,421 DEBUG BasicTypeRegistry:145 - Adding type registration java.util.Calendar -> org.hibernate.type.CalendarType@5ddeb7cb
09:23:12,421 DEBUG BasicTypeRegistry:145 - Adding type registration java.util.GregorianCalendar -> org.hibernate.type.CalendarType@5ddeb7cb
09:23:12,422 DEBUG BasicTypeRegistry:145 - Adding type registration calendar_date -> org.hibernate.type.CalendarDateType@59402b8f
09:23:12,424 DEBUG BasicTypeRegistry:145 - Adding type registration locale -> org.hibernate.type.LocaleType@1033576a
09:23:12,424 DEBUG BasicTypeRegistry:145 - Adding type registration java.util.Locale -> org.hibernate.type.LocaleType@1033576a
09:23:12,425 DEBUG BasicTypeRegistry:145 - Adding type registration currency -> org.hibernate.type.CurrencyType@17fc391b
09:23:12,427 DEBUG BasicTypeRegistry:145 - Adding type registration java.util.Currency -> org.hibernate.type.CurrencyType@17fc391b
09:23:12,429 DEBUG BasicTypeRegistry:145 - Adding type registration timezone -> org.hibernate.type.TimeZoneType@6d60fe40
09:23:12,429 DEBUG BasicTypeRegistry:145 - Adding type registration java.util.TimeZone -> org.hibernate.type.TimeZoneType@6d60fe40
09:23:12,430 DEBUG BasicTypeRegistry:145 - Adding type registration class -> org.hibernate.type.ClassType@514646ef
09:23:12,431 DEBUG BasicTypeRegistry:145 - Adding type registration java.lang.Class -> org.hibernate.type.ClassType@514646ef
09:23:12,432 DEBUG BasicTypeRegistry:145 - Adding type registration uuid-binary -> org.hibernate.type.UUIDBinaryType@548a24a
09:23:12,432 DEBUG BasicTypeRegistry:145 - Adding type registration java.util.UUID -> org.hibernate.type.UUIDBinaryType@548a24a
09:23:12,433 DEBUG BasicTypeRegistry:145 - Adding type registration uuid-char -> org.hibernate.type.UUIDCharType@3f4faf53
09:23:12,435 DEBUG BasicTypeRegistry:145 - Adding type registration binary -> org.hibernate.type.BinaryType@25be7b63
09:23:12,435 DEBUG BasicTypeRegistry:145 - Adding type registration byte[] -> org.hibernate.type.BinaryType@25be7b63
09:23:12,436 DEBUG BasicTypeRegistry:145 - Adding type registration [B -> org.hibernate.type.BinaryType@25be7b63
09:23:12,440 DEBUG BasicTypeRegistry:145 - Adding type registration wrapper-binary -> org.hibernate.type.WrapperBinaryType@4a8355dd
09:23:12,442 DEBUG BasicTypeRegistry:145 - Adding type registration Byte[] -> org.hibernate.type.WrapperBinaryType@4a8355dd
09:23:12,445 DEBUG BasicTypeRegistry:145 - Adding type registration [Ljava.lang.Byte; -> org.hibernate.type.WrapperBinaryType@4a8355dd
09:23:12,448 DEBUG BasicTypeRegistry:145 - Adding type registration row_version -> org.hibernate.type.RowVersionType@72bc6553
09:23:12,452 DEBUG BasicTypeRegistry:145 - Adding type registration image -> org.hibernate.type.ImageType@6c4906d3
09:23:12,457 DEBUG BasicTypeRegistry:145 - Adding type registration characters -> org.hibernate.type.CharArrayType@4d1bf319
09:23:12,458 DEBUG BasicTypeRegistry:145 - Adding type registration char[] -> org.hibernate.type.CharArrayType@4d1bf319
09:23:12,458 DEBUG BasicTypeRegistry:145 - Adding type registration [C -> org.hibernate.type.CharArrayType@4d1bf319
09:23:12,460 DEBUG BasicTypeRegistry:145 - Adding type registration wrapper-characters -> org.hibernate.type.CharacterArrayType@4007f65e
09:23:12,461 DEBUG BasicTypeRegistry:145 - Adding type registration [Ljava.lang.Character; -> org.hibernate.type.CharacterArrayType@4007f65e
09:23:12,461 DEBUG BasicTypeRegistry:145 - Adding type registration Character[] -> org.hibernate.type.CharacterArrayType@4007f65e
09:23:12,462 DEBUG BasicTypeRegistry:145 - Adding type registration text -> org.hibernate.type.TextType@4201c465
09:23:12,463 DEBUG BasicTypeRegistry:145 - Adding type registration ntext -> org.hibernate.type.NTextType@2ab4bc72
09:23:12,469 DEBUG BasicTypeRegistry:145 - Adding type registration blob -> org.hibernate.type.BlobType@72c8e7b
09:23:12,471 DEBUG BasicTypeRegistry:145 - Adding type registration java.sql.Blob -> org.hibernate.type.BlobType@72c8e7b
09:23:12,472 DEBUG BasicTypeRegistry:145 - Adding type registration materialized_blob -> org.hibernate.type.MaterializedBlobType@38467116
09:23:12,476 DEBUG BasicTypeRegistry:145 - Adding type registration clob -> org.hibernate.type.ClobType@c05fddc
09:23:12,477 DEBUG BasicTypeRegistry:145 - Adding type registration java.sql.Clob -> org.hibernate.type.ClobType@c05fddc
09:23:12,482 DEBUG BasicTypeRegistry:145 - Adding type registration nclob -> org.hibernate.type.NClobType@34bde49d
09:23:12,483 DEBUG BasicTypeRegistry:145 - Adding type registration java.sql.NClob -> org.hibernate.type.NClobType@34bde49d
09:23:12,483 DEBUG BasicTypeRegistry:145 - Adding type registration materialized_clob -> org.hibernate.type.MaterializedClobType@6f43c82
09:23:12,484 DEBUG BasicTypeRegistry:145 - Adding type registration materialized_nclob -> org.hibernate.type.MaterializedNClobType@20b2475a
09:23:12,486 DEBUG BasicTypeRegistry:145 - Adding type registration serializable -> org.hibernate.type.SerializableType@4f0f2942
09:23:12,489 DEBUG BasicTypeRegistry:145 - Adding type registration object -> org.hibernate.type.ObjectType@5276d6ee
09:23:12,489 DEBUG BasicTypeRegistry:145 - Adding type registration java.lang.Object -> org.hibernate.type.ObjectType@5276d6ee
09:23:12,490 DEBUG BasicTypeRegistry:145 - Adding type registration imm_date -> org.hibernate.type.AdaptedImmutableType@1b919693
09:23:12,490 DEBUG BasicTypeRegistry:145 - Adding type registration imm_time -> org.hibernate.type.AdaptedImmutableType@7fb4f2a9
09:23:12,490 DEBUG BasicTypeRegistry:145 - Adding type registration imm_timestamp -> org.hibernate.type.AdaptedImmutableType@4dc27487
09:23:12,491 DEBUG BasicTypeRegistry:145 - Adding type registration imm_dbtimestamp -> org.hibernate.type.AdaptedImmutableType@6a4f1a55
09:23:12,491 DEBUG BasicTypeRegistry:145 - Adding type registration imm_calendar -> org.hibernate.type.AdaptedImmutableType@7dfd3c81
09:23:12,493 DEBUG BasicTypeRegistry:145 - Adding type registration imm_calendar_date -> org.hibernate.type.AdaptedImmutableType@2584b82d
09:23:12,494 DEBUG BasicTypeRegistry:145 - Adding type registration imm_binary -> org.hibernate.type.AdaptedImmutableType@7bbc8656
09:23:12,494 DEBUG BasicTypeRegistry:145 - Adding type registration imm_serializable -> org.hibernate.type.AdaptedImmutableType@6933b6c6
09:23:12,504  WARN ConnectionProviderInitiator:219 - HHH000022: c3p0 properties were encountered, but the c3p0 provider class was not found on the classpath; these properties are going to be ignored.
09:23:12,509  WARN pooling:70 - HHH10001002: Using Hibernate built-in connection pool (not for production use!)
09:23:12,517  INFO pooling:126 - HHH10001005: using driver [com.mysql.jdbc.Driver] at URL [jdbc:mysql://ec2-52-36-168-250.us-west-2.compute.amazonaws.com:3306/lms]
09:23:12,518  INFO pooling:135 - HHH10001001: Connection properties: {user=cs425, password=****}
09:23:12,519  INFO pooling:140 - HHH10001003: Autocommit mode: false
09:23:12,523  INFO DriverManagerConnectionProviderImpl:41 - HHH000115: Hibernate connection pool size: 20 (min=1)
09:23:13,614  INFO Dialect:157 - HHH000400: Using dialect: org.hibernate.dialect.MySQLDialect
09:23:14,003 TRACE TypeFactory:58 - Scoping types to session factory org.hibernate.internal.SessionFactoryImpl@6f8f9349
09:23:14,429  INFO access:47 - HHH10001501: Connection obtained from JdbcConnectionAccess [org.hibernate.engine.jdbc.env.internal.JdbcEnvironmentInitiator$ConnectionProviderJdbcConnectionAccess@23c650a3] for (non-JTA) DDL execution was not in auto-commit mode; the Connection 'local transaction' will be committed and the Connection will be set into auto-commit mode.
09:23:17,638  INFO access:47 - HHH10001501: Connection obtained from JdbcConnectionAccess [org.hibernate.engine.jdbc.env.internal.JdbcEnvironmentInitiator$ConnectionProviderJdbcConnectionAccess@341a8659] for (non-JTA) DDL execution was not in auto-commit mode; the Connection 'local transaction' will be committed and the Connection will be set into auto-commit mode.
09:23:20,727  INFO SchemaCreatorImpl:488 - HHH000476: Executing import script 'org.hibernate.tool.schema.internal.exec.ScriptSourceInputNonExistentImpl@55b62629'
09:23:20,974 TRACE BasicBinder:65 - binding parameter [1] as [INTEGER] - [0]
09:23:52,518  INFO Version:45 - HHH000412: Hibernate Core {5.2.6.Final}
09:23:52,521  INFO Environment:213 - HHH000206: hibernate.properties not found
09:23:52,798  INFO Version:66 - HCANN000001: Hibernate Commons Annotations {5.0.1.Final}
09:23:53,662 DEBUG BasicTypeRegistry:145 - Adding type registration boolean -> org.hibernate.type.BooleanType@4d5650ae
09:23:53,662 DEBUG BasicTypeRegistry:145 - Adding type registration boolean -> org.hibernate.type.BooleanType@4d5650ae
09:23:53,663 DEBUG BasicTypeRegistry:145 - Adding type registration java.lang.Boolean -> org.hibernate.type.BooleanType@4d5650ae
09:23:53,664 DEBUG BasicTypeRegistry:145 - Adding type registration numeric_boolean -> org.hibernate.type.NumericBooleanType@6221a451
09:23:53,666 DEBUG BasicTypeRegistry:145 - Adding type registration true_false -> org.hibernate.type.TrueFalseType@537f60bf
09:23:53,667 DEBUG BasicTypeRegistry:145 - Adding type registration yes_no -> org.hibernate.type.YesNoType@65c7a252
09:23:53,669 DEBUG BasicTypeRegistry:145 - Adding type registration byte -> org.hibernate.type.ByteType@4b45a2f5
09:23:53,669 DEBUG BasicTypeRegistry:145 - Adding type registration byte -> org.hibernate.type.ByteType@4b45a2f5
09:23:53,670 DEBUG BasicTypeRegistry:145 - Adding type registration java.lang.Byte -> org.hibernate.type.ByteType@4b45a2f5
09:23:53,671 DEBUG BasicTypeRegistry:145 - Adding type registration character -> org.hibernate.type.CharacterType@6340e5f0
09:23:53,671 DEBUG BasicTypeRegistry:145 - Adding type registration char -> org.hibernate.type.CharacterType@6340e5f0
09:23:53,672 DEBUG BasicTypeRegistry:145 - Adding type registration java.lang.Character -> org.hibernate.type.CharacterType@6340e5f0
09:23:53,673 DEBUG BasicTypeRegistry:145 - Adding type registration short -> org.hibernate.type.ShortType@60099951
09:23:53,675 DEBUG BasicTypeRegistry:145 - Adding type registration short -> org.hibernate.type.ShortType@60099951
09:23:53,675 DEBUG BasicTypeRegistry:145 - Adding type registration java.lang.Short -> org.hibernate.type.ShortType@60099951
09:23:53,677 DEBUG BasicTypeRegistry:145 - Adding type registration integer -> org.hibernate.type.IntegerType@3c77d488
09:23:53,678 DEBUG BasicTypeRegistry:145 - Adding type registration int -> org.hibernate.type.IntegerType@3c77d488
09:23:53,678 DEBUG BasicTypeRegistry:145 - Adding type registration java.lang.Integer -> org.hibernate.type.IntegerType@3c77d488
09:23:53,680 DEBUG BasicTypeRegistry:145 - Adding type registration long -> org.hibernate.type.LongType@750e2b97
09:23:53,680 DEBUG BasicTypeRegistry:145 - Adding type registration long -> org.hibernate.type.LongType@750e2b97
09:23:53,680 DEBUG BasicTypeRegistry:145 - Adding type registration java.lang.Long -> org.hibernate.type.LongType@750e2b97
09:23:53,682 DEBUG BasicTypeRegistry:145 - Adding type registration float -> org.hibernate.type.FloatType@26d9b808
09:23:53,682 DEBUG BasicTypeRegistry:145 - Adding type registration float -> org.hibernate.type.FloatType@26d9b808
09:23:53,683 DEBUG BasicTypeRegistry:145 - Adding type registration java.lang.Float -> org.hibernate.type.FloatType@26d9b808
09:23:53,684 DEBUG BasicTypeRegistry:145 - Adding type registration double -> org.hibernate.type.DoubleType@2a265ea9
09:23:53,685 DEBUG BasicTypeRegistry:145 - Adding type registration double -> org.hibernate.type.DoubleType@2a265ea9
09:23:53,685 DEBUG BasicTypeRegistry:145 - Adding type registration java.lang.Double -> org.hibernate.type.DoubleType@2a265ea9
09:23:53,687 DEBUG BasicTypeRegistry:145 - Adding type registration big_decimal -> org.hibernate.type.BigDecimalType@5b1669c0
09:23:53,687 DEBUG BasicTypeRegistry:145 - Adding type registration java.math.BigDecimal -> org.hibernate.type.BigDecimalType@5b1669c0
09:23:53,688 DEBUG BasicTypeRegistry:145 - Adding type registration big_integer -> org.hibernate.type.BigIntegerType@4b741d6d
09:23:53,688 DEBUG BasicTypeRegistry:145 - Adding type registration java.math.BigInteger -> org.hibernate.type.BigIntegerType@4b741d6d
09:23:53,689 DEBUG BasicTypeRegistry:145 - Adding type registration string -> org.hibernate.type.StringType@7674f035
09:23:53,690 DEBUG BasicTypeRegistry:145 - Adding type registration java.lang.String -> org.hibernate.type.StringType@7674f035
09:23:53,690 DEBUG BasicTypeRegistry:145 - Adding type registration nstring -> org.hibernate.type.StringNVarcharType@17f62e33
09:23:53,691 DEBUG BasicTypeRegistry:145 - Adding type registration ncharacter -> org.hibernate.type.CharacterNCharType@5d0bf09b
09:23:53,692 DEBUG BasicTypeRegistry:145 - Adding type registration url -> org.hibernate.type.UrlType@54422e18
09:23:53,693 DEBUG BasicTypeRegistry:145 - Adding type registration java.net.URL -> org.hibernate.type.UrlType@54422e18
09:23:53,694 DEBUG BasicTypeRegistry:145 - Adding type registration Duration -> org.hibernate.type.DurationType@202b0582
09:23:53,694 DEBUG BasicTypeRegistry:145 - Adding type registration java.time.Duration -> org.hibernate.type.DurationType@202b0582
09:23:53,707 DEBUG BasicTypeRegistry:145 - Adding type registration Instant -> org.hibernate.type.InstantType@196a42c3
09:23:53,707 DEBUG BasicTypeRegistry:145 - Adding type registration java.time.Instant -> org.hibernate.type.InstantType@196a42c3
09:23:53,709 DEBUG BasicTypeRegistry:145 - Adding type registration LocalDateTime -> org.hibernate.type.LocalDateTimeType@4b29d1d2
09:23:53,709 DEBUG BasicTypeRegistry:145 - Adding type registration java.time.LocalDateTime -> org.hibernate.type.LocalDateTimeType@4b29d1d2
09:23:53,711 DEBUG BasicTypeRegistry:145 - Adding type registration LocalDate -> org.hibernate.type.LocalDateType@3ba987b8
09:23:53,711 DEBUG BasicTypeRegistry:145 - Adding type registration java.time.LocalDate -> org.hibernate.type.LocalDateType@3ba987b8
09:23:53,713 DEBUG BasicTypeRegistry:145 - Adding type registration LocalTime -> org.hibernate.type.LocalTimeType@18271936
09:23:53,713 DEBUG BasicTypeRegistry:145 - Adding type registration java.time.LocalTime -> org.hibernate.type.LocalTimeType@18271936
09:23:53,715 DEBUG BasicTypeRegistry:145 - Adding type registration OffsetDateTime -> org.hibernate.type.OffsetDateTimeType@7a35b0f5
09:23:53,715 DEBUG BasicTypeRegistry:145 - Adding type registration java.time.OffsetDateTime -> org.hibernate.type.OffsetDateTimeType@7a35b0f5
09:23:53,717 DEBUG BasicTypeRegistry:145 - Adding type registration OffsetTime -> org.hibernate.type.OffsetTimeType@645aa696
09:23:53,717 DEBUG BasicTypeRegistry:145 - Adding type registration java.time.OffsetTime -> org.hibernate.type.OffsetTimeType@645aa696
09:23:53,721 DEBUG BasicTypeRegistry:145 - Adding type registration ZonedDateTime -> org.hibernate.type.ZonedDateTimeType@14028087
09:23:53,722 DEBUG BasicTypeRegistry:145 - Adding type registration java.time.ZonedDateTime -> org.hibernate.type.ZonedDateTimeType@14028087
09:23:53,724 DEBUG BasicTypeRegistry:145 - Adding type registration date -> org.hibernate.type.DateType@268f106e
09:23:53,725 DEBUG BasicTypeRegistry:145 - Adding type registration java.sql.Date -> org.hibernate.type.DateType@268f106e
09:23:53,726 DEBUG BasicTypeRegistry:145 - Adding type registration time -> org.hibernate.type.TimeType@6440112d
09:23:53,726 DEBUG BasicTypeRegistry:145 - Adding type registration java.sql.Time -> org.hibernate.type.TimeType@6440112d
09:23:53,728 DEBUG BasicTypeRegistry:145 - Adding type registration timestamp -> org.hibernate.type.TimestampType@7d9d0818
09:23:53,728 DEBUG BasicTypeRegistry:145 - Adding type registration java.sql.Timestamp -> org.hibernate.type.TimestampType@7d9d0818
09:23:53,728 DEBUG BasicTypeRegistry:145 - Adding type registration java.util.Date -> org.hibernate.type.TimestampType@7d9d0818
09:23:53,730 DEBUG BasicTypeRegistry:145 - Adding type registration dbtimestamp -> org.hibernate.type.DbTimestampType@2b40ff9c
09:23:53,732 DEBUG BasicTypeRegistry:145 - Adding type registration calendar -> org.hibernate.type.CalendarType@5ddeb7cb
09:23:53,732 DEBUG BasicTypeRegistry:145 - Adding type registration java.util.Calendar -> org.hibernate.type.CalendarType@5ddeb7cb
09:23:53,732 DEBUG BasicTypeRegistry:145 - Adding type registration java.util.GregorianCalendar -> org.hibernate.type.CalendarType@5ddeb7cb
09:23:53,733 DEBUG BasicTypeRegistry:145 - Adding type registration calendar_date -> org.hibernate.type.CalendarDateType@59402b8f
09:23:53,735 DEBUG BasicTypeRegistry:145 - Adding type registration locale -> org.hibernate.type.LocaleType@1033576a
09:23:53,735 DEBUG BasicTypeRegistry:145 - Adding type registration java.util.Locale -> org.hibernate.type.LocaleType@1033576a
09:23:53,736 DEBUG BasicTypeRegistry:145 - Adding type registration currency -> org.hibernate.type.CurrencyType@17fc391b
09:23:53,737 DEBUG BasicTypeRegistry:145 - Adding type registration java.util.Currency -> org.hibernate.type.CurrencyType@17fc391b
09:23:53,739 DEBUG BasicTypeRegistry:145 - Adding type registration timezone -> org.hibernate.type.TimeZoneType@6d60fe40
09:23:53,739 DEBUG BasicTypeRegistry:145 - Adding type registration java.util.TimeZone -> org.hibernate.type.TimeZoneType@6d60fe40
09:23:53,740 DEBUG BasicTypeRegistry:145 - Adding type registration class -> org.hibernate.type.ClassType@514646ef
09:23:53,740 DEBUG BasicTypeRegistry:145 - Adding type registration java.lang.Class -> org.hibernate.type.ClassType@514646ef
09:23:53,742 DEBUG BasicTypeRegistry:145 - Adding type registration uuid-binary -> org.hibernate.type.UUIDBinaryType@548a24a
09:23:53,742 DEBUG BasicTypeRegistry:145 - Adding type registration java.util.UUID -> org.hibernate.type.UUIDBinaryType@548a24a
09:23:53,743 DEBUG BasicTypeRegistry:145 - Adding type registration uuid-char -> org.hibernate.type.UUIDCharType@3f4faf53
09:23:53,745 DEBUG BasicTypeRegistry:145 - Adding type registration binary -> org.hibernate.type.BinaryType@25be7b63
09:23:53,745 DEBUG BasicTypeRegistry:145 - Adding type registration byte[] -> org.hibernate.type.BinaryType@25be7b63
09:23:53,745 DEBUG BasicTypeRegistry:145 - Adding type registration [B -> org.hibernate.type.BinaryType@25be7b63
09:23:53,747 DEBUG BasicTypeRegistry:145 - Adding type registration wrapper-binary -> org.hibernate.type.WrapperBinaryType@4a8355dd
09:23:53,747 DEBUG BasicTypeRegistry:145 - Adding type registration Byte[] -> org.hibernate.type.WrapperBinaryType@4a8355dd
09:23:53,748 DEBUG BasicTypeRegistry:145 - Adding type registration [Ljava.lang.Byte; -> org.hibernate.type.WrapperBinaryType@4a8355dd
09:23:53,749 DEBUG BasicTypeRegistry:145 - Adding type registration row_version -> org.hibernate.type.RowVersionType@72bc6553
09:23:53,750 DEBUG BasicTypeRegistry:145 - Adding type registration image -> org.hibernate.type.ImageType@6c4906d3
09:23:53,751 DEBUG BasicTypeRegistry:145 - Adding type registration characters -> org.hibernate.type.CharArrayType@4d1bf319
09:23:53,752 DEBUG BasicTypeRegistry:145 - Adding type registration char[] -> org.hibernate.type.CharArrayType@4d1bf319
09:23:53,752 DEBUG BasicTypeRegistry:145 - Adding type registration [C -> org.hibernate.type.CharArrayType@4d1bf319
09:23:53,753 DEBUG BasicTypeRegistry:145 - Adding type registration wrapper-characters -> org.hibernate.type.CharacterArrayType@4007f65e
09:23:53,754 DEBUG BasicTypeRegistry:145 - Adding type registration [Ljava.lang.Character; -> org.hibernate.type.CharacterArrayType@4007f65e
09:23:53,754 DEBUG BasicTypeRegistry:145 - Adding type registration Character[] -> org.hibernate.type.CharacterArrayType@4007f65e
09:23:53,755 DEBUG BasicTypeRegistry:145 - Adding type registration text -> org.hibernate.type.TextType@4201c465
09:23:53,756 DEBUG BasicTypeRegistry:145 - Adding type registration ntext -> org.hibernate.type.NTextType@2ab4bc72
09:23:53,759 DEBUG BasicTypeRegistry:145 - Adding type registration blob -> org.hibernate.type.BlobType@72c8e7b
09:23:53,760 DEBUG BasicTypeRegistry:145 - Adding type registration java.sql.Blob -> org.hibernate.type.BlobType@72c8e7b
09:23:53,761 DEBUG BasicTypeRegistry:145 - Adding type registration materialized_blob -> org.hibernate.type.MaterializedBlobType@38467116
09:23:53,765 DEBUG BasicTypeRegistry:145 - Adding type registration clob -> org.hibernate.type.ClobType@c05fddc
09:23:53,765 DEBUG BasicTypeRegistry:145 - Adding type registration java.sql.Clob -> org.hibernate.type.ClobType@c05fddc
09:23:53,768 DEBUG BasicTypeRegistry:145 - Adding type registration nclob -> org.hibernate.type.NClobType@34bde49d
09:23:53,768 DEBUG BasicTypeRegistry:145 - Adding type registration java.sql.NClob -> org.hibernate.type.NClobType@34bde49d
09:23:53,769 DEBUG BasicTypeRegistry:145 - Adding type registration materialized_clob -> org.hibernate.type.MaterializedClobType@6f43c82
09:23:53,770 DEBUG BasicTypeRegistry:145 - Adding type registration materialized_nclob -> org.hibernate.type.MaterializedNClobType@20b2475a
09:23:53,771 DEBUG BasicTypeRegistry:145 - Adding type registration serializable -> org.hibernate.type.SerializableType@4f0f2942
09:23:53,774 DEBUG BasicTypeRegistry:145 - Adding type registration object -> org.hibernate.type.ObjectType@5276d6ee
09:23:53,774 DEBUG BasicTypeRegistry:145 - Adding type registration java.lang.Object -> org.hibernate.type.ObjectType@5276d6ee
09:23:53,775 DEBUG BasicTypeRegistry:145 - Adding type registration imm_date -> org.hibernate.type.AdaptedImmutableType@1b919693
09:23:53,775 DEBUG BasicTypeRegistry:145 - Adding type registration imm_time -> org.hibernate.type.AdaptedImmutableType@7fb4f2a9
09:23:53,776 DEBUG BasicTypeRegistry:145 - Adding type registration imm_timestamp -> org.hibernate.type.AdaptedImmutableType@4dc27487
09:23:53,776 DEBUG BasicTypeRegistry:145 - Adding type registration imm_dbtimestamp -> org.hibernate.type.AdaptedImmutableType@6a4f1a55
09:23:53,776 DEBUG BasicTypeRegistry:145 - Adding type registration imm_calendar -> org.hibernate.type.AdaptedImmutableType@7dfd3c81
09:23:53,777 DEBUG BasicTypeRegistry:145 - Adding type registration imm_calendar_date -> org.hibernate.type.AdaptedImmutableType@2584b82d
09:23:53,777 DEBUG BasicTypeRegistry:145 - Adding type registration imm_binary -> org.hibernate.type.AdaptedImmutableType@7bbc8656
09:23:53,777 DEBUG BasicTypeRegistry:145 - Adding type registration imm_serializable -> org.hibernate.type.AdaptedImmutableType@6933b6c6
09:23:53,788  WARN ConnectionProviderInitiator:219 - HHH000022: c3p0 properties were encountered, but the c3p0 provider class was not found on the classpath; these properties are going to be ignored.
09:23:53,794  WARN pooling:70 - HHH10001002: Using Hibernate built-in connection pool (not for production use!)
09:23:53,803  INFO pooling:126 - HHH10001005: using driver [com.mysql.jdbc.Driver] at URL [jdbc:mysql://ec2-52-36-168-250.us-west-2.compute.amazonaws.com:3306/lms]
09:23:53,804  INFO pooling:135 - HHH10001001: Connection properties: {user=cs425, password=****}
09:23:53,805  INFO pooling:140 - HHH10001003: Autocommit mode: false
09:23:53,808  INFO DriverManagerConnectionProviderImpl:41 - HHH000115: Hibernate connection pool size: 20 (min=1)
09:23:54,910  INFO Dialect:157 - HHH000400: Using dialect: org.hibernate.dialect.MySQLDialect
09:23:55,291 TRACE TypeFactory:58 - Scoping types to session factory org.hibernate.internal.SessionFactoryImpl@6f8f9349
09:23:55,763  INFO access:47 - HHH10001501: Connection obtained from JdbcConnectionAccess [org.hibernate.engine.jdbc.env.internal.JdbcEnvironmentInitiator$ConnectionProviderJdbcConnectionAccess@23c650a3] for (non-JTA) DDL execution was not in auto-commit mode; the Connection 'local transaction' will be committed and the Connection will be set into auto-commit mode.
09:23:58,955  INFO access:47 - HHH10001501: Connection obtained from JdbcConnectionAccess [org.hibernate.engine.jdbc.env.internal.JdbcEnvironmentInitiator$ConnectionProviderJdbcConnectionAccess@341a8659] for (non-JTA) DDL execution was not in auto-commit mode; the Connection 'local transaction' will be committed and the Connection will be set into auto-commit mode.
09:24:01,984  INFO SchemaCreatorImpl:488 - HHH000476: Executing import script 'org.hibernate.tool.schema.internal.exec.ScriptSourceInputNonExistentImpl@55b62629'
09:24:02,223 TRACE BasicBinder:65 - binding parameter [1] as [INTEGER] - [0]
09:24:02,455 TRACE BasicBinder:65 - binding parameter [1] as [INTEGER] - [1]
09:41:22,493  INFO Version:37 - HHH000412: Hibernate Core {5.1.0.Final}
09:41:22,497  INFO Environment:213 - HHH000206: hibernate.properties not found
09:41:22,501  INFO Environment:317 - HHH000021: Bytecode provider name : javassist
09:41:22,754  INFO Version:66 - HCANN000001: Hibernate Commons Annotations {5.0.1.Final}
09:41:22,776 DEBUG BasicTypeRegistry:135 - Adding type registration boolean -> org.hibernate.type.BooleanType@4671e53b
09:41:22,776 DEBUG BasicTypeRegistry:135 - Adding type registration boolean -> org.hibernate.type.BooleanType@4671e53b
09:41:22,776 DEBUG BasicTypeRegistry:135 - Adding type registration java.lang.Boolean -> org.hibernate.type.BooleanType@4671e53b
09:41:22,778 DEBUG BasicTypeRegistry:135 - Adding type registration numeric_boolean -> org.hibernate.type.NumericBooleanType@52f759d7
09:41:22,779 DEBUG BasicTypeRegistry:135 - Adding type registration true_false -> org.hibernate.type.TrueFalseType@64f6106c
09:41:22,781 DEBUG BasicTypeRegistry:135 - Adding type registration yes_no -> org.hibernate.type.YesNoType@5891e32e
09:41:22,783 DEBUG BasicTypeRegistry:135 - Adding type registration byte -> org.hibernate.type.ByteType@4e718207
09:41:22,783 DEBUG BasicTypeRegistry:135 - Adding type registration byte -> org.hibernate.type.ByteType@4e718207
09:41:22,783 DEBUG BasicTypeRegistry:135 - Adding type registration java.lang.Byte -> org.hibernate.type.ByteType@4e718207
09:41:22,784 DEBUG BasicTypeRegistry:135 - Adding type registration character -> org.hibernate.type.CharacterType@7403c468
09:41:22,786 DEBUG BasicTypeRegistry:135 - Adding type registration char -> org.hibernate.type.CharacterType@7403c468
09:41:22,786 DEBUG BasicTypeRegistry:135 - Adding type registration java.lang.Character -> org.hibernate.type.CharacterType@7403c468
09:41:22,790 DEBUG BasicTypeRegistry:135 - Adding type registration short -> org.hibernate.type.ShortType@2de8284b
09:41:22,790 DEBUG BasicTypeRegistry:135 - Adding type registration short -> org.hibernate.type.ShortType@2de8284b
09:41:22,791 DEBUG BasicTypeRegistry:135 - Adding type registration java.lang.Short -> org.hibernate.type.ShortType@2de8284b
09:41:22,793 DEBUG BasicTypeRegistry:135 - Adding type registration integer -> org.hibernate.type.IntegerType@365185bd
09:41:22,794 DEBUG BasicTypeRegistry:135 - Adding type registration int -> org.hibernate.type.IntegerType@365185bd
09:41:22,794 DEBUG BasicTypeRegistry:135 - Adding type registration java.lang.Integer -> org.hibernate.type.IntegerType@365185bd
09:41:22,797 DEBUG BasicTypeRegistry:135 - Adding type registration long -> org.hibernate.type.LongType@25bbf683
09:41:22,797 DEBUG BasicTypeRegistry:135 - Adding type registration long -> org.hibernate.type.LongType@25bbf683
09:41:22,797 DEBUG BasicTypeRegistry:135 - Adding type registration java.lang.Long -> org.hibernate.type.LongType@25bbf683
09:41:22,800 DEBUG BasicTypeRegistry:135 - Adding type registration float -> org.hibernate.type.FloatType@1786f9d5
09:41:22,800 DEBUG BasicTypeRegistry:135 - Adding type registration float -> org.hibernate.type.FloatType@1786f9d5
09:41:22,800 DEBUG BasicTypeRegistry:135 - Adding type registration java.lang.Float -> org.hibernate.type.FloatType@1786f9d5
09:41:22,802 DEBUG BasicTypeRegistry:135 - Adding type registration double -> org.hibernate.type.DoubleType@6eceb130
09:41:22,803 DEBUG BasicTypeRegistry:135 - Adding type registration double -> org.hibernate.type.DoubleType@6eceb130
09:41:22,803 DEBUG BasicTypeRegistry:135 - Adding type registration java.lang.Double -> org.hibernate.type.DoubleType@6eceb130
09:41:22,806 DEBUG BasicTypeRegistry:135 - Adding type registration big_decimal -> org.hibernate.type.BigDecimalType@646007f4
09:41:22,807 DEBUG BasicTypeRegistry:135 - Adding type registration java.math.BigDecimal -> org.hibernate.type.BigDecimalType@646007f4
09:41:22,809 DEBUG BasicTypeRegistry:135 - Adding type registration big_integer -> org.hibernate.type.BigIntegerType@4cf4d528
09:41:22,809 DEBUG BasicTypeRegistry:135 - Adding type registration java.math.BigInteger -> org.hibernate.type.BigIntegerType@4cf4d528
09:41:22,812 DEBUG BasicTypeRegistry:135 - Adding type registration string -> org.hibernate.type.StringType@727803de
09:41:22,815 DEBUG BasicTypeRegistry:135 - Adding type registration java.lang.String -> org.hibernate.type.StringType@727803de
09:41:22,816 DEBUG BasicTypeRegistry:135 - Adding type registration nstring -> org.hibernate.type.StringNVarcharType@2f0a87b3
09:41:22,817 DEBUG BasicTypeRegistry:135 - Adding type registration ncharacter -> org.hibernate.type.CharacterNCharType@31f924f5
09:41:22,819 DEBUG BasicTypeRegistry:135 - Adding type registration url -> org.hibernate.type.UrlType@2fd66ad3
09:41:22,819 DEBUG BasicTypeRegistry:135 - Adding type registration java.net.URL -> org.hibernate.type.UrlType@2fd66ad3
09:41:22,822 DEBUG BasicTypeRegistry:135 - Adding type registration date -> org.hibernate.type.DateType@6dde5c8c
09:41:22,823 DEBUG BasicTypeRegistry:135 - Adding type registration java.sql.Date -> org.hibernate.type.DateType@6dde5c8c
09:41:22,825 DEBUG BasicTypeRegistry:135 - Adding type registration time -> org.hibernate.type.TimeType@35a50a4c
09:41:22,825 DEBUG BasicTypeRegistry:135 - Adding type registration java.sql.Time -> org.hibernate.type.TimeType@35a50a4c
09:41:22,827 DEBUG BasicTypeRegistry:135 - Adding type registration timestamp -> org.hibernate.type.TimestampType@6d3af739
09:41:22,827 DEBUG BasicTypeRegistry:135 - Adding type registration java.sql.Timestamp -> org.hibernate.type.TimestampType@6d3af739
09:41:22,828 DEBUG BasicTypeRegistry:135 - Adding type registration java.util.Date -> org.hibernate.type.TimestampType@6d3af739
09:41:22,829 DEBUG BasicTypeRegistry:135 - Adding type registration dbtimestamp -> org.hibernate.type.DbTimestampType@7e9a5fbe
09:41:22,832 DEBUG BasicTypeRegistry:135 - Adding type registration calendar -> org.hibernate.type.CalendarType@15b3e5b
09:41:22,832 DEBUG BasicTypeRegistry:135 - Adding type registration java.util.Calendar -> org.hibernate.type.CalendarType@15b3e5b
09:41:22,833 DEBUG BasicTypeRegistry:135 - Adding type registration java.util.GregorianCalendar -> org.hibernate.type.CalendarType@15b3e5b
09:41:22,835 DEBUG BasicTypeRegistry:135 - Adding type registration calendar_date -> org.hibernate.type.CalendarDateType@134593bf
09:41:22,837 DEBUG BasicTypeRegistry:135 - Adding type registration locale -> org.hibernate.type.LocaleType@7dc222ae
09:41:22,838 DEBUG BasicTypeRegistry:135 - Adding type registration java.util.Locale -> org.hibernate.type.LocaleType@7dc222ae
09:41:22,841 DEBUG BasicTypeRegistry:135 - Adding type registration currency -> org.hibernate.type.CurrencyType@b9afc07
09:41:22,842 DEBUG BasicTypeRegistry:135 - Adding type registration java.util.Currency -> org.hibernate.type.CurrencyType@b9afc07
09:41:22,843 DEBUG BasicTypeRegistry:135 - Adding type registration timezone -> org.hibernate.type.TimeZoneType@15bfd87
09:41:22,844 DEBUG BasicTypeRegistry:135 - Adding type registration java.util.TimeZone -> org.hibernate.type.TimeZoneType@15bfd87
09:41:22,845 DEBUG BasicTypeRegistry:135 - Adding type registration class -> org.hibernate.type.ClassType@44f75083
09:41:22,845 DEBUG BasicTypeRegistry:135 - Adding type registration java.lang.Class -> org.hibernate.type.ClassType@44f75083
09:41:22,848 DEBUG BasicTypeRegistry:135 - Adding type registration uuid-binary -> org.hibernate.type.UUIDBinaryType@1e4a7dd4
09:41:22,848 DEBUG BasicTypeRegistry:135 - Adding type registration java.util.UUID -> org.hibernate.type.UUIDBinaryType@1e4a7dd4
09:41:22,850 DEBUG BasicTypeRegistry:135 - Adding type registration uuid-char -> org.hibernate.type.UUIDCharType@5e57643e
09:41:22,852 DEBUG BasicTypeRegistry:135 - Adding type registration binary -> org.hibernate.type.BinaryType@1cab0bfb
09:41:22,852 DEBUG BasicTypeRegistry:135 - Adding type registration byte[] -> org.hibernate.type.BinaryType@1cab0bfb
09:41:22,853 DEBUG BasicTypeRegistry:135 - Adding type registration [B -> org.hibernate.type.BinaryType@1cab0bfb
09:41:22,854 DEBUG BasicTypeRegistry:135 - Adding type registration wrapper-binary -> org.hibernate.type.WrapperBinaryType@140e5a13
09:41:22,855 DEBUG BasicTypeRegistry:135 - Adding type registration Byte[] -> org.hibernate.type.WrapperBinaryType@140e5a13
09:41:22,855 DEBUG BasicTypeRegistry:135 - Adding type registration [Ljava.lang.Byte; -> org.hibernate.type.WrapperBinaryType@140e5a13
09:41:22,856 DEBUG BasicTypeRegistry:135 - Adding type registration image -> org.hibernate.type.ImageType@6c9f5c0d
09:41:22,858 DEBUG BasicTypeRegistry:135 - Adding type registration characters -> org.hibernate.type.CharArrayType@2df32bf7
09:41:22,859 DEBUG BasicTypeRegistry:135 - Adding type registration char[] -> org.hibernate.type.CharArrayType@2df32bf7
09:41:22,859 DEBUG BasicTypeRegistry:135 - Adding type registration [C -> org.hibernate.type.CharArrayType@2df32bf7
09:41:22,860 DEBUG BasicTypeRegistry:135 - Adding type registration wrapper-characters -> org.hibernate.type.CharacterArrayType@58a90037
09:41:22,861 DEBUG BasicTypeRegistry:135 - Adding type registration [Ljava.lang.Character; -> org.hibernate.type.CharacterArrayType@58a90037
09:41:22,861 DEBUG BasicTypeRegistry:135 - Adding type registration Character[] -> org.hibernate.type.CharacterArrayType@58a90037
09:41:22,862 DEBUG BasicTypeRegistry:135 - Adding type registration text -> org.hibernate.type.TextType@2f490758
09:41:22,863 DEBUG BasicTypeRegistry:135 - Adding type registration ntext -> org.hibernate.type.NTextType@588df31b
09:41:22,867 DEBUG BasicTypeRegistry:135 - Adding type registration blob -> org.hibernate.type.BlobType@11c20519
09:41:22,868 DEBUG BasicTypeRegistry:135 - Adding type registration java.sql.Blob -> org.hibernate.type.BlobType@11c20519
09:41:22,868 DEBUG BasicTypeRegistry:135 - Adding type registration materialized_blob -> org.hibernate.type.MaterializedBlobType@32a068d1
09:41:22,872 DEBUG BasicTypeRegistry:135 - Adding type registration clob -> org.hibernate.type.ClobType@37574691
09:41:22,872 DEBUG BasicTypeRegistry:135 - Adding type registration java.sql.Clob -> org.hibernate.type.ClobType@37574691
09:41:22,877 DEBUG BasicTypeRegistry:135 - Adding type registration nclob -> org.hibernate.type.NClobType@641147d0
09:41:22,877 DEBUG BasicTypeRegistry:135 - Adding type registration java.sql.NClob -> org.hibernate.type.NClobType@641147d0
09:41:22,878 DEBUG BasicTypeRegistry:135 - Adding type registration materialized_clob -> org.hibernate.type.MaterializedClobType@27c6e487
09:41:22,879 DEBUG BasicTypeRegistry:135 - Adding type registration materialized_nclob -> org.hibernate.type.MaterializedNClobType@38364841
09:41:22,880 DEBUG BasicTypeRegistry:135 - Adding type registration serializable -> org.hibernate.type.SerializableType@15d9bc04
09:41:22,882 DEBUG BasicTypeRegistry:135 - Adding type registration object -> org.hibernate.type.ObjectType@6b1274d2
09:41:22,883 DEBUG BasicTypeRegistry:135 - Adding type registration java.lang.Object -> org.hibernate.type.ObjectType@6b1274d2
09:41:22,883 DEBUG BasicTypeRegistry:135 - Adding type registration imm_date -> org.hibernate.type.AdaptedImmutableType@ba8d91c
09:41:22,884 DEBUG BasicTypeRegistry:135 - Adding type registration imm_time -> org.hibernate.type.AdaptedImmutableType@7364985f
09:41:22,884 DEBUG BasicTypeRegistry:135 - Adding type registration imm_timestamp -> org.hibernate.type.AdaptedImmutableType@5d20e46
09:41:22,884 DEBUG BasicTypeRegistry:135 - Adding type registration imm_dbtimestamp -> org.hibernate.type.AdaptedImmutableType@709ba3fb
09:41:22,885 DEBUG BasicTypeRegistry:135 - Adding type registration imm_calendar -> org.hibernate.type.AdaptedImmutableType@3d36e4cd
09:41:22,885 DEBUG BasicTypeRegistry:135 - Adding type registration imm_calendar_date -> org.hibernate.type.AdaptedImmutableType@6a472554
09:41:22,885 DEBUG BasicTypeRegistry:135 - Adding type registration imm_binary -> org.hibernate.type.AdaptedImmutableType@7ff2a664
09:41:22,886 DEBUG BasicTypeRegistry:135 - Adding type registration imm_serializable -> org.hibernate.type.AdaptedImmutableType@525b461a
09:41:22,893  WARN ConnectionProviderInitiator:213 - HHH000022: c3p0 properties were encountered, but the c3p0 provider class was not found on the classpath; these properties are going to be ignored.
09:41:22,897  WARN connections:71 - HHH10001002: Using Hibernate built-in connection pool (not for production use!)
09:41:22,903  INFO connections:127 - HHH10001005: using driver [com.mysql.jdbc.Driver] at URL [jdbc:mysql://ec2-52-36-168-250.us-west-2.compute.amazonaws.com:3306/lms]
09:41:22,904  INFO connections:136 - HHH10001001: Connection properties: {user=cs425, password=****}
09:41:22,905  INFO connections:141 - HHH10001003: Autocommit mode: false
09:41:22,909  INFO DriverManagerConnectionProviderImpl:39 - HHH000115: Hibernate connection pool size: 20 (min=1)
09:41:23,994  INFO Dialect:156 - HHH000400: Using dialect: org.hibernate.dialect.MySQLDialect
09:44:37,869  INFO Version:37 - HHH000412: Hibernate Core {5.1.0.Final}
09:44:37,873  INFO Environment:213 - HHH000206: hibernate.properties not found
09:44:37,877  INFO Environment:317 - HHH000021: Bytecode provider name : javassist
09:44:38,126  INFO Version:66 - HCANN000001: Hibernate Commons Annotations {5.0.1.Final}
09:44:38,932 DEBUG BasicTypeRegistry:135 - Adding type registration boolean -> org.hibernate.type.BooleanType@5acf93bb
09:44:38,934 DEBUG BasicTypeRegistry:135 - Adding type registration boolean -> org.hibernate.type.BooleanType@5acf93bb
09:44:38,934 DEBUG BasicTypeRegistry:135 - Adding type registration java.lang.Boolean -> org.hibernate.type.BooleanType@5acf93bb
09:44:38,936 DEBUG BasicTypeRegistry:135 - Adding type registration numeric_boolean -> org.hibernate.type.NumericBooleanType@66d3eec0
09:44:38,938 DEBUG BasicTypeRegistry:135 - Adding type registration true_false -> org.hibernate.type.TrueFalseType@f5acb9d
09:44:38,939 DEBUG BasicTypeRegistry:135 - Adding type registration yes_no -> org.hibernate.type.YesNoType@25fb8912
09:44:38,941 DEBUG BasicTypeRegistry:135 - Adding type registration byte -> org.hibernate.type.ByteType@74751b3
09:44:38,942 DEBUG BasicTypeRegistry:135 - Adding type registration byte -> org.hibernate.type.ByteType@74751b3
09:44:38,942 DEBUG BasicTypeRegistry:135 - Adding type registration java.lang.Byte -> org.hibernate.type.ByteType@74751b3
09:44:38,944 DEBUG BasicTypeRegistry:135 - Adding type registration character -> org.hibernate.type.CharacterType@4f2b503c
09:44:38,944 DEBUG BasicTypeRegistry:135 - Adding type registration char -> org.hibernate.type.CharacterType@4f2b503c
09:44:38,944 DEBUG BasicTypeRegistry:135 - Adding type registration java.lang.Character -> org.hibernate.type.CharacterType@4f2b503c
09:44:38,947 DEBUG BasicTypeRegistry:135 - Adding type registration short -> org.hibernate.type.ShortType@5d0a1059
09:44:38,947 DEBUG BasicTypeRegistry:135 - Adding type registration short -> org.hibernate.type.ShortType@5d0a1059
09:44:38,947 DEBUG BasicTypeRegistry:135 - Adding type registration java.lang.Short -> org.hibernate.type.ShortType@5d0a1059
09:44:38,949 DEBUG BasicTypeRegistry:135 - Adding type registration integer -> org.hibernate.type.IntegerType@5a56cdac
09:44:38,949 DEBUG BasicTypeRegistry:135 - Adding type registration int -> org.hibernate.type.IntegerType@5a56cdac
09:44:38,950 DEBUG BasicTypeRegistry:135 - Adding type registration java.lang.Integer -> org.hibernate.type.IntegerType@5a56cdac
09:44:38,951 DEBUG BasicTypeRegistry:135 - Adding type registration long -> org.hibernate.type.LongType@2805d709
09:44:38,952 DEBUG BasicTypeRegistry:135 - Adding type registration long -> org.hibernate.type.LongType@2805d709
09:44:38,952 DEBUG BasicTypeRegistry:135 - Adding type registration java.lang.Long -> org.hibernate.type.LongType@2805d709
09:44:38,954 DEBUG BasicTypeRegistry:135 - Adding type registration float -> org.hibernate.type.FloatType@ffaa6af
09:44:38,954 DEBUG BasicTypeRegistry:135 - Adding type registration float -> org.hibernate.type.FloatType@ffaa6af
09:44:38,954 DEBUG BasicTypeRegistry:135 - Adding type registration java.lang.Float -> org.hibernate.type.FloatType@ffaa6af
09:44:38,956 DEBUG BasicTypeRegistry:135 - Adding type registration double -> org.hibernate.type.DoubleType@31fa1761
09:44:38,956 DEBUG BasicTypeRegistry:135 - Adding type registration double -> org.hibernate.type.DoubleType@31fa1761
09:44:38,957 DEBUG BasicTypeRegistry:135 - Adding type registration java.lang.Double -> org.hibernate.type.DoubleType@31fa1761
09:44:38,958 DEBUG BasicTypeRegistry:135 - Adding type registration big_decimal -> org.hibernate.type.BigDecimalType@7bab3f1a
09:44:38,958 DEBUG BasicTypeRegistry:135 - Adding type registration java.math.BigDecimal -> org.hibernate.type.BigDecimalType@7bab3f1a
09:44:38,959 DEBUG BasicTypeRegistry:135 - Adding type registration big_integer -> org.hibernate.type.BigIntegerType@12aba8be
09:44:38,960 DEBUG BasicTypeRegistry:135 - Adding type registration java.math.BigInteger -> org.hibernate.type.BigIntegerType@12aba8be
09:44:38,961 DEBUG BasicTypeRegistry:135 - Adding type registration string -> org.hibernate.type.StringType@71a8adcf
09:44:38,962 DEBUG BasicTypeRegistry:135 - Adding type registration java.lang.String -> org.hibernate.type.StringType@71a8adcf
09:44:38,963 DEBUG BasicTypeRegistry:135 - Adding type registration nstring -> org.hibernate.type.StringNVarcharType@47e2e487
09:44:38,964 DEBUG BasicTypeRegistry:135 - Adding type registration ncharacter -> org.hibernate.type.CharacterNCharType@26e356f0
09:44:38,965 DEBUG BasicTypeRegistry:135 - Adding type registration url -> org.hibernate.type.UrlType@1151e434
09:44:38,965 DEBUG BasicTypeRegistry:135 - Adding type registration java.net.URL -> org.hibernate.type.UrlType@1151e434
09:44:38,967 DEBUG BasicTypeRegistry:135 - Adding type registration date -> org.hibernate.type.DateType@29215f06
09:44:38,967 DEBUG BasicTypeRegistry:135 - Adding type registration java.sql.Date -> org.hibernate.type.DateType@29215f06
09:44:38,969 DEBUG BasicTypeRegistry:135 - Adding type registration time -> org.hibernate.type.TimeType@506ae4d4
09:44:38,969 DEBUG BasicTypeRegistry:135 - Adding type registration java.sql.Time -> org.hibernate.type.TimeType@506ae4d4
09:44:38,971 DEBUG BasicTypeRegistry:135 - Adding type registration timestamp -> org.hibernate.type.TimestampType@7db12bb6
09:44:38,972 DEBUG BasicTypeRegistry:135 - Adding type registration java.sql.Timestamp -> org.hibernate.type.TimestampType@7db12bb6
09:44:38,972 DEBUG BasicTypeRegistry:135 - Adding type registration java.util.Date -> org.hibernate.type.TimestampType@7db12bb6
09:44:38,974 DEBUG BasicTypeRegistry:135 - Adding type registration dbtimestamp -> org.hibernate.type.DbTimestampType@73e9cf30
09:44:38,976 DEBUG BasicTypeRegistry:135 - Adding type registration calendar -> org.hibernate.type.CalendarType@3527942a
09:44:38,976 DEBUG BasicTypeRegistry:135 - Adding type registration java.util.Calendar -> org.hibernate.type.CalendarType@3527942a
09:44:38,977 DEBUG BasicTypeRegistry:135 - Adding type registration java.util.GregorianCalendar -> org.hibernate.type.CalendarType@3527942a
09:44:38,978 DEBUG BasicTypeRegistry:135 - Adding type registration calendar_date -> org.hibernate.type.CalendarDateType@5a45133e
09:44:38,980 DEBUG BasicTypeRegistry:135 - Adding type registration locale -> org.hibernate.type.LocaleType@130c12b7
09:44:38,981 DEBUG BasicTypeRegistry:135 - Adding type registration java.util.Locale -> org.hibernate.type.LocaleType@130c12b7
09:44:38,982 DEBUG BasicTypeRegistry:135 - Adding type registration currency -> org.hibernate.type.CurrencyType@70e9c95d
09:44:38,983 DEBUG BasicTypeRegistry:135 - Adding type registration java.util.Currency -> org.hibernate.type.CurrencyType@70e9c95d
09:44:38,985 DEBUG BasicTypeRegistry:135 - Adding type registration timezone -> org.hibernate.type.TimeZoneType@2e6a8155
09:44:38,985 DEBUG BasicTypeRegistry:135 - Adding type registration java.util.TimeZone -> org.hibernate.type.TimeZoneType@2e6a8155
09:44:38,987 DEBUG BasicTypeRegistry:135 - Adding type registration class -> org.hibernate.type.ClassType@25641d39
09:44:38,987 DEBUG BasicTypeRegistry:135 - Adding type registration java.lang.Class -> org.hibernate.type.ClassType@25641d39
09:44:38,990 DEBUG BasicTypeRegistry:135 - Adding type registration uuid-binary -> org.hibernate.type.UUIDBinaryType@4686afc2
09:44:38,990 DEBUG BasicTypeRegistry:135 - Adding type registration java.util.UUID -> org.hibernate.type.UUIDBinaryType@4686afc2
09:44:38,991 DEBUG BasicTypeRegistry:135 - Adding type registration uuid-char -> org.hibernate.type.UUIDCharType@38cee291
09:44:38,993 DEBUG BasicTypeRegistry:135 - Adding type registration binary -> org.hibernate.type.BinaryType@2794eab6
09:44:38,994 DEBUG BasicTypeRegistry:135 - Adding type registration byte[] -> org.hibernate.type.BinaryType@2794eab6
09:44:38,994 DEBUG BasicTypeRegistry:135 - Adding type registration [B -> org.hibernate.type.BinaryType@2794eab6
09:44:38,995 DEBUG BasicTypeRegistry:135 - Adding type registration wrapper-binary -> org.hibernate.type.WrapperBinaryType@6574a52c
09:44:38,996 DEBUG BasicTypeRegistry:135 - Adding type registration Byte[] -> org.hibernate.type.WrapperBinaryType@6574a52c
09:44:38,996 DEBUG BasicTypeRegistry:135 - Adding type registration [Ljava.lang.Byte; -> org.hibernate.type.WrapperBinaryType@6574a52c
09:44:38,997 DEBUG BasicTypeRegistry:135 - Adding type registration image -> org.hibernate.type.ImageType@1e6a3214
09:44:38,998 DEBUG BasicTypeRegistry:135 - Adding type registration characters -> org.hibernate.type.CharArrayType@71ba6d4e
09:44:38,998 DEBUG BasicTypeRegistry:135 - Adding type registration char[] -> org.hibernate.type.CharArrayType@71ba6d4e
09:44:38,999 DEBUG BasicTypeRegistry:135 - Adding type registration [C -> org.hibernate.type.CharArrayType@71ba6d4e
09:44:39,000 DEBUG BasicTypeRegistry:135 - Adding type registration wrapper-characters -> org.hibernate.type.CharacterArrayType@d86a6f
09:44:39,001 DEBUG BasicTypeRegistry:135 - Adding type registration [Ljava.lang.Character; -> org.hibernate.type.CharacterArrayType@d86a6f
09:44:39,001 DEBUG BasicTypeRegistry:135 - Adding type registration Character[] -> org.hibernate.type.CharacterArrayType@d86a6f
09:44:39,002 DEBUG BasicTypeRegistry:135 - Adding type registration text -> org.hibernate.type.TextType@3e27aa33
09:44:39,003 DEBUG BasicTypeRegistry:135 - Adding type registration ntext -> org.hibernate.type.NTextType@46cdf8bd
09:44:39,006 DEBUG BasicTypeRegistry:135 - Adding type registration blob -> org.hibernate.type.BlobType@470734c3
09:44:39,007 DEBUG BasicTypeRegistry:135 - Adding type registration java.sql.Blob -> org.hibernate.type.BlobType@470734c3
09:44:39,007 DEBUG BasicTypeRegistry:135 - Adding type registration materialized_blob -> org.hibernate.type.MaterializedBlobType@69e153c5
09:44:39,012 DEBUG BasicTypeRegistry:135 - Adding type registration clob -> org.hibernate.type.ClobType@74d1dc36
09:44:39,013 DEBUG BasicTypeRegistry:135 - Adding type registration java.sql.Clob -> org.hibernate.type.ClobType@74d1dc36
09:44:39,017 DEBUG BasicTypeRegistry:135 - Adding type registration nclob -> org.hibernate.type.NClobType@350aac89
09:44:39,017 DEBUG BasicTypeRegistry:135 - Adding type registration java.sql.NClob -> org.hibernate.type.NClobType@350aac89
09:44:39,018 DEBUG BasicTypeRegistry:135 - Adding type registration materialized_clob -> org.hibernate.type.MaterializedClobType@79e4c792
09:44:39,018 DEBUG BasicTypeRegistry:135 - Adding type registration materialized_nclob -> org.hibernate.type.MaterializedNClobType@15043a2f
09:44:39,020 DEBUG BasicTypeRegistry:135 - Adding type registration serializable -> org.hibernate.type.SerializableType@28261e8e
09:44:39,022 DEBUG BasicTypeRegistry:135 - Adding type registration object -> org.hibernate.type.ObjectType@48075da3
09:44:39,023 DEBUG BasicTypeRegistry:135 - Adding type registration java.lang.Object -> org.hibernate.type.ObjectType@48075da3
09:44:39,023 DEBUG BasicTypeRegistry:135 - Adding type registration imm_date -> org.hibernate.type.AdaptedImmutableType@5e2c3d18
09:44:39,024 DEBUG BasicTypeRegistry:135 - Adding type registration imm_time -> org.hibernate.type.AdaptedImmutableType@2cb4893b
09:44:39,024 DEBUG BasicTypeRegistry:135 - Adding type registration imm_timestamp -> org.hibernate.type.AdaptedImmutableType@cc43f62
09:44:39,024 DEBUG BasicTypeRegistry:135 - Adding type registration imm_dbtimestamp -> org.hibernate.type.AdaptedImmutableType@5b218417
09:44:39,025 DEBUG BasicTypeRegistry:135 - Adding type registration imm_calendar -> org.hibernate.type.AdaptedImmutableType@645aa696
09:44:39,025 DEBUG BasicTypeRegistry:135 - Adding type registration imm_calendar_date -> org.hibernate.type.AdaptedImmutableType@6caf0677
09:44:39,026 DEBUG BasicTypeRegistry:135 - Adding type registration imm_binary -> org.hibernate.type.AdaptedImmutableType@413d1baf
09:44:39,026 DEBUG BasicTypeRegistry:135 - Adding type registration imm_serializable -> org.hibernate.type.AdaptedImmutableType@16eb3ea3
09:44:39,031  WARN ConnectionProviderInitiator:213 - HHH000022: c3p0 properties were encountered, but the c3p0 provider class was not found on the classpath; these properties are going to be ignored.
09:44:39,034  WARN connections:71 - HHH10001002: Using Hibernate built-in connection pool (not for production use!)
09:44:39,041  INFO connections:127 - HHH10001005: using driver [com.mysql.jdbc.Driver] at URL [jdbc:mysql://ec2-52-36-168-250.us-west-2.compute.amazonaws.com:3306/lms]
09:44:39,042  INFO connections:136 - HHH10001001: Connection properties: {user=cs425, password=****}
09:44:39,043  INFO connections:141 - HHH10001003: Autocommit mode: false
09:44:39,051  INFO DriverManagerConnectionProviderImpl:39 - HHH000115: Hibernate connection pool size: 20 (min=1)
09:44:40,199  INFO Dialect:156 - HHH000400: Using dialect: org.hibernate.dialect.MySQLDialect
09:44:40,543 TRACE TypeFactory:58 - Scoping types to session factory org.hibernate.internal.SessionFactoryImpl@54a67a45
09:44:47,178  INFO SchemaCreatorImpl:470 - HHH000476: Executing import script 'org.hibernate.tool.schema.internal.exec.ScriptSourceInputNonExistentImpl@6e0ff644'
09:44:47,457 TRACE BasicBinder:65 - binding parameter [1] as [INTEGER] - [1]
09:45:14,693  INFO Version:37 - HHH000412: Hibernate Core {5.1.0.Final}
09:45:14,697  INFO Environment:213 - HHH000206: hibernate.properties not found
09:45:14,700  INFO Environment:317 - HHH000021: Bytecode provider name : javassist
09:45:14,974  INFO Version:66 - HCANN000001: Hibernate Commons Annotations {5.0.1.Final}
09:45:16,000 DEBUG BasicTypeRegistry:135 - Adding type registration boolean -> org.hibernate.type.BooleanType@9ab9261
09:45:16,001 DEBUG BasicTypeRegistry:135 - Adding type registration boolean -> org.hibernate.type.BooleanType@9ab9261
09:45:16,001 DEBUG BasicTypeRegistry:135 - Adding type registration java.lang.Boolean -> org.hibernate.type.BooleanType@9ab9261
09:45:16,002 DEBUG BasicTypeRegistry:135 - Adding type registration numeric_boolean -> org.hibernate.type.NumericBooleanType@3964fc53
09:45:16,004 DEBUG BasicTypeRegistry:135 - Adding type registration true_false -> org.hibernate.type.TrueFalseType@55eaf080
09:45:16,004 DEBUG BasicTypeRegistry:135 - Adding type registration yes_no -> org.hibernate.type.YesNoType@497fcfe1
09:45:16,006 DEBUG BasicTypeRegistry:135 - Adding type registration byte -> org.hibernate.type.ByteType@b29b889
09:45:16,006 DEBUG BasicTypeRegistry:135 - Adding type registration byte -> org.hibernate.type.ByteType@b29b889
09:45:16,007 DEBUG BasicTypeRegistry:135 - Adding type registration java.lang.Byte -> org.hibernate.type.ByteType@b29b889
09:45:16,008 DEBUG BasicTypeRegistry:135 - Adding type registration character -> org.hibernate.type.CharacterType@296a8e18
09:45:16,008 DEBUG BasicTypeRegistry:135 - Adding type registration char -> org.hibernate.type.CharacterType@296a8e18
09:45:16,009 DEBUG BasicTypeRegistry:135 - Adding type registration java.lang.Character -> org.hibernate.type.CharacterType@296a8e18
09:45:16,011 DEBUG BasicTypeRegistry:135 - Adding type registration short -> org.hibernate.type.ShortType@656a0adc
09:45:16,011 DEBUG BasicTypeRegistry:135 - Adding type registration short -> org.hibernate.type.ShortType@656a0adc
09:45:16,012 DEBUG BasicTypeRegistry:135 - Adding type registration java.lang.Short -> org.hibernate.type.ShortType@656a0adc
09:45:16,013 DEBUG BasicTypeRegistry:135 - Adding type registration integer -> org.hibernate.type.IntegerType@5a2470ee
09:45:16,013 DEBUG BasicTypeRegistry:135 - Adding type registration int -> org.hibernate.type.IntegerType@5a2470ee
09:45:16,014 DEBUG BasicTypeRegistry:135 - Adding type registration java.lang.Integer -> org.hibernate.type.IntegerType@5a2470ee
09:45:16,015 DEBUG BasicTypeRegistry:135 - Adding type registration long -> org.hibernate.type.LongType@33935a68
09:45:16,016 DEBUG BasicTypeRegistry:135 - Adding type registration long -> org.hibernate.type.LongType@33935a68
09:45:16,016 DEBUG BasicTypeRegistry:135 - Adding type registration java.lang.Long -> org.hibernate.type.LongType@33935a68
09:45:16,018 DEBUG BasicTypeRegistry:135 - Adding type registration float -> org.hibernate.type.FloatType@c114739
09:45:16,018 DEBUG BasicTypeRegistry:135 - Adding type registration float -> org.hibernate.type.FloatType@c114739
09:45:16,018 DEBUG BasicTypeRegistry:135 - Adding type registration java.lang.Float -> org.hibernate.type.FloatType@c114739
09:45:16,020 DEBUG BasicTypeRegistry:135 - Adding type registration double -> org.hibernate.type.DoubleType@3eb6e46
09:45:16,020 DEBUG BasicTypeRegistry:135 - Adding type registration double -> org.hibernate.type.DoubleType@3eb6e46
09:45:16,020 DEBUG BasicTypeRegistry:135 - Adding type registration java.lang.Double -> org.hibernate.type.DoubleType@3eb6e46
09:45:16,022 DEBUG BasicTypeRegistry:135 - Adding type registration big_decimal -> org.hibernate.type.BigDecimalType@54b7b17a
09:45:16,022 DEBUG BasicTypeRegistry:135 - Adding type registration java.math.BigDecimal -> org.hibernate.type.BigDecimalType@54b7b17a
09:45:16,024 DEBUG BasicTypeRegistry:135 - Adding type registration big_integer -> org.hibernate.type.BigIntegerType@5fcab519
09:45:16,024 DEBUG BasicTypeRegistry:135 - Adding type registration java.math.BigInteger -> org.hibernate.type.BigIntegerType@5fcab519
09:45:16,025 DEBUG BasicTypeRegistry:135 - Adding type registration string -> org.hibernate.type.StringType@3686602e
09:45:16,025 DEBUG BasicTypeRegistry:135 - Adding type registration java.lang.String -> org.hibernate.type.StringType@3686602e
09:45:16,027 DEBUG BasicTypeRegistry:135 - Adding type registration nstring -> org.hibernate.type.StringNVarcharType@6e44c256
09:45:16,028 DEBUG BasicTypeRegistry:135 - Adding type registration ncharacter -> org.hibernate.type.CharacterNCharType@1de10458
09:45:16,029 DEBUG BasicTypeRegistry:135 - Adding type registration url -> org.hibernate.type.UrlType@64e68408
09:45:16,030 DEBUG BasicTypeRegistry:135 - Adding type registration java.net.URL -> org.hibernate.type.UrlType@64e68408
09:45:16,032 DEBUG BasicTypeRegistry:135 - Adding type registration date -> org.hibernate.type.DateType@4f4fe346
09:45:16,032 DEBUG BasicTypeRegistry:135 - Adding type registration java.sql.Date -> org.hibernate.type.DateType@4f4fe346
09:45:16,034 DEBUG BasicTypeRegistry:135 - Adding type registration time -> org.hibernate.type.TimeType@1426b13c
09:45:16,034 DEBUG BasicTypeRegistry:135 - Adding type registration java.sql.Time -> org.hibernate.type.TimeType@1426b13c
09:45:16,036 DEBUG BasicTypeRegistry:135 - Adding type registration timestamp -> org.hibernate.type.TimestampType@e7bc1f9
09:45:16,036 DEBUG BasicTypeRegistry:135 - Adding type registration java.sql.Timestamp -> org.hibernate.type.TimestampType@e7bc1f9
09:45:16,037 DEBUG BasicTypeRegistry:135 - Adding type registration java.util.Date -> org.hibernate.type.TimestampType@e7bc1f9
09:45:16,038 DEBUG BasicTypeRegistry:135 - Adding type registration dbtimestamp -> org.hibernate.type.DbTimestampType@3cdcb012
09:45:16,040 DEBUG BasicTypeRegistry:135 - Adding type registration calendar -> org.hibernate.type.CalendarType@74571b57
09:45:16,040 DEBUG BasicTypeRegistry:135 - Adding type registration java.util.Calendar -> org.hibernate.type.CalendarType@74571b57
09:45:16,040 DEBUG BasicTypeRegistry:135 - Adding type registration java.util.GregorianCalendar -> org.hibernate.type.CalendarType@74571b57
09:45:16,041 DEBUG BasicTypeRegistry:135 - Adding type registration calendar_date -> org.hibernate.type.CalendarDateType@6b7196e4
09:45:16,042 DEBUG BasicTypeRegistry:135 - Adding type registration locale -> org.hibernate.type.LocaleType@792de7f
09:45:16,043 DEBUG BasicTypeRegistry:135 - Adding type registration java.util.Locale -> org.hibernate.type.LocaleType@792de7f
09:45:16,044 DEBUG BasicTypeRegistry:135 - Adding type registration currency -> org.hibernate.type.CurrencyType@34e989bd
09:45:16,044 DEBUG BasicTypeRegistry:135 - Adding type registration java.util.Currency -> org.hibernate.type.CurrencyType@34e989bd
09:45:16,045 DEBUG BasicTypeRegistry:135 - Adding type registration timezone -> org.hibernate.type.TimeZoneType@2767522b
09:45:16,046 DEBUG BasicTypeRegistry:135 - Adding type registration java.util.TimeZone -> org.hibernate.type.TimeZoneType@2767522b
09:45:16,047 DEBUG BasicTypeRegistry:135 - Adding type registration class -> org.hibernate.type.ClassType@429d486d
09:45:16,047 DEBUG BasicTypeRegistry:135 - Adding type registration java.lang.Class -> org.hibernate.type.ClassType@429d486d
09:45:16,049 DEBUG BasicTypeRegistry:135 - Adding type registration uuid-binary -> org.hibernate.type.UUIDBinaryType@d424b65
09:45:16,049 DEBUG BasicTypeRegistry:135 - Adding type registration java.util.UUID -> org.hibernate.type.UUIDBinaryType@d424b65
09:45:16,050 DEBUG BasicTypeRegistry:135 - Adding type registration uuid-char -> org.hibernate.type.UUIDCharType@4d5a5223
09:45:16,051 DEBUG BasicTypeRegistry:135 - Adding type registration binary -> org.hibernate.type.BinaryType@7ee3d36
09:45:16,051 DEBUG BasicTypeRegistry:135 - Adding type registration byte[] -> org.hibernate.type.BinaryType@7ee3d36
09:45:16,052 DEBUG BasicTypeRegistry:135 - Adding type registration [B -> org.hibernate.type.BinaryType@7ee3d36
09:45:16,053 DEBUG BasicTypeRegistry:135 - Adding type registration wrapper-binary -> org.hibernate.type.WrapperBinaryType@7439825d
09:45:16,053 DEBUG BasicTypeRegistry:135 - Adding type registration Byte[] -> org.hibernate.type.WrapperBinaryType@7439825d
09:45:16,054 DEBUG BasicTypeRegistry:135 - Adding type registration [Ljava.lang.Byte; -> org.hibernate.type.WrapperBinaryType@7439825d
09:45:16,055 DEBUG BasicTypeRegistry:135 - Adding type registration image -> org.hibernate.type.ImageType@68c0ec3
09:45:16,056 DEBUG BasicTypeRegistry:135 - Adding type registration characters -> org.hibernate.type.CharArrayType@69fba118
09:45:16,056 DEBUG BasicTypeRegistry:135 - Adding type registration char[] -> org.hibernate.type.CharArrayType@69fba118
09:45:16,057 DEBUG BasicTypeRegistry:135 - Adding type registration [C -> org.hibernate.type.CharArrayType@69fba118
09:45:16,058 DEBUG BasicTypeRegistry:135 - Adding type registration wrapper-characters -> org.hibernate.type.CharacterArrayType@440bf329
09:45:16,058 DEBUG BasicTypeRegistry:135 - Adding type registration [Ljava.lang.Character; -> org.hibernate.type.CharacterArrayType@440bf329
09:45:16,059 DEBUG BasicTypeRegistry:135 - Adding type registration Character[] -> org.hibernate.type.CharacterArrayType@440bf329
09:45:16,060 DEBUG BasicTypeRegistry:135 - Adding type registration text -> org.hibernate.type.TextType@3c4314fe
09:45:16,061 DEBUG BasicTypeRegistry:135 - Adding type registration ntext -> org.hibernate.type.NTextType@698cdde3
09:45:16,065 DEBUG BasicTypeRegistry:135 - Adding type registration blob -> org.hibernate.type.BlobType@c4e6fe5
09:45:16,065 DEBUG BasicTypeRegistry:135 - Adding type registration java.sql.Blob -> org.hibernate.type.BlobType@c4e6fe5
09:45:16,066 DEBUG BasicTypeRegistry:135 - Adding type registration materialized_blob -> org.hibernate.type.MaterializedBlobType@1734f867
09:45:16,070 DEBUG BasicTypeRegistry:135 - Adding type registration clob -> org.hibernate.type.ClobType@828ce9c
09:45:16,070 DEBUG BasicTypeRegistry:135 - Adding type registration java.sql.Clob -> org.hibernate.type.ClobType@828ce9c
09:45:16,073 DEBUG BasicTypeRegistry:135 - Adding type registration nclob -> org.hibernate.type.NClobType@c660ebc
09:45:16,074 DEBUG BasicTypeRegistry:135 - Adding type registration java.sql.NClob -> org.hibernate.type.NClobType@c660ebc
09:45:16,075 DEBUG BasicTypeRegistry:135 - Adding type registration materialized_clob -> org.hibernate.type.MaterializedClobType@8f2e824
09:45:16,076 DEBUG BasicTypeRegistry:135 - Adding type registration materialized_nclob -> org.hibernate.type.MaterializedNClobType@32f4236c
09:45:16,078 DEBUG BasicTypeRegistry:135 - Adding type registration serializable -> org.hibernate.type.SerializableType@11475cbd
09:45:16,081 DEBUG BasicTypeRegistry:135 - Adding type registration object -> org.hibernate.type.ObjectType@34430a24
09:45:16,081 DEBUG BasicTypeRegistry:135 - Adding type registration java.lang.Object -> org.hibernate.type.ObjectType@34430a24
09:45:16,082 DEBUG BasicTypeRegistry:135 - Adding type registration imm_date -> org.hibernate.type.AdaptedImmutableType@303be7e8
09:45:16,082 DEBUG BasicTypeRegistry:135 - Adding type registration imm_time -> org.hibernate.type.AdaptedImmutableType@2cf64915
09:45:16,083 DEBUG BasicTypeRegistry:135 - Adding type registration imm_timestamp -> org.hibernate.type.AdaptedImmutableType@5d3818c2
09:45:16,083 DEBUG BasicTypeRegistry:135 - Adding type registration imm_dbtimestamp -> org.hibernate.type.AdaptedImmutableType@de1985e
09:45:16,083 DEBUG BasicTypeRegistry:135 - Adding type registration imm_calendar -> org.hibernate.type.AdaptedImmutableType@55da4a70
09:45:16,083 DEBUG BasicTypeRegistry:135 - Adding type registration imm_calendar_date -> org.hibernate.type.AdaptedImmutableType@6e4d2b18
09:45:16,084 DEBUG BasicTypeRegistry:135 - Adding type registration imm_binary -> org.hibernate.type.AdaptedImmutableType@c486d3b
09:45:16,084 DEBUG BasicTypeRegistry:135 - Adding type registration imm_serializable -> org.hibernate.type.AdaptedImmutableType@66fb42c9
09:45:16,094  WARN connections:71 - HHH10001002: Using Hibernate built-in connection pool (not for production use!)
09:45:16,099  INFO connections:127 - HHH10001005: using driver [com.mysql.jdbc.Driver] at URL [jdbc:mysql://ec2-52-36-168-250.us-west-2.compute.amazonaws.com:3306/lms]
09:45:16,100  INFO connections:136 - HHH10001001: Connection properties: {user=cs425, password=****}
09:45:16,100  INFO connections:141 - HHH10001003: Autocommit mode: false
09:45:16,103  INFO DriverManagerConnectionProviderImpl:39 - HHH000115: Hibernate connection pool size: 20 (min=1)
09:45:17,120  INFO Dialect:156 - HHH000400: Using dialect: org.hibernate.dialect.MySQLDialect
09:45:17,495 TRACE TypeFactory:58 - Scoping types to session factory org.hibernate.internal.SessionFactoryImpl@3b748737
09:48:13,796  INFO Version:37 - HHH000412: Hibernate Core {5.1.0.Final}
09:48:13,799  INFO Environment:213 - HHH000206: hibernate.properties not found
09:48:13,805  INFO Environment:317 - HHH000021: Bytecode provider name : javassist
09:48:14,046  INFO Version:66 - HCANN000001: Hibernate Commons Annotations {5.0.1.Final}
09:48:14,876 DEBUG BasicTypeRegistry:135 - Adding type registration boolean -> org.hibernate.type.BooleanType@5acf93bb
09:48:14,876 DEBUG BasicTypeRegistry:135 - Adding type registration boolean -> org.hibernate.type.BooleanType@5acf93bb
09:48:14,877 DEBUG BasicTypeRegistry:135 - Adding type registration java.lang.Boolean -> org.hibernate.type.BooleanType@5acf93bb
09:48:14,878 DEBUG BasicTypeRegistry:135 - Adding type registration numeric_boolean -> org.hibernate.type.NumericBooleanType@66d3eec0
09:48:14,879 DEBUG BasicTypeRegistry:135 - Adding type registration true_false -> org.hibernate.type.TrueFalseType@f5acb9d
09:48:14,880 DEBUG BasicTypeRegistry:135 - Adding type registration yes_no -> org.hibernate.type.YesNoType@25fb8912
09:48:14,884 DEBUG BasicTypeRegistry:135 - Adding type registration byte -> org.hibernate.type.ByteType@74751b3
09:48:14,884 DEBUG BasicTypeRegistry:135 - Adding type registration byte -> org.hibernate.type.ByteType@74751b3
09:48:14,885 DEBUG BasicTypeRegistry:135 - Adding type registration java.lang.Byte -> org.hibernate.type.ByteType@74751b3
09:48:14,886 DEBUG BasicTypeRegistry:135 - Adding type registration character -> org.hibernate.type.CharacterType@4f2b503c
09:48:14,887 DEBUG BasicTypeRegistry:135 - Adding type registration char -> org.hibernate.type.CharacterType@4f2b503c
09:48:14,887 DEBUG BasicTypeRegistry:135 - Adding type registration java.lang.Character -> org.hibernate.type.CharacterType@4f2b503c
09:48:14,890 DEBUG BasicTypeRegistry:135 - Adding type registration short -> org.hibernate.type.ShortType@5d0a1059
09:48:14,890 DEBUG BasicTypeRegistry:135 - Adding type registration short -> org.hibernate.type.ShortType@5d0a1059
09:48:14,891 DEBUG BasicTypeRegistry:135 - Adding type registration java.lang.Short -> org.hibernate.type.ShortType@5d0a1059
09:48:14,892 DEBUG BasicTypeRegistry:135 - Adding type registration integer -> org.hibernate.type.IntegerType@5a56cdac
09:48:14,893 DEBUG BasicTypeRegistry:135 - Adding type registration int -> org.hibernate.type.IntegerType@5a56cdac
09:48:14,893 DEBUG BasicTypeRegistry:135 - Adding type registration java.lang.Integer -> org.hibernate.type.IntegerType@5a56cdac
09:48:14,896 DEBUG BasicTypeRegistry:135 - Adding type registration long -> org.hibernate.type.LongType@2805d709
09:48:14,897 DEBUG BasicTypeRegistry:135 - Adding type registration long -> org.hibernate.type.LongType@2805d709
09:48:14,897 DEBUG BasicTypeRegistry:135 - Adding type registration java.lang.Long -> org.hibernate.type.LongType@2805d709
09:48:14,899 DEBUG BasicTypeRegistry:135 - Adding type registration float -> org.hibernate.type.FloatType@ffaa6af
09:48:14,899 DEBUG BasicTypeRegistry:135 - Adding type registration float -> org.hibernate.type.FloatType@ffaa6af
09:48:14,900 DEBUG BasicTypeRegistry:135 - Adding type registration java.lang.Float -> org.hibernate.type.FloatType@ffaa6af
09:48:14,901 DEBUG BasicTypeRegistry:135 - Adding type registration double -> org.hibernate.type.DoubleType@31fa1761
09:48:14,901 DEBUG BasicTypeRegistry:135 - Adding type registration double -> org.hibernate.type.DoubleType@31fa1761
09:48:14,902 DEBUG BasicTypeRegistry:135 - Adding type registration java.lang.Double -> org.hibernate.type.DoubleType@31fa1761
09:48:14,904 DEBUG BasicTypeRegistry:135 - Adding type registration big_decimal -> org.hibernate.type.BigDecimalType@7bab3f1a
09:48:14,905 DEBUG BasicTypeRegistry:135 - Adding type registration java.math.BigDecimal -> org.hibernate.type.BigDecimalType@7bab3f1a
09:48:14,906 DEBUG BasicTypeRegistry:135 - Adding type registration big_integer -> org.hibernate.type.BigIntegerType@12aba8be
09:48:14,906 DEBUG BasicTypeRegistry:135 - Adding type registration java.math.BigInteger -> org.hibernate.type.BigIntegerType@12aba8be
09:48:14,908 DEBUG BasicTypeRegistry:135 - Adding type registration string -> org.hibernate.type.StringType@71a8adcf
09:48:14,908 DEBUG BasicTypeRegistry:135 - Adding type registration java.lang.String -> org.hibernate.type.StringType@71a8adcf
09:48:14,909 DEBUG BasicTypeRegistry:135 - Adding type registration nstring -> org.hibernate.type.StringNVarcharType@47e2e487
09:48:14,910 DEBUG BasicTypeRegistry:135 - Adding type registration ncharacter -> org.hibernate.type.CharacterNCharType@26e356f0
09:48:14,911 DEBUG BasicTypeRegistry:135 - Adding type registration url -> org.hibernate.type.UrlType@1151e434
09:48:14,912 DEBUG BasicTypeRegistry:135 - Adding type registration java.net.URL -> org.hibernate.type.UrlType@1151e434
09:48:14,913 DEBUG BasicTypeRegistry:135 - Adding type registration date -> org.hibernate.type.DateType@29215f06
09:48:14,914 DEBUG BasicTypeRegistry:135 - Adding type registration java.sql.Date -> org.hibernate.type.DateType@29215f06
09:48:14,916 DEBUG BasicTypeRegistry:135 - Adding type registration time -> org.hibernate.type.TimeType@506ae4d4
09:48:14,916 DEBUG BasicTypeRegistry:135 - Adding type registration java.sql.Time -> org.hibernate.type.TimeType@506ae4d4
09:48:14,917 DEBUG BasicTypeRegistry:135 - Adding type registration timestamp -> org.hibernate.type.TimestampType@7db12bb6
09:48:14,918 DEBUG BasicTypeRegistry:135 - Adding type registration java.sql.Timestamp -> org.hibernate.type.TimestampType@7db12bb6
09:48:14,918 DEBUG BasicTypeRegistry:135 - Adding type registration java.util.Date -> org.hibernate.type.TimestampType@7db12bb6
09:48:14,920 DEBUG BasicTypeRegistry:135 - Adding type registration dbtimestamp -> org.hibernate.type.DbTimestampType@73e9cf30
09:48:14,921 DEBUG BasicTypeRegistry:135 - Adding type registration calendar -> org.hibernate.type.CalendarType@3527942a
09:48:14,921 DEBUG BasicTypeRegistry:135 - Adding type registration java.util.Calendar -> org.hibernate.type.CalendarType@3527942a
09:48:14,922 DEBUG BasicTypeRegistry:135 - Adding type registration java.util.GregorianCalendar -> org.hibernate.type.CalendarType@3527942a
09:48:14,923 DEBUG BasicTypeRegistry:135 - Adding type registration calendar_date -> org.hibernate.type.CalendarDateType@5a45133e
09:48:14,924 DEBUG BasicTypeRegistry:135 - Adding type registration locale -> org.hibernate.type.LocaleType@130c12b7
09:48:14,924 DEBUG BasicTypeRegistry:135 - Adding type registration java.util.Locale -> org.hibernate.type.LocaleType@130c12b7
09:48:14,926 DEBUG BasicTypeRegistry:135 - Adding type registration currency -> org.hibernate.type.CurrencyType@70e9c95d
09:48:14,926 DEBUG BasicTypeRegistry:135 - Adding type registration java.util.Currency -> org.hibernate.type.CurrencyType@70e9c95d
09:48:14,927 DEBUG BasicTypeRegistry:135 - Adding type registration timezone -> org.hibernate.type.TimeZoneType@2e6a8155
09:48:14,928 DEBUG BasicTypeRegistry:135 - Adding type registration java.util.TimeZone -> org.hibernate.type.TimeZoneType@2e6a8155
09:48:14,929 DEBUG BasicTypeRegistry:135 - Adding type registration class -> org.hibernate.type.ClassType@25641d39
09:48:14,930 DEBUG BasicTypeRegistry:135 - Adding type registration java.lang.Class -> org.hibernate.type.ClassType@25641d39
09:48:14,932 DEBUG BasicTypeRegistry:135 - Adding type registration uuid-binary -> org.hibernate.type.UUIDBinaryType@4686afc2
09:48:14,932 DEBUG BasicTypeRegistry:135 - Adding type registration java.util.UUID -> org.hibernate.type.UUIDBinaryType@4686afc2
09:48:14,933 DEBUG BasicTypeRegistry:135 - Adding type registration uuid-char -> org.hibernate.type.UUIDCharType@38cee291
09:48:14,936 DEBUG BasicTypeRegistry:135 - Adding type registration binary -> org.hibernate.type.BinaryType@2794eab6
09:48:14,936 DEBUG BasicTypeRegistry:135 - Adding type registration byte[] -> org.hibernate.type.BinaryType@2794eab6
09:48:14,937 DEBUG BasicTypeRegistry:135 - Adding type registration [B -> org.hibernate.type.BinaryType@2794eab6
09:48:14,938 DEBUG BasicTypeRegistry:135 - Adding type registration wrapper-binary -> org.hibernate.type.WrapperBinaryType@6574a52c
09:48:14,938 DEBUG BasicTypeRegistry:135 - Adding type registration Byte[] -> org.hibernate.type.WrapperBinaryType@6574a52c
09:48:14,939 DEBUG BasicTypeRegistry:135 - Adding type registration [Ljava.lang.Byte; -> org.hibernate.type.WrapperBinaryType@6574a52c
09:48:14,940 DEBUG BasicTypeRegistry:135 - Adding type registration image -> org.hibernate.type.ImageType@1e6a3214
09:48:14,941 DEBUG BasicTypeRegistry:135 - Adding type registration characters -> org.hibernate.type.CharArrayType@71ba6d4e
09:48:14,941 DEBUG BasicTypeRegistry:135 - Adding type registration char[] -> org.hibernate.type.CharArrayType@71ba6d4e
09:48:14,942 DEBUG BasicTypeRegistry:135 - Adding type registration [C -> org.hibernate.type.CharArrayType@71ba6d4e
09:48:14,944 DEBUG BasicTypeRegistry:135 - Adding type registration wrapper-characters -> org.hibernate.type.CharacterArrayType@d86a6f
09:48:14,945 DEBUG BasicTypeRegistry:135 - Adding type registration [Ljava.lang.Character; -> org.hibernate.type.CharacterArrayType@d86a6f
09:48:14,945 DEBUG BasicTypeRegistry:135 - Adding type registration Character[] -> org.hibernate.type.CharacterArrayType@d86a6f
09:48:14,946 DEBUG BasicTypeRegistry:135 - Adding type registration text -> org.hibernate.type.TextType@3e27aa33
09:48:14,947 DEBUG BasicTypeRegistry:135 - Adding type registration ntext -> org.hibernate.type.NTextType@46cdf8bd
09:48:14,951 DEBUG BasicTypeRegistry:135 - Adding type registration blob -> org.hibernate.type.BlobType@470734c3
09:48:14,952 DEBUG BasicTypeRegistry:135 - Adding type registration java.sql.Blob -> org.hibernate.type.BlobType@470734c3
09:48:14,953 DEBUG BasicTypeRegistry:135 - Adding type registration materialized_blob -> org.hibernate.type.MaterializedBlobType@69e153c5
09:48:14,958 DEBUG BasicTypeRegistry:135 - Adding type registration clob -> org.hibernate.type.ClobType@74d1dc36
09:48:14,958 DEBUG BasicTypeRegistry:135 - Adding type registration java.sql.Clob -> org.hibernate.type.ClobType@74d1dc36
09:48:14,963 DEBUG BasicTypeRegistry:135 - Adding type registration nclob -> org.hibernate.type.NClobType@350aac89
09:48:14,963 DEBUG BasicTypeRegistry:135 - Adding type registration java.sql.NClob -> org.hibernate.type.NClobType@350aac89
09:48:14,964 DEBUG BasicTypeRegistry:135 - Adding type registration materialized_clob -> org.hibernate.type.MaterializedClobType@79e4c792
09:48:14,965 DEBUG BasicTypeRegistry:135 - Adding type registration materialized_nclob -> org.hibernate.type.MaterializedNClobType@15043a2f
09:48:14,967 DEBUG BasicTypeRegistry:135 - Adding type registration serializable -> org.hibernate.type.SerializableType@28261e8e
09:48:14,971 DEBUG BasicTypeRegistry:135 - Adding type registration object -> org.hibernate.type.ObjectType@48075da3
09:48:14,971 DEBUG BasicTypeRegistry:135 - Adding type registration java.lang.Object -> org.hibernate.type.ObjectType@48075da3
09:48:14,972 DEBUG BasicTypeRegistry:135 - Adding type registration imm_date -> org.hibernate.type.AdaptedImmutableType@5e2c3d18
09:48:14,972 DEBUG BasicTypeRegistry:135 - Adding type registration imm_time -> org.hibernate.type.AdaptedImmutableType@2cb4893b
09:48:14,972 DEBUG BasicTypeRegistry:135 - Adding type registration imm_timestamp -> org.hibernate.type.AdaptedImmutableType@cc43f62
09:48:14,973 DEBUG BasicTypeRegistry:135 - Adding type registration imm_dbtimestamp -> org.hibernate.type.AdaptedImmutableType@5b218417
09:48:14,973 DEBUG BasicTypeRegistry:135 - Adding type registration imm_calendar -> org.hibernate.type.AdaptedImmutableType@645aa696
09:48:14,973 DEBUG BasicTypeRegistry:135 - Adding type registration imm_calendar_date -> org.hibernate.type.AdaptedImmutableType@6caf0677
09:48:14,973 DEBUG BasicTypeRegistry:135 - Adding type registration imm_binary -> org.hibernate.type.AdaptedImmutableType@413d1baf
09:48:14,974 DEBUG BasicTypeRegistry:135 - Adding type registration imm_serializable -> org.hibernate.type.AdaptedImmutableType@16eb3ea3
09:48:14,983  WARN ConnectionProviderInitiator:213 - HHH000022: c3p0 properties were encountered, but the c3p0 provider class was not found on the classpath; these properties are going to be ignored.
09:48:14,989  WARN connections:71 - HHH10001002: Using Hibernate built-in connection pool (not for production use!)
09:48:14,997  INFO connections:127 - HHH10001005: using driver [com.mysql.jdbc.Driver] at URL [jdbc:mysql://ec2-52-36-168-250.us-west-2.compute.amazonaws.com:3306/lms]
09:48:14,998  INFO connections:136 - HHH10001001: Connection properties: {user=cs425, password=****}
09:48:14,998  INFO connections:141 - HHH10001003: Autocommit mode: false
09:48:15,003  INFO DriverManagerConnectionProviderImpl:39 - HHH000115: Hibernate connection pool size: 20 (min=1)
09:48:16,224  INFO Dialect:156 - HHH000400: Using dialect: org.hibernate.dialect.MySQLDialect
09:48:16,563 TRACE TypeFactory:58 - Scoping types to session factory org.hibernate.internal.SessionFactoryImpl@54a67a45
09:48:17,145  WARN ExceptionHandlerLoggedImpl:27 - GenerationTarget encountered exception accepting command : Unable to execute command [alter table lms.Orders drop foreign key FKbv25gkslgvpmeb7177x27i4kw]
org.hibernate.tool.schema.spi.CommandAcceptanceException: Unable to execute command [alter table lms.Orders drop foreign key FKbv25gkslgvpmeb7177x27i4kw]
	at org.hibernate.tool.schema.internal.exec.GenerationTargetToDatabase.accept(GenerationTargetToDatabase.java:63)
	at org.hibernate.tool.schema.internal.SchemaDropperImpl.applySqlString(SchemaDropperImpl.java:370)
	at org.hibernate.tool.schema.internal.SchemaDropperImpl.applySqlStrings(SchemaDropperImpl.java:355)
	at org.hibernate.tool.schema.internal.SchemaDropperImpl.applyConstraintDropping(SchemaDropperImpl.java:327)
	at org.hibernate.tool.schema.internal.SchemaDropperImpl.dropFromMetadata(SchemaDropperImpl.java:229)
	at org.hibernate.tool.schema.internal.SchemaDropperImpl.performDrop(SchemaDropperImpl.java:153)
	at org.hibernate.tool.schema.internal.SchemaDropperImpl.doDrop(SchemaDropperImpl.java:125)
	at org.hibernate.tool.schema.internal.SchemaDropperImpl.doDrop(SchemaDropperImpl.java:111)
	at org.hibernate.tool.schema.spi.SchemaManagementToolCoordinator.performDatabaseAction(SchemaManagementToolCoordinator.java:137)
	at org.hibernate.tool.schema.spi.SchemaManagementToolCoordinator.process(SchemaManagementToolCoordinator.java:64)
	at org.hibernate.internal.SessionFactoryImpl.<init>(SessionFactoryImpl.java:458)
	at org.hibernate.boot.internal.SessionFactoryBuilderImpl.build(SessionFactoryBuilderImpl.java:465)
	at org.hibernate.boot.internal.MetadataImpl.buildSessionFactory(MetadataImpl.java:170)
	at edu.iit.dao.HibernateSessionFactory.<clinit>(HibernateSessionFactory.java:36)
	at edu.iit.dao.BaseHibernateDAO.getSession(BaseHibernateDAO.java:13)
	at edu.iit.dao.StudentsDAO.findById(StudentsDAO.java:63)
	at edu.iit.test.tesGet.main(tesGet.java:10)
Caused by: com.mysql.jdbc.exceptions.jdbc4.MySQLSyntaxErrorException: Table 'lms.Orders' doesn't exist
	at sun.reflect.NativeConstructorAccessorImpl.newInstance0(Native Method)
	at sun.reflect.NativeConstructorAccessorImpl.newInstance(NativeConstructorAccessorImpl.java:62)
	at sun.reflect.DelegatingConstructorAccessorImpl.newInstance(DelegatingConstructorAccessorImpl.java:45)
	at java.lang.reflect.Constructor.newInstance(Constructor.java:423)
	at com.mysql.jdbc.Util.handleNewInstance(Util.java:404)
	at com.mysql.jdbc.Util.getInstance(Util.java:387)
	at com.mysql.jdbc.SQLError.createSQLException(SQLError.java:942)
	at com.mysql.jdbc.MysqlIO.checkErrorPacket(MysqlIO.java:3966)
	at com.mysql.jdbc.MysqlIO.checkErrorPacket(MysqlIO.java:3902)
	at com.mysql.jdbc.MysqlIO.sendCommand(MysqlIO.java:2526)
	at com.mysql.jdbc.MysqlIO.sqlQueryDirect(MysqlIO.java:2673)
	at com.mysql.jdbc.ConnectionImpl.execSQL(ConnectionImpl.java:2545)
	at com.mysql.jdbc.ConnectionImpl.execSQL(ConnectionImpl.java:2503)
	at com.mysql.jdbc.StatementImpl.executeInternal(StatementImpl.java:839)
	at com.mysql.jdbc.StatementImpl.execute(StatementImpl.java:739)
	at org.hibernate.tool.schema.internal.exec.GenerationTargetToDatabase.accept(GenerationTargetToDatabase.java:51)
	... 16 more
09:48:17,222  WARN ExceptionHandlerLoggedImpl:27 - GenerationTarget encountered exception accepting command : Unable to execute command [alter table lms.Orders drop foreign key FK1ep1ymjadvh6kffxjsp8lfiv5]
org.hibernate.tool.schema.spi.CommandAcceptanceException: Unable to execute command [alter table lms.Orders drop foreign key FK1ep1ymjadvh6kffxjsp8lfiv5]
	at org.hibernate.tool.schema.internal.exec.GenerationTargetToDatabase.accept(GenerationTargetToDatabase.java:63)
	at org.hibernate.tool.schema.internal.SchemaDropperImpl.applySqlString(SchemaDropperImpl.java:370)
	at org.hibernate.tool.schema.internal.SchemaDropperImpl.applySqlStrings(SchemaDropperImpl.java:355)
	at org.hibernate.tool.schema.internal.SchemaDropperImpl.applyConstraintDropping(SchemaDropperImpl.java:327)
	at org.hibernate.tool.schema.internal.SchemaDropperImpl.dropFromMetadata(SchemaDropperImpl.java:229)
	at org.hibernate.tool.schema.internal.SchemaDropperImpl.performDrop(SchemaDropperImpl.java:153)
	at org.hibernate.tool.schema.internal.SchemaDropperImpl.doDrop(SchemaDropperImpl.java:125)
	at org.hibernate.tool.schema.internal.SchemaDropperImpl.doDrop(SchemaDropperImpl.java:111)
	at org.hibernate.tool.schema.spi.SchemaManagementToolCoordinator.performDatabaseAction(SchemaManagementToolCoordinator.java:137)
	at org.hibernate.tool.schema.spi.SchemaManagementToolCoordinator.process(SchemaManagementToolCoordinator.java:64)
	at org.hibernate.internal.SessionFactoryImpl.<init>(SessionFactoryImpl.java:458)
	at org.hibernate.boot.internal.SessionFactoryBuilderImpl.build(SessionFactoryBuilderImpl.java:465)
	at org.hibernate.boot.internal.MetadataImpl.buildSessionFactory(MetadataImpl.java:170)
	at edu.iit.dao.HibernateSessionFactory.<clinit>(HibernateSessionFactory.java:36)
	at edu.iit.dao.BaseHibernateDAO.getSession(BaseHibernateDAO.java:13)
	at edu.iit.dao.StudentsDAO.findById(StudentsDAO.java:63)
	at edu.iit.test.tesGet.main(tesGet.java:10)
Caused by: com.mysql.jdbc.exceptions.jdbc4.MySQLSyntaxErrorException: Table 'lms.Orders' doesn't exist
	at sun.reflect.NativeConstructorAccessorImpl.newInstance0(Native Method)
	at sun.reflect.NativeConstructorAccessorImpl.newInstance(NativeConstructorAccessorImpl.java:62)
	at sun.reflect.DelegatingConstructorAccessorImpl.newInstance(DelegatingConstructorAccessorImpl.java:45)
	at java.lang.reflect.Constructor.newInstance(Constructor.java:423)
	at com.mysql.jdbc.Util.handleNewInstance(Util.java:404)
	at com.mysql.jdbc.Util.getInstance(Util.java:387)
	at com.mysql.jdbc.SQLError.createSQLException(SQLError.java:942)
	at com.mysql.jdbc.MysqlIO.checkErrorPacket(MysqlIO.java:3966)
	at com.mysql.jdbc.MysqlIO.checkErrorPacket(MysqlIO.java:3902)
	at com.mysql.jdbc.MysqlIO.sendCommand(MysqlIO.java:2526)
	at com.mysql.jdbc.MysqlIO.sqlQueryDirect(MysqlIO.java:2673)
	at com.mysql.jdbc.ConnectionImpl.execSQL(ConnectionImpl.java:2545)
	at com.mysql.jdbc.ConnectionImpl.execSQL(ConnectionImpl.java:2503)
	at com.mysql.jdbc.StatementImpl.executeInternal(StatementImpl.java:839)
	at com.mysql.jdbc.StatementImpl.execute(StatementImpl.java:739)
	at org.hibernate.tool.schema.internal.exec.GenerationTargetToDatabase.accept(GenerationTargetToDatabase.java:51)
	... 16 more
09:48:17,302  WARN ExceptionHandlerLoggedImpl:27 - GenerationTarget encountered exception accepting command : Unable to execute command [alter table lms.Orders drop foreign key FK58gb938mvv3jp3jv26v5ny7ys]
org.hibernate.tool.schema.spi.CommandAcceptanceException: Unable to execute command [alter table lms.Orders drop foreign key FK58gb938mvv3jp3jv26v5ny7ys]
	at org.hibernate.tool.schema.internal.exec.GenerationTargetToDatabase.accept(GenerationTargetToDatabase.java:63)
	at org.hibernate.tool.schema.internal.SchemaDropperImpl.applySqlString(SchemaDropperImpl.java:370)
	at org.hibernate.tool.schema.internal.SchemaDropperImpl.applySqlStrings(SchemaDropperImpl.java:355)
	at org.hibernate.tool.schema.internal.SchemaDropperImpl.applyConstraintDropping(SchemaDropperImpl.java:327)
	at org.hibernate.tool.schema.internal.SchemaDropperImpl.dropFromMetadata(SchemaDropperImpl.java:229)
	at org.hibernate.tool.schema.internal.SchemaDropperImpl.performDrop(SchemaDropperImpl.java:153)
	at org.hibernate.tool.schema.internal.SchemaDropperImpl.doDrop(SchemaDropperImpl.java:125)
	at org.hibernate.tool.schema.internal.SchemaDropperImpl.doDrop(SchemaDropperImpl.java:111)
	at org.hibernate.tool.schema.spi.SchemaManagementToolCoordinator.performDatabaseAction(SchemaManagementToolCoordinator.java:137)
	at org.hibernate.tool.schema.spi.SchemaManagementToolCoordinator.process(SchemaManagementToolCoordinator.java:64)
	at org.hibernate.internal.SessionFactoryImpl.<init>(SessionFactoryImpl.java:458)
	at org.hibernate.boot.internal.SessionFactoryBuilderImpl.build(SessionFactoryBuilderImpl.java:465)
	at org.hibernate.boot.internal.MetadataImpl.buildSessionFactory(MetadataImpl.java:170)
	at edu.iit.dao.HibernateSessionFactory.<clinit>(HibernateSessionFactory.java:36)
	at edu.iit.dao.BaseHibernateDAO.getSession(BaseHibernateDAO.java:13)
	at edu.iit.dao.StudentsDAO.findById(StudentsDAO.java:63)
	at edu.iit.test.tesGet.main(tesGet.java:10)
Caused by: com.mysql.jdbc.exceptions.jdbc4.MySQLSyntaxErrorException: Table 'lms.Orders' doesn't exist
	at sun.reflect.NativeConstructorAccessorImpl.newInstance0(Native Method)
	at sun.reflect.NativeConstructorAccessorImpl.newInstance(NativeConstructorAccessorImpl.java:62)
	at sun.reflect.DelegatingConstructorAccessorImpl.newInstance(DelegatingConstructorAccessorImpl.java:45)
	at java.lang.reflect.Constructor.newInstance(Constructor.java:423)
	at com.mysql.jdbc.Util.handleNewInstance(Util.java:404)
	at com.mysql.jdbc.Util.getInstance(Util.java:387)
	at com.mysql.jdbc.SQLError.createSQLException(SQLError.java:942)
	at com.mysql.jdbc.MysqlIO.checkErrorPacket(MysqlIO.java:3966)
	at com.mysql.jdbc.MysqlIO.checkErrorPacket(MysqlIO.java:3902)
	at com.mysql.jdbc.MysqlIO.sendCommand(MysqlIO.java:2526)
	at com.mysql.jdbc.MysqlIO.sqlQueryDirect(MysqlIO.java:2673)
	at com.mysql.jdbc.ConnectionImpl.execSQL(ConnectionImpl.java:2545)
	at com.mysql.jdbc.ConnectionImpl.execSQL(ConnectionImpl.java:2503)
	at com.mysql.jdbc.StatementImpl.executeInternal(StatementImpl.java:839)
	at com.mysql.jdbc.StatementImpl.execute(StatementImpl.java:739)
	at org.hibernate.tool.schema.internal.exec.GenerationTargetToDatabase.accept(GenerationTargetToDatabase.java:51)
	... 16 more
09:48:17,397  WARN ExceptionHandlerLoggedImpl:27 - GenerationTarget encountered exception accepting command : Unable to execute command [alter table lms.Parents drop foreign key FKroom15h53h51myvaqpopsicfa]
org.hibernate.tool.schema.spi.CommandAcceptanceException: Unable to execute command [alter table lms.Parents drop foreign key FKroom15h53h51myvaqpopsicfa]
	at org.hibernate.tool.schema.internal.exec.GenerationTargetToDatabase.accept(GenerationTargetToDatabase.java:63)
	at org.hibernate.tool.schema.internal.SchemaDropperImpl.applySqlString(SchemaDropperImpl.java:370)
	at org.hibernate.tool.schema.internal.SchemaDropperImpl.applySqlStrings(SchemaDropperImpl.java:355)
	at org.hibernate.tool.schema.internal.SchemaDropperImpl.applyConstraintDropping(SchemaDropperImpl.java:327)
	at org.hibernate.tool.schema.internal.SchemaDropperImpl.dropFromMetadata(SchemaDropperImpl.java:229)
	at org.hibernate.tool.schema.internal.SchemaDropperImpl.performDrop(SchemaDropperImpl.java:153)
	at org.hibernate.tool.schema.internal.SchemaDropperImpl.doDrop(SchemaDropperImpl.java:125)
	at org.hibernate.tool.schema.internal.SchemaDropperImpl.doDrop(SchemaDropperImpl.java:111)
	at org.hibernate.tool.schema.spi.SchemaManagementToolCoordinator.performDatabaseAction(SchemaManagementToolCoordinator.java:137)
	at org.hibernate.tool.schema.spi.SchemaManagementToolCoordinator.process(SchemaManagementToolCoordinator.java:64)
	at org.hibernate.internal.SessionFactoryImpl.<init>(SessionFactoryImpl.java:458)
	at org.hibernate.boot.internal.SessionFactoryBuilderImpl.build(SessionFactoryBuilderImpl.java:465)
	at org.hibernate.boot.internal.MetadataImpl.buildSessionFactory(MetadataImpl.java:170)
	at edu.iit.dao.HibernateSessionFactory.<clinit>(HibernateSessionFactory.java:36)
	at edu.iit.dao.BaseHibernateDAO.getSession(BaseHibernateDAO.java:13)
	at edu.iit.dao.StudentsDAO.findById(StudentsDAO.java:63)
	at edu.iit.test.tesGet.main(tesGet.java:10)
Caused by: com.mysql.jdbc.exceptions.jdbc4.MySQLSyntaxErrorException: Table 'lms.Parents' doesn't exist
	at sun.reflect.NativeConstructorAccessorImpl.newInstance0(Native Method)
	at sun.reflect.NativeConstructorAccessorImpl.newInstance(NativeConstructorAccessorImpl.java:62)
	at sun.reflect.DelegatingConstructorAccessorImpl.newInstance(DelegatingConstructorAccessorImpl.java:45)
	at java.lang.reflect.Constructor.newInstance(Constructor.java:423)
	at com.mysql.jdbc.Util.handleNewInstance(Util.java:404)
	at com.mysql.jdbc.Util.getInstance(Util.java:387)
	at com.mysql.jdbc.SQLError.createSQLException(SQLError.java:942)
	at com.mysql.jdbc.MysqlIO.checkErrorPacket(MysqlIO.java:3966)
	at com.mysql.jdbc.MysqlIO.checkErrorPacket(MysqlIO.java:3902)
	at com.mysql.jdbc.MysqlIO.sendCommand(MysqlIO.java:2526)
	at com.mysql.jdbc.MysqlIO.sqlQueryDirect(MysqlIO.java:2673)
	at com.mysql.jdbc.ConnectionImpl.execSQL(ConnectionImpl.java:2545)
	at com.mysql.jdbc.ConnectionImpl.execSQL(ConnectionImpl.java:2503)
	at com.mysql.jdbc.StatementImpl.executeInternal(StatementImpl.java:839)
	at com.mysql.jdbc.StatementImpl.execute(StatementImpl.java:739)
	at org.hibernate.tool.schema.internal.exec.GenerationTargetToDatabase.accept(GenerationTargetToDatabase.java:51)
	... 16 more
09:48:17,474  WARN ExceptionHandlerLoggedImpl:27 - GenerationTarget encountered exception accepting command : Unable to execute command [alter table lms.Recommend drop foreign key FKdvc6k960uke33o6uyw8896ass]
org.hibernate.tool.schema.spi.CommandAcceptanceException: Unable to execute command [alter table lms.Recommend drop foreign key FKdvc6k960uke33o6uyw8896ass]
	at org.hibernate.tool.schema.internal.exec.GenerationTargetToDatabase.accept(GenerationTargetToDatabase.java:63)
	at org.hibernate.tool.schema.internal.SchemaDropperImpl.applySqlString(SchemaDropperImpl.java:370)
	at org.hibernate.tool.schema.internal.SchemaDropperImpl.applySqlStrings(SchemaDropperImpl.java:355)
	at org.hibernate.tool.schema.internal.SchemaDropperImpl.applyConstraintDropping(SchemaDropperImpl.java:327)
	at org.hibernate.tool.schema.internal.SchemaDropperImpl.dropFromMetadata(SchemaDropperImpl.java:229)
	at org.hibernate.tool.schema.internal.SchemaDropperImpl.performDrop(SchemaDropperImpl.java:153)
	at org.hibernate.tool.schema.internal.SchemaDropperImpl.doDrop(SchemaDropperImpl.java:125)
	at org.hibernate.tool.schema.internal.SchemaDropperImpl.doDrop(SchemaDropperImpl.java:111)
	at org.hibernate.tool.schema.spi.SchemaManagementToolCoordinator.performDatabaseAction(SchemaManagementToolCoordinator.java:137)
	at org.hibernate.tool.schema.spi.SchemaManagementToolCoordinator.process(SchemaManagementToolCoordinator.java:64)
	at org.hibernate.internal.SessionFactoryImpl.<init>(SessionFactoryImpl.java:458)
	at org.hibernate.boot.internal.SessionFactoryBuilderImpl.build(SessionFactoryBuilderImpl.java:465)
	at org.hibernate.boot.internal.MetadataImpl.buildSessionFactory(MetadataImpl.java:170)
	at edu.iit.dao.HibernateSessionFactory.<clinit>(HibernateSessionFactory.java:36)
	at edu.iit.dao.BaseHibernateDAO.getSession(BaseHibernateDAO.java:13)
	at edu.iit.dao.StudentsDAO.findById(StudentsDAO.java:63)
	at edu.iit.test.tesGet.main(tesGet.java:10)
Caused by: com.mysql.jdbc.exceptions.jdbc4.MySQLSyntaxErrorException: Table 'lms.Recommend' doesn't exist
	at sun.reflect.NativeConstructorAccessorImpl.newInstance0(Native Method)
	at sun.reflect.NativeConstructorAccessorImpl.newInstance(NativeConstructorAccessorImpl.java:62)
	at sun.reflect.DelegatingConstructorAccessorImpl.newInstance(DelegatingConstructorAccessorImpl.java:45)
	at java.lang.reflect.Constructor.newInstance(Constructor.java:423)
	at com.mysql.jdbc.Util.handleNewInstance(Util.java:404)
	at com.mysql.jdbc.Util.getInstance(Util.java:387)
	at com.mysql.jdbc.SQLError.createSQLException(SQLError.java:942)
	at com.mysql.jdbc.MysqlIO.checkErrorPacket(MysqlIO.java:3966)
	at com.mysql.jdbc.MysqlIO.checkErrorPacket(MysqlIO.java:3902)
	at com.mysql.jdbc.MysqlIO.sendCommand(MysqlIO.java:2526)
	at com.mysql.jdbc.MysqlIO.sqlQueryDirect(MysqlIO.java:2673)
	at com.mysql.jdbc.ConnectionImpl.execSQL(ConnectionImpl.java:2545)
	at com.mysql.jdbc.ConnectionImpl.execSQL(ConnectionImpl.java:2503)
	at com.mysql.jdbc.StatementImpl.executeInternal(StatementImpl.java:839)
	at com.mysql.jdbc.StatementImpl.execute(StatementImpl.java:739)
	at org.hibernate.tool.schema.internal.exec.GenerationTargetToDatabase.accept(GenerationTargetToDatabase.java:51)
	... 16 more
09:48:17,549  WARN ExceptionHandlerLoggedImpl:27 - GenerationTarget encountered exception accepting command : Unable to execute command [alter table lms.Recommend drop foreign key FK8yu2fk26yx1vgyac3t3kat0g0]
org.hibernate.tool.schema.spi.CommandAcceptanceException: Unable to execute command [alter table lms.Recommend drop foreign key FK8yu2fk26yx1vgyac3t3kat0g0]
	at org.hibernate.tool.schema.internal.exec.GenerationTargetToDatabase.accept(GenerationTargetToDatabase.java:63)
	at org.hibernate.tool.schema.internal.SchemaDropperImpl.applySqlString(SchemaDropperImpl.java:370)
	at org.hibernate.tool.schema.internal.SchemaDropperImpl.applySqlStrings(SchemaDropperImpl.java:355)
	at org.hibernate.tool.schema.internal.SchemaDropperImpl.applyConstraintDropping(SchemaDropperImpl.java:327)
	at org.hibernate.tool.schema.internal.SchemaDropperImpl.dropFromMetadata(SchemaDropperImpl.java:229)
	at org.hibernate.tool.schema.internal.SchemaDropperImpl.performDrop(SchemaDropperImpl.java:153)
	at org.hibernate.tool.schema.internal.SchemaDropperImpl.doDrop(SchemaDropperImpl.java:125)
	at org.hibernate.tool.schema.internal.SchemaDropperImpl.doDrop(SchemaDropperImpl.java:111)
	at org.hibernate.tool.schema.spi.SchemaManagementToolCoordinator.performDatabaseAction(SchemaManagementToolCoordinator.java:137)
	at org.hibernate.tool.schema.spi.SchemaManagementToolCoordinator.process(SchemaManagementToolCoordinator.java:64)
	at org.hibernate.internal.SessionFactoryImpl.<init>(SessionFactoryImpl.java:458)
	at org.hibernate.boot.internal.SessionFactoryBuilderImpl.build(SessionFactoryBuilderImpl.java:465)
	at org.hibernate.boot.internal.MetadataImpl.buildSessionFactory(MetadataImpl.java:170)
	at edu.iit.dao.HibernateSessionFactory.<clinit>(HibernateSessionFactory.java:36)
	at edu.iit.dao.BaseHibernateDAO.getSession(BaseHibernateDAO.java:13)
	at edu.iit.dao.StudentsDAO.findById(StudentsDAO.java:63)
	at edu.iit.test.tesGet.main(tesGet.java:10)
Caused by: com.mysql.jdbc.exceptions.jdbc4.MySQLSyntaxErrorException: Table 'lms.Recommend' doesn't exist
	at sun.reflect.NativeConstructorAccessorImpl.newInstance0(Native Method)
	at sun.reflect.NativeConstructorAccessorImpl.newInstance(NativeConstructorAccessorImpl.java:62)
	at sun.reflect.DelegatingConstructorAccessorImpl.newInstance(DelegatingConstructorAccessorImpl.java:45)
	at java.lang.reflect.Constructor.newInstance(Constructor.java:423)
	at com.mysql.jdbc.Util.handleNewInstance(Util.java:404)
	at com.mysql.jdbc.Util.getInstance(Util.java:387)
	at com.mysql.jdbc.SQLError.createSQLException(SQLError.java:942)
	at com.mysql.jdbc.MysqlIO.checkErrorPacket(MysqlIO.java:3966)
	at com.mysql.jdbc.MysqlIO.checkErrorPacket(MysqlIO.java:3902)
	at com.mysql.jdbc.MysqlIO.sendCommand(MysqlIO.java:2526)
	at com.mysql.jdbc.MysqlIO.sqlQueryDirect(MysqlIO.java:2673)
	at com.mysql.jdbc.ConnectionImpl.execSQL(ConnectionImpl.java:2545)
	at com.mysql.jdbc.ConnectionImpl.execSQL(ConnectionImpl.java:2503)
	at com.mysql.jdbc.StatementImpl.executeInternal(StatementImpl.java:839)
	at com.mysql.jdbc.StatementImpl.execute(StatementImpl.java:739)
	at org.hibernate.tool.schema.internal.exec.GenerationTargetToDatabase.accept(GenerationTargetToDatabase.java:51)
	... 16 more
09:48:17,636  WARN ExceptionHandlerLoggedImpl:27 - GenerationTarget encountered exception accepting command : Unable to execute command [alter table lms.TeachBy drop foreign key FKnua2r5gvsb63isoj4nj6rif1p]
org.hibernate.tool.schema.spi.CommandAcceptanceException: Unable to execute command [alter table lms.TeachBy drop foreign key FKnua2r5gvsb63isoj4nj6rif1p]
	at org.hibernate.tool.schema.internal.exec.GenerationTargetToDatabase.accept(GenerationTargetToDatabase.java:63)
	at org.hibernate.tool.schema.internal.SchemaDropperImpl.applySqlString(SchemaDropperImpl.java:370)
	at org.hibernate.tool.schema.internal.SchemaDropperImpl.applySqlStrings(SchemaDropperImpl.java:355)
	at org.hibernate.tool.schema.internal.SchemaDropperImpl.applyConstraintDropping(SchemaDropperImpl.java:327)
	at org.hibernate.tool.schema.internal.SchemaDropperImpl.dropFromMetadata(SchemaDropperImpl.java:229)
	at org.hibernate.tool.schema.internal.SchemaDropperImpl.performDrop(SchemaDropperImpl.java:153)
	at org.hibernate.tool.schema.internal.SchemaDropperImpl.doDrop(SchemaDropperImpl.java:125)
	at org.hibernate.tool.schema.internal.SchemaDropperImpl.doDrop(SchemaDropperImpl.java:111)
	at org.hibernate.tool.schema.spi.SchemaManagementToolCoordinator.performDatabaseAction(SchemaManagementToolCoordinator.java:137)
	at org.hibernate.tool.schema.spi.SchemaManagementToolCoordinator.process(SchemaManagementToolCoordinator.java:64)
	at org.hibernate.internal.SessionFactoryImpl.<init>(SessionFactoryImpl.java:458)
	at org.hibernate.boot.internal.SessionFactoryBuilderImpl.build(SessionFactoryBuilderImpl.java:465)
	at org.hibernate.boot.internal.MetadataImpl.buildSessionFactory(MetadataImpl.java:170)
	at edu.iit.dao.HibernateSessionFactory.<clinit>(HibernateSessionFactory.java:36)
	at edu.iit.dao.BaseHibernateDAO.getSession(BaseHibernateDAO.java:13)
	at edu.iit.dao.StudentsDAO.findById(StudentsDAO.java:63)
	at edu.iit.test.tesGet.main(tesGet.java:10)
Caused by: java.sql.SQLException: Error on rename of './lms/TeachBy' to './lms/#sql2-152b-15c6' (errno: 152)
	at com.mysql.jdbc.SQLError.createSQLException(SQLError.java:963)
	at com.mysql.jdbc.MysqlIO.checkErrorPacket(MysqlIO.java:3966)
	at com.mysql.jdbc.MysqlIO.checkErrorPacket(MysqlIO.java:3902)
	at com.mysql.jdbc.MysqlIO.sendCommand(MysqlIO.java:2526)
	at com.mysql.jdbc.MysqlIO.sqlQueryDirect(MysqlIO.java:2673)
	at com.mysql.jdbc.ConnectionImpl.execSQL(ConnectionImpl.java:2545)
	at com.mysql.jdbc.ConnectionImpl.execSQL(ConnectionImpl.java:2503)
	at com.mysql.jdbc.StatementImpl.executeInternal(StatementImpl.java:839)
	at com.mysql.jdbc.StatementImpl.execute(StatementImpl.java:739)
	at org.hibernate.tool.schema.internal.exec.GenerationTargetToDatabase.accept(GenerationTargetToDatabase.java:51)
	... 16 more
09:48:17,718  WARN ExceptionHandlerLoggedImpl:27 - GenerationTarget encountered exception accepting command : Unable to execute command [alter table lms.TeachBy drop foreign key FKn7yj38b57wq3l4kp069kmbuwo]
org.hibernate.tool.schema.spi.CommandAcceptanceException: Unable to execute command [alter table lms.TeachBy drop foreign key FKn7yj38b57wq3l4kp069kmbuwo]
	at org.hibernate.tool.schema.internal.exec.GenerationTargetToDatabase.accept(GenerationTargetToDatabase.java:63)
	at org.hibernate.tool.schema.internal.SchemaDropperImpl.applySqlString(SchemaDropperImpl.java:370)
	at org.hibernate.tool.schema.internal.SchemaDropperImpl.applySqlStrings(SchemaDropperImpl.java:355)
	at org.hibernate.tool.schema.internal.SchemaDropperImpl.applyConstraintDropping(SchemaDropperImpl.java:327)
	at org.hibernate.tool.schema.internal.SchemaDropperImpl.dropFromMetadata(SchemaDropperImpl.java:229)
	at org.hibernate.tool.schema.internal.SchemaDropperImpl.performDrop(SchemaDropperImpl.java:153)
	at org.hibernate.tool.schema.internal.SchemaDropperImpl.doDrop(SchemaDropperImpl.java:125)
	at org.hibernate.tool.schema.internal.SchemaDropperImpl.doDrop(SchemaDropperImpl.java:111)
	at org.hibernate.tool.schema.spi.SchemaManagementToolCoordinator.performDatabaseAction(SchemaManagementToolCoordinator.java:137)
	at org.hibernate.tool.schema.spi.SchemaManagementToolCoordinator.process(SchemaManagementToolCoordinator.java:64)
	at org.hibernate.internal.SessionFactoryImpl.<init>(SessionFactoryImpl.java:458)
	at org.hibernate.boot.internal.SessionFactoryBuilderImpl.build(SessionFactoryBuilderImpl.java:465)
	at org.hibernate.boot.internal.MetadataImpl.buildSessionFactory(MetadataImpl.java:170)
	at edu.iit.dao.HibernateSessionFactory.<clinit>(HibernateSessionFactory.java:36)
	at edu.iit.dao.BaseHibernateDAO.getSession(BaseHibernateDAO.java:13)
	at edu.iit.dao.StudentsDAO.findById(StudentsDAO.java:63)
	at edu.iit.test.tesGet.main(tesGet.java:10)
Caused by: java.sql.SQLException: Error on rename of './lms/TeachBy' to './lms/#sql2-152b-15c6' (errno: 152)
	at com.mysql.jdbc.SQLError.createSQLException(SQLError.java:963)
	at com.mysql.jdbc.MysqlIO.checkErrorPacket(MysqlIO.java:3966)
	at com.mysql.jdbc.MysqlIO.checkErrorPacket(MysqlIO.java:3902)
	at com.mysql.jdbc.MysqlIO.sendCommand(MysqlIO.java:2526)
	at com.mysql.jdbc.MysqlIO.sqlQueryDirect(MysqlIO.java:2673)
	at com.mysql.jdbc.ConnectionImpl.execSQL(ConnectionImpl.java:2545)
	at com.mysql.jdbc.ConnectionImpl.execSQL(ConnectionImpl.java:2503)
	at com.mysql.jdbc.StatementImpl.executeInternal(StatementImpl.java:839)
	at com.mysql.jdbc.StatementImpl.execute(StatementImpl.java:739)
	at org.hibernate.tool.schema.internal.exec.GenerationTargetToDatabase.accept(GenerationTargetToDatabase.java:51)
	... 16 more
09:48:17,802  WARN ExceptionHandlerLoggedImpl:27 - GenerationTarget encountered exception accepting command : Unable to execute command [alter table lms.Teachers drop foreign key FK5ac97dle51ejapmfnpfi0j82p]
org.hibernate.tool.schema.spi.CommandAcceptanceException: Unable to execute command [alter table lms.Teachers drop foreign key FK5ac97dle51ejapmfnpfi0j82p]
	at org.hibernate.tool.schema.internal.exec.GenerationTargetToDatabase.accept(GenerationTargetToDatabase.java:63)
	at org.hibernate.tool.schema.internal.SchemaDropperImpl.applySqlString(SchemaDropperImpl.java:370)
	at org.hibernate.tool.schema.internal.SchemaDropperImpl.applySqlStrings(SchemaDropperImpl.java:355)
	at org.hibernate.tool.schema.internal.SchemaDropperImpl.applyConstraintDropping(SchemaDropperImpl.java:327)
	at org.hibernate.tool.schema.internal.SchemaDropperImpl.dropFromMetadata(SchemaDropperImpl.java:229)
	at org.hibernate.tool.schema.internal.SchemaDropperImpl.performDrop(SchemaDropperImpl.java:153)
	at org.hibernate.tool.schema.internal.SchemaDropperImpl.doDrop(SchemaDropperImpl.java:125)
	at org.hibernate.tool.schema.internal.SchemaDropperImpl.doDrop(SchemaDropperImpl.java:111)
	at org.hibernate.tool.schema.spi.SchemaManagementToolCoordinator.performDatabaseAction(SchemaManagementToolCoordinator.java:137)
	at org.hibernate.tool.schema.spi.SchemaManagementToolCoordinator.process(SchemaManagementToolCoordinator.java:64)
	at org.hibernate.internal.SessionFactoryImpl.<init>(SessionFactoryImpl.java:458)
	at org.hibernate.boot.internal.SessionFactoryBuilderImpl.build(SessionFactoryBuilderImpl.java:465)
	at org.hibernate.boot.internal.MetadataImpl.buildSessionFactory(MetadataImpl.java:170)
	at edu.iit.dao.HibernateSessionFactory.<clinit>(HibernateSessionFactory.java:36)
	at edu.iit.dao.BaseHibernateDAO.getSession(BaseHibernateDAO.java:13)
	at edu.iit.dao.StudentsDAO.findById(StudentsDAO.java:63)
	at edu.iit.test.tesGet.main(tesGet.java:10)
Caused by: java.sql.SQLException: Error on rename of './lms/Teachers' to './lms/#sql2-152b-15c6' (errno: 152)
	at com.mysql.jdbc.SQLError.createSQLException(SQLError.java:963)
	at com.mysql.jdbc.MysqlIO.checkErrorPacket(MysqlIO.java:3966)
	at com.mysql.jdbc.MysqlIO.checkErrorPacket(MysqlIO.java:3902)
	at com.mysql.jdbc.MysqlIO.sendCommand(MysqlIO.java:2526)
	at com.mysql.jdbc.MysqlIO.sqlQueryDirect(MysqlIO.java:2673)
	at com.mysql.jdbc.ConnectionImpl.execSQL(ConnectionImpl.java:2545)
	at com.mysql.jdbc.ConnectionImpl.execSQL(ConnectionImpl.java:2503)
	at com.mysql.jdbc.StatementImpl.executeInternal(StatementImpl.java:839)
	at com.mysql.jdbc.StatementImpl.execute(StatementImpl.java:739)
	at org.hibernate.tool.schema.internal.exec.GenerationTargetToDatabase.accept(GenerationTargetToDatabase.java:51)
	... 16 more
09:58:30,646  INFO Version:37 - HHH000412: Hibernate Core {5.1.0.Final}
09:58:30,650  INFO Environment:213 - HHH000206: hibernate.properties not found
09:58:30,653  INFO Environment:317 - HHH000021: Bytecode provider name : javassist
09:58:30,896  INFO Version:66 - HCANN000001: Hibernate Commons Annotations {5.0.1.Final}
09:58:31,694 DEBUG BasicTypeRegistry:135 - Adding type registration boolean -> org.hibernate.type.BooleanType@7e7be63f
09:58:31,695 DEBUG BasicTypeRegistry:135 - Adding type registration boolean -> org.hibernate.type.BooleanType@7e7be63f
09:58:31,695 DEBUG BasicTypeRegistry:135 - Adding type registration java.lang.Boolean -> org.hibernate.type.BooleanType@7e7be63f
09:58:31,696 DEBUG BasicTypeRegistry:135 - Adding type registration numeric_boolean -> org.hibernate.type.NumericBooleanType@1e04fa0a
09:58:31,698 DEBUG BasicTypeRegistry:135 - Adding type registration true_false -> org.hibernate.type.TrueFalseType@4fb3ee4e
09:58:31,699 DEBUG BasicTypeRegistry:135 - Adding type registration yes_no -> org.hibernate.type.YesNoType@7c24b813
09:58:31,701 DEBUG BasicTypeRegistry:135 - Adding type registration byte -> org.hibernate.type.ByteType@741a8937
09:58:31,701 DEBUG BasicTypeRegistry:135 - Adding type registration byte -> org.hibernate.type.ByteType@741a8937
09:58:31,702 DEBUG BasicTypeRegistry:135 - Adding type registration java.lang.Byte -> org.hibernate.type.ByteType@741a8937
09:58:31,703 DEBUG BasicTypeRegistry:135 - Adding type registration character -> org.hibernate.type.CharacterType@bae7dc0
09:58:31,703 DEBUG BasicTypeRegistry:135 - Adding type registration char -> org.hibernate.type.CharacterType@bae7dc0
09:58:31,703 DEBUG BasicTypeRegistry:135 - Adding type registration java.lang.Character -> org.hibernate.type.CharacterType@bae7dc0
09:58:31,706 DEBUG BasicTypeRegistry:135 - Adding type registration short -> org.hibernate.type.ShortType@485966cc
09:58:31,707 DEBUG BasicTypeRegistry:135 - Adding type registration short -> org.hibernate.type.ShortType@485966cc
09:58:31,707 DEBUG BasicTypeRegistry:135 - Adding type registration java.lang.Short -> org.hibernate.type.ShortType@485966cc
09:58:31,708 DEBUG BasicTypeRegistry:135 - Adding type registration integer -> org.hibernate.type.IntegerType@7c711375
09:58:31,709 DEBUG BasicTypeRegistry:135 - Adding type registration int -> org.hibernate.type.IntegerType@7c711375
09:58:31,709 DEBUG BasicTypeRegistry:135 - Adding type registration java.lang.Integer -> org.hibernate.type.IntegerType@7c711375
09:58:31,711 DEBUG BasicTypeRegistry:135 - Adding type registration long -> org.hibernate.type.LongType@3ee37e5a
09:58:31,711 DEBUG BasicTypeRegistry:135 - Adding type registration long -> org.hibernate.type.LongType@3ee37e5a
09:58:31,711 DEBUG BasicTypeRegistry:135 - Adding type registration java.lang.Long -> org.hibernate.type.LongType@3ee37e5a
09:58:31,713 DEBUG BasicTypeRegistry:135 - Adding type registration float -> org.hibernate.type.FloatType@53ce1329
09:58:31,713 DEBUG BasicTypeRegistry:135 - Adding type registration float -> org.hibernate.type.FloatType@53ce1329
09:58:31,713 DEBUG BasicTypeRegistry:135 - Adding type registration java.lang.Float -> org.hibernate.type.FloatType@53ce1329
09:58:31,715 DEBUG BasicTypeRegistry:135 - Adding type registration double -> org.hibernate.type.DoubleType@957e06
09:58:31,715 DEBUG BasicTypeRegistry:135 - Adding type registration double -> org.hibernate.type.DoubleType@957e06
09:58:31,715 DEBUG BasicTypeRegistry:135 - Adding type registration java.lang.Double -> org.hibernate.type.DoubleType@957e06
09:58:31,717 DEBUG BasicTypeRegistry:135 - Adding type registration big_decimal -> org.hibernate.type.BigDecimalType@437da279
09:58:31,717 DEBUG BasicTypeRegistry:135 - Adding type registration java.math.BigDecimal -> org.hibernate.type.BigDecimalType@437da279
09:58:31,718 DEBUG BasicTypeRegistry:135 - Adding type registration big_integer -> org.hibernate.type.BigIntegerType@290222c1
09:58:31,718 DEBUG BasicTypeRegistry:135 - Adding type registration java.math.BigInteger -> org.hibernate.type.BigIntegerType@290222c1
09:58:31,720 DEBUG BasicTypeRegistry:135 - Adding type registration string -> org.hibernate.type.StringType@27462a88
09:58:31,720 DEBUG BasicTypeRegistry:135 - Adding type registration java.lang.String -> org.hibernate.type.StringType@27462a88
09:58:31,721 DEBUG BasicTypeRegistry:135 - Adding type registration nstring -> org.hibernate.type.StringNVarcharType@201a4587
09:58:31,722 DEBUG BasicTypeRegistry:135 - Adding type registration ncharacter -> org.hibernate.type.CharacterNCharType@47d9a273
09:58:31,724 DEBUG BasicTypeRegistry:135 - Adding type registration url -> org.hibernate.type.UrlType@2dc54ad4
09:58:31,724 DEBUG BasicTypeRegistry:135 - Adding type registration java.net.URL -> org.hibernate.type.UrlType@2dc54ad4
09:58:31,726 DEBUG BasicTypeRegistry:135 - Adding type registration date -> org.hibernate.type.DateType@59505b48
09:58:31,726 DEBUG BasicTypeRegistry:135 - Adding type registration java.sql.Date -> org.hibernate.type.DateType@59505b48
09:58:31,728 DEBUG BasicTypeRegistry:135 - Adding type registration time -> org.hibernate.type.TimeType@7d4f9aae
09:58:31,729 DEBUG BasicTypeRegistry:135 - Adding type registration java.sql.Time -> org.hibernate.type.TimeType@7d4f9aae
09:58:31,731 DEBUG BasicTypeRegistry:135 - Adding type registration timestamp -> org.hibernate.type.TimestampType@783a467b
09:58:31,731 DEBUG BasicTypeRegistry:135 - Adding type registration java.sql.Timestamp -> org.hibernate.type.TimestampType@783a467b
09:58:31,732 DEBUG BasicTypeRegistry:135 - Adding type registration java.util.Date -> org.hibernate.type.TimestampType@783a467b
09:58:31,733 DEBUG BasicTypeRegistry:135 - Adding type registration dbtimestamp -> org.hibernate.type.DbTimestampType@771a660
09:58:31,735 DEBUG BasicTypeRegistry:135 - Adding type registration calendar -> org.hibernate.type.CalendarType@942a29c
09:58:31,735 DEBUG BasicTypeRegistry:135 - Adding type registration java.util.Calendar -> org.hibernate.type.CalendarType@942a29c
09:58:31,735 DEBUG BasicTypeRegistry:135 - Adding type registration java.util.GregorianCalendar -> org.hibernate.type.CalendarType@942a29c
09:58:31,737 DEBUG BasicTypeRegistry:135 - Adding type registration calendar_date -> org.hibernate.type.CalendarDateType@534a5a98
09:58:31,738 DEBUG BasicTypeRegistry:135 - Adding type registration locale -> org.hibernate.type.LocaleType@5e600dd5
09:58:31,738 DEBUG BasicTypeRegistry:135 - Adding type registration java.util.Locale -> org.hibernate.type.LocaleType@5e600dd5
09:58:31,740 DEBUG BasicTypeRegistry:135 - Adding type registration currency -> org.hibernate.type.CurrencyType@4d5650ae
09:58:31,740 DEBUG BasicTypeRegistry:135 - Adding type registration java.util.Currency -> org.hibernate.type.CurrencyType@4d5650ae
09:58:31,741 DEBUG BasicTypeRegistry:135 - Adding type registration timezone -> org.hibernate.type.TimeZoneType@6221a451
09:58:31,742 DEBUG BasicTypeRegistry:135 - Adding type registration java.util.TimeZone -> org.hibernate.type.TimeZoneType@6221a451
09:58:31,743 DEBUG BasicTypeRegistry:135 - Adding type registration class -> org.hibernate.type.ClassType@7b36aa0c
09:58:31,743 DEBUG BasicTypeRegistry:135 - Adding type registration java.lang.Class -> org.hibernate.type.ClassType@7b36aa0c
09:58:31,745 DEBUG BasicTypeRegistry:135 - Adding type registration uuid-binary -> org.hibernate.type.UUIDBinaryType@1e0b4072
09:58:31,745 DEBUG BasicTypeRegistry:135 - Adding type registration java.util.UUID -> org.hibernate.type.UUIDBinaryType@1e0b4072
09:58:31,746 DEBUG BasicTypeRegistry:135 - Adding type registration uuid-char -> org.hibernate.type.UUIDCharType@4b45a2f5
09:58:31,747 DEBUG BasicTypeRegistry:135 - Adding type registration binary -> org.hibernate.type.BinaryType@6340e5f0
09:58:31,748 DEBUG BasicTypeRegistry:135 - Adding type registration byte[] -> org.hibernate.type.BinaryType@6340e5f0
09:58:31,748 DEBUG BasicTypeRegistry:135 - Adding type registration [B -> org.hibernate.type.BinaryType@6340e5f0
09:58:31,749 DEBUG BasicTypeRegistry:135 - Adding type registration wrapper-binary -> org.hibernate.type.WrapperBinaryType@6c1a5b54
09:58:31,750 DEBUG BasicTypeRegistry:135 - Adding type registration Byte[] -> org.hibernate.type.WrapperBinaryType@6c1a5b54
09:58:31,750 DEBUG BasicTypeRegistry:135 - Adding type registration [Ljava.lang.Byte; -> org.hibernate.type.WrapperBinaryType@6c1a5b54
09:58:31,751 DEBUG BasicTypeRegistry:135 - Adding type registration image -> org.hibernate.type.ImageType@368247b9
09:58:31,752 DEBUG BasicTypeRegistry:135 - Adding type registration characters -> org.hibernate.type.CharArrayType@738dc9b
09:58:31,752 DEBUG BasicTypeRegistry:135 - Adding type registration char[] -> org.hibernate.type.CharArrayType@738dc9b
09:58:31,752 DEBUG BasicTypeRegistry:135 - Adding type registration [C -> org.hibernate.type.CharArrayType@738dc9b
09:58:31,754 DEBUG BasicTypeRegistry:135 - Adding type registration wrapper-characters -> org.hibernate.type.CharacterArrayType@2892d68
09:58:31,754 DEBUG BasicTypeRegistry:135 - Adding type registration [Ljava.lang.Character; -> org.hibernate.type.CharacterArrayType@2892d68
09:58:31,754 DEBUG BasicTypeRegistry:135 - Adding type registration Character[] -> org.hibernate.type.CharacterArrayType@2892d68
09:58:31,755 DEBUG BasicTypeRegistry:135 - Adding type registration text -> org.hibernate.type.TextType@2e385cce
09:58:31,756 DEBUG BasicTypeRegistry:135 - Adding type registration ntext -> org.hibernate.type.NTextType@f0c8a99
09:58:31,760 DEBUG BasicTypeRegistry:135 - Adding type registration blob -> org.hibernate.type.BlobType@2cf3d63b
09:58:31,760 DEBUG BasicTypeRegistry:135 - Adding type registration java.sql.Blob -> org.hibernate.type.BlobType@2cf3d63b
09:58:31,761 DEBUG BasicTypeRegistry:135 - Adding type registration materialized_blob -> org.hibernate.type.MaterializedBlobType@173ed316
09:58:31,763 DEBUG BasicTypeRegistry:135 - Adding type registration clob -> org.hibernate.type.ClobType@7161d8d1
09:58:31,764 DEBUG BasicTypeRegistry:135 - Adding type registration java.sql.Clob -> org.hibernate.type.ClobType@7161d8d1
09:58:31,767 DEBUG BasicTypeRegistry:135 - Adding type registration nclob -> org.hibernate.type.NClobType@1c5920df
09:58:31,767 DEBUG BasicTypeRegistry:135 - Adding type registration java.sql.NClob -> org.hibernate.type.NClobType@1c5920df
09:58:31,768 DEBUG BasicTypeRegistry:135 - Adding type registration materialized_clob -> org.hibernate.type.MaterializedClobType@196a42c3
09:58:31,769 DEBUG BasicTypeRegistry:135 - Adding type registration materialized_nclob -> org.hibernate.type.MaterializedNClobType@4a83a74a
09:58:31,770 DEBUG BasicTypeRegistry:135 - Adding type registration serializable -> org.hibernate.type.SerializableType@d737b89
09:58:31,773 DEBUG BasicTypeRegistry:135 - Adding type registration object -> org.hibernate.type.ObjectType@68c9133c
09:58:31,773 DEBUG BasicTypeRegistry:135 - Adding type registration java.lang.Object -> org.hibernate.type.ObjectType@68c9133c
09:58:31,774 DEBUG BasicTypeRegistry:135 - Adding type registration imm_date -> org.hibernate.type.AdaptedImmutableType@2cb4893b
09:58:31,774 DEBUG BasicTypeRegistry:135 - Adding type registration imm_time -> org.hibernate.type.AdaptedImmutableType@cc43f62
09:58:31,775 DEBUG BasicTypeRegistry:135 - Adding type registration imm_timestamp -> org.hibernate.type.AdaptedImmutableType@5b218417
09:58:31,775 DEBUG BasicTypeRegistry:135 - Adding type registration imm_dbtimestamp -> org.hibernate.type.AdaptedImmutableType@645aa696
09:58:31,775 DEBUG BasicTypeRegistry:135 - Adding type registration imm_calendar -> org.hibernate.type.AdaptedImmutableType@6caf0677
09:58:31,776 DEBUG BasicTypeRegistry:135 - Adding type registration imm_calendar_date -> org.hibernate.type.AdaptedImmutableType@413d1baf
09:58:31,776 DEBUG BasicTypeRegistry:135 - Adding type registration imm_binary -> org.hibernate.type.AdaptedImmutableType@16eb3ea3
09:58:31,776 DEBUG BasicTypeRegistry:135 - Adding type registration imm_serializable -> org.hibernate.type.AdaptedImmutableType@273444fe
09:58:31,782  WARN ConnectionProviderInitiator:213 - HHH000022: c3p0 properties were encountered, but the c3p0 provider class was not found on the classpath; these properties are going to be ignored.
09:58:31,785  WARN connections:71 - HHH10001002: Using Hibernate built-in connection pool (not for production use!)
09:58:31,791  INFO connections:127 - HHH10001005: using driver [com.mysql.jdbc.Driver] at URL [jdbc:mysql://ec2-52-36-168-250.us-west-2.compute.amazonaws.com:3306/lms]
09:58:31,792  INFO connections:136 - HHH10001001: Connection properties: {user=cs425, password=****}
09:58:31,793  INFO connections:141 - HHH10001003: Autocommit mode: false
09:58:31,795  INFO DriverManagerConnectionProviderImpl:39 - HHH000115: Hibernate connection pool size: 20 (min=1)
09:58:32,972  INFO Dialect:156 - HHH000400: Using dialect: org.hibernate.dialect.MySQLDialect
09:58:33,315 TRACE TypeFactory:58 - Scoping types to session factory org.hibernate.internal.SessionFactoryImpl@7d42c224
09:58:33,907  WARN ExceptionHandlerLoggedImpl:27 - GenerationTarget encountered exception accepting command : Unable to execute command [alter table lms.Orders drop foreign key FKbv25gkslgvpmeb7177x27i4kw]
org.hibernate.tool.schema.spi.CommandAcceptanceException: Unable to execute command [alter table lms.Orders drop foreign key FKbv25gkslgvpmeb7177x27i4kw]
	at org.hibernate.tool.schema.internal.exec.GenerationTargetToDatabase.accept(GenerationTargetToDatabase.java:63)
	at org.hibernate.tool.schema.internal.SchemaDropperImpl.applySqlString(SchemaDropperImpl.java:370)
	at org.hibernate.tool.schema.internal.SchemaDropperImpl.applySqlStrings(SchemaDropperImpl.java:355)
	at org.hibernate.tool.schema.internal.SchemaDropperImpl.applyConstraintDropping(SchemaDropperImpl.java:327)
	at org.hibernate.tool.schema.internal.SchemaDropperImpl.dropFromMetadata(SchemaDropperImpl.java:229)
	at org.hibernate.tool.schema.internal.SchemaDropperImpl.performDrop(SchemaDropperImpl.java:153)
	at org.hibernate.tool.schema.internal.SchemaDropperImpl.doDrop(SchemaDropperImpl.java:125)
	at org.hibernate.tool.schema.internal.SchemaDropperImpl.doDrop(SchemaDropperImpl.java:111)
	at org.hibernate.tool.schema.spi.SchemaManagementToolCoordinator.performDatabaseAction(SchemaManagementToolCoordinator.java:137)
	at org.hibernate.tool.schema.spi.SchemaManagementToolCoordinator.process(SchemaManagementToolCoordinator.java:64)
	at org.hibernate.internal.SessionFactoryImpl.<init>(SessionFactoryImpl.java:458)
	at org.hibernate.boot.internal.SessionFactoryBuilderImpl.build(SessionFactoryBuilderImpl.java:465)
	at org.hibernate.boot.internal.MetadataImpl.buildSessionFactory(MetadataImpl.java:170)
	at edu.iit.dao.HibernateSessionFactory.<clinit>(HibernateSessionFactory.java:36)
	at edu.iit.dao.BaseHibernateDAO.getSession(BaseHibernateDAO.java:13)
	at edu.iit.dao.StudentsDAO.findById(StudentsDAO.java:63)
	at edu.iit.test.tesGet.main(tesGet.java:10)
Caused by: com.mysql.jdbc.exceptions.jdbc4.MySQLSyntaxErrorException: Table 'lms.Orders' doesn't exist
	at sun.reflect.NativeConstructorAccessorImpl.newInstance0(Native Method)
	at sun.reflect.NativeConstructorAccessorImpl.newInstance(NativeConstructorAccessorImpl.java:62)
	at sun.reflect.DelegatingConstructorAccessorImpl.newInstance(DelegatingConstructorAccessorImpl.java:45)
	at java.lang.reflect.Constructor.newInstance(Constructor.java:423)
	at com.mysql.jdbc.Util.handleNewInstance(Util.java:404)
	at com.mysql.jdbc.Util.getInstance(Util.java:387)
	at com.mysql.jdbc.SQLError.createSQLException(SQLError.java:942)
	at com.mysql.jdbc.MysqlIO.checkErrorPacket(MysqlIO.java:3966)
	at com.mysql.jdbc.MysqlIO.checkErrorPacket(MysqlIO.java:3902)
	at com.mysql.jdbc.MysqlIO.sendCommand(MysqlIO.java:2526)
	at com.mysql.jdbc.MysqlIO.sqlQueryDirect(MysqlIO.java:2673)
	at com.mysql.jdbc.ConnectionImpl.execSQL(ConnectionImpl.java:2545)
	at com.mysql.jdbc.ConnectionImpl.execSQL(ConnectionImpl.java:2503)
	at com.mysql.jdbc.StatementImpl.executeInternal(StatementImpl.java:839)
	at com.mysql.jdbc.StatementImpl.execute(StatementImpl.java:739)
	at org.hibernate.tool.schema.internal.exec.GenerationTargetToDatabase.accept(GenerationTargetToDatabase.java:51)
	... 16 more
09:58:33,991  WARN ExceptionHandlerLoggedImpl:27 - GenerationTarget encountered exception accepting command : Unable to execute command [alter table lms.Orders drop foreign key FK1ep1ymjadvh6kffxjsp8lfiv5]
org.hibernate.tool.schema.spi.CommandAcceptanceException: Unable to execute command [alter table lms.Orders drop foreign key FK1ep1ymjadvh6kffxjsp8lfiv5]
	at org.hibernate.tool.schema.internal.exec.GenerationTargetToDatabase.accept(GenerationTargetToDatabase.java:63)
	at org.hibernate.tool.schema.internal.SchemaDropperImpl.applySqlString(SchemaDropperImpl.java:370)
	at org.hibernate.tool.schema.internal.SchemaDropperImpl.applySqlStrings(SchemaDropperImpl.java:355)
	at org.hibernate.tool.schema.internal.SchemaDropperImpl.applyConstraintDropping(SchemaDropperImpl.java:327)
	at org.hibernate.tool.schema.internal.SchemaDropperImpl.dropFromMetadata(SchemaDropperImpl.java:229)
	at org.hibernate.tool.schema.internal.SchemaDropperImpl.performDrop(SchemaDropperImpl.java:153)
	at org.hibernate.tool.schema.internal.SchemaDropperImpl.doDrop(SchemaDropperImpl.java:125)
	at org.hibernate.tool.schema.internal.SchemaDropperImpl.doDrop(SchemaDropperImpl.java:111)
	at org.hibernate.tool.schema.spi.SchemaManagementToolCoordinator.performDatabaseAction(SchemaManagementToolCoordinator.java:137)
	at org.hibernate.tool.schema.spi.SchemaManagementToolCoordinator.process(SchemaManagementToolCoordinator.java:64)
	at org.hibernate.internal.SessionFactoryImpl.<init>(SessionFactoryImpl.java:458)
	at org.hibernate.boot.internal.SessionFactoryBuilderImpl.build(SessionFactoryBuilderImpl.java:465)
	at org.hibernate.boot.internal.MetadataImpl.buildSessionFactory(MetadataImpl.java:170)
	at edu.iit.dao.HibernateSessionFactory.<clinit>(HibernateSessionFactory.java:36)
	at edu.iit.dao.BaseHibernateDAO.getSession(BaseHibernateDAO.java:13)
	at edu.iit.dao.StudentsDAO.findById(StudentsDAO.java:63)
	at edu.iit.test.tesGet.main(tesGet.java:10)
Caused by: com.mysql.jdbc.exceptions.jdbc4.MySQLSyntaxErrorException: Table 'lms.Orders' doesn't exist
	at sun.reflect.NativeConstructorAccessorImpl.newInstance0(Native Method)
	at sun.reflect.NativeConstructorAccessorImpl.newInstance(NativeConstructorAccessorImpl.java:62)
	at sun.reflect.DelegatingConstructorAccessorImpl.newInstance(DelegatingConstructorAccessorImpl.java:45)
	at java.lang.reflect.Constructor.newInstance(Constructor.java:423)
	at com.mysql.jdbc.Util.handleNewInstance(Util.java:404)
	at com.mysql.jdbc.Util.getInstance(Util.java:387)
	at com.mysql.jdbc.SQLError.createSQLException(SQLError.java:942)
	at com.mysql.jdbc.MysqlIO.checkErrorPacket(MysqlIO.java:3966)
	at com.mysql.jdbc.MysqlIO.checkErrorPacket(MysqlIO.java:3902)
	at com.mysql.jdbc.MysqlIO.sendCommand(MysqlIO.java:2526)
	at com.mysql.jdbc.MysqlIO.sqlQueryDirect(MysqlIO.java:2673)
	at com.mysql.jdbc.ConnectionImpl.execSQL(ConnectionImpl.java:2545)
	at com.mysql.jdbc.ConnectionImpl.execSQL(ConnectionImpl.java:2503)
	at com.mysql.jdbc.StatementImpl.executeInternal(StatementImpl.java:839)
	at com.mysql.jdbc.StatementImpl.execute(StatementImpl.java:739)
	at org.hibernate.tool.schema.internal.exec.GenerationTargetToDatabase.accept(GenerationTargetToDatabase.java:51)
	... 16 more
09:58:34,071  WARN ExceptionHandlerLoggedImpl:27 - GenerationTarget encountered exception accepting command : Unable to execute command [alter table lms.Orders drop foreign key FK58gb938mvv3jp3jv26v5ny7ys]
org.hibernate.tool.schema.spi.CommandAcceptanceException: Unable to execute command [alter table lms.Orders drop foreign key FK58gb938mvv3jp3jv26v5ny7ys]
	at org.hibernate.tool.schema.internal.exec.GenerationTargetToDatabase.accept(GenerationTargetToDatabase.java:63)
	at org.hibernate.tool.schema.internal.SchemaDropperImpl.applySqlString(SchemaDropperImpl.java:370)
	at org.hibernate.tool.schema.internal.SchemaDropperImpl.applySqlStrings(SchemaDropperImpl.java:355)
	at org.hibernate.tool.schema.internal.SchemaDropperImpl.applyConstraintDropping(SchemaDropperImpl.java:327)
	at org.hibernate.tool.schema.internal.SchemaDropperImpl.dropFromMetadata(SchemaDropperImpl.java:229)
	at org.hibernate.tool.schema.internal.SchemaDropperImpl.performDrop(SchemaDropperImpl.java:153)
	at org.hibernate.tool.schema.internal.SchemaDropperImpl.doDrop(SchemaDropperImpl.java:125)
	at org.hibernate.tool.schema.internal.SchemaDropperImpl.doDrop(SchemaDropperImpl.java:111)
	at org.hibernate.tool.schema.spi.SchemaManagementToolCoordinator.performDatabaseAction(SchemaManagementToolCoordinator.java:137)
	at org.hibernate.tool.schema.spi.SchemaManagementToolCoordinator.process(SchemaManagementToolCoordinator.java:64)
	at org.hibernate.internal.SessionFactoryImpl.<init>(SessionFactoryImpl.java:458)
	at org.hibernate.boot.internal.SessionFactoryBuilderImpl.build(SessionFactoryBuilderImpl.java:465)
	at org.hibernate.boot.internal.MetadataImpl.buildSessionFactory(MetadataImpl.java:170)
	at edu.iit.dao.HibernateSessionFactory.<clinit>(HibernateSessionFactory.java:36)
	at edu.iit.dao.BaseHibernateDAO.getSession(BaseHibernateDAO.java:13)
	at edu.iit.dao.StudentsDAO.findById(StudentsDAO.java:63)
	at edu.iit.test.tesGet.main(tesGet.java:10)
Caused by: com.mysql.jdbc.exceptions.jdbc4.MySQLSyntaxErrorException: Table 'lms.Orders' doesn't exist
	at sun.reflect.NativeConstructorAccessorImpl.newInstance0(Native Method)
	at sun.reflect.NativeConstructorAccessorImpl.newInstance(NativeConstructorAccessorImpl.java:62)
	at sun.reflect.DelegatingConstructorAccessorImpl.newInstance(DelegatingConstructorAccessorImpl.java:45)
	at java.lang.reflect.Constructor.newInstance(Constructor.java:423)
	at com.mysql.jdbc.Util.handleNewInstance(Util.java:404)
	at com.mysql.jdbc.Util.getInstance(Util.java:387)
	at com.mysql.jdbc.SQLError.createSQLException(SQLError.java:942)
	at com.mysql.jdbc.MysqlIO.checkErrorPacket(MysqlIO.java:3966)
	at com.mysql.jdbc.MysqlIO.checkErrorPacket(MysqlIO.java:3902)
	at com.mysql.jdbc.MysqlIO.sendCommand(MysqlIO.java:2526)
	at com.mysql.jdbc.MysqlIO.sqlQueryDirect(MysqlIO.java:2673)
	at com.mysql.jdbc.ConnectionImpl.execSQL(ConnectionImpl.java:2545)
	at com.mysql.jdbc.ConnectionImpl.execSQL(ConnectionImpl.java:2503)
	at com.mysql.jdbc.StatementImpl.executeInternal(StatementImpl.java:839)
	at com.mysql.jdbc.StatementImpl.execute(StatementImpl.java:739)
	at org.hibernate.tool.schema.internal.exec.GenerationTargetToDatabase.accept(GenerationTargetToDatabase.java:51)
	... 16 more
09:58:34,148  WARN ExceptionHandlerLoggedImpl:27 - GenerationTarget encountered exception accepting command : Unable to execute command [alter table lms.Parents drop foreign key FKroom15h53h51myvaqpopsicfa]
org.hibernate.tool.schema.spi.CommandAcceptanceException: Unable to execute command [alter table lms.Parents drop foreign key FKroom15h53h51myvaqpopsicfa]
	at org.hibernate.tool.schema.internal.exec.GenerationTargetToDatabase.accept(GenerationTargetToDatabase.java:63)
	at org.hibernate.tool.schema.internal.SchemaDropperImpl.applySqlString(SchemaDropperImpl.java:370)
	at org.hibernate.tool.schema.internal.SchemaDropperImpl.applySqlStrings(SchemaDropperImpl.java:355)
	at org.hibernate.tool.schema.internal.SchemaDropperImpl.applyConstraintDropping(SchemaDropperImpl.java:327)
	at org.hibernate.tool.schema.internal.SchemaDropperImpl.dropFromMetadata(SchemaDropperImpl.java:229)
	at org.hibernate.tool.schema.internal.SchemaDropperImpl.performDrop(SchemaDropperImpl.java:153)
	at org.hibernate.tool.schema.internal.SchemaDropperImpl.doDrop(SchemaDropperImpl.java:125)
	at org.hibernate.tool.schema.internal.SchemaDropperImpl.doDrop(SchemaDropperImpl.java:111)
	at org.hibernate.tool.schema.spi.SchemaManagementToolCoordinator.performDatabaseAction(SchemaManagementToolCoordinator.java:137)
	at org.hibernate.tool.schema.spi.SchemaManagementToolCoordinator.process(SchemaManagementToolCoordinator.java:64)
	at org.hibernate.internal.SessionFactoryImpl.<init>(SessionFactoryImpl.java:458)
	at org.hibernate.boot.internal.SessionFactoryBuilderImpl.build(SessionFactoryBuilderImpl.java:465)
	at org.hibernate.boot.internal.MetadataImpl.buildSessionFactory(MetadataImpl.java:170)
	at edu.iit.dao.HibernateSessionFactory.<clinit>(HibernateSessionFactory.java:36)
	at edu.iit.dao.BaseHibernateDAO.getSession(BaseHibernateDAO.java:13)
	at edu.iit.dao.StudentsDAO.findById(StudentsDAO.java:63)
	at edu.iit.test.tesGet.main(tesGet.java:10)
Caused by: com.mysql.jdbc.exceptions.jdbc4.MySQLSyntaxErrorException: Table 'lms.Parents' doesn't exist
	at sun.reflect.NativeConstructorAccessorImpl.newInstance0(Native Method)
	at sun.reflect.NativeConstructorAccessorImpl.newInstance(NativeConstructorAccessorImpl.java:62)
	at sun.reflect.DelegatingConstructorAccessorImpl.newInstance(DelegatingConstructorAccessorImpl.java:45)
	at java.lang.reflect.Constructor.newInstance(Constructor.java:423)
	at com.mysql.jdbc.Util.handleNewInstance(Util.java:404)
	at com.mysql.jdbc.Util.getInstance(Util.java:387)
	at com.mysql.jdbc.SQLError.createSQLException(SQLError.java:942)
	at com.mysql.jdbc.MysqlIO.checkErrorPacket(MysqlIO.java:3966)
	at com.mysql.jdbc.MysqlIO.checkErrorPacket(MysqlIO.java:3902)
	at com.mysql.jdbc.MysqlIO.sendCommand(MysqlIO.java:2526)
	at com.mysql.jdbc.MysqlIO.sqlQueryDirect(MysqlIO.java:2673)
	at com.mysql.jdbc.ConnectionImpl.execSQL(ConnectionImpl.java:2545)
	at com.mysql.jdbc.ConnectionImpl.execSQL(ConnectionImpl.java:2503)
	at com.mysql.jdbc.StatementImpl.executeInternal(StatementImpl.java:839)
	at com.mysql.jdbc.StatementImpl.execute(StatementImpl.java:739)
	at org.hibernate.tool.schema.internal.exec.GenerationTargetToDatabase.accept(GenerationTargetToDatabase.java:51)
	... 16 more
09:58:34,224  WARN ExceptionHandlerLoggedImpl:27 - GenerationTarget encountered exception accepting command : Unable to execute command [alter table lms.Recommend drop foreign key FKdvc6k960uke33o6uyw8896ass]
org.hibernate.tool.schema.spi.CommandAcceptanceException: Unable to execute command [alter table lms.Recommend drop foreign key FKdvc6k960uke33o6uyw8896ass]
	at org.hibernate.tool.schema.internal.exec.GenerationTargetToDatabase.accept(GenerationTargetToDatabase.java:63)
	at org.hibernate.tool.schema.internal.SchemaDropperImpl.applySqlString(SchemaDropperImpl.java:370)
	at org.hibernate.tool.schema.internal.SchemaDropperImpl.applySqlStrings(SchemaDropperImpl.java:355)
	at org.hibernate.tool.schema.internal.SchemaDropperImpl.applyConstraintDropping(SchemaDropperImpl.java:327)
	at org.hibernate.tool.schema.internal.SchemaDropperImpl.dropFromMetadata(SchemaDropperImpl.java:229)
	at org.hibernate.tool.schema.internal.SchemaDropperImpl.performDrop(SchemaDropperImpl.java:153)
	at org.hibernate.tool.schema.internal.SchemaDropperImpl.doDrop(SchemaDropperImpl.java:125)
	at org.hibernate.tool.schema.internal.SchemaDropperImpl.doDrop(SchemaDropperImpl.java:111)
	at org.hibernate.tool.schema.spi.SchemaManagementToolCoordinator.performDatabaseAction(SchemaManagementToolCoordinator.java:137)
	at org.hibernate.tool.schema.spi.SchemaManagementToolCoordinator.process(SchemaManagementToolCoordinator.java:64)
	at org.hibernate.internal.SessionFactoryImpl.<init>(SessionFactoryImpl.java:458)
	at org.hibernate.boot.internal.SessionFactoryBuilderImpl.build(SessionFactoryBuilderImpl.java:465)
	at org.hibernate.boot.internal.MetadataImpl.buildSessionFactory(MetadataImpl.java:170)
	at edu.iit.dao.HibernateSessionFactory.<clinit>(HibernateSessionFactory.java:36)
	at edu.iit.dao.BaseHibernateDAO.getSession(BaseHibernateDAO.java:13)
	at edu.iit.dao.StudentsDAO.findById(StudentsDAO.java:63)
	at edu.iit.test.tesGet.main(tesGet.java:10)
Caused by: com.mysql.jdbc.exceptions.jdbc4.MySQLSyntaxErrorException: Table 'lms.Recommend' doesn't exist
	at sun.reflect.NativeConstructorAccessorImpl.newInstance0(Native Method)
	at sun.reflect.NativeConstructorAccessorImpl.newInstance(NativeConstructorAccessorImpl.java:62)
	at sun.reflect.DelegatingConstructorAccessorImpl.newInstance(DelegatingConstructorAccessorImpl.java:45)
	at java.lang.reflect.Constructor.newInstance(Constructor.java:423)
	at com.mysql.jdbc.Util.handleNewInstance(Util.java:404)
	at com.mysql.jdbc.Util.getInstance(Util.java:387)
	at com.mysql.jdbc.SQLError.createSQLException(SQLError.java:942)
	at com.mysql.jdbc.MysqlIO.checkErrorPacket(MysqlIO.java:3966)
	at com.mysql.jdbc.MysqlIO.checkErrorPacket(MysqlIO.java:3902)
	at com.mysql.jdbc.MysqlIO.sendCommand(MysqlIO.java:2526)
	at com.mysql.jdbc.MysqlIO.sqlQueryDirect(MysqlIO.java:2673)
	at com.mysql.jdbc.ConnectionImpl.execSQL(ConnectionImpl.java:2545)
	at com.mysql.jdbc.ConnectionImpl.execSQL(ConnectionImpl.java:2503)
	at com.mysql.jdbc.StatementImpl.executeInternal(StatementImpl.java:839)
	at com.mysql.jdbc.StatementImpl.execute(StatementImpl.java:739)
	at org.hibernate.tool.schema.internal.exec.GenerationTargetToDatabase.accept(GenerationTargetToDatabase.java:51)
	... 16 more
09:58:34,300  WARN ExceptionHandlerLoggedImpl:27 - GenerationTarget encountered exception accepting command : Unable to execute command [alter table lms.Recommend drop foreign key FK8yu2fk26yx1vgyac3t3kat0g0]
org.hibernate.tool.schema.spi.CommandAcceptanceException: Unable to execute command [alter table lms.Recommend drop foreign key FK8yu2fk26yx1vgyac3t3kat0g0]
	at org.hibernate.tool.schema.internal.exec.GenerationTargetToDatabase.accept(GenerationTargetToDatabase.java:63)
	at org.hibernate.tool.schema.internal.SchemaDropperImpl.applySqlString(SchemaDropperImpl.java:370)
	at org.hibernate.tool.schema.internal.SchemaDropperImpl.applySqlStrings(SchemaDropperImpl.java:355)
	at org.hibernate.tool.schema.internal.SchemaDropperImpl.applyConstraintDropping(SchemaDropperImpl.java:327)
	at org.hibernate.tool.schema.internal.SchemaDropperImpl.dropFromMetadata(SchemaDropperImpl.java:229)
	at org.hibernate.tool.schema.internal.SchemaDropperImpl.performDrop(SchemaDropperImpl.java:153)
	at org.hibernate.tool.schema.internal.SchemaDropperImpl.doDrop(SchemaDropperImpl.java:125)
	at org.hibernate.tool.schema.internal.SchemaDropperImpl.doDrop(SchemaDropperImpl.java:111)
	at org.hibernate.tool.schema.spi.SchemaManagementToolCoordinator.performDatabaseAction(SchemaManagementToolCoordinator.java:137)
	at org.hibernate.tool.schema.spi.SchemaManagementToolCoordinator.process(SchemaManagementToolCoordinator.java:64)
	at org.hibernate.internal.SessionFactoryImpl.<init>(SessionFactoryImpl.java:458)
	at org.hibernate.boot.internal.SessionFactoryBuilderImpl.build(SessionFactoryBuilderImpl.java:465)
	at org.hibernate.boot.internal.MetadataImpl.buildSessionFactory(MetadataImpl.java:170)
	at edu.iit.dao.HibernateSessionFactory.<clinit>(HibernateSessionFactory.java:36)
	at edu.iit.dao.BaseHibernateDAO.getSession(BaseHibernateDAO.java:13)
	at edu.iit.dao.StudentsDAO.findById(StudentsDAO.java:63)
	at edu.iit.test.tesGet.main(tesGet.java:10)
Caused by: com.mysql.jdbc.exceptions.jdbc4.MySQLSyntaxErrorException: Table 'lms.Recommend' doesn't exist
	at sun.reflect.NativeConstructorAccessorImpl.newInstance0(Native Method)
	at sun.reflect.NativeConstructorAccessorImpl.newInstance(NativeConstructorAccessorImpl.java:62)
	at sun.reflect.DelegatingConstructorAccessorImpl.newInstance(DelegatingConstructorAccessorImpl.java:45)
	at java.lang.reflect.Constructor.newInstance(Constructor.java:423)
	at com.mysql.jdbc.Util.handleNewInstance(Util.java:404)
	at com.mysql.jdbc.Util.getInstance(Util.java:387)
	at com.mysql.jdbc.SQLError.createSQLException(SQLError.java:942)
	at com.mysql.jdbc.MysqlIO.checkErrorPacket(MysqlIO.java:3966)
	at com.mysql.jdbc.MysqlIO.checkErrorPacket(MysqlIO.java:3902)
	at com.mysql.jdbc.MysqlIO.sendCommand(MysqlIO.java:2526)
	at com.mysql.jdbc.MysqlIO.sqlQueryDirect(MysqlIO.java:2673)
	at com.mysql.jdbc.ConnectionImpl.execSQL(ConnectionImpl.java:2545)
	at com.mysql.jdbc.ConnectionImpl.execSQL(ConnectionImpl.java:2503)
	at com.mysql.jdbc.StatementImpl.executeInternal(StatementImpl.java:839)
	at com.mysql.jdbc.StatementImpl.execute(StatementImpl.java:739)
	at org.hibernate.tool.schema.internal.exec.GenerationTargetToDatabase.accept(GenerationTargetToDatabase.java:51)
	... 16 more
09:58:34,376  WARN ExceptionHandlerLoggedImpl:27 - GenerationTarget encountered exception accepting command : Unable to execute command [alter table lms.TeachBy drop foreign key FKnua2r5gvsb63isoj4nj6rif1p]
org.hibernate.tool.schema.spi.CommandAcceptanceException: Unable to execute command [alter table lms.TeachBy drop foreign key FKnua2r5gvsb63isoj4nj6rif1p]
	at org.hibernate.tool.schema.internal.exec.GenerationTargetToDatabase.accept(GenerationTargetToDatabase.java:63)
	at org.hibernate.tool.schema.internal.SchemaDropperImpl.applySqlString(SchemaDropperImpl.java:370)
	at org.hibernate.tool.schema.internal.SchemaDropperImpl.applySqlStrings(SchemaDropperImpl.java:355)
	at org.hibernate.tool.schema.internal.SchemaDropperImpl.applyConstraintDropping(SchemaDropperImpl.java:327)
	at org.hibernate.tool.schema.internal.SchemaDropperImpl.dropFromMetadata(SchemaDropperImpl.java:229)
	at org.hibernate.tool.schema.internal.SchemaDropperImpl.performDrop(SchemaDropperImpl.java:153)
	at org.hibernate.tool.schema.internal.SchemaDropperImpl.doDrop(SchemaDropperImpl.java:125)
	at org.hibernate.tool.schema.internal.SchemaDropperImpl.doDrop(SchemaDropperImpl.java:111)
	at org.hibernate.tool.schema.spi.SchemaManagementToolCoordinator.performDatabaseAction(SchemaManagementToolCoordinator.java:137)
	at org.hibernate.tool.schema.spi.SchemaManagementToolCoordinator.process(SchemaManagementToolCoordinator.java:64)
	at org.hibernate.internal.SessionFactoryImpl.<init>(SessionFactoryImpl.java:458)
	at org.hibernate.boot.internal.SessionFactoryBuilderImpl.build(SessionFactoryBuilderImpl.java:465)
	at org.hibernate.boot.internal.MetadataImpl.buildSessionFactory(MetadataImpl.java:170)
	at edu.iit.dao.HibernateSessionFactory.<clinit>(HibernateSessionFactory.java:36)
	at edu.iit.dao.BaseHibernateDAO.getSession(BaseHibernateDAO.java:13)
	at edu.iit.dao.StudentsDAO.findById(StudentsDAO.java:63)
	at edu.iit.test.tesGet.main(tesGet.java:10)
Caused by: com.mysql.jdbc.exceptions.jdbc4.MySQLSyntaxErrorException: Table 'lms.TeachBy' doesn't exist
	at sun.reflect.NativeConstructorAccessorImpl.newInstance0(Native Method)
	at sun.reflect.NativeConstructorAccessorImpl.newInstance(NativeConstructorAccessorImpl.java:62)
	at sun.reflect.DelegatingConstructorAccessorImpl.newInstance(DelegatingConstructorAccessorImpl.java:45)
	at java.lang.reflect.Constructor.newInstance(Constructor.java:423)
	at com.mysql.jdbc.Util.handleNewInstance(Util.java:404)
	at com.mysql.jdbc.Util.getInstance(Util.java:387)
	at com.mysql.jdbc.SQLError.createSQLException(SQLError.java:942)
	at com.mysql.jdbc.MysqlIO.checkErrorPacket(MysqlIO.java:3966)
	at com.mysql.jdbc.MysqlIO.checkErrorPacket(MysqlIO.java:3902)
	at com.mysql.jdbc.MysqlIO.sendCommand(MysqlIO.java:2526)
	at com.mysql.jdbc.MysqlIO.sqlQueryDirect(MysqlIO.java:2673)
	at com.mysql.jdbc.ConnectionImpl.execSQL(ConnectionImpl.java:2545)
	at com.mysql.jdbc.ConnectionImpl.execSQL(ConnectionImpl.java:2503)
	at com.mysql.jdbc.StatementImpl.executeInternal(StatementImpl.java:839)
	at com.mysql.jdbc.StatementImpl.execute(StatementImpl.java:739)
	at org.hibernate.tool.schema.internal.exec.GenerationTargetToDatabase.accept(GenerationTargetToDatabase.java:51)
	... 16 more
09:58:34,452  WARN ExceptionHandlerLoggedImpl:27 - GenerationTarget encountered exception accepting command : Unable to execute command [alter table lms.TeachBy drop foreign key FKn7yj38b57wq3l4kp069kmbuwo]
org.hibernate.tool.schema.spi.CommandAcceptanceException: Unable to execute command [alter table lms.TeachBy drop foreign key FKn7yj38b57wq3l4kp069kmbuwo]
	at org.hibernate.tool.schema.internal.exec.GenerationTargetToDatabase.accept(GenerationTargetToDatabase.java:63)
	at org.hibernate.tool.schema.internal.SchemaDropperImpl.applySqlString(SchemaDropperImpl.java:370)
	at org.hibernate.tool.schema.internal.SchemaDropperImpl.applySqlStrings(SchemaDropperImpl.java:355)
	at org.hibernate.tool.schema.internal.SchemaDropperImpl.applyConstraintDropping(SchemaDropperImpl.java:327)
	at org.hibernate.tool.schema.internal.SchemaDropperImpl.dropFromMetadata(SchemaDropperImpl.java:229)
	at org.hibernate.tool.schema.internal.SchemaDropperImpl.performDrop(SchemaDropperImpl.java:153)
	at org.hibernate.tool.schema.internal.SchemaDropperImpl.doDrop(SchemaDropperImpl.java:125)
	at org.hibernate.tool.schema.internal.SchemaDropperImpl.doDrop(SchemaDropperImpl.java:111)
	at org.hibernate.tool.schema.spi.SchemaManagementToolCoordinator.performDatabaseAction(SchemaManagementToolCoordinator.java:137)
	at org.hibernate.tool.schema.spi.SchemaManagementToolCoordinator.process(SchemaManagementToolCoordinator.java:64)
	at org.hibernate.internal.SessionFactoryImpl.<init>(SessionFactoryImpl.java:458)
	at org.hibernate.boot.internal.SessionFactoryBuilderImpl.build(SessionFactoryBuilderImpl.java:465)
	at org.hibernate.boot.internal.MetadataImpl.buildSessionFactory(MetadataImpl.java:170)
	at edu.iit.dao.HibernateSessionFactory.<clinit>(HibernateSessionFactory.java:36)
	at edu.iit.dao.BaseHibernateDAO.getSession(BaseHibernateDAO.java:13)
	at edu.iit.dao.StudentsDAO.findById(StudentsDAO.java:63)
	at edu.iit.test.tesGet.main(tesGet.java:10)
Caused by: com.mysql.jdbc.exceptions.jdbc4.MySQLSyntaxErrorException: Table 'lms.TeachBy' doesn't exist
	at sun.reflect.NativeConstructorAccessorImpl.newInstance0(Native Method)
	at sun.reflect.NativeConstructorAccessorImpl.newInstance(NativeConstructorAccessorImpl.java:62)
	at sun.reflect.DelegatingConstructorAccessorImpl.newInstance(DelegatingConstructorAccessorImpl.java:45)
	at java.lang.reflect.Constructor.newInstance(Constructor.java:423)
	at com.mysql.jdbc.Util.handleNewInstance(Util.java:404)
	at com.mysql.jdbc.Util.getInstance(Util.java:387)
	at com.mysql.jdbc.SQLError.createSQLException(SQLError.java:942)
	at com.mysql.jdbc.MysqlIO.checkErrorPacket(MysqlIO.java:3966)
	at com.mysql.jdbc.MysqlIO.checkErrorPacket(MysqlIO.java:3902)
	at com.mysql.jdbc.MysqlIO.sendCommand(MysqlIO.java:2526)
	at com.mysql.jdbc.MysqlIO.sqlQueryDirect(MysqlIO.java:2673)
	at com.mysql.jdbc.ConnectionImpl.execSQL(ConnectionImpl.java:2545)
	at com.mysql.jdbc.ConnectionImpl.execSQL(ConnectionImpl.java:2503)
	at com.mysql.jdbc.StatementImpl.executeInternal(StatementImpl.java:839)
	at com.mysql.jdbc.StatementImpl.execute(StatementImpl.java:739)
	at org.hibernate.tool.schema.internal.exec.GenerationTargetToDatabase.accept(GenerationTargetToDatabase.java:51)
	... 16 more
09:58:34,529  WARN ExceptionHandlerLoggedImpl:27 - GenerationTarget encountered exception accepting command : Unable to execute command [alter table lms.Teachers drop foreign key FK5ac97dle51ejapmfnpfi0j82p]
org.hibernate.tool.schema.spi.CommandAcceptanceException: Unable to execute command [alter table lms.Teachers drop foreign key FK5ac97dle51ejapmfnpfi0j82p]
	at org.hibernate.tool.schema.internal.exec.GenerationTargetToDatabase.accept(GenerationTargetToDatabase.java:63)
	at org.hibernate.tool.schema.internal.SchemaDropperImpl.applySqlString(SchemaDropperImpl.java:370)
	at org.hibernate.tool.schema.internal.SchemaDropperImpl.applySqlStrings(SchemaDropperImpl.java:355)
	at org.hibernate.tool.schema.internal.SchemaDropperImpl.applyConstraintDropping(SchemaDropperImpl.java:327)
	at org.hibernate.tool.schema.internal.SchemaDropperImpl.dropFromMetadata(SchemaDropperImpl.java:229)
	at org.hibernate.tool.schema.internal.SchemaDropperImpl.performDrop(SchemaDropperImpl.java:153)
	at org.hibernate.tool.schema.internal.SchemaDropperImpl.doDrop(SchemaDropperImpl.java:125)
	at org.hibernate.tool.schema.internal.SchemaDropperImpl.doDrop(SchemaDropperImpl.java:111)
	at org.hibernate.tool.schema.spi.SchemaManagementToolCoordinator.performDatabaseAction(SchemaManagementToolCoordinator.java:137)
	at org.hibernate.tool.schema.spi.SchemaManagementToolCoordinator.process(SchemaManagementToolCoordinator.java:64)
	at org.hibernate.internal.SessionFactoryImpl.<init>(SessionFactoryImpl.java:458)
	at org.hibernate.boot.internal.SessionFactoryBuilderImpl.build(SessionFactoryBuilderImpl.java:465)
	at org.hibernate.boot.internal.MetadataImpl.buildSessionFactory(MetadataImpl.java:170)
	at edu.iit.dao.HibernateSessionFactory.<clinit>(HibernateSessionFactory.java:36)
	at edu.iit.dao.BaseHibernateDAO.getSession(BaseHibernateDAO.java:13)
	at edu.iit.dao.StudentsDAO.findById(StudentsDAO.java:63)
	at edu.iit.test.tesGet.main(tesGet.java:10)
Caused by: com.mysql.jdbc.exceptions.jdbc4.MySQLSyntaxErrorException: Table 'lms.Teachers' doesn't exist
	at sun.reflect.NativeConstructorAccessorImpl.newInstance0(Native Method)
	at sun.reflect.NativeConstructorAccessorImpl.newInstance(NativeConstructorAccessorImpl.java:62)
	at sun.reflect.DelegatingConstructorAccessorImpl.newInstance(DelegatingConstructorAccessorImpl.java:45)
	at java.lang.reflect.Constructor.newInstance(Constructor.java:423)
	at com.mysql.jdbc.Util.handleNewInstance(Util.java:404)
	at com.mysql.jdbc.Util.getInstance(Util.java:387)
	at com.mysql.jdbc.SQLError.createSQLException(SQLError.java:942)
	at com.mysql.jdbc.MysqlIO.checkErrorPacket(MysqlIO.java:3966)
	at com.mysql.jdbc.MysqlIO.checkErrorPacket(MysqlIO.java:3902)
	at com.mysql.jdbc.MysqlIO.sendCommand(MysqlIO.java:2526)
	at com.mysql.jdbc.MysqlIO.sqlQueryDirect(MysqlIO.java:2673)
	at com.mysql.jdbc.ConnectionImpl.execSQL(ConnectionImpl.java:2545)
	at com.mysql.jdbc.ConnectionImpl.execSQL(ConnectionImpl.java:2503)
	at com.mysql.jdbc.StatementImpl.executeInternal(StatementImpl.java:839)
	at com.mysql.jdbc.StatementImpl.execute(StatementImpl.java:739)
	at org.hibernate.tool.schema.internal.exec.GenerationTargetToDatabase.accept(GenerationTargetToDatabase.java:51)
	... 16 more
09:58:39,106  INFO SchemaCreatorImpl:470 - HHH000476: Executing import script 'org.hibernate.tool.schema.internal.exec.ScriptSourceInputNonExistentImpl@3228d990'
09:58:39,390 TRACE BasicBinder:65 - binding parameter [1] as [INTEGER] - [1]
09:58:57,189  INFO Version:37 - HHH000412: Hibernate Core {5.1.0.Final}
09:58:57,193  INFO Environment:213 - HHH000206: hibernate.properties not found
09:58:57,197  INFO Environment:317 - HHH000021: Bytecode provider name : javassist
09:58:57,441  INFO Version:66 - HCANN000001: Hibernate Commons Annotations {5.0.1.Final}
09:58:58,264 DEBUG BasicTypeRegistry:135 - Adding type registration boolean -> org.hibernate.type.BooleanType@1a18644
09:58:58,264 DEBUG BasicTypeRegistry:135 - Adding type registration boolean -> org.hibernate.type.BooleanType@1a18644
09:58:58,264 DEBUG BasicTypeRegistry:135 - Adding type registration java.lang.Boolean -> org.hibernate.type.BooleanType@1a18644
09:58:58,266 DEBUG BasicTypeRegistry:135 - Adding type registration numeric_boolean -> org.hibernate.type.NumericBooleanType@4738a206
09:58:58,267 DEBUG BasicTypeRegistry:135 - Adding type registration true_false -> org.hibernate.type.TrueFalseType@543588e6
09:58:58,269 DEBUG BasicTypeRegistry:135 - Adding type registration yes_no -> org.hibernate.type.YesNoType@5d7148e2
09:58:58,271 DEBUG BasicTypeRegistry:135 - Adding type registration byte -> org.hibernate.type.ByteType@58d75e99
09:58:58,271 DEBUG BasicTypeRegistry:135 - Adding type registration byte -> org.hibernate.type.ByteType@58d75e99
09:58:58,271 DEBUG BasicTypeRegistry:135 - Adding type registration java.lang.Byte -> org.hibernate.type.ByteType@58d75e99
09:58:58,273 DEBUG BasicTypeRegistry:135 - Adding type registration character -> org.hibernate.type.CharacterType@6fd83fc1
09:58:58,273 DEBUG BasicTypeRegistry:135 - Adding type registration char -> org.hibernate.type.CharacterType@6fd83fc1
09:58:58,273 DEBUG BasicTypeRegistry:135 - Adding type registration java.lang.Character -> org.hibernate.type.CharacterType@6fd83fc1
09:58:58,276 DEBUG BasicTypeRegistry:135 - Adding type registration short -> org.hibernate.type.ShortType@c88a337
09:58:58,276 DEBUG BasicTypeRegistry:135 - Adding type registration short -> org.hibernate.type.ShortType@c88a337
09:58:58,277 DEBUG BasicTypeRegistry:135 - Adding type registration java.lang.Short -> org.hibernate.type.ShortType@c88a337
09:58:58,278 DEBUG BasicTypeRegistry:135 - Adding type registration integer -> org.hibernate.type.IntegerType@593aaf41
09:58:58,279 DEBUG BasicTypeRegistry:135 - Adding type registration int -> org.hibernate.type.IntegerType@593aaf41
09:58:58,279 DEBUG BasicTypeRegistry:135 - Adding type registration java.lang.Integer -> org.hibernate.type.IntegerType@593aaf41
09:58:58,281 DEBUG BasicTypeRegistry:135 - Adding type registration long -> org.hibernate.type.LongType@6e0f5f7f
09:58:58,281 DEBUG BasicTypeRegistry:135 - Adding type registration long -> org.hibernate.type.LongType@6e0f5f7f
09:58:58,281 DEBUG BasicTypeRegistry:135 - Adding type registration java.lang.Long -> org.hibernate.type.LongType@6e0f5f7f
09:58:58,283 DEBUG BasicTypeRegistry:135 - Adding type registration float -> org.hibernate.type.FloatType@4803b726
09:58:58,283 DEBUG BasicTypeRegistry:135 - Adding type registration float -> org.hibernate.type.FloatType@4803b726
09:58:58,283 DEBUG BasicTypeRegistry:135 - Adding type registration java.lang.Float -> org.hibernate.type.FloatType@4803b726
09:58:58,285 DEBUG BasicTypeRegistry:135 - Adding type registration double -> org.hibernate.type.DoubleType@729d991e
09:58:58,285 DEBUG BasicTypeRegistry:135 - Adding type registration double -> org.hibernate.type.DoubleType@729d991e
09:58:58,285 DEBUG BasicTypeRegistry:135 - Adding type registration java.lang.Double -> org.hibernate.type.DoubleType@729d991e
09:58:58,287 DEBUG BasicTypeRegistry:135 - Adding type registration big_decimal -> org.hibernate.type.BigDecimalType@36916eb0
09:58:58,287 DEBUG BasicTypeRegistry:135 - Adding type registration java.math.BigDecimal -> org.hibernate.type.BigDecimalType@36916eb0
09:58:58,288 DEBUG BasicTypeRegistry:135 - Adding type registration big_integer -> org.hibernate.type.BigIntegerType@3cebbb30
09:58:58,288 DEBUG BasicTypeRegistry:135 - Adding type registration java.math.BigInteger -> org.hibernate.type.BigIntegerType@3cebbb30
09:58:58,290 DEBUG BasicTypeRegistry:135 - Adding type registration string -> org.hibernate.type.StringType@49049a04
09:58:58,290 DEBUG BasicTypeRegistry:135 - Adding type registration java.lang.String -> org.hibernate.type.StringType@49049a04
09:58:58,291 DEBUG BasicTypeRegistry:135 - Adding type registration nstring -> org.hibernate.type.StringNVarcharType@51e69659
09:58:58,292 DEBUG BasicTypeRegistry:135 - Adding type registration ncharacter -> org.hibernate.type.CharacterNCharType@54a7079e
09:58:58,293 DEBUG BasicTypeRegistry:135 - Adding type registration url -> org.hibernate.type.UrlType@1b11171f
09:58:58,293 DEBUG BasicTypeRegistry:135 - Adding type registration java.net.URL -> org.hibernate.type.UrlType@1b11171f
09:58:58,295 DEBUG BasicTypeRegistry:135 - Adding type registration date -> org.hibernate.type.DateType@2d710f1a
09:58:58,295 DEBUG BasicTypeRegistry:135 - Adding type registration java.sql.Date -> org.hibernate.type.DateType@2d710f1a
09:58:58,297 DEBUG BasicTypeRegistry:135 - Adding type registration time -> org.hibernate.type.TimeType@b9b00e0
09:58:58,297 DEBUG BasicTypeRegistry:135 - Adding type registration java.sql.Time -> org.hibernate.type.TimeType@b9b00e0
09:58:58,299 DEBUG BasicTypeRegistry:135 - Adding type registration timestamp -> org.hibernate.type.TimestampType@273e7444
09:58:58,299 DEBUG BasicTypeRegistry:135 - Adding type registration java.sql.Timestamp -> org.hibernate.type.TimestampType@273e7444
09:58:58,300 DEBUG BasicTypeRegistry:135 - Adding type registration java.util.Date -> org.hibernate.type.TimestampType@273e7444
09:58:58,302 DEBUG BasicTypeRegistry:135 - Adding type registration dbtimestamp -> org.hibernate.type.DbTimestampType@272113c4
09:58:58,303 DEBUG BasicTypeRegistry:135 - Adding type registration calendar -> org.hibernate.type.CalendarType@3f6f6701
09:58:58,303 DEBUG BasicTypeRegistry:135 - Adding type registration java.util.Calendar -> org.hibernate.type.CalendarType@3f6f6701
09:58:58,304 DEBUG BasicTypeRegistry:135 - Adding type registration java.util.GregorianCalendar -> org.hibernate.type.CalendarType@3f6f6701
09:58:58,305 DEBUG BasicTypeRegistry:135 - Adding type registration calendar_date -> org.hibernate.type.CalendarDateType@1ed6388a
09:58:58,307 DEBUG BasicTypeRegistry:135 - Adding type registration locale -> org.hibernate.type.LocaleType@121314f7
09:58:58,307 DEBUG BasicTypeRegistry:135 - Adding type registration java.util.Locale -> org.hibernate.type.LocaleType@121314f7
09:58:58,308 DEBUG BasicTypeRegistry:135 - Adding type registration currency -> org.hibernate.type.CurrencyType@2e3967ea
09:58:58,309 DEBUG BasicTypeRegistry:135 - Adding type registration java.util.Currency -> org.hibernate.type.CurrencyType@2e3967ea
09:58:58,310 DEBUG BasicTypeRegistry:135 - Adding type registration timezone -> org.hibernate.type.TimeZoneType@51c668e3
09:58:58,310 DEBUG BasicTypeRegistry:135 - Adding type registration java.util.TimeZone -> org.hibernate.type.TimeZoneType@51c668e3
09:58:58,311 DEBUG BasicTypeRegistry:135 - Adding type registration class -> org.hibernate.type.ClassType@4a883b15
09:58:58,312 DEBUG BasicTypeRegistry:135 - Adding type registration java.lang.Class -> org.hibernate.type.ClassType@4a883b15
09:58:58,314 DEBUG BasicTypeRegistry:135 - Adding type registration uuid-binary -> org.hibernate.type.UUIDBinaryType@229c6181
09:58:58,314 DEBUG BasicTypeRegistry:135 - Adding type registration java.util.UUID -> org.hibernate.type.UUIDBinaryType@229c6181
09:58:58,315 DEBUG BasicTypeRegistry:135 - Adding type registration uuid-char -> org.hibernate.type.UUIDCharType@791f145a
09:58:58,317 DEBUG BasicTypeRegistry:135 - Adding type registration binary -> org.hibernate.type.BinaryType@41a0aa7d
09:58:58,318 DEBUG BasicTypeRegistry:135 - Adding type registration byte[] -> org.hibernate.type.BinaryType@41a0aa7d
09:58:58,318 DEBUG BasicTypeRegistry:135 - Adding type registration [B -> org.hibernate.type.BinaryType@41a0aa7d
09:58:58,319 DEBUG BasicTypeRegistry:135 - Adding type registration wrapper-binary -> org.hibernate.type.WrapperBinaryType@1ffaf86
09:58:58,320 DEBUG BasicTypeRegistry:135 - Adding type registration Byte[] -> org.hibernate.type.WrapperBinaryType@1ffaf86
09:58:58,320 DEBUG BasicTypeRegistry:135 - Adding type registration [Ljava.lang.Byte; -> org.hibernate.type.WrapperBinaryType@1ffaf86
09:58:58,321 DEBUG BasicTypeRegistry:135 - Adding type registration image -> org.hibernate.type.ImageType@20140db9
09:58:58,323 DEBUG BasicTypeRegistry:135 - Adding type registration characters -> org.hibernate.type.CharArrayType@55a147cc
09:58:58,323 DEBUG BasicTypeRegistry:135 - Adding type registration char[] -> org.hibernate.type.CharArrayType@55a147cc
09:58:58,324 DEBUG BasicTypeRegistry:135 - Adding type registration [C -> org.hibernate.type.CharArrayType@55a147cc
09:58:58,325 DEBUG BasicTypeRegistry:135 - Adding type registration wrapper-characters -> org.hibernate.type.CharacterArrayType@4145bad8
09:58:58,326 DEBUG BasicTypeRegistry:135 - Adding type registration [Ljava.lang.Character; -> org.hibernate.type.CharacterArrayType@4145bad8
09:58:58,326 DEBUG BasicTypeRegistry:135 - Adding type registration Character[] -> org.hibernate.type.CharacterArrayType@4145bad8
09:58:58,327 DEBUG BasicTypeRegistry:135 - Adding type registration text -> org.hibernate.type.TextType@750e2b97
09:58:58,328 DEBUG BasicTypeRegistry:135 - Adding type registration ntext -> org.hibernate.type.NTextType@2a7f1f10
09:58:58,332 DEBUG BasicTypeRegistry:135 - Adding type registration blob -> org.hibernate.type.BlobType@8f2ef19
09:58:58,333 DEBUG BasicTypeRegistry:135 - Adding type registration java.sql.Blob -> org.hibernate.type.BlobType@8f2ef19
09:58:58,333 DEBUG BasicTypeRegistry:135 - Adding type registration materialized_blob -> org.hibernate.type.MaterializedBlobType@7674f035
09:58:58,339 DEBUG BasicTypeRegistry:135 - Adding type registration clob -> org.hibernate.type.ClobType@75d3a5e0
09:58:58,339 DEBUG BasicTypeRegistry:135 - Adding type registration java.sql.Clob -> org.hibernate.type.ClobType@75d3a5e0
09:58:58,343 DEBUG BasicTypeRegistry:135 - Adding type registration nclob -> org.hibernate.type.NClobType@75437611
09:58:58,343 DEBUG BasicTypeRegistry:135 - Adding type registration java.sql.NClob -> org.hibernate.type.NClobType@75437611
09:58:58,344 DEBUG BasicTypeRegistry:135 - Adding type registration materialized_clob -> org.hibernate.type.MaterializedClobType@17f9d882
09:58:58,344 DEBUG BasicTypeRegistry:135 - Adding type registration materialized_nclob -> org.hibernate.type.MaterializedNClobType@4c60d6e9
09:58:58,346 DEBUG BasicTypeRegistry:135 - Adding type registration serializable -> org.hibernate.type.SerializableType@7f485fda
09:58:58,348 DEBUG BasicTypeRegistry:135 - Adding type registration object -> org.hibernate.type.ObjectType@8458f04
09:58:58,348 DEBUG BasicTypeRegistry:135 - Adding type registration java.lang.Object -> org.hibernate.type.ObjectType@8458f04
09:58:58,349 DEBUG BasicTypeRegistry:135 - Adding type registration imm_date -> org.hibernate.type.AdaptedImmutableType@7a35b0f5
09:58:58,349 DEBUG BasicTypeRegistry:135 - Adding type registration imm_time -> org.hibernate.type.AdaptedImmutableType@5e2c3d18
09:58:58,350 DEBUG BasicTypeRegistry:135 - Adding type registration imm_timestamp -> org.hibernate.type.AdaptedImmutableType@2cb4893b
09:58:58,350 DEBUG BasicTypeRegistry:135 - Adding type registration imm_dbtimestamp -> org.hibernate.type.AdaptedImmutableType@cc43f62
09:58:58,350 DEBUG BasicTypeRegistry:135 - Adding type registration imm_calendar -> org.hibernate.type.AdaptedImmutableType@5b218417
09:58:58,351 DEBUG BasicTypeRegistry:135 - Adding type registration imm_calendar_date -> org.hibernate.type.AdaptedImmutableType@645aa696
09:58:58,351 DEBUG BasicTypeRegistry:135 - Adding type registration imm_binary -> org.hibernate.type.AdaptedImmutableType@6caf0677
09:58:58,351 DEBUG BasicTypeRegistry:135 - Adding type registration imm_serializable -> org.hibernate.type.AdaptedImmutableType@413d1baf
09:58:58,358  WARN ConnectionProviderInitiator:213 - HHH000022: c3p0 properties were encountered, but the c3p0 provider class was not found on the classpath; these properties are going to be ignored.
09:58:58,360  WARN connections:71 - HHH10001002: Using Hibernate built-in connection pool (not for production use!)
09:58:58,366  INFO connections:127 - HHH10001005: using driver [com.mysql.jdbc.Driver] at URL [jdbc:mysql://ec2-52-36-168-250.us-west-2.compute.amazonaws.com:3306/lms]
09:58:58,367  INFO connections:136 - HHH10001001: Connection properties: {user=cs425, password=****}
09:58:58,367  INFO connections:141 - HHH10001003: Autocommit mode: false
09:58:58,370  INFO DriverManagerConnectionProviderImpl:39 - HHH000115: Hibernate connection pool size: 20 (min=1)
09:58:59,448  INFO Dialect:156 - HHH000400: Using dialect: org.hibernate.dialect.MySQLDialect
09:58:59,793 TRACE TypeFactory:58 - Scoping types to session factory org.hibernate.internal.SessionFactoryImpl@2e554a3b
09:59:00,289 TRACE BasicBinder:65 - binding parameter [1] as [INTEGER] - [1]
10:02:30,788  INFO Version:37 - HHH000412: Hibernate Core {5.1.0.Final}
10:02:30,793  INFO Environment:213 - HHH000206: hibernate.properties not found
10:02:30,798  INFO Environment:317 - HHH000021: Bytecode provider name : javassist
10:02:31,068  INFO Version:66 - HCANN000001: Hibernate Commons Annotations {5.0.1.Final}
10:02:31,970 DEBUG BasicTypeRegistry:135 - Adding type registration boolean -> org.hibernate.type.BooleanType@a530d0a
10:02:31,971 DEBUG BasicTypeRegistry:135 - Adding type registration boolean -> org.hibernate.type.BooleanType@a530d0a
10:02:31,971 DEBUG BasicTypeRegistry:135 - Adding type registration java.lang.Boolean -> org.hibernate.type.BooleanType@a530d0a
10:02:31,972 DEBUG BasicTypeRegistry:135 - Adding type registration numeric_boolean -> org.hibernate.type.NumericBooleanType@614ca7df
10:02:31,974 DEBUG BasicTypeRegistry:135 - Adding type registration true_false -> org.hibernate.type.TrueFalseType@58695725
10:02:31,976 DEBUG BasicTypeRegistry:135 - Adding type registration yes_no -> org.hibernate.type.YesNoType@4fb3ee4e
10:02:31,978 DEBUG BasicTypeRegistry:135 - Adding type registration byte -> org.hibernate.type.ByteType@5ba3f27a
10:02:31,978 DEBUG BasicTypeRegistry:135 - Adding type registration byte -> org.hibernate.type.ByteType@5ba3f27a
10:02:31,979 DEBUG BasicTypeRegistry:135 - Adding type registration java.lang.Byte -> org.hibernate.type.ByteType@5ba3f27a
10:02:31,980 DEBUG BasicTypeRegistry:135 - Adding type registration character -> org.hibernate.type.CharacterType@52af26ee
10:02:31,980 DEBUG BasicTypeRegistry:135 - Adding type registration char -> org.hibernate.type.CharacterType@52af26ee
10:02:31,981 DEBUG BasicTypeRegistry:135 - Adding type registration java.lang.Character -> org.hibernate.type.CharacterType@52af26ee
10:02:31,983 DEBUG BasicTypeRegistry:135 - Adding type registration short -> org.hibernate.type.ShortType@342c38f8
10:02:31,983 DEBUG BasicTypeRegistry:135 - Adding type registration short -> org.hibernate.type.ShortType@342c38f8
10:02:31,984 DEBUG BasicTypeRegistry:135 - Adding type registration java.lang.Short -> org.hibernate.type.ShortType@342c38f8
10:02:31,985 DEBUG BasicTypeRegistry:135 - Adding type registration integer -> org.hibernate.type.IntegerType@54bff557
10:02:31,985 DEBUG BasicTypeRegistry:135 - Adding type registration int -> org.hibernate.type.IntegerType@54bff557
10:02:31,985 DEBUG BasicTypeRegistry:135 - Adding type registration java.lang.Integer -> org.hibernate.type.IntegerType@54bff557
10:02:31,987 DEBUG BasicTypeRegistry:135 - Adding type registration long -> org.hibernate.type.LongType@434a63ab
10:02:31,987 DEBUG BasicTypeRegistry:135 - Adding type registration long -> org.hibernate.type.LongType@434a63ab
10:02:31,988 DEBUG BasicTypeRegistry:135 - Adding type registration java.lang.Long -> org.hibernate.type.LongType@434a63ab
10:02:31,989 DEBUG BasicTypeRegistry:135 - Adding type registration float -> org.hibernate.type.FloatType@f0da945
10:02:31,989 DEBUG BasicTypeRegistry:135 - Adding type registration float -> org.hibernate.type.FloatType@f0da945
10:02:31,990 DEBUG BasicTypeRegistry:135 - Adding type registration java.lang.Float -> org.hibernate.type.FloatType@f0da945
10:02:31,991 DEBUG BasicTypeRegistry:135 - Adding type registration double -> org.hibernate.type.DoubleType@1de5f259
10:02:31,991 DEBUG BasicTypeRegistry:135 - Adding type registration double -> org.hibernate.type.DoubleType@1de5f259
10:02:31,992 DEBUG BasicTypeRegistry:135 - Adding type registration java.lang.Double -> org.hibernate.type.DoubleType@1de5f259
10:02:31,993 DEBUG BasicTypeRegistry:135 - Adding type registration big_decimal -> org.hibernate.type.BigDecimalType@21282ed8
10:02:31,993 DEBUG BasicTypeRegistry:135 - Adding type registration java.math.BigDecimal -> org.hibernate.type.BigDecimalType@21282ed8
10:02:31,994 DEBUG BasicTypeRegistry:135 - Adding type registration big_integer -> org.hibernate.type.BigIntegerType@1e1a0406
10:02:31,995 DEBUG BasicTypeRegistry:135 - Adding type registration java.math.BigInteger -> org.hibernate.type.BigIntegerType@1e1a0406
10:02:31,996 DEBUG BasicTypeRegistry:135 - Adding type registration string -> org.hibernate.type.StringType@6253c26
10:02:31,997 DEBUG BasicTypeRegistry:135 - Adding type registration java.lang.String -> org.hibernate.type.StringType@6253c26
10:02:31,998 DEBUG BasicTypeRegistry:135 - Adding type registration nstring -> org.hibernate.type.StringNVarcharType@659499f1
10:02:31,999 DEBUG BasicTypeRegistry:135 - Adding type registration ncharacter -> org.hibernate.type.CharacterNCharType@4310d43
10:02:32,000 DEBUG BasicTypeRegistry:135 - Adding type registration url -> org.hibernate.type.UrlType@27f981c6
10:02:32,000 DEBUG BasicTypeRegistry:135 - Adding type registration java.net.URL -> org.hibernate.type.UrlType@27f981c6
10:02:32,002 DEBUG BasicTypeRegistry:135 - Adding type registration date -> org.hibernate.type.DateType@d9345cd
10:02:32,002 DEBUG BasicTypeRegistry:135 - Adding type registration java.sql.Date -> org.hibernate.type.DateType@d9345cd
10:02:32,003 DEBUG BasicTypeRegistry:135 - Adding type registration time -> org.hibernate.type.TimeType@13fd2ccd
10:02:32,004 DEBUG BasicTypeRegistry:135 - Adding type registration java.sql.Time -> org.hibernate.type.TimeType@13fd2ccd
10:02:32,006 DEBUG BasicTypeRegistry:135 - Adding type registration timestamp -> org.hibernate.type.TimestampType@52b1beb6
10:02:32,006 DEBUG BasicTypeRegistry:135 - Adding type registration java.sql.Timestamp -> org.hibernate.type.TimestampType@52b1beb6
10:02:32,006 DEBUG BasicTypeRegistry:135 - Adding type registration java.util.Date -> org.hibernate.type.TimestampType@52b1beb6
10:02:32,008 DEBUG BasicTypeRegistry:135 - Adding type registration dbtimestamp -> org.hibernate.type.DbTimestampType@783a467b
10:02:32,010 DEBUG BasicTypeRegistry:135 - Adding type registration calendar -> org.hibernate.type.CalendarType@242b836
10:02:32,010 DEBUG BasicTypeRegistry:135 - Adding type registration java.util.Calendar -> org.hibernate.type.CalendarType@242b836
10:02:32,010 DEBUG BasicTypeRegistry:135 - Adding type registration java.util.GregorianCalendar -> org.hibernate.type.CalendarType@242b836
10:02:32,011 DEBUG BasicTypeRegistry:135 - Adding type registration calendar_date -> org.hibernate.type.CalendarDateType@942a29c
10:02:32,013 DEBUG BasicTypeRegistry:135 - Adding type registration locale -> org.hibernate.type.LocaleType@60bd273d
10:02:32,013 DEBUG BasicTypeRegistry:135 - Adding type registration java.util.Locale -> org.hibernate.type.LocaleType@60bd273d
10:02:32,015 DEBUG BasicTypeRegistry:135 - Adding type registration currency -> org.hibernate.type.CurrencyType@5d534f5d
10:02:32,015 DEBUG BasicTypeRegistry:135 - Adding type registration java.util.Currency -> org.hibernate.type.CurrencyType@5d534f5d
10:02:32,016 DEBUG BasicTypeRegistry:135 - Adding type registration timezone -> org.hibernate.type.TimeZoneType@6fdbe764
10:02:32,017 DEBUG BasicTypeRegistry:135 - Adding type registration java.util.TimeZone -> org.hibernate.type.TimeZoneType@6fdbe764
10:02:32,018 DEBUG BasicTypeRegistry:135 - Adding type registration class -> org.hibernate.type.ClassType@3012646b
10:02:32,019 DEBUG BasicTypeRegistry:135 - Adding type registration java.lang.Class -> org.hibernate.type.ClassType@3012646b
10:02:32,021 DEBUG BasicTypeRegistry:135 - Adding type registration uuid-binary -> org.hibernate.type.UUIDBinaryType@4d154ccd
10:02:32,021 DEBUG BasicTypeRegistry:135 - Adding type registration java.util.UUID -> org.hibernate.type.UUIDBinaryType@4d154ccd
10:02:32,022 DEBUG BasicTypeRegistry:135 - Adding type registration uuid-char -> org.hibernate.type.UUIDCharType@1e0b4072
10:02:32,023 DEBUG BasicTypeRegistry:135 - Adding type registration binary -> org.hibernate.type.BinaryType@e350b40
10:02:32,024 DEBUG BasicTypeRegistry:135 - Adding type registration byte[] -> org.hibernate.type.BinaryType@e350b40
10:02:32,024 DEBUG BasicTypeRegistry:135 - Adding type registration [B -> org.hibernate.type.BinaryType@e350b40
10:02:32,025 DEBUG BasicTypeRegistry:135 - Adding type registration wrapper-binary -> org.hibernate.type.WrapperBinaryType@13e344d
10:02:32,025 DEBUG BasicTypeRegistry:135 - Adding type registration Byte[] -> org.hibernate.type.WrapperBinaryType@13e344d
10:02:32,026 DEBUG BasicTypeRegistry:135 - Adding type registration [Ljava.lang.Byte; -> org.hibernate.type.WrapperBinaryType@13e344d
10:02:32,027 DEBUG BasicTypeRegistry:135 - Adding type registration image -> org.hibernate.type.ImageType@60099951
10:02:32,028 DEBUG BasicTypeRegistry:135 - Adding type registration characters -> org.hibernate.type.CharArrayType@1a942c18
10:02:32,028 DEBUG BasicTypeRegistry:135 - Adding type registration char[] -> org.hibernate.type.CharArrayType@1a942c18
10:02:32,029 DEBUG BasicTypeRegistry:135 - Adding type registration [C -> org.hibernate.type.CharArrayType@1a942c18
10:02:32,030 DEBUG BasicTypeRegistry:135 - Adding type registration wrapper-characters -> org.hibernate.type.CharacterArrayType@63376bed
10:02:32,031 DEBUG BasicTypeRegistry:135 - Adding type registration [Ljava.lang.Character; -> org.hibernate.type.CharacterArrayType@63376bed
10:02:32,031 DEBUG BasicTypeRegistry:135 - Adding type registration Character[] -> org.hibernate.type.CharacterArrayType@63376bed
10:02:32,032 DEBUG BasicTypeRegistry:135 - Adding type registration text -> org.hibernate.type.TextType@3646a422
10:02:32,033 DEBUG BasicTypeRegistry:135 - Adding type registration ntext -> org.hibernate.type.NTextType@298a5e20
10:02:32,037 DEBUG BasicTypeRegistry:135 - Adding type registration blob -> org.hibernate.type.BlobType@2eae8e6e
10:02:32,038 DEBUG BasicTypeRegistry:135 - Adding type registration java.sql.Blob -> org.hibernate.type.BlobType@2eae8e6e
10:02:32,039 DEBUG BasicTypeRegistry:135 - Adding type registration materialized_blob -> org.hibernate.type.MaterializedBlobType@2cf3d63b
10:02:32,043 DEBUG BasicTypeRegistry:135 - Adding type registration clob -> org.hibernate.type.ClobType@2034b64c
10:02:32,044 DEBUG BasicTypeRegistry:135 - Adding type registration java.sql.Clob -> org.hibernate.type.ClobType@2034b64c
10:02:32,047 DEBUG BasicTypeRegistry:135 - Adding type registration nclob -> org.hibernate.type.NClobType@742ff096
10:02:32,047 DEBUG BasicTypeRegistry:135 - Adding type registration java.sql.NClob -> org.hibernate.type.NClobType@742ff096
10:02:32,048 DEBUG BasicTypeRegistry:135 - Adding type registration materialized_clob -> org.hibernate.type.MaterializedClobType@1c5920df
10:02:32,048 DEBUG BasicTypeRegistry:135 - Adding type registration materialized_nclob -> org.hibernate.type.MaterializedNClobType@196a42c3
10:02:32,050 DEBUG BasicTypeRegistry:135 - Adding type registration serializable -> org.hibernate.type.SerializableType@4b29d1d2
10:02:32,053 DEBUG BasicTypeRegistry:135 - Adding type registration object -> org.hibernate.type.ObjectType@606e4010
10:02:32,053 DEBUG BasicTypeRegistry:135 - Adding type registration java.lang.Object -> org.hibernate.type.ObjectType@606e4010
10:02:32,054 DEBUG BasicTypeRegistry:135 - Adding type registration imm_date -> org.hibernate.type.AdaptedImmutableType@68c9133c
10:02:32,054 DEBUG BasicTypeRegistry:135 - Adding type registration imm_time -> org.hibernate.type.AdaptedImmutableType@7a35b0f5
10:02:32,055 DEBUG BasicTypeRegistry:135 - Adding type registration imm_timestamp -> org.hibernate.type.AdaptedImmutableType@5e2c3d18
10:02:32,055 DEBUG BasicTypeRegistry:135 - Adding type registration imm_dbtimestamp -> org.hibernate.type.AdaptedImmutableType@2cb4893b
10:02:32,055 DEBUG BasicTypeRegistry:135 - Adding type registration imm_calendar -> org.hibernate.type.AdaptedImmutableType@cc43f62
10:02:32,056 DEBUG BasicTypeRegistry:135 - Adding type registration imm_calendar_date -> org.hibernate.type.AdaptedImmutableType@5b218417
10:02:32,056 DEBUG BasicTypeRegistry:135 - Adding type registration imm_binary -> org.hibernate.type.AdaptedImmutableType@645aa696
10:02:32,056 DEBUG BasicTypeRegistry:135 - Adding type registration imm_serializable -> org.hibernate.type.AdaptedImmutableType@6caf0677
10:02:32,062  WARN ConnectionProviderInitiator:213 - HHH000022: c3p0 properties were encountered, but the c3p0 provider class was not found on the classpath; these properties are going to be ignored.
10:02:32,065  WARN connections:71 - HHH10001002: Using Hibernate built-in connection pool (not for production use!)
10:02:32,071  INFO connections:127 - HHH10001005: using driver [com.mysql.jdbc.Driver] at URL [jdbc:mysql://ec2-52-36-168-250.us-west-2.compute.amazonaws.com:3306/lms]
10:02:32,072  INFO connections:136 - HHH10001001: Connection properties: {user=cs425, password=****}
10:02:32,072  INFO connections:141 - HHH10001003: Autocommit mode: false
10:02:32,075  INFO DriverManagerConnectionProviderImpl:39 - HHH000115: Hibernate connection pool size: 20 (min=1)
10:02:33,203  INFO Dialect:156 - HHH000400: Using dialect: org.hibernate.dialect.MySQLDialect
10:02:33,549 TRACE TypeFactory:58 - Scoping types to session factory org.hibernate.internal.SessionFactoryImpl@e84a8e1
10:02:34,050 TRACE BasicBinder:53 - binding parameter [1] as [VARCHAR] - [null]
10:02:34,052 TRACE BasicBinder:53 - binding parameter [2] as [VARCHAR] - [null]
10:02:34,052 TRACE BasicBinder:65 - binding parameter [3] as [VARCHAR] - [1]
10:02:34,053 TRACE BasicBinder:65 - binding parameter [4] as [VARCHAR] - [Xiong]
10:02:34,053 TRACE BasicBinder:53 - binding parameter [5] as [VARCHAR] - [null]
10:02:34,053 TRACE BasicBinder:65 - binding parameter [6] as [VARCHAR] - [Fangzhou]
10:02:34,054 TRACE BasicBinder:53 - binding parameter [7] as [TIMESTAMP] - [null]
10:02:34,054 TRACE BasicBinder:65 - binding parameter [8] as [VARCHAR] - [male]
10:02:34,055 TRACE BasicBinder:53 - binding parameter [9] as [INTEGER] - [null]
10:02:34,056 TRACE BasicBinder:65 - binding parameter [10] as [VARCHAR] - [asdf@hawk.iit.edu]
10:02:34,056 TRACE BasicBinder:65 - binding parameter [11] as [VARCHAR] - [xin]
10:02:34,056 TRACE BasicBinder:53 - binding parameter [12] as [VARCHAR] - [null]
10:45:05,929  INFO Version:37 - HHH000412: Hibernate Core {5.1.0.Final}
10:45:05,934  INFO Environment:213 - HHH000206: hibernate.properties not found
10:45:05,938  INFO Environment:317 - HHH000021: Bytecode provider name : javassist
10:45:06,201  INFO Version:66 - HCANN000001: Hibernate Commons Annotations {5.0.1.Final}
10:45:07,178 DEBUG BasicTypeRegistry:135 - Adding type registration boolean -> org.hibernate.type.BooleanType@5acf93bb
10:45:07,181 DEBUG BasicTypeRegistry:135 - Adding type registration boolean -> org.hibernate.type.BooleanType@5acf93bb
10:45:07,183 DEBUG BasicTypeRegistry:135 - Adding type registration java.lang.Boolean -> org.hibernate.type.BooleanType@5acf93bb
10:45:07,186 DEBUG BasicTypeRegistry:135 - Adding type registration numeric_boolean -> org.hibernate.type.NumericBooleanType@66d3eec0
10:45:07,188 DEBUG BasicTypeRegistry:135 - Adding type registration true_false -> org.hibernate.type.TrueFalseType@f5acb9d
10:45:07,190 DEBUG BasicTypeRegistry:135 - Adding type registration yes_no -> org.hibernate.type.YesNoType@25fb8912
10:45:07,192 DEBUG BasicTypeRegistry:135 - Adding type registration byte -> org.hibernate.type.ByteType@74751b3
10:45:07,193 DEBUG BasicTypeRegistry:135 - Adding type registration byte -> org.hibernate.type.ByteType@74751b3
10:45:07,193 DEBUG BasicTypeRegistry:135 - Adding type registration java.lang.Byte -> org.hibernate.type.ByteType@74751b3
10:45:07,194 DEBUG BasicTypeRegistry:135 - Adding type registration character -> org.hibernate.type.CharacterType@4f2b503c
10:45:07,195 DEBUG BasicTypeRegistry:135 - Adding type registration char -> org.hibernate.type.CharacterType@4f2b503c
10:45:07,195 DEBUG BasicTypeRegistry:135 - Adding type registration java.lang.Character -> org.hibernate.type.CharacterType@4f2b503c
10:45:07,197 DEBUG BasicTypeRegistry:135 - Adding type registration short -> org.hibernate.type.ShortType@5d0a1059
10:45:07,198 DEBUG BasicTypeRegistry:135 - Adding type registration short -> org.hibernate.type.ShortType@5d0a1059
10:45:07,198 DEBUG BasicTypeRegistry:135 - Adding type registration java.lang.Short -> org.hibernate.type.ShortType@5d0a1059
10:45:07,200 DEBUG BasicTypeRegistry:135 - Adding type registration integer -> org.hibernate.type.IntegerType@5a56cdac
10:45:07,200 DEBUG BasicTypeRegistry:135 - Adding type registration int -> org.hibernate.type.IntegerType@5a56cdac
10:45:07,201 DEBUG BasicTypeRegistry:135 - Adding type registration java.lang.Integer -> org.hibernate.type.IntegerType@5a56cdac
10:45:07,203 DEBUG BasicTypeRegistry:135 - Adding type registration long -> org.hibernate.type.LongType@2805d709
10:45:07,203 DEBUG BasicTypeRegistry:135 - Adding type registration long -> org.hibernate.type.LongType@2805d709
10:45:07,203 DEBUG BasicTypeRegistry:135 - Adding type registration java.lang.Long -> org.hibernate.type.LongType@2805d709
10:45:07,205 DEBUG BasicTypeRegistry:135 - Adding type registration float -> org.hibernate.type.FloatType@ffaa6af
10:45:07,205 DEBUG BasicTypeRegistry:135 - Adding type registration float -> org.hibernate.type.FloatType@ffaa6af
10:45:07,205 DEBUG BasicTypeRegistry:135 - Adding type registration java.lang.Float -> org.hibernate.type.FloatType@ffaa6af
10:45:07,207 DEBUG BasicTypeRegistry:135 - Adding type registration double -> org.hibernate.type.DoubleType@31fa1761
10:45:07,207 DEBUG BasicTypeRegistry:135 - Adding type registration double -> org.hibernate.type.DoubleType@31fa1761
10:45:07,208 DEBUG BasicTypeRegistry:135 - Adding type registration java.lang.Double -> org.hibernate.type.DoubleType@31fa1761
10:45:07,209 DEBUG BasicTypeRegistry:135 - Adding type registration big_decimal -> org.hibernate.type.BigDecimalType@7bab3f1a
10:45:07,210 DEBUG BasicTypeRegistry:135 - Adding type registration java.math.BigDecimal -> org.hibernate.type.BigDecimalType@7bab3f1a
10:45:07,211 DEBUG BasicTypeRegistry:135 - Adding type registration big_integer -> org.hibernate.type.BigIntegerType@12aba8be
10:45:07,211 DEBUG BasicTypeRegistry:135 - Adding type registration java.math.BigInteger -> org.hibernate.type.BigIntegerType@12aba8be
10:45:07,213 DEBUG BasicTypeRegistry:135 - Adding type registration string -> org.hibernate.type.StringType@71a8adcf
10:45:07,213 DEBUG BasicTypeRegistry:135 - Adding type registration java.lang.String -> org.hibernate.type.StringType@71a8adcf
10:45:07,214 DEBUG BasicTypeRegistry:135 - Adding type registration nstring -> org.hibernate.type.StringNVarcharType@47e2e487
10:45:07,215 DEBUG BasicTypeRegistry:135 - Adding type registration ncharacter -> org.hibernate.type.CharacterNCharType@26e356f0
10:45:07,216 DEBUG BasicTypeRegistry:135 - Adding type registration url -> org.hibernate.type.UrlType@1151e434
10:45:07,217 DEBUG BasicTypeRegistry:135 - Adding type registration java.net.URL -> org.hibernate.type.UrlType@1151e434
10:45:07,219 DEBUG BasicTypeRegistry:135 - Adding type registration date -> org.hibernate.type.DateType@29215f06
10:45:07,220 DEBUG BasicTypeRegistry:135 - Adding type registration java.sql.Date -> org.hibernate.type.DateType@29215f06
10:45:07,221 DEBUG BasicTypeRegistry:135 - Adding type registration time -> org.hibernate.type.TimeType@506ae4d4
10:45:07,221 DEBUG BasicTypeRegistry:135 - Adding type registration java.sql.Time -> org.hibernate.type.TimeType@506ae4d4
10:45:07,223 DEBUG BasicTypeRegistry:135 - Adding type registration timestamp -> org.hibernate.type.TimestampType@7db12bb6
10:45:07,223 DEBUG BasicTypeRegistry:135 - Adding type registration java.sql.Timestamp -> org.hibernate.type.TimestampType@7db12bb6
10:45:07,224 DEBUG BasicTypeRegistry:135 - Adding type registration java.util.Date -> org.hibernate.type.TimestampType@7db12bb6
10:45:07,226 DEBUG BasicTypeRegistry:135 - Adding type registration dbtimestamp -> org.hibernate.type.DbTimestampType@73e9cf30
10:45:07,227 DEBUG BasicTypeRegistry:135 - Adding type registration calendar -> org.hibernate.type.CalendarType@3527942a
10:45:07,228 DEBUG BasicTypeRegistry:135 - Adding type registration java.util.Calendar -> org.hibernate.type.CalendarType@3527942a
10:45:07,228 DEBUG BasicTypeRegistry:135 - Adding type registration java.util.GregorianCalendar -> org.hibernate.type.CalendarType@3527942a
10:45:07,230 DEBUG BasicTypeRegistry:135 - Adding type registration calendar_date -> org.hibernate.type.CalendarDateType@5a45133e
10:45:07,232 DEBUG BasicTypeRegistry:135 - Adding type registration locale -> org.hibernate.type.LocaleType@130c12b7
10:45:07,233 DEBUG BasicTypeRegistry:135 - Adding type registration java.util.Locale -> org.hibernate.type.LocaleType@130c12b7
10:45:07,234 DEBUG BasicTypeRegistry:135 - Adding type registration currency -> org.hibernate.type.CurrencyType@70e9c95d
10:45:07,235 DEBUG BasicTypeRegistry:135 - Adding type registration java.util.Currency -> org.hibernate.type.CurrencyType@70e9c95d
10:45:07,238 DEBUG BasicTypeRegistry:135 - Adding type registration timezone -> org.hibernate.type.TimeZoneType@2e6a8155
10:45:07,239 DEBUG BasicTypeRegistry:135 - Adding type registration java.util.TimeZone -> org.hibernate.type.TimeZoneType@2e6a8155
10:45:07,241 DEBUG BasicTypeRegistry:135 - Adding type registration class -> org.hibernate.type.ClassType@25641d39
10:45:07,242 DEBUG BasicTypeRegistry:135 - Adding type registration java.lang.Class -> org.hibernate.type.ClassType@25641d39
10:45:07,244 DEBUG BasicTypeRegistry:135 - Adding type registration uuid-binary -> org.hibernate.type.UUIDBinaryType@4686afc2
10:45:07,244 DEBUG BasicTypeRegistry:135 - Adding type registration java.util.UUID -> org.hibernate.type.UUIDBinaryType@4686afc2
10:45:07,245 DEBUG BasicTypeRegistry:135 - Adding type registration uuid-char -> org.hibernate.type.UUIDCharType@38cee291
10:45:07,247 DEBUG BasicTypeRegistry:135 - Adding type registration binary -> org.hibernate.type.BinaryType@2794eab6
10:45:07,247 DEBUG BasicTypeRegistry:135 - Adding type registration byte[] -> org.hibernate.type.BinaryType@2794eab6
10:45:07,247 DEBUG BasicTypeRegistry:135 - Adding type registration [B -> org.hibernate.type.BinaryType@2794eab6
10:45:07,248 DEBUG BasicTypeRegistry:135 - Adding type registration wrapper-binary -> org.hibernate.type.WrapperBinaryType@6574a52c
10:45:07,249 DEBUG BasicTypeRegistry:135 - Adding type registration Byte[] -> org.hibernate.type.WrapperBinaryType@6574a52c
10:45:07,249 DEBUG BasicTypeRegistry:135 - Adding type registration [Ljava.lang.Byte; -> org.hibernate.type.WrapperBinaryType@6574a52c
10:45:07,250 DEBUG BasicTypeRegistry:135 - Adding type registration image -> org.hibernate.type.ImageType@1e6a3214
10:45:07,251 DEBUG BasicTypeRegistry:135 - Adding type registration characters -> org.hibernate.type.CharArrayType@71ba6d4e
10:45:07,251 DEBUG BasicTypeRegistry:135 - Adding type registration char[] -> org.hibernate.type.CharArrayType@71ba6d4e
10:45:07,252 DEBUG BasicTypeRegistry:135 - Adding type registration [C -> org.hibernate.type.CharArrayType@71ba6d4e
10:45:07,253 DEBUG BasicTypeRegistry:135 - Adding type registration wrapper-characters -> org.hibernate.type.CharacterArrayType@d86a6f
10:45:07,254 DEBUG BasicTypeRegistry:135 - Adding type registration [Ljava.lang.Character; -> org.hibernate.type.CharacterArrayType@d86a6f
10:45:07,255 DEBUG BasicTypeRegistry:135 - Adding type registration Character[] -> org.hibernate.type.CharacterArrayType@d86a6f
10:45:07,256 DEBUG BasicTypeRegistry:135 - Adding type registration text -> org.hibernate.type.TextType@3e27aa33
10:45:07,257 DEBUG BasicTypeRegistry:135 - Adding type registration ntext -> org.hibernate.type.NTextType@46cdf8bd
10:45:07,260 DEBUG BasicTypeRegistry:135 - Adding type registration blob -> org.hibernate.type.BlobType@470734c3
10:45:07,261 DEBUG BasicTypeRegistry:135 - Adding type registration java.sql.Blob -> org.hibernate.type.BlobType@470734c3
10:45:07,261 DEBUG BasicTypeRegistry:135 - Adding type registration materialized_blob -> org.hibernate.type.MaterializedBlobType@69e153c5
10:45:07,265 DEBUG BasicTypeRegistry:135 - Adding type registration clob -> org.hibernate.type.ClobType@74d1dc36
10:45:07,265 DEBUG BasicTypeRegistry:135 - Adding type registration java.sql.Clob -> org.hibernate.type.ClobType@74d1dc36
10:45:07,269 DEBUG BasicTypeRegistry:135 - Adding type registration nclob -> org.hibernate.type.NClobType@350aac89
10:45:07,269 DEBUG BasicTypeRegistry:135 - Adding type registration java.sql.NClob -> org.hibernate.type.NClobType@350aac89
10:45:07,270 DEBUG BasicTypeRegistry:135 - Adding type registration materialized_clob -> org.hibernate.type.MaterializedClobType@79e4c792
10:45:07,271 DEBUG BasicTypeRegistry:135 - Adding type registration materialized_nclob -> org.hibernate.type.MaterializedNClobType@15043a2f
10:45:07,272 DEBUG BasicTypeRegistry:135 - Adding type registration serializable -> org.hibernate.type.SerializableType@28261e8e
10:45:07,276 DEBUG BasicTypeRegistry:135 - Adding type registration object -> org.hibernate.type.ObjectType@48075da3
10:45:07,276 DEBUG BasicTypeRegistry:135 - Adding type registration java.lang.Object -> org.hibernate.type.ObjectType@48075da3
10:45:07,277 DEBUG BasicTypeRegistry:135 - Adding type registration imm_date -> org.hibernate.type.AdaptedImmutableType@5e2c3d18
10:45:07,277 DEBUG BasicTypeRegistry:135 - Adding type registration imm_time -> org.hibernate.type.AdaptedImmutableType@2cb4893b
10:45:07,278 DEBUG BasicTypeRegistry:135 - Adding type registration imm_timestamp -> org.hibernate.type.AdaptedImmutableType@cc43f62
10:45:07,278 DEBUG BasicTypeRegistry:135 - Adding type registration imm_dbtimestamp -> org.hibernate.type.AdaptedImmutableType@5b218417
10:45:07,278 DEBUG BasicTypeRegistry:135 - Adding type registration imm_calendar -> org.hibernate.type.AdaptedImmutableType@645aa696
10:45:07,279 DEBUG BasicTypeRegistry:135 - Adding type registration imm_calendar_date -> org.hibernate.type.AdaptedImmutableType@6caf0677
10:45:07,280 DEBUG BasicTypeRegistry:135 - Adding type registration imm_binary -> org.hibernate.type.AdaptedImmutableType@413d1baf
10:45:07,280 DEBUG BasicTypeRegistry:135 - Adding type registration imm_serializable -> org.hibernate.type.AdaptedImmutableType@16eb3ea3
10:45:07,291  WARN ConnectionProviderInitiator:213 - HHH000022: c3p0 properties were encountered, but the c3p0 provider class was not found on the classpath; these properties are going to be ignored.
10:45:07,295  WARN connections:71 - HHH10001002: Using Hibernate built-in connection pool (not for production use!)
10:45:07,304  INFO connections:127 - HHH10001005: using driver [com.mysql.jdbc.Driver] at URL [jdbc:mysql://ec2-52-36-168-250.us-west-2.compute.amazonaws.com:3306/lms]
10:45:07,305  INFO connections:136 - HHH10001001: Connection properties: {user=cs425, password=****}
10:45:07,306  INFO connections:141 - HHH10001003: Autocommit mode: false
10:45:07,310  INFO DriverManagerConnectionProviderImpl:39 - HHH000115: Hibernate connection pool size: 20 (min=1)
10:45:08,534  INFO Dialect:156 - HHH000400: Using dialect: org.hibernate.dialect.MySQLDialect
10:45:08,886 TRACE TypeFactory:58 - Scoping types to session factory org.hibernate.internal.SessionFactoryImpl@54a67a45
10:45:09,383 TRACE BasicBinder:53 - binding parameter [1] as [VARCHAR] - [null]
10:45:09,383 TRACE BasicBinder:53 - binding parameter [2] as [VARCHAR] - [null]
10:45:09,384 TRACE BasicBinder:65 - binding parameter [3] as [VARCHAR] - [1]
10:45:09,384 TRACE BasicBinder:65 - binding parameter [4] as [VARCHAR] - [Xiong]
10:45:09,385 TRACE BasicBinder:53 - binding parameter [5] as [VARCHAR] - [null]
10:45:09,385 TRACE BasicBinder:65 - binding parameter [6] as [VARCHAR] - [Fangzhou]
10:45:09,386 TRACE BasicBinder:53 - binding parameter [7] as [TIMESTAMP] - [null]
10:45:09,386 TRACE BasicBinder:65 - binding parameter [8] as [VARCHAR] - [male]
10:45:09,389 TRACE BasicBinder:53 - binding parameter [9] as [INTEGER] - [null]
10:45:09,389 TRACE BasicBinder:65 - binding parameter [10] as [VARCHAR] - [asdf@hawk.iit.edu]
10:45:09,389 TRACE BasicBinder:65 - binding parameter [11] as [VARCHAR] - [xin]
10:45:09,389 TRACE BasicBinder:53 - binding parameter [12] as [VARCHAR] - [null]
10:45:09,478 TRACE BasicBinder:65 - binding parameter [1] as [INTEGER] - [1]
10:53:33,766  INFO Version:37 - HHH000412: Hibernate Core {5.1.0.Final}
10:53:33,771  INFO Environment:213 - HHH000206: hibernate.properties not found
10:53:33,774  INFO Environment:317 - HHH000021: Bytecode provider name : javassist
10:53:34,212  INFO Version:66 - HCANN000001: Hibernate Commons Annotations {5.0.1.Final}
10:53:35,279 DEBUG BasicTypeRegistry:135 - Adding type registration boolean -> org.hibernate.type.BooleanType@43896dd9
10:53:35,280 DEBUG BasicTypeRegistry:135 - Adding type registration boolean -> org.hibernate.type.BooleanType@43896dd9
10:53:35,281 DEBUG BasicTypeRegistry:135 - Adding type registration java.lang.Boolean -> org.hibernate.type.BooleanType@43896dd9
10:53:35,283 DEBUG BasicTypeRegistry:135 - Adding type registration numeric_boolean -> org.hibernate.type.NumericBooleanType@37b6339
10:53:35,286 DEBUG BasicTypeRegistry:135 - Adding type registration true_false -> org.hibernate.type.TrueFalseType@223be732
10:53:35,289 DEBUG BasicTypeRegistry:135 - Adding type registration yes_no -> org.hibernate.type.YesNoType@5e9d9387
10:53:35,292 DEBUG BasicTypeRegistry:135 - Adding type registration byte -> org.hibernate.type.ByteType@1f3d4311
10:53:35,292 DEBUG BasicTypeRegistry:135 - Adding type registration byte -> org.hibernate.type.ByteType@1f3d4311
10:53:35,293 DEBUG BasicTypeRegistry:135 - Adding type registration java.lang.Byte -> org.hibernate.type.ByteType@1f3d4311
10:53:35,295 DEBUG BasicTypeRegistry:135 - Adding type registration character -> org.hibernate.type.CharacterType@548efee0
10:53:35,295 DEBUG BasicTypeRegistry:135 - Adding type registration char -> org.hibernate.type.CharacterType@548efee0
10:53:35,295 DEBUG BasicTypeRegistry:135 - Adding type registration java.lang.Character -> org.hibernate.type.CharacterType@548efee0
10:53:35,300 DEBUG BasicTypeRegistry:135 - Adding type registration short -> org.hibernate.type.ShortType@6f470c06
10:53:35,301 DEBUG BasicTypeRegistry:135 - Adding type registration short -> org.hibernate.type.ShortType@6f470c06
10:53:35,301 DEBUG BasicTypeRegistry:135 - Adding type registration java.lang.Short -> org.hibernate.type.ShortType@6f470c06
10:53:35,304 DEBUG BasicTypeRegistry:135 - Adding type registration integer -> org.hibernate.type.IntegerType@30b5d9e6
10:53:35,304 DEBUG BasicTypeRegistry:135 - Adding type registration int -> org.hibernate.type.IntegerType@30b5d9e6
10:53:35,305 DEBUG BasicTypeRegistry:135 - Adding type registration java.lang.Integer -> org.hibernate.type.IntegerType@30b5d9e6
10:53:35,308 DEBUG BasicTypeRegistry:135 - Adding type registration long -> org.hibernate.type.LongType@d70b7ee
10:53:35,308 DEBUG BasicTypeRegistry:135 - Adding type registration long -> org.hibernate.type.LongType@d70b7ee
10:53:35,309 DEBUG BasicTypeRegistry:135 - Adding type registration java.lang.Long -> org.hibernate.type.LongType@d70b7ee
10:53:35,314 DEBUG BasicTypeRegistry:135 - Adding type registration float -> org.hibernate.type.FloatType@5536d155
10:53:35,314 DEBUG BasicTypeRegistry:135 - Adding type registration float -> org.hibernate.type.FloatType@5536d155
10:53:35,316 DEBUG BasicTypeRegistry:135 - Adding type registration java.lang.Float -> org.hibernate.type.FloatType@5536d155
10:53:35,319 DEBUG BasicTypeRegistry:135 - Adding type registration double -> org.hibernate.type.DoubleType@78d0cd0d
10:53:35,320 DEBUG BasicTypeRegistry:135 - Adding type registration double -> org.hibernate.type.DoubleType@78d0cd0d
10:53:35,321 DEBUG BasicTypeRegistry:135 - Adding type registration java.lang.Double -> org.hibernate.type.DoubleType@78d0cd0d
10:53:35,325 DEBUG BasicTypeRegistry:135 - Adding type registration big_decimal -> org.hibernate.type.BigDecimalType@44ca3d5d
10:53:35,325 DEBUG BasicTypeRegistry:135 - Adding type registration java.math.BigDecimal -> org.hibernate.type.BigDecimalType@44ca3d5d
10:53:35,327 DEBUG BasicTypeRegistry:135 - Adding type registration big_integer -> org.hibernate.type.BigIntegerType@132d590e
10:53:35,327 DEBUG BasicTypeRegistry:135 - Adding type registration java.math.BigInteger -> org.hibernate.type.BigIntegerType@132d590e
10:53:35,328 DEBUG BasicTypeRegistry:135 - Adding type registration string -> org.hibernate.type.StringType@2a2da902
10:53:35,329 DEBUG BasicTypeRegistry:135 - Adding type registration java.lang.String -> org.hibernate.type.StringType@2a2da902
10:53:35,331 DEBUG BasicTypeRegistry:135 - Adding type registration nstring -> org.hibernate.type.StringNVarcharType@70e18534
10:53:35,332 DEBUG BasicTypeRegistry:135 - Adding type registration ncharacter -> org.hibernate.type.CharacterNCharType@5845b523
10:53:35,334 DEBUG BasicTypeRegistry:135 - Adding type registration url -> org.hibernate.type.UrlType@7a29bb4f
10:53:35,335 DEBUG BasicTypeRegistry:135 - Adding type registration java.net.URL -> org.hibernate.type.UrlType@7a29bb4f
10:53:35,338 DEBUG BasicTypeRegistry:135 - Adding type registration date -> org.hibernate.type.DateType@74192c6f
10:53:35,339 DEBUG BasicTypeRegistry:135 - Adding type registration java.sql.Date -> org.hibernate.type.DateType@74192c6f
10:53:35,342 DEBUG BasicTypeRegistry:135 - Adding type registration time -> org.hibernate.type.TimeType@1ec6bb98
10:53:35,343 DEBUG BasicTypeRegistry:135 - Adding type registration java.sql.Time -> org.hibernate.type.TimeType@1ec6bb98
10:53:35,345 DEBUG BasicTypeRegistry:135 - Adding type registration timestamp -> org.hibernate.type.TimestampType@6657ee57
10:53:35,346 DEBUG BasicTypeRegistry:135 - Adding type registration java.sql.Timestamp -> org.hibernate.type.TimestampType@6657ee57
10:53:35,346 DEBUG BasicTypeRegistry:135 - Adding type registration java.util.Date -> org.hibernate.type.TimestampType@6657ee57
10:53:35,348 DEBUG BasicTypeRegistry:135 - Adding type registration dbtimestamp -> org.hibernate.type.DbTimestampType@4f864131
10:53:35,350 DEBUG BasicTypeRegistry:135 - Adding type registration calendar -> org.hibernate.type.CalendarType@7113e591
10:53:35,350 DEBUG BasicTypeRegistry:135 - Adding type registration java.util.Calendar -> org.hibernate.type.CalendarType@7113e591
10:53:35,351 DEBUG BasicTypeRegistry:135 - Adding type registration java.util.GregorianCalendar -> org.hibernate.type.CalendarType@7113e591
10:53:35,352 DEBUG BasicTypeRegistry:135 - Adding type registration calendar_date -> org.hibernate.type.CalendarDateType@132a05a3
10:53:35,353 DEBUG BasicTypeRegistry:135 - Adding type registration locale -> org.hibernate.type.LocaleType@4de09d50
10:53:35,353 DEBUG BasicTypeRegistry:135 - Adding type registration java.util.Locale -> org.hibernate.type.LocaleType@4de09d50
10:53:35,355 DEBUG BasicTypeRegistry:135 - Adding type registration currency -> org.hibernate.type.CurrencyType@387071a6
10:53:35,355 DEBUG BasicTypeRegistry:135 - Adding type registration java.util.Currency -> org.hibernate.type.CurrencyType@387071a6
10:53:35,357 DEBUG BasicTypeRegistry:135 - Adding type registration timezone -> org.hibernate.type.TimeZoneType@11df98f6
10:53:35,357 DEBUG BasicTypeRegistry:135 - Adding type registration java.util.TimeZone -> org.hibernate.type.TimeZoneType@11df98f6
10:53:35,359 DEBUG BasicTypeRegistry:135 - Adding type registration class -> org.hibernate.type.ClassType@6f14495b
10:53:35,359 DEBUG BasicTypeRegistry:135 - Adding type registration java.lang.Class -> org.hibernate.type.ClassType@6f14495b
10:53:35,361 DEBUG BasicTypeRegistry:135 - Adding type registration uuid-binary -> org.hibernate.type.UUIDBinaryType@69436efe
10:53:35,361 DEBUG BasicTypeRegistry:135 - Adding type registration java.util.UUID -> org.hibernate.type.UUIDBinaryType@69436efe
10:53:35,362 DEBUG BasicTypeRegistry:135 - Adding type registration uuid-char -> org.hibernate.type.UUIDCharType@46a38881
10:53:35,364 DEBUG BasicTypeRegistry:135 - Adding type registration binary -> org.hibernate.type.BinaryType@6746afaa
10:53:35,364 DEBUG BasicTypeRegistry:135 - Adding type registration byte[] -> org.hibernate.type.BinaryType@6746afaa
10:53:35,365 DEBUG BasicTypeRegistry:135 - Adding type registration [B -> org.hibernate.type.BinaryType@6746afaa
10:53:35,366 DEBUG BasicTypeRegistry:135 - Adding type registration wrapper-binary -> org.hibernate.type.WrapperBinaryType@5f3aa04b
10:53:35,366 DEBUG BasicTypeRegistry:135 - Adding type registration Byte[] -> org.hibernate.type.WrapperBinaryType@5f3aa04b
10:53:35,367 DEBUG BasicTypeRegistry:135 - Adding type registration [Ljava.lang.Byte; -> org.hibernate.type.WrapperBinaryType@5f3aa04b
10:53:35,368 DEBUG BasicTypeRegistry:135 - Adding type registration image -> org.hibernate.type.ImageType@7c5ffc80
10:53:35,370 DEBUG BasicTypeRegistry:135 - Adding type registration characters -> org.hibernate.type.CharArrayType@71ce5d57
10:53:35,370 DEBUG BasicTypeRegistry:135 - Adding type registration char[] -> org.hibernate.type.CharArrayType@71ce5d57
10:53:35,371 DEBUG BasicTypeRegistry:135 - Adding type registration [C -> org.hibernate.type.CharArrayType@71ce5d57
10:53:35,372 DEBUG BasicTypeRegistry:135 - Adding type registration wrapper-characters -> org.hibernate.type.CharacterArrayType@21c60c83
10:53:35,372 DEBUG BasicTypeRegistry:135 - Adding type registration [Ljava.lang.Character; -> org.hibernate.type.CharacterArrayType@21c60c83
10:53:35,373 DEBUG BasicTypeRegistry:135 - Adding type registration Character[] -> org.hibernate.type.CharacterArrayType@21c60c83
10:53:35,374 DEBUG BasicTypeRegistry:135 - Adding type registration text -> org.hibernate.type.TextType@6dbb02cf
10:53:35,375 DEBUG BasicTypeRegistry:135 - Adding type registration ntext -> org.hibernate.type.NTextType@423e543f
10:53:35,381 DEBUG BasicTypeRegistry:135 - Adding type registration blob -> org.hibernate.type.BlobType@36417c89
10:53:35,381 DEBUG BasicTypeRegistry:135 - Adding type registration java.sql.Blob -> org.hibernate.type.BlobType@36417c89
10:53:35,382 DEBUG BasicTypeRegistry:135 - Adding type registration materialized_blob -> org.hibernate.type.MaterializedBlobType@2d0e0120
10:53:35,387 DEBUG BasicTypeRegistry:135 - Adding type registration clob -> org.hibernate.type.ClobType@5251a2d7
10:53:35,388 DEBUG BasicTypeRegistry:135 - Adding type registration java.sql.Clob -> org.hibernate.type.ClobType@5251a2d7
10:53:35,392 DEBUG BasicTypeRegistry:135 - Adding type registration nclob -> org.hibernate.type.NClobType@2464eac3
10:53:35,393 DEBUG BasicTypeRegistry:135 - Adding type registration java.sql.NClob -> org.hibernate.type.NClobType@2464eac3
10:53:35,394 DEBUG BasicTypeRegistry:135 - Adding type registration materialized_clob -> org.hibernate.type.MaterializedClobType@f88b9ad
10:53:35,395 DEBUG BasicTypeRegistry:135 - Adding type registration materialized_nclob -> org.hibernate.type.MaterializedNClobType@7893cc3b
10:53:35,396 DEBUG BasicTypeRegistry:135 - Adding type registration serializable -> org.hibernate.type.SerializableType@47ce5bc
10:53:35,401 DEBUG BasicTypeRegistry:135 - Adding type registration object -> org.hibernate.type.ObjectType@55bcd176
10:53:35,401 DEBUG BasicTypeRegistry:135 - Adding type registration java.lang.Object -> org.hibernate.type.ObjectType@55bcd176
10:53:35,402 DEBUG BasicTypeRegistry:135 - Adding type registration imm_date -> org.hibernate.type.AdaptedImmutableType@a27d603
10:53:35,402 DEBUG BasicTypeRegistry:135 - Adding type registration imm_time -> org.hibernate.type.AdaptedImmutableType@39a38150
10:53:35,403 DEBUG BasicTypeRegistry:135 - Adding type registration imm_timestamp -> org.hibernate.type.AdaptedImmutableType@13d6185c
10:53:35,403 DEBUG BasicTypeRegistry:135 - Adding type registration imm_dbtimestamp -> org.hibernate.type.AdaptedImmutableType@498c1aa6
10:53:35,403 DEBUG BasicTypeRegistry:135 - Adding type registration imm_calendar -> org.hibernate.type.AdaptedImmutableType@7d2f4a5a
10:53:35,404 DEBUG BasicTypeRegistry:135 - Adding type registration imm_calendar_date -> org.hibernate.type.AdaptedImmutableType@5823edae
10:53:35,404 DEBUG BasicTypeRegistry:135 - Adding type registration imm_binary -> org.hibernate.type.AdaptedImmutableType@7b141a0e
10:53:35,404 DEBUG BasicTypeRegistry:135 - Adding type registration imm_serializable -> org.hibernate.type.AdaptedImmutableType@526476e0
10:53:35,416  WARN ConnectionProviderInitiator:213 - HHH000022: c3p0 properties were encountered, but the c3p0 provider class was not found on the classpath; these properties are going to be ignored.
10:53:35,420  WARN connections:71 - HHH10001002: Using Hibernate built-in connection pool (not for production use!)
10:53:35,425  INFO connections:127 - HHH10001005: using driver [com.mysql.jdbc.Driver] at URL [jdbc:mysql://ec2-52-36-168-250.us-west-2.compute.amazonaws.com:3306/lms]
10:53:35,425  INFO connections:136 - HHH10001001: Connection properties: {user=cs425, password=****}
10:53:35,426  INFO connections:141 - HHH10001003: Autocommit mode: false
10:53:35,430  INFO DriverManagerConnectionProviderImpl:39 - HHH000115: Hibernate connection pool size: 20 (min=1)
10:53:36,550  INFO Dialect:156 - HHH000400: Using dialect: org.hibernate.dialect.MySQLDialect
10:53:37,022 TRACE TypeFactory:58 - Scoping types to session factory org.hibernate.internal.SessionFactoryImpl@62336daf
10:53:37,640  INFO QueryTranslatorFactoryInitiator:47 - HHH000397: Using ASTQueryTranslatorFactory
10:53:37,641  INFO QueryTranslatorFactoryInitiator:47 - HHH000397: Using ASTQueryTranslatorFactory
10:53:37,641  INFO QueryTranslatorFactoryInitiator:47 - HHH000397: Using ASTQueryTranslatorFactory
10:53:37,641  INFO QueryTranslatorFactoryInitiator:47 - HHH000397: Using ASTQueryTranslatorFactory
10:53:37,640  INFO QueryTranslatorFactoryInitiator:47 - HHH000397: Using ASTQueryTranslatorFactory
10:53:37,640  INFO QueryTranslatorFactoryInitiator:47 - HHH000397: Using ASTQueryTranslatorFactory
10:53:37,640  INFO QueryTranslatorFactoryInitiator:47 - HHH000397: Using ASTQueryTranslatorFactory
10:53:37,640  INFO QueryTranslatorFactoryInitiator:47 - HHH000397: Using ASTQueryTranslatorFactory
10:53:37,640  INFO QueryTranslatorFactoryInitiator:47 - HHH000397: Using ASTQueryTranslatorFactory
10:53:37,640  INFO QueryTranslatorFactoryInitiator:47 - HHH000397: Using ASTQueryTranslatorFactory
10:53:37,812  WARN HqlSqlWalker:1063 - [DEPRECATION] Encountered positional parameter near line 1, column 56 in HQL: [from edu.iit.dao.Students as model where model.userId= ?].  Positional parameter are considered deprecated; use named parameters or JPA-style positional parameters instead.
10:53:37,813  WARN HqlSqlWalker:1063 - [DEPRECATION] Encountered positional parameter near line 1, column 56 in HQL: [from edu.iit.dao.Students as model where model.userId= ?].  Positional parameter are considered deprecated; use named parameters or JPA-style positional parameters instead.
10:53:37,813  WARN HqlSqlWalker:1063 - [DEPRECATION] Encountered positional parameter near line 1, column 56 in HQL: [from edu.iit.dao.Students as model where model.userId= ?].  Positional parameter are considered deprecated; use named parameters or JPA-style positional parameters instead.
10:53:37,813  WARN HqlSqlWalker:1063 - [DEPRECATION] Encountered positional parameter near line 1, column 56 in HQL: [from edu.iit.dao.Students as model where model.userId= ?].  Positional parameter are considered deprecated; use named parameters or JPA-style positional parameters instead.
10:53:37,813  WARN HqlSqlWalker:1063 - [DEPRECATION] Encountered positional parameter near line 1, column 56 in HQL: [from edu.iit.dao.Students as model where model.userId= ?].  Positional parameter are considered deprecated; use named parameters or JPA-style positional parameters instead.
10:53:37,813  WARN HqlSqlWalker:1063 - [DEPRECATION] Encountered positional parameter near line 1, column 56 in HQL: [from edu.iit.dao.Students as model where model.userId= ?].  Positional parameter are considered deprecated; use named parameters or JPA-style positional parameters instead.
10:53:37,813  WARN HqlSqlWalker:1063 - [DEPRECATION] Encountered positional parameter near line 1, column 56 in HQL: [from edu.iit.dao.Students as model where model.userId= ?].  Positional parameter are considered deprecated; use named parameters or JPA-style positional parameters instead.
10:53:37,813  WARN HqlSqlWalker:1063 - [DEPRECATION] Encountered positional parameter near line 1, column 56 in HQL: [from edu.iit.dao.Students as model where model.userId= ?].  Positional parameter are considered deprecated; use named parameters or JPA-style positional parameters instead.
10:53:37,812  WARN HqlSqlWalker:1063 - [DEPRECATION] Encountered positional parameter near line 1, column 56 in HQL: [from edu.iit.dao.Students as model where model.userId= ?].  Positional parameter are considered deprecated; use named parameters or JPA-style positional parameters instead.
10:53:37,812  WARN HqlSqlWalker:1063 - [DEPRECATION] Encountered positional parameter near line 1, column 56 in HQL: [from edu.iit.dao.Students as model where model.userId= ?].  Positional parameter are considered deprecated; use named parameters or JPA-style positional parameters instead.
10:53:37,969 TRACE BasicBinder:53 - binding parameter [1] as [VARCHAR] - [null]
10:53:38,556 TRACE BasicBinder:53 - binding parameter [1] as [VARCHAR] - [null]
10:53:38,558 TRACE BasicBinder:53 - binding parameter [1] as [VARCHAR] - [null]
10:53:38,558 TRACE BasicBinder:53 - binding parameter [1] as [VARCHAR] - [null]
10:53:38,568 TRACE BasicBinder:53 - binding parameter [1] as [VARCHAR] - [null]
10:53:38,568 TRACE BasicBinder:53 - binding parameter [1] as [VARCHAR] - [null]
10:53:38,568 TRACE BasicBinder:53 - binding parameter [1] as [VARCHAR] - [null]
10:53:38,568 TRACE BasicBinder:53 - binding parameter [1] as [VARCHAR] - [null]
10:53:38,569 TRACE BasicBinder:53 - binding parameter [1] as [VARCHAR] - [null]
10:53:38,571 TRACE BasicBinder:53 - binding parameter [1] as [VARCHAR] - [null]
10:53:38,684 TRACE BasicBinder:53 - binding parameter [1] as [VARCHAR] - [null]
10:53:39,156 TRACE BasicBinder:53 - binding parameter [1] as [VARCHAR] - [null]
10:56:02,037 TRACE BasicBinder:53 - binding parameter [1] as [VARCHAR] - [null]
10:56:06,849 TRACE BasicBinder:53 - binding parameter [1] as [VARCHAR] - [null]
10:59:37,740  INFO Version:37 - HHH000412: Hibernate Core {5.1.0.Final}
10:59:37,745  INFO Environment:213 - HHH000206: hibernate.properties not found
10:59:37,750  INFO Environment:317 - HHH000021: Bytecode provider name : javassist
10:59:38,077  INFO Version:66 - HCANN000001: Hibernate Commons Annotations {5.0.1.Final}
10:59:38,907 DEBUG BasicTypeRegistry:135 - Adding type registration boolean -> org.hibernate.type.BooleanType@7e7be63f
10:59:38,907 DEBUG BasicTypeRegistry:135 - Adding type registration boolean -> org.hibernate.type.BooleanType@7e7be63f
10:59:38,908 DEBUG BasicTypeRegistry:135 - Adding type registration java.lang.Boolean -> org.hibernate.type.BooleanType@7e7be63f
10:59:38,909 DEBUG BasicTypeRegistry:135 - Adding type registration numeric_boolean -> org.hibernate.type.NumericBooleanType@1e04fa0a
10:59:38,911 DEBUG BasicTypeRegistry:135 - Adding type registration true_false -> org.hibernate.type.TrueFalseType@4fb3ee4e
10:59:38,912 DEBUG BasicTypeRegistry:135 - Adding type registration yes_no -> org.hibernate.type.YesNoType@7c24b813
10:59:38,913 DEBUG BasicTypeRegistry:135 - Adding type registration byte -> org.hibernate.type.ByteType@741a8937
10:59:38,914 DEBUG BasicTypeRegistry:135 - Adding type registration byte -> org.hibernate.type.ByteType@741a8937
10:59:38,914 DEBUG BasicTypeRegistry:135 - Adding type registration java.lang.Byte -> org.hibernate.type.ByteType@741a8937
10:59:38,915 DEBUG BasicTypeRegistry:135 - Adding type registration character -> org.hibernate.type.CharacterType@bae7dc0
10:59:38,915 DEBUG BasicTypeRegistry:135 - Adding type registration char -> org.hibernate.type.CharacterType@bae7dc0
10:59:38,916 DEBUG BasicTypeRegistry:135 - Adding type registration java.lang.Character -> org.hibernate.type.CharacterType@bae7dc0
10:59:38,918 DEBUG BasicTypeRegistry:135 - Adding type registration short -> org.hibernate.type.ShortType@485966cc
10:59:38,919 DEBUG BasicTypeRegistry:135 - Adding type registration short -> org.hibernate.type.ShortType@485966cc
10:59:38,919 DEBUG BasicTypeRegistry:135 - Adding type registration java.lang.Short -> org.hibernate.type.ShortType@485966cc
10:59:38,920 DEBUG BasicTypeRegistry:135 - Adding type registration integer -> org.hibernate.type.IntegerType@7c711375
10:59:38,921 DEBUG BasicTypeRegistry:135 - Adding type registration int -> org.hibernate.type.IntegerType@7c711375
10:59:38,921 DEBUG BasicTypeRegistry:135 - Adding type registration java.lang.Integer -> org.hibernate.type.IntegerType@7c711375
10:59:38,922 DEBUG BasicTypeRegistry:135 - Adding type registration long -> org.hibernate.type.LongType@3ee37e5a
10:59:38,923 DEBUG BasicTypeRegistry:135 - Adding type registration long -> org.hibernate.type.LongType@3ee37e5a
10:59:38,923 DEBUG BasicTypeRegistry:135 - Adding type registration java.lang.Long -> org.hibernate.type.LongType@3ee37e5a
10:59:38,924 DEBUG BasicTypeRegistry:135 - Adding type registration float -> org.hibernate.type.FloatType@53ce1329
10:59:38,925 DEBUG BasicTypeRegistry:135 - Adding type registration float -> org.hibernate.type.FloatType@53ce1329
10:59:38,925 DEBUG BasicTypeRegistry:135 - Adding type registration java.lang.Float -> org.hibernate.type.FloatType@53ce1329
10:59:38,927 DEBUG BasicTypeRegistry:135 - Adding type registration double -> org.hibernate.type.DoubleType@957e06
10:59:38,927 DEBUG BasicTypeRegistry:135 - Adding type registration double -> org.hibernate.type.DoubleType@957e06
10:59:38,927 DEBUG BasicTypeRegistry:135 - Adding type registration java.lang.Double -> org.hibernate.type.DoubleType@957e06
10:59:38,929 DEBUG BasicTypeRegistry:135 - Adding type registration big_decimal -> org.hibernate.type.BigDecimalType@437da279
10:59:38,929 DEBUG BasicTypeRegistry:135 - Adding type registration java.math.BigDecimal -> org.hibernate.type.BigDecimalType@437da279
10:59:38,930 DEBUG BasicTypeRegistry:135 - Adding type registration big_integer -> org.hibernate.type.BigIntegerType@290222c1
10:59:38,930 DEBUG BasicTypeRegistry:135 - Adding type registration java.math.BigInteger -> org.hibernate.type.BigIntegerType@290222c1
10:59:38,932 DEBUG BasicTypeRegistry:135 - Adding type registration string -> org.hibernate.type.StringType@27462a88
10:59:38,932 DEBUG BasicTypeRegistry:135 - Adding type registration java.lang.String -> org.hibernate.type.StringType@27462a88
10:59:38,933 DEBUG BasicTypeRegistry:135 - Adding type registration nstring -> org.hibernate.type.StringNVarcharType@201a4587
10:59:38,934 DEBUG BasicTypeRegistry:135 - Adding type registration ncharacter -> org.hibernate.type.CharacterNCharType@47d9a273
10:59:38,936 DEBUG BasicTypeRegistry:135 - Adding type registration url -> org.hibernate.type.UrlType@2dc54ad4
10:59:38,936 DEBUG BasicTypeRegistry:135 - Adding type registration java.net.URL -> org.hibernate.type.UrlType@2dc54ad4
10:59:38,938 DEBUG BasicTypeRegistry:135 - Adding type registration date -> org.hibernate.type.DateType@59505b48
10:59:38,939 DEBUG BasicTypeRegistry:135 - Adding type registration java.sql.Date -> org.hibernate.type.DateType@59505b48
10:59:38,941 DEBUG BasicTypeRegistry:135 - Adding type registration time -> org.hibernate.type.TimeType@7d4f9aae
10:59:38,941 DEBUG BasicTypeRegistry:135 - Adding type registration java.sql.Time -> org.hibernate.type.TimeType@7d4f9aae
10:59:38,943 DEBUG BasicTypeRegistry:135 - Adding type registration timestamp -> org.hibernate.type.TimestampType@783a467b
10:59:38,943 DEBUG BasicTypeRegistry:135 - Adding type registration java.sql.Timestamp -> org.hibernate.type.TimestampType@783a467b
10:59:38,943 DEBUG BasicTypeRegistry:135 - Adding type registration java.util.Date -> org.hibernate.type.TimestampType@783a467b
10:59:38,945 DEBUG BasicTypeRegistry:135 - Adding type registration dbtimestamp -> org.hibernate.type.DbTimestampType@771a660
10:59:38,946 DEBUG BasicTypeRegistry:135 - Adding type registration calendar -> org.hibernate.type.CalendarType@942a29c
10:59:38,947 DEBUG BasicTypeRegistry:135 - Adding type registration java.util.Calendar -> org.hibernate.type.CalendarType@942a29c
10:59:38,947 DEBUG BasicTypeRegistry:135 - Adding type registration java.util.GregorianCalendar -> org.hibernate.type.CalendarType@942a29c
10:59:38,948 DEBUG BasicTypeRegistry:135 - Adding type registration calendar_date -> org.hibernate.type.CalendarDateType@534a5a98
10:59:38,949 DEBUG BasicTypeRegistry:135 - Adding type registration locale -> org.hibernate.type.LocaleType@5e600dd5
10:59:38,949 DEBUG BasicTypeRegistry:135 - Adding type registration java.util.Locale -> org.hibernate.type.LocaleType@5e600dd5
10:59:38,951 DEBUG BasicTypeRegistry:135 - Adding type registration currency -> org.hibernate.type.CurrencyType@4d5650ae
10:59:38,951 DEBUG BasicTypeRegistry:135 - Adding type registration java.util.Currency -> org.hibernate.type.CurrencyType@4d5650ae
10:59:38,952 DEBUG BasicTypeRegistry:135 - Adding type registration timezone -> org.hibernate.type.TimeZoneType@6221a451
10:59:38,953 DEBUG BasicTypeRegistry:135 - Adding type registration java.util.TimeZone -> org.hibernate.type.TimeZoneType@6221a451
10:59:38,954 DEBUG BasicTypeRegistry:135 - Adding type registration class -> org.hibernate.type.ClassType@7b36aa0c
10:59:38,955 DEBUG BasicTypeRegistry:135 - Adding type registration java.lang.Class -> org.hibernate.type.ClassType@7b36aa0c
10:59:38,956 DEBUG BasicTypeRegistry:135 - Adding type registration uuid-binary -> org.hibernate.type.UUIDBinaryType@1e0b4072
10:59:38,957 DEBUG BasicTypeRegistry:135 - Adding type registration java.util.UUID -> org.hibernate.type.UUIDBinaryType@1e0b4072
10:59:38,958 DEBUG BasicTypeRegistry:135 - Adding type registration uuid-char -> org.hibernate.type.UUIDCharType@4b45a2f5
10:59:38,959 DEBUG BasicTypeRegistry:135 - Adding type registration binary -> org.hibernate.type.BinaryType@6340e5f0
10:59:38,960 DEBUG BasicTypeRegistry:135 - Adding type registration byte[] -> org.hibernate.type.BinaryType@6340e5f0
10:59:38,960 DEBUG BasicTypeRegistry:135 - Adding type registration [B -> org.hibernate.type.BinaryType@6340e5f0
10:59:38,961 DEBUG BasicTypeRegistry:135 - Adding type registration wrapper-binary -> org.hibernate.type.WrapperBinaryType@6c1a5b54
10:59:38,962 DEBUG BasicTypeRegistry:135 - Adding type registration Byte[] -> org.hibernate.type.WrapperBinaryType@6c1a5b54
10:59:38,962 DEBUG BasicTypeRegistry:135 - Adding type registration [Ljava.lang.Byte; -> org.hibernate.type.WrapperBinaryType@6c1a5b54
10:59:38,963 DEBUG BasicTypeRegistry:135 - Adding type registration image -> org.hibernate.type.ImageType@368247b9
10:59:38,964 DEBUG BasicTypeRegistry:135 - Adding type registration characters -> org.hibernate.type.CharArrayType@738dc9b
10:59:38,964 DEBUG BasicTypeRegistry:135 - Adding type registration char[] -> org.hibernate.type.CharArrayType@738dc9b
10:59:38,965 DEBUG BasicTypeRegistry:135 - Adding type registration [C -> org.hibernate.type.CharArrayType@738dc9b
10:59:38,966 DEBUG BasicTypeRegistry:135 - Adding type registration wrapper-characters -> org.hibernate.type.CharacterArrayType@2892d68
10:59:38,967 DEBUG BasicTypeRegistry:135 - Adding type registration [Ljava.lang.Character; -> org.hibernate.type.CharacterArrayType@2892d68
10:59:38,967 DEBUG BasicTypeRegistry:135 - Adding type registration Character[] -> org.hibernate.type.CharacterArrayType@2892d68
10:59:38,968 DEBUG BasicTypeRegistry:135 - Adding type registration text -> org.hibernate.type.TextType@2e385cce
10:59:38,969 DEBUG BasicTypeRegistry:135 - Adding type registration ntext -> org.hibernate.type.NTextType@f0c8a99
10:59:38,973 DEBUG BasicTypeRegistry:135 - Adding type registration blob -> org.hibernate.type.BlobType@2cf3d63b
10:59:38,973 DEBUG BasicTypeRegistry:135 - Adding type registration java.sql.Blob -> org.hibernate.type.BlobType@2cf3d63b
10:59:38,973 DEBUG BasicTypeRegistry:135 - Adding type registration materialized_blob -> org.hibernate.type.MaterializedBlobType@173ed316
10:59:38,978 DEBUG BasicTypeRegistry:135 - Adding type registration clob -> org.hibernate.type.ClobType@7161d8d1
10:59:38,979 DEBUG BasicTypeRegistry:135 - Adding type registration java.sql.Clob -> org.hibernate.type.ClobType@7161d8d1
10:59:38,983 DEBUG BasicTypeRegistry:135 - Adding type registration nclob -> org.hibernate.type.NClobType@1c5920df
10:59:38,983 DEBUG BasicTypeRegistry:135 - Adding type registration java.sql.NClob -> org.hibernate.type.NClobType@1c5920df
10:59:38,984 DEBUG BasicTypeRegistry:135 - Adding type registration materialized_clob -> org.hibernate.type.MaterializedClobType@196a42c3
10:59:38,984 DEBUG BasicTypeRegistry:135 - Adding type registration materialized_nclob -> org.hibernate.type.MaterializedNClobType@4a83a74a
10:59:38,986 DEBUG BasicTypeRegistry:135 - Adding type registration serializable -> org.hibernate.type.SerializableType@d737b89
10:59:38,988 DEBUG BasicTypeRegistry:135 - Adding type registration object -> org.hibernate.type.ObjectType@68c9133c
10:59:38,989 DEBUG BasicTypeRegistry:135 - Adding type registration java.lang.Object -> org.hibernate.type.ObjectType@68c9133c
10:59:38,989 DEBUG BasicTypeRegistry:135 - Adding type registration imm_date -> org.hibernate.type.AdaptedImmutableType@2cb4893b
10:59:38,990 DEBUG BasicTypeRegistry:135 - Adding type registration imm_time -> org.hibernate.type.AdaptedImmutableType@cc43f62
10:59:38,990 DEBUG BasicTypeRegistry:135 - Adding type registration imm_timestamp -> org.hibernate.type.AdaptedImmutableType@5b218417
10:59:38,992 DEBUG BasicTypeRegistry:135 - Adding type registration imm_dbtimestamp -> org.hibernate.type.AdaptedImmutableType@645aa696
10:59:38,993 DEBUG BasicTypeRegistry:135 - Adding type registration imm_calendar -> org.hibernate.type.AdaptedImmutableType@6caf0677
10:59:38,993 DEBUG BasicTypeRegistry:135 - Adding type registration imm_calendar_date -> org.hibernate.type.AdaptedImmutableType@413d1baf
10:59:38,994 DEBUG BasicTypeRegistry:135 - Adding type registration imm_binary -> org.hibernate.type.AdaptedImmutableType@16eb3ea3
10:59:38,994 DEBUG BasicTypeRegistry:135 - Adding type registration imm_serializable -> org.hibernate.type.AdaptedImmutableType@273444fe
10:59:39,000  WARN ConnectionProviderInitiator:213 - HHH000022: c3p0 properties were encountered, but the c3p0 provider class was not found on the classpath; these properties are going to be ignored.
10:59:39,003  WARN connections:71 - HHH10001002: Using Hibernate built-in connection pool (not for production use!)
10:59:39,009  INFO connections:127 - HHH10001005: using driver [com.mysql.jdbc.Driver] at URL [jdbc:mysql://ec2-52-36-168-250.us-west-2.compute.amazonaws.com:3306/lms]
10:59:39,010  INFO connections:136 - HHH10001001: Connection properties: {user=cs425, password=****}
10:59:39,010  INFO connections:141 - HHH10001003: Autocommit mode: false
10:59:39,013  INFO DriverManagerConnectionProviderImpl:39 - HHH000115: Hibernate connection pool size: 20 (min=1)
10:59:40,109  INFO Dialect:156 - HHH000400: Using dialect: org.hibernate.dialect.MySQLDialect
10:59:40,450 TRACE TypeFactory:58 - Scoping types to session factory org.hibernate.internal.SessionFactoryImpl@7d42c224
10:59:40,930 TRACE BasicBinder:53 - binding parameter [1] as [VARCHAR] - [null]
10:59:40,931 TRACE BasicBinder:53 - binding parameter [2] as [VARCHAR] - [null]
10:59:40,931 TRACE BasicBinder:65 - binding parameter [3] as [VARCHAR] - [1]
10:59:40,932 TRACE BasicBinder:65 - binding parameter [4] as [VARCHAR] - [Xiong]
10:59:40,932 TRACE BasicBinder:53 - binding parameter [5] as [VARCHAR] - [null]
10:59:40,932 TRACE BasicBinder:65 - binding parameter [6] as [VARCHAR] - [Fangzhou]
10:59:40,936 TRACE BasicBinder:53 - binding parameter [7] as [TIMESTAMP] - [null]
10:59:40,936 TRACE BasicBinder:65 - binding parameter [8] as [VARCHAR] - [male]
10:59:40,937 TRACE BasicBinder:53 - binding parameter [9] as [INTEGER] - [null]
10:59:40,938 TRACE BasicBinder:65 - binding parameter [10] as [VARCHAR] - [asdf@hawk.iit.edu]
10:59:40,938 TRACE BasicBinder:65 - binding parameter [11] as [VARCHAR] - [xin]
10:59:40,938 TRACE BasicBinder:53 - binding parameter [12] as [VARCHAR] - [null]
10:59:41,025  INFO QueryTranslatorFactoryInitiator:47 - HHH000397: Using ASTQueryTranslatorFactory
10:59:41,103  WARN HqlSqlWalker:1063 - [DEPRECATION] Encountered positional parameter near line 1, column 56 in HQL: [from edu.iit.dao.Students as model where model.userId= ?].  Positional parameter are considered deprecated; use named parameters or JPA-style positional parameters instead.
10:59:41,136 TRACE BasicBinder:65 - binding parameter [1] as [VARCHAR] - [xin]
10:59:41,215 TRACE BasicExtractor:61 - extracted value ([StudentI1_6_] : [INTEGER]) - [3]
10:59:41,218 TRACE BasicExtractor:51 - extracted value ([Moblie2_6_] : [VARCHAR]) - [null]
10:59:41,218 TRACE BasicExtractor:51 - extracted value ([Address3_6_] : [VARCHAR]) - [null]
10:59:41,219 TRACE BasicExtractor:61 - extracted value ([Power4_6_] : [VARCHAR]) - [1]
10:59:41,219 TRACE BasicExtractor:61 - extracted value ([LastName5_6_] : [VARCHAR]) - [Xiong]
10:59:41,220 TRACE BasicExtractor:51 - extracted value ([MiddleNa6_6_] : [VARCHAR]) - [null]
10:59:41,220 TRACE BasicExtractor:61 - extracted value ([FirstNam7_6_] : [VARCHAR]) - [Fangzhou]
10:59:41,221 TRACE BasicExtractor:51 - extracted value ([Birthday8_6_] : [TIMESTAMP]) - [null]
10:59:41,223 TRACE BasicExtractor:61 - extracted value ([Gender9_6_] : [VARCHAR]) - [male]
10:59:41,223 TRACE BasicExtractor:51 - extracted value ([Age10_6_] : [INTEGER]) - [null]
10:59:41,224 TRACE BasicExtractor:61 - extracted value ([Email11_6_] : [VARCHAR]) - [asdf@hawk.iit.edu]
10:59:41,224 TRACE BasicExtractor:61 - extracted value ([UserID12_6_] : [VARCHAR]) - [xin]
10:59:41,225 TRACE BasicExtractor:51 - extracted value ([PAS13_6_] : [VARCHAR]) - [null]
10:59:41,225 TRACE BasicExtractor:61 - extracted value ([StudentI1_6_] : [INTEGER]) - [4]
10:59:41,228 TRACE CollectionType:756 - Created collection wrapper: [edu.iit.dao.Students.orderses#3]
10:59:41,229 TRACE CollectionType:756 - Created collection wrapper: [edu.iit.dao.Students.parentses#3]
10:59:41,229 TRACE CollectionType:756 - Created collection wrapper: [edu.iit.dao.Students.teacherses#3]
11:00:38,908 TRACE BasicBinder:53 - binding parameter [1] as [VARCHAR] - [null]
11:00:57,658 TRACE BasicBinder:53 - binding parameter [1] as [VARCHAR] - [null]
11:01:20,108 TRACE BasicBinder:53 - binding parameter [1] as [VARCHAR] - [null]
11:02:38,935  INFO Version:37 - HHH000412: Hibernate Core {5.1.0.Final}
11:02:38,940  INFO Environment:213 - HHH000206: hibernate.properties not found
11:02:38,945  INFO Environment:317 - HHH000021: Bytecode provider name : javassist
11:02:39,230  INFO Version:66 - HCANN000001: Hibernate Commons Annotations {5.0.1.Final}
11:02:40,078 DEBUG BasicTypeRegistry:135 - Adding type registration boolean -> org.hibernate.type.BooleanType@1a18644
11:02:40,079 DEBUG BasicTypeRegistry:135 - Adding type registration boolean -> org.hibernate.type.BooleanType@1a18644
11:02:40,079 DEBUG BasicTypeRegistry:135 - Adding type registration java.lang.Boolean -> org.hibernate.type.BooleanType@1a18644
11:02:40,080 DEBUG BasicTypeRegistry:135 - Adding type registration numeric_boolean -> org.hibernate.type.NumericBooleanType@4738a206
11:02:40,082 DEBUG BasicTypeRegistry:135 - Adding type registration true_false -> org.hibernate.type.TrueFalseType@543588e6
11:02:40,083 DEBUG BasicTypeRegistry:135 - Adding type registration yes_no -> org.hibernate.type.YesNoType@5d7148e2
11:02:40,086 DEBUG BasicTypeRegistry:135 - Adding type registration byte -> org.hibernate.type.ByteType@58d75e99
11:02:40,086 DEBUG BasicTypeRegistry:135 - Adding type registration byte -> org.hibernate.type.ByteType@58d75e99
11:02:40,086 DEBUG BasicTypeRegistry:135 - Adding type registration java.lang.Byte -> org.hibernate.type.ByteType@58d75e99
11:02:40,088 DEBUG BasicTypeRegistry:135 - Adding type registration character -> org.hibernate.type.CharacterType@6fd83fc1
11:02:40,088 DEBUG BasicTypeRegistry:135 - Adding type registration char -> org.hibernate.type.CharacterType@6fd83fc1
11:02:40,088 DEBUG BasicTypeRegistry:135 - Adding type registration java.lang.Character -> org.hibernate.type.CharacterType@6fd83fc1
11:02:40,091 DEBUG BasicTypeRegistry:135 - Adding type registration short -> org.hibernate.type.ShortType@c88a337
11:02:40,091 DEBUG BasicTypeRegistry:135 - Adding type registration short -> org.hibernate.type.ShortType@c88a337
11:02:40,091 DEBUG BasicTypeRegistry:135 - Adding type registration java.lang.Short -> org.hibernate.type.ShortType@c88a337
11:02:40,092 DEBUG BasicTypeRegistry:135 - Adding type registration integer -> org.hibernate.type.IntegerType@593aaf41
11:02:40,093 DEBUG BasicTypeRegistry:135 - Adding type registration int -> org.hibernate.type.IntegerType@593aaf41
11:02:40,093 DEBUG BasicTypeRegistry:135 - Adding type registration java.lang.Integer -> org.hibernate.type.IntegerType@593aaf41
11:02:40,095 DEBUG BasicTypeRegistry:135 - Adding type registration long -> org.hibernate.type.LongType@6e0f5f7f
11:02:40,095 DEBUG BasicTypeRegistry:135 - Adding type registration long -> org.hibernate.type.LongType@6e0f5f7f
11:02:40,095 DEBUG BasicTypeRegistry:135 - Adding type registration java.lang.Long -> org.hibernate.type.LongType@6e0f5f7f
11:02:40,097 DEBUG BasicTypeRegistry:135 - Adding type registration float -> org.hibernate.type.FloatType@4803b726
11:02:40,097 DEBUG BasicTypeRegistry:135 - Adding type registration float -> org.hibernate.type.FloatType@4803b726
11:02:40,097 DEBUG BasicTypeRegistry:135 - Adding type registration java.lang.Float -> org.hibernate.type.FloatType@4803b726
11:02:40,099 DEBUG BasicTypeRegistry:135 - Adding type registration double -> org.hibernate.type.DoubleType@729d991e
11:02:40,099 DEBUG BasicTypeRegistry:135 - Adding type registration double -> org.hibernate.type.DoubleType@729d991e
11:02:40,099 DEBUG BasicTypeRegistry:135 - Adding type registration java.lang.Double -> org.hibernate.type.DoubleType@729d991e
11:02:40,100 DEBUG BasicTypeRegistry:135 - Adding type registration big_decimal -> org.hibernate.type.BigDecimalType@36916eb0
11:02:40,101 DEBUG BasicTypeRegistry:135 - Adding type registration java.math.BigDecimal -> org.hibernate.type.BigDecimalType@36916eb0
11:02:40,102 DEBUG BasicTypeRegistry:135 - Adding type registration big_integer -> org.hibernate.type.BigIntegerType@3cebbb30
11:02:40,102 DEBUG BasicTypeRegistry:135 - Adding type registration java.math.BigInteger -> org.hibernate.type.BigIntegerType@3cebbb30
11:02:40,103 DEBUG BasicTypeRegistry:135 - Adding type registration string -> org.hibernate.type.StringType@49049a04
11:02:40,104 DEBUG BasicTypeRegistry:135 - Adding type registration java.lang.String -> org.hibernate.type.StringType@49049a04
11:02:40,105 DEBUG BasicTypeRegistry:135 - Adding type registration nstring -> org.hibernate.type.StringNVarcharType@51e69659
11:02:40,105 DEBUG BasicTypeRegistry:135 - Adding type registration ncharacter -> org.hibernate.type.CharacterNCharType@54a7079e
11:02:40,106 DEBUG BasicTypeRegistry:135 - Adding type registration url -> org.hibernate.type.UrlType@1b11171f
11:02:40,107 DEBUG BasicTypeRegistry:135 - Adding type registration java.net.URL -> org.hibernate.type.UrlType@1b11171f
11:02:40,108 DEBUG BasicTypeRegistry:135 - Adding type registration date -> org.hibernate.type.DateType@2d710f1a
11:02:40,108 DEBUG BasicTypeRegistry:135 - Adding type registration java.sql.Date -> org.hibernate.type.DateType@2d710f1a
11:02:40,110 DEBUG BasicTypeRegistry:135 - Adding type registration time -> org.hibernate.type.TimeType@b9b00e0
11:02:40,110 DEBUG BasicTypeRegistry:135 - Adding type registration java.sql.Time -> org.hibernate.type.TimeType@b9b00e0
11:02:40,111 DEBUG BasicTypeRegistry:135 - Adding type registration timestamp -> org.hibernate.type.TimestampType@273e7444
11:02:40,112 DEBUG BasicTypeRegistry:135 - Adding type registration java.sql.Timestamp -> org.hibernate.type.TimestampType@273e7444
11:02:40,112 DEBUG BasicTypeRegistry:135 - Adding type registration java.util.Date -> org.hibernate.type.TimestampType@273e7444
11:02:40,113 DEBUG BasicTypeRegistry:135 - Adding type registration dbtimestamp -> org.hibernate.type.DbTimestampType@272113c4
11:02:40,115 DEBUG BasicTypeRegistry:135 - Adding type registration calendar -> org.hibernate.type.CalendarType@3f6f6701
11:02:40,115 DEBUG BasicTypeRegistry:135 - Adding type registration java.util.Calendar -> org.hibernate.type.CalendarType@3f6f6701
11:02:40,115 DEBUG BasicTypeRegistry:135 - Adding type registration java.util.GregorianCalendar -> org.hibernate.type.CalendarType@3f6f6701
11:02:40,116 DEBUG BasicTypeRegistry:135 - Adding type registration calendar_date -> org.hibernate.type.CalendarDateType@1ed6388a
11:02:40,118 DEBUG BasicTypeRegistry:135 - Adding type registration locale -> org.hibernate.type.LocaleType@121314f7
11:02:40,118 DEBUG BasicTypeRegistry:135 - Adding type registration java.util.Locale -> org.hibernate.type.LocaleType@121314f7
11:02:40,119 DEBUG BasicTypeRegistry:135 - Adding type registration currency -> org.hibernate.type.CurrencyType@2e3967ea
11:02:40,119 DEBUG BasicTypeRegistry:135 - Adding type registration java.util.Currency -> org.hibernate.type.CurrencyType@2e3967ea
11:02:40,121 DEBUG BasicTypeRegistry:135 - Adding type registration timezone -> org.hibernate.type.TimeZoneType@51c668e3
11:02:40,121 DEBUG BasicTypeRegistry:135 - Adding type registration java.util.TimeZone -> org.hibernate.type.TimeZoneType@51c668e3
11:02:40,122 DEBUG BasicTypeRegistry:135 - Adding type registration class -> org.hibernate.type.ClassType@4a883b15
11:02:40,123 DEBUG BasicTypeRegistry:135 - Adding type registration java.lang.Class -> org.hibernate.type.ClassType@4a883b15
11:02:40,124 DEBUG BasicTypeRegistry:135 - Adding type registration uuid-binary -> org.hibernate.type.UUIDBinaryType@229c6181
11:02:40,125 DEBUG BasicTypeRegistry:135 - Adding type registration java.util.UUID -> org.hibernate.type.UUIDBinaryType@229c6181
11:02:40,125 DEBUG BasicTypeRegistry:135 - Adding type registration uuid-char -> org.hibernate.type.UUIDCharType@791f145a
11:02:40,127 DEBUG BasicTypeRegistry:135 - Adding type registration binary -> org.hibernate.type.BinaryType@41a0aa7d
11:02:40,127 DEBUG BasicTypeRegistry:135 - Adding type registration byte[] -> org.hibernate.type.BinaryType@41a0aa7d
11:02:40,127 DEBUG BasicTypeRegistry:135 - Adding type registration [B -> org.hibernate.type.BinaryType@41a0aa7d
11:02:40,129 DEBUG BasicTypeRegistry:135 - Adding type registration wrapper-binary -> org.hibernate.type.WrapperBinaryType@1ffaf86
11:02:40,129 DEBUG BasicTypeRegistry:135 - Adding type registration Byte[] -> org.hibernate.type.WrapperBinaryType@1ffaf86
11:02:40,129 DEBUG BasicTypeRegistry:135 - Adding type registration [Ljava.lang.Byte; -> org.hibernate.type.WrapperBinaryType@1ffaf86
11:02:40,130 DEBUG BasicTypeRegistry:135 - Adding type registration image -> org.hibernate.type.ImageType@20140db9
11:02:40,131 DEBUG BasicTypeRegistry:135 - Adding type registration characters -> org.hibernate.type.CharArrayType@55a147cc
11:02:40,132 DEBUG BasicTypeRegistry:135 - Adding type registration char[] -> org.hibernate.type.CharArrayType@55a147cc
11:02:40,132 DEBUG BasicTypeRegistry:135 - Adding type registration [C -> org.hibernate.type.CharArrayType@55a147cc
11:02:40,134 DEBUG BasicTypeRegistry:135 - Adding type registration wrapper-characters -> org.hibernate.type.CharacterArrayType@4145bad8
11:02:40,134 DEBUG BasicTypeRegistry:135 - Adding type registration [Ljava.lang.Character; -> org.hibernate.type.CharacterArrayType@4145bad8
11:02:40,135 DEBUG BasicTypeRegistry:135 - Adding type registration Character[] -> org.hibernate.type.CharacterArrayType@4145bad8
11:02:40,136 DEBUG BasicTypeRegistry:135 - Adding type registration text -> org.hibernate.type.TextType@750e2b97
11:02:40,137 DEBUG BasicTypeRegistry:135 - Adding type registration ntext -> org.hibernate.type.NTextType@2a7f1f10
11:02:40,143 DEBUG BasicTypeRegistry:135 - Adding type registration blob -> org.hibernate.type.BlobType@8f2ef19
11:02:40,144 DEBUG BasicTypeRegistry:135 - Adding type registration java.sql.Blob -> org.hibernate.type.BlobType@8f2ef19
11:02:40,144 DEBUG BasicTypeRegistry:135 - Adding type registration materialized_blob -> org.hibernate.type.MaterializedBlobType@7674f035
11:02:40,152 DEBUG BasicTypeRegistry:135 - Adding type registration clob -> org.hibernate.type.ClobType@75d3a5e0
11:02:40,152 DEBUG BasicTypeRegistry:135 - Adding type registration java.sql.Clob -> org.hibernate.type.ClobType@75d3a5e0
11:02:40,155 DEBUG BasicTypeRegistry:135 - Adding type registration nclob -> org.hibernate.type.NClobType@75437611
11:02:40,155 DEBUG BasicTypeRegistry:135 - Adding type registration java.sql.NClob -> org.hibernate.type.NClobType@75437611
11:02:40,156 DEBUG BasicTypeRegistry:135 - Adding type registration materialized_clob -> org.hibernate.type.MaterializedClobType@17f9d882
11:02:40,157 DEBUG BasicTypeRegistry:135 - Adding type registration materialized_nclob -> org.hibernate.type.MaterializedNClobType@4c60d6e9
11:02:40,158 DEBUG BasicTypeRegistry:135 - Adding type registration serializable -> org.hibernate.type.SerializableType@7f485fda
11:02:40,161 DEBUG BasicTypeRegistry:135 - Adding type registration object -> org.hibernate.type.ObjectType@8458f04
11:02:40,161 DEBUG BasicTypeRegistry:135 - Adding type registration java.lang.Object -> org.hibernate.type.ObjectType@8458f04
11:02:40,162 DEBUG BasicTypeRegistry:135 - Adding type registration imm_date -> org.hibernate.type.AdaptedImmutableType@7a35b0f5
11:02:40,162 DEBUG BasicTypeRegistry:135 - Adding type registration imm_time -> org.hibernate.type.AdaptedImmutableType@5e2c3d18
11:02:40,163 DEBUG BasicTypeRegistry:135 - Adding type registration imm_timestamp -> org.hibernate.type.AdaptedImmutableType@2cb4893b
11:02:40,163 DEBUG BasicTypeRegistry:135 - Adding type registration imm_dbtimestamp -> org.hibernate.type.AdaptedImmutableType@cc43f62
11:02:40,163 DEBUG BasicTypeRegistry:135 - Adding type registration imm_calendar -> org.hibernate.type.AdaptedImmutableType@5b218417
11:02:40,164 DEBUG BasicTypeRegistry:135 - Adding type registration imm_calendar_date -> org.hibernate.type.AdaptedImmutableType@645aa696
11:02:40,164 DEBUG BasicTypeRegistry:135 - Adding type registration imm_binary -> org.hibernate.type.AdaptedImmutableType@6caf0677
11:02:40,164 DEBUG BasicTypeRegistry:135 - Adding type registration imm_serializable -> org.hibernate.type.AdaptedImmutableType@413d1baf
11:02:40,173  WARN ConnectionProviderInitiator:213 - HHH000022: c3p0 properties were encountered, but the c3p0 provider class was not found on the classpath; these properties are going to be ignored.
11:02:40,176  WARN connections:71 - HHH10001002: Using Hibernate built-in connection pool (not for production use!)
11:02:40,183  INFO connections:127 - HHH10001005: using driver [com.mysql.jdbc.Driver] at URL [jdbc:mysql://ec2-52-36-168-250.us-west-2.compute.amazonaws.com:3306/lms]
11:02:40,184  INFO connections:136 - HHH10001001: Connection properties: {user=cs425, password=****}
11:02:40,184  INFO connections:141 - HHH10001003: Autocommit mode: false
11:02:40,187  INFO DriverManagerConnectionProviderImpl:39 - HHH000115: Hibernate connection pool size: 20 (min=1)
11:02:41,318  INFO Dialect:156 - HHH000400: Using dialect: org.hibernate.dialect.MySQLDialect
11:02:41,678 TRACE TypeFactory:58 - Scoping types to session factory org.hibernate.internal.SessionFactoryImpl@2e554a3b
11:02:42,207 TRACE BasicBinder:53 - binding parameter [1] as [VARCHAR] - [null]
11:02:42,208 TRACE BasicBinder:53 - binding parameter [2] as [VARCHAR] - [null]
11:02:42,208 TRACE BasicBinder:65 - binding parameter [3] as [VARCHAR] - [1]
11:02:42,208 TRACE BasicBinder:65 - binding parameter [4] as [VARCHAR] - [Xiong]
11:02:42,208 TRACE BasicBinder:53 - binding parameter [5] as [VARCHAR] - [null]
11:02:42,209 TRACE BasicBinder:65 - binding parameter [6] as [VARCHAR] - [Fangzhou]
11:02:42,209 TRACE BasicBinder:53 - binding parameter [7] as [TIMESTAMP] - [null]
11:02:42,210 TRACE BasicBinder:65 - binding parameter [8] as [VARCHAR] - [male]
11:02:42,210 TRACE BasicBinder:53 - binding parameter [9] as [INTEGER] - [null]
11:02:42,211 TRACE BasicBinder:65 - binding parameter [10] as [VARCHAR] - [asdf@hawk.iit.edu]
11:02:42,211 TRACE BasicBinder:65 - binding parameter [11] as [VARCHAR] - [xin]
11:02:42,211 TRACE BasicBinder:53 - binding parameter [12] as [VARCHAR] - [null]
11:02:42,297  INFO QueryTranslatorFactoryInitiator:47 - HHH000397: Using ASTQueryTranslatorFactory
11:02:42,378  WARN HqlSqlWalker:1063 - [DEPRECATION] Encountered positional parameter near line 1, column 56 in HQL: [from edu.iit.dao.Students as model where model.userId= ?].  Positional parameter are considered deprecated; use named parameters or JPA-style positional parameters instead.
11:02:42,405 TRACE BasicBinder:65 - binding parameter [1] as [VARCHAR] - [xin]
11:02:42,492 TRACE BasicExtractor:61 - extracted value ([StudentI1_6_] : [INTEGER]) - [3]
11:02:42,495 TRACE BasicExtractor:51 - extracted value ([Moblie2_6_] : [VARCHAR]) - [null]
11:02:42,496 TRACE BasicExtractor:51 - extracted value ([Address3_6_] : [VARCHAR]) - [null]
11:02:42,496 TRACE BasicExtractor:61 - extracted value ([Power4_6_] : [VARCHAR]) - [1]
11:02:42,496 TRACE BasicExtractor:61 - extracted value ([LastName5_6_] : [VARCHAR]) - [Xiong]
11:02:42,497 TRACE BasicExtractor:51 - extracted value ([MiddleNa6_6_] : [VARCHAR]) - [null]
11:02:42,497 TRACE BasicExtractor:61 - extracted value ([FirstNam7_6_] : [VARCHAR]) - [Fangzhou]
11:02:42,497 TRACE BasicExtractor:51 - extracted value ([Birthday8_6_] : [TIMESTAMP]) - [null]
11:02:42,498 TRACE BasicExtractor:61 - extracted value ([Gender9_6_] : [VARCHAR]) - [male]
11:02:42,498 TRACE BasicExtractor:51 - extracted value ([Age10_6_] : [INTEGER]) - [null]
11:02:42,498 TRACE BasicExtractor:61 - extracted value ([Email11_6_] : [VARCHAR]) - [asdf@hawk.iit.edu]
11:02:42,498 TRACE BasicExtractor:61 - extracted value ([UserID12_6_] : [VARCHAR]) - [xin]
11:02:42,499 TRACE BasicExtractor:51 - extracted value ([PAS13_6_] : [VARCHAR]) - [null]
11:02:42,499 TRACE BasicExtractor:61 - extracted value ([StudentI1_6_] : [INTEGER]) - [5]
11:02:42,503 TRACE CollectionType:756 - Created collection wrapper: [edu.iit.dao.Students.orderses#3]
11:02:42,504 TRACE CollectionType:756 - Created collection wrapper: [edu.iit.dao.Students.parentses#3]
11:02:42,504 TRACE CollectionType:756 - Created collection wrapper: [edu.iit.dao.Students.teacherses#3]
11:04:33,993 TRACE BasicBinder:53 - binding parameter [1] as [VARCHAR] - [null]
11:05:31,020  INFO Version:37 - HHH000412: Hibernate Core {5.1.0.Final}
11:05:31,026  INFO Environment:213 - HHH000206: hibernate.properties not found
11:05:31,028  INFO Environment:317 - HHH000021: Bytecode provider name : javassist
11:05:31,515  INFO Version:66 - HCANN000001: Hibernate Commons Annotations {5.0.1.Final}
11:05:32,568 DEBUG BasicTypeRegistry:135 - Adding type registration boolean -> org.hibernate.type.BooleanType@19047baf
11:05:32,569 DEBUG BasicTypeRegistry:135 - Adding type registration boolean -> org.hibernate.type.BooleanType@19047baf
11:05:32,570 DEBUG BasicTypeRegistry:135 - Adding type registration java.lang.Boolean -> org.hibernate.type.BooleanType@19047baf
11:05:32,573 DEBUG BasicTypeRegistry:135 - Adding type registration numeric_boolean -> org.hibernate.type.NumericBooleanType@6d983002
11:05:32,576 DEBUG BasicTypeRegistry:135 - Adding type registration true_false -> org.hibernate.type.TrueFalseType@257be485
11:05:32,578 DEBUG BasicTypeRegistry:135 - Adding type registration yes_no -> org.hibernate.type.YesNoType@1c1536e8
11:05:32,582 DEBUG BasicTypeRegistry:135 - Adding type registration byte -> org.hibernate.type.ByteType@45f740af
11:05:32,582 DEBUG BasicTypeRegistry:135 - Adding type registration byte -> org.hibernate.type.ByteType@45f740af
11:05:32,583 DEBUG BasicTypeRegistry:135 - Adding type registration java.lang.Byte -> org.hibernate.type.ByteType@45f740af
11:05:32,585 DEBUG BasicTypeRegistry:135 - Adding type registration character -> org.hibernate.type.CharacterType@5cde8d25
11:05:32,586 DEBUG BasicTypeRegistry:135 - Adding type registration char -> org.hibernate.type.CharacterType@5cde8d25
11:05:32,586 DEBUG BasicTypeRegistry:135 - Adding type registration java.lang.Character -> org.hibernate.type.CharacterType@5cde8d25
11:05:32,590 DEBUG BasicTypeRegistry:135 - Adding type registration short -> org.hibernate.type.ShortType@3968ad41
11:05:32,591 DEBUG BasicTypeRegistry:135 - Adding type registration short -> org.hibernate.type.ShortType@3968ad41
11:05:32,591 DEBUG BasicTypeRegistry:135 - Adding type registration java.lang.Short -> org.hibernate.type.ShortType@3968ad41
11:05:32,594 DEBUG BasicTypeRegistry:135 - Adding type registration integer -> org.hibernate.type.IntegerType@4b66741b
11:05:32,595 DEBUG BasicTypeRegistry:135 - Adding type registration int -> org.hibernate.type.IntegerType@4b66741b
11:05:32,595 DEBUG BasicTypeRegistry:135 - Adding type registration java.lang.Integer -> org.hibernate.type.IntegerType@4b66741b
11:05:32,598 DEBUG BasicTypeRegistry:135 - Adding type registration long -> org.hibernate.type.LongType@52a3f692
11:05:32,599 DEBUG BasicTypeRegistry:135 - Adding type registration long -> org.hibernate.type.LongType@52a3f692
11:05:32,601 DEBUG BasicTypeRegistry:135 - Adding type registration java.lang.Long -> org.hibernate.type.LongType@52a3f692
11:05:32,605 DEBUG BasicTypeRegistry:135 - Adding type registration float -> org.hibernate.type.FloatType@55c487b1
11:05:32,607 DEBUG BasicTypeRegistry:135 - Adding type registration float -> org.hibernate.type.FloatType@55c487b1
11:05:32,609 DEBUG BasicTypeRegistry:135 - Adding type registration java.lang.Float -> org.hibernate.type.FloatType@55c487b1
11:05:32,611 DEBUG BasicTypeRegistry:135 - Adding type registration double -> org.hibernate.type.DoubleType@701427d6
11:05:32,612 DEBUG BasicTypeRegistry:135 - Adding type registration double -> org.hibernate.type.DoubleType@701427d6
11:05:32,613 DEBUG BasicTypeRegistry:135 - Adding type registration java.lang.Double -> org.hibernate.type.DoubleType@701427d6
11:05:32,616 DEBUG BasicTypeRegistry:135 - Adding type registration big_decimal -> org.hibernate.type.BigDecimalType@303446c2
11:05:32,616 DEBUG BasicTypeRegistry:135 - Adding type registration java.math.BigDecimal -> org.hibernate.type.BigDecimalType@303446c2
11:05:32,619 DEBUG BasicTypeRegistry:135 - Adding type registration big_integer -> org.hibernate.type.BigIntegerType@4595885b
11:05:32,619 DEBUG BasicTypeRegistry:135 - Adding type registration java.math.BigInteger -> org.hibernate.type.BigIntegerType@4595885b
11:05:32,625 DEBUG BasicTypeRegistry:135 - Adding type registration string -> org.hibernate.type.StringType@6c7aa64e
11:05:32,628 DEBUG BasicTypeRegistry:135 - Adding type registration java.lang.String -> org.hibernate.type.StringType@6c7aa64e
11:05:32,630 DEBUG BasicTypeRegistry:135 - Adding type registration nstring -> org.hibernate.type.StringNVarcharType@2371b25e
11:05:32,632 DEBUG BasicTypeRegistry:135 - Adding type registration ncharacter -> org.hibernate.type.CharacterNCharType@8b2f49f
11:05:32,634 DEBUG BasicTypeRegistry:135 - Adding type registration url -> org.hibernate.type.UrlType@5c62f55a
11:05:32,634 DEBUG BasicTypeRegistry:135 - Adding type registration java.net.URL -> org.hibernate.type.UrlType@5c62f55a
11:05:32,637 DEBUG BasicTypeRegistry:135 - Adding type registration date -> org.hibernate.type.DateType@343d1fd2
11:05:32,637 DEBUG BasicTypeRegistry:135 - Adding type registration java.sql.Date -> org.hibernate.type.DateType@343d1fd2
11:05:32,639 DEBUG BasicTypeRegistry:135 - Adding type registration time -> org.hibernate.type.TimeType@8530059
11:05:32,639 DEBUG BasicTypeRegistry:135 - Adding type registration java.sql.Time -> org.hibernate.type.TimeType@8530059
11:05:32,642 DEBUG BasicTypeRegistry:135 - Adding type registration timestamp -> org.hibernate.type.TimestampType@221660d8
11:05:32,643 DEBUG BasicTypeRegistry:135 - Adding type registration java.sql.Timestamp -> org.hibernate.type.TimestampType@221660d8
11:05:32,643 DEBUG BasicTypeRegistry:135 - Adding type registration java.util.Date -> org.hibernate.type.TimestampType@221660d8
11:05:32,647 DEBUG BasicTypeRegistry:135 - Adding type registration dbtimestamp -> org.hibernate.type.DbTimestampType@1b17d5da
11:05:32,649 DEBUG BasicTypeRegistry:135 - Adding type registration calendar -> org.hibernate.type.CalendarType@581e838b
11:05:32,650 DEBUG BasicTypeRegistry:135 - Adding type registration java.util.Calendar -> org.hibernate.type.CalendarType@581e838b
11:05:32,650 DEBUG BasicTypeRegistry:135 - Adding type registration java.util.GregorianCalendar -> org.hibernate.type.CalendarType@581e838b
11:05:32,651 DEBUG BasicTypeRegistry:135 - Adding type registration calendar_date -> org.hibernate.type.CalendarDateType@4737bbb7
11:05:32,653 DEBUG BasicTypeRegistry:135 - Adding type registration locale -> org.hibernate.type.LocaleType@7a679e17
11:05:32,654 DEBUG BasicTypeRegistry:135 - Adding type registration java.util.Locale -> org.hibernate.type.LocaleType@7a679e17
11:05:32,655 DEBUG BasicTypeRegistry:135 - Adding type registration currency -> org.hibernate.type.CurrencyType@2a59cbec
11:05:32,656 DEBUG BasicTypeRegistry:135 - Adding type registration java.util.Currency -> org.hibernate.type.CurrencyType@2a59cbec
11:05:32,657 DEBUG BasicTypeRegistry:135 - Adding type registration timezone -> org.hibernate.type.TimeZoneType@5c5af415
11:05:32,658 DEBUG BasicTypeRegistry:135 - Adding type registration java.util.TimeZone -> org.hibernate.type.TimeZoneType@5c5af415
11:05:32,660 DEBUG BasicTypeRegistry:135 - Adding type registration class -> org.hibernate.type.ClassType@11decc73
11:05:32,660 DEBUG BasicTypeRegistry:135 - Adding type registration java.lang.Class -> org.hibernate.type.ClassType@11decc73
11:05:32,663 DEBUG BasicTypeRegistry:135 - Adding type registration uuid-binary -> org.hibernate.type.UUIDBinaryType@6f1e2c5f
11:05:32,663 DEBUG BasicTypeRegistry:135 - Adding type registration java.util.UUID -> org.hibernate.type.UUIDBinaryType@6f1e2c5f
11:05:32,664 DEBUG BasicTypeRegistry:135 - Adding type registration uuid-char -> org.hibernate.type.UUIDCharType@652f2292
11:05:32,666 DEBUG BasicTypeRegistry:135 - Adding type registration binary -> org.hibernate.type.BinaryType@621faa2
11:05:32,667 DEBUG BasicTypeRegistry:135 - Adding type registration byte[] -> org.hibernate.type.BinaryType@621faa2
11:05:32,667 DEBUG BasicTypeRegistry:135 - Adding type registration [B -> org.hibernate.type.BinaryType@621faa2
11:05:32,668 DEBUG BasicTypeRegistry:135 - Adding type registration wrapper-binary -> org.hibernate.type.WrapperBinaryType@2cfd5543
11:05:32,669 DEBUG BasicTypeRegistry:135 - Adding type registration Byte[] -> org.hibernate.type.WrapperBinaryType@2cfd5543
11:05:32,669 DEBUG BasicTypeRegistry:135 - Adding type registration [Ljava.lang.Byte; -> org.hibernate.type.WrapperBinaryType@2cfd5543
11:05:32,671 DEBUG BasicTypeRegistry:135 - Adding type registration image -> org.hibernate.type.ImageType@51beaf4
11:05:32,672 DEBUG BasicTypeRegistry:135 - Adding type registration characters -> org.hibernate.type.CharArrayType@52850e97
11:05:32,672 DEBUG BasicTypeRegistry:135 - Adding type registration char[] -> org.hibernate.type.CharArrayType@52850e97
11:05:32,672 DEBUG BasicTypeRegistry:135 - Adding type registration [C -> org.hibernate.type.CharArrayType@52850e97
11:05:32,674 DEBUG BasicTypeRegistry:135 - Adding type registration wrapper-characters -> org.hibernate.type.CharacterArrayType@ffd374d
11:05:32,674 DEBUG BasicTypeRegistry:135 - Adding type registration [Ljava.lang.Character; -> org.hibernate.type.CharacterArrayType@ffd374d
11:05:32,674 DEBUG BasicTypeRegistry:135 - Adding type registration Character[] -> org.hibernate.type.CharacterArrayType@ffd374d
11:05:32,675 DEBUG BasicTypeRegistry:135 - Adding type registration text -> org.hibernate.type.TextType@3ab0cbb7
11:05:32,676 DEBUG BasicTypeRegistry:135 - Adding type registration ntext -> org.hibernate.type.NTextType@2934c433
11:05:32,683 DEBUG BasicTypeRegistry:135 - Adding type registration blob -> org.hibernate.type.BlobType@1fb2baee
11:05:32,683 DEBUG BasicTypeRegistry:135 - Adding type registration java.sql.Blob -> org.hibernate.type.BlobType@1fb2baee
11:05:32,684 DEBUG BasicTypeRegistry:135 - Adding type registration materialized_blob -> org.hibernate.type.MaterializedBlobType@6f74669f
11:05:32,692 DEBUG BasicTypeRegistry:135 - Adding type registration clob -> org.hibernate.type.ClobType@5659f3c0
11:05:32,693 DEBUG BasicTypeRegistry:135 - Adding type registration java.sql.Clob -> org.hibernate.type.ClobType@5659f3c0
11:05:32,700 DEBUG BasicTypeRegistry:135 - Adding type registration nclob -> org.hibernate.type.NClobType@5710e322
11:05:32,700 DEBUG BasicTypeRegistry:135 - Adding type registration java.sql.NClob -> org.hibernate.type.NClobType@5710e322
11:05:32,702 DEBUG BasicTypeRegistry:135 - Adding type registration materialized_clob -> org.hibernate.type.MaterializedClobType@7ed832a0
11:05:32,703 DEBUG BasicTypeRegistry:135 - Adding type registration materialized_nclob -> org.hibernate.type.MaterializedNClobType@6e6d7d83
11:05:32,705 DEBUG BasicTypeRegistry:135 - Adding type registration serializable -> org.hibernate.type.SerializableType@494732a
11:05:32,709 DEBUG BasicTypeRegistry:135 - Adding type registration object -> org.hibernate.type.ObjectType@1b876943
11:05:32,709 DEBUG BasicTypeRegistry:135 - Adding type registration java.lang.Object -> org.hibernate.type.ObjectType@1b876943
11:05:32,710 DEBUG BasicTypeRegistry:135 - Adding type registration imm_date -> org.hibernate.type.AdaptedImmutableType@7aa3f9f0
11:05:32,710 DEBUG BasicTypeRegistry:135 - Adding type registration imm_time -> org.hibernate.type.AdaptedImmutableType@5ace5a96
11:05:32,711 DEBUG BasicTypeRegistry:135 - Adding type registration imm_timestamp -> org.hibernate.type.AdaptedImmutableType@5472cfe2
11:05:32,711 DEBUG BasicTypeRegistry:135 - Adding type registration imm_dbtimestamp -> org.hibernate.type.AdaptedImmutableType@7b5761eb
11:05:32,712 DEBUG BasicTypeRegistry:135 - Adding type registration imm_calendar -> org.hibernate.type.AdaptedImmutableType@1ede7b08
11:05:32,712 DEBUG BasicTypeRegistry:135 - Adding type registration imm_calendar_date -> org.hibernate.type.AdaptedImmutableType@36ec98af
11:05:32,712 DEBUG BasicTypeRegistry:135 - Adding type registration imm_binary -> org.hibernate.type.AdaptedImmutableType@74235c4f
11:05:32,713 DEBUG BasicTypeRegistry:135 - Adding type registration imm_serializable -> org.hibernate.type.AdaptedImmutableType@34bb3319
11:05:32,725  WARN ConnectionProviderInitiator:213 - HHH000022: c3p0 properties were encountered, but the c3p0 provider class was not found on the classpath; these properties are going to be ignored.
11:05:32,729  WARN connections:71 - HHH10001002: Using Hibernate built-in connection pool (not for production use!)
11:05:32,734  INFO connections:127 - HHH10001005: using driver [com.mysql.jdbc.Driver] at URL [jdbc:mysql://ec2-52-36-168-250.us-west-2.compute.amazonaws.com:3306/lms]
11:05:32,735  INFO connections:136 - HHH10001001: Connection properties: {user=cs425, password=****}
11:05:32,735  INFO connections:141 - HHH10001003: Autocommit mode: false
11:05:32,740  INFO DriverManagerConnectionProviderImpl:39 - HHH000115: Hibernate connection pool size: 20 (min=1)
11:05:33,805  INFO Dialect:156 - HHH000400: Using dialect: org.hibernate.dialect.MySQLDialect
11:05:34,252 TRACE TypeFactory:58 - Scoping types to session factory org.hibernate.internal.SessionFactoryImpl@5bf88d14
11:05:34,769  INFO QueryTranslatorFactoryInitiator:47 - HHH000397: Using ASTQueryTranslatorFactory
11:05:34,897  WARN HqlSqlWalker:1063 - [DEPRECATION] Encountered positional parameter near line 1, column 56 in HQL: [from edu.iit.dao.Students as model where model.userId= ?].  Positional parameter are considered deprecated; use named parameters or JPA-style positional parameters instead.
11:05:35,045 TRACE BasicBinder:53 - binding parameter [1] as [VARCHAR] - [null]
11:05:50,818 TRACE BasicBinder:53 - binding parameter [1] as [VARCHAR] - [null]
11:09:16,018 TRACE BasicBinder:53 - binding parameter [1] as [VARCHAR] - [null]
11:12:27,618  INFO Version:37 - HHH000412: Hibernate Core {5.1.0.Final}
11:12:27,623  INFO Environment:213 - HHH000206: hibernate.properties not found
11:12:27,626  INFO Environment:317 - HHH000021: Bytecode provider name : javassist
11:12:28,166  INFO Version:66 - HCANN000001: Hibernate Commons Annotations {5.0.1.Final}
11:12:29,357 DEBUG BasicTypeRegistry:135 - Adding type registration boolean -> org.hibernate.type.BooleanType@2fb57ae1
11:12:29,358 DEBUG BasicTypeRegistry:135 - Adding type registration boolean -> org.hibernate.type.BooleanType@2fb57ae1
11:12:29,358 DEBUG BasicTypeRegistry:135 - Adding type registration java.lang.Boolean -> org.hibernate.type.BooleanType@2fb57ae1
11:12:29,361 DEBUG BasicTypeRegistry:135 - Adding type registration numeric_boolean -> org.hibernate.type.NumericBooleanType@673ab4d3
11:12:29,365 DEBUG BasicTypeRegistry:135 - Adding type registration true_false -> org.hibernate.type.TrueFalseType@7f47d205
11:12:29,367 DEBUG BasicTypeRegistry:135 - Adding type registration yes_no -> org.hibernate.type.YesNoType@5ffb576
11:12:29,370 DEBUG BasicTypeRegistry:135 - Adding type registration byte -> org.hibernate.type.ByteType@3223bb1
11:12:29,371 DEBUG BasicTypeRegistry:135 - Adding type registration byte -> org.hibernate.type.ByteType@3223bb1
11:12:29,371 DEBUG BasicTypeRegistry:135 - Adding type registration java.lang.Byte -> org.hibernate.type.ByteType@3223bb1
11:12:29,374 DEBUG BasicTypeRegistry:135 - Adding type registration character -> org.hibernate.type.CharacterType@69ab429e
11:12:29,374 DEBUG BasicTypeRegistry:135 - Adding type registration char -> org.hibernate.type.CharacterType@69ab429e
11:12:29,374 DEBUG BasicTypeRegistry:135 - Adding type registration java.lang.Character -> org.hibernate.type.CharacterType@69ab429e
11:12:29,378 DEBUG BasicTypeRegistry:135 - Adding type registration short -> org.hibernate.type.ShortType@50d5ffb1
11:12:29,379 DEBUG BasicTypeRegistry:135 - Adding type registration short -> org.hibernate.type.ShortType@50d5ffb1
11:12:29,379 DEBUG BasicTypeRegistry:135 - Adding type registration java.lang.Short -> org.hibernate.type.ShortType@50d5ffb1
11:12:29,382 DEBUG BasicTypeRegistry:135 - Adding type registration integer -> org.hibernate.type.IntegerType@55c811ce
11:12:29,382 DEBUG BasicTypeRegistry:135 - Adding type registration int -> org.hibernate.type.IntegerType@55c811ce
11:12:29,383 DEBUG BasicTypeRegistry:135 - Adding type registration java.lang.Integer -> org.hibernate.type.IntegerType@55c811ce
11:12:29,386 DEBUG BasicTypeRegistry:135 - Adding type registration long -> org.hibernate.type.LongType@a2f2af7
11:12:29,386 DEBUG BasicTypeRegistry:135 - Adding type registration long -> org.hibernate.type.LongType@a2f2af7
11:12:29,387 DEBUG BasicTypeRegistry:135 - Adding type registration java.lang.Long -> org.hibernate.type.LongType@a2f2af7
11:12:29,391 DEBUG BasicTypeRegistry:135 - Adding type registration float -> org.hibernate.type.FloatType@3bdb312c
11:12:29,392 DEBUG BasicTypeRegistry:135 - Adding type registration float -> org.hibernate.type.FloatType@3bdb312c
11:12:29,392 DEBUG BasicTypeRegistry:135 - Adding type registration java.lang.Float -> org.hibernate.type.FloatType@3bdb312c
11:12:29,395 DEBUG BasicTypeRegistry:135 - Adding type registration double -> org.hibernate.type.DoubleType@492cda21
11:12:29,395 DEBUG BasicTypeRegistry:135 - Adding type registration double -> org.hibernate.type.DoubleType@492cda21
11:12:29,396 DEBUG BasicTypeRegistry:135 - Adding type registration java.lang.Double -> org.hibernate.type.DoubleType@492cda21
11:12:29,399 DEBUG BasicTypeRegistry:135 - Adding type registration big_decimal -> org.hibernate.type.BigDecimalType@5d2a93a9
11:12:29,399 DEBUG BasicTypeRegistry:135 - Adding type registration java.math.BigDecimal -> org.hibernate.type.BigDecimalType@5d2a93a9
11:12:29,401 DEBUG BasicTypeRegistry:135 - Adding type registration big_integer -> org.hibernate.type.BigIntegerType@45a67bdd
11:12:29,401 DEBUG BasicTypeRegistry:135 - Adding type registration java.math.BigInteger -> org.hibernate.type.BigIntegerType@45a67bdd
11:12:29,403 DEBUG BasicTypeRegistry:135 - Adding type registration string -> org.hibernate.type.StringType@63636421
11:12:29,404 DEBUG BasicTypeRegistry:135 - Adding type registration java.lang.String -> org.hibernate.type.StringType@63636421
11:12:29,405 DEBUG BasicTypeRegistry:135 - Adding type registration nstring -> org.hibernate.type.StringNVarcharType@6afa4f2a
11:12:29,407 DEBUG BasicTypeRegistry:135 - Adding type registration ncharacter -> org.hibernate.type.CharacterNCharType@20560677
11:12:29,410 DEBUG BasicTypeRegistry:135 - Adding type registration url -> org.hibernate.type.UrlType@401d714f
11:12:29,410 DEBUG BasicTypeRegistry:135 - Adding type registration java.net.URL -> org.hibernate.type.UrlType@401d714f
11:12:29,415 DEBUG BasicTypeRegistry:135 - Adding type registration date -> org.hibernate.type.DateType@2952e5b6
11:12:29,415 DEBUG BasicTypeRegistry:135 - Adding type registration java.sql.Date -> org.hibernate.type.DateType@2952e5b6
11:12:29,419 DEBUG BasicTypeRegistry:135 - Adding type registration time -> org.hibernate.type.TimeType@21c15eae
11:12:29,419 DEBUG BasicTypeRegistry:135 - Adding type registration java.sql.Time -> org.hibernate.type.TimeType@21c15eae
11:12:29,422 DEBUG BasicTypeRegistry:135 - Adding type registration timestamp -> org.hibernate.type.TimestampType@fbb54e4
11:12:29,423 DEBUG BasicTypeRegistry:135 - Adding type registration java.sql.Timestamp -> org.hibernate.type.TimestampType@fbb54e4
11:12:29,423 DEBUG BasicTypeRegistry:135 - Adding type registration java.util.Date -> org.hibernate.type.TimestampType@fbb54e4
11:12:29,428 DEBUG BasicTypeRegistry:135 - Adding type registration dbtimestamp -> org.hibernate.type.DbTimestampType@53883f51
11:12:29,431 DEBUG BasicTypeRegistry:135 - Adding type registration calendar -> org.hibernate.type.CalendarType@340edef1
11:12:29,432 DEBUG BasicTypeRegistry:135 - Adding type registration java.util.Calendar -> org.hibernate.type.CalendarType@340edef1
11:12:29,432 DEBUG BasicTypeRegistry:135 - Adding type registration java.util.GregorianCalendar -> org.hibernate.type.CalendarType@340edef1
11:12:29,434 DEBUG BasicTypeRegistry:135 - Adding type registration calendar_date -> org.hibernate.type.CalendarDateType@66823992
11:12:29,436 DEBUG BasicTypeRegistry:135 - Adding type registration locale -> org.hibernate.type.LocaleType@7452702b
11:12:29,436 DEBUG BasicTypeRegistry:135 - Adding type registration java.util.Locale -> org.hibernate.type.LocaleType@7452702b
11:12:29,438 DEBUG BasicTypeRegistry:135 - Adding type registration currency -> org.hibernate.type.CurrencyType@243c506c
11:12:29,439 DEBUG BasicTypeRegistry:135 - Adding type registration java.util.Currency -> org.hibernate.type.CurrencyType@243c506c
11:12:29,441 DEBUG BasicTypeRegistry:135 - Adding type registration timezone -> org.hibernate.type.TimeZoneType@360afacf
11:12:29,441 DEBUG BasicTypeRegistry:135 - Adding type registration java.util.TimeZone -> org.hibernate.type.TimeZoneType@360afacf
11:12:29,443 DEBUG BasicTypeRegistry:135 - Adding type registration class -> org.hibernate.type.ClassType@41bbf21
11:12:29,443 DEBUG BasicTypeRegistry:135 - Adding type registration java.lang.Class -> org.hibernate.type.ClassType@41bbf21
11:12:29,446 DEBUG BasicTypeRegistry:135 - Adding type registration uuid-binary -> org.hibernate.type.UUIDBinaryType@2b660603
11:12:29,447 DEBUG BasicTypeRegistry:135 - Adding type registration java.util.UUID -> org.hibernate.type.UUIDBinaryType@2b660603
11:12:29,448 DEBUG BasicTypeRegistry:135 - Adding type registration uuid-char -> org.hibernate.type.UUIDCharType@4ec391b4
11:12:29,452 DEBUG BasicTypeRegistry:135 - Adding type registration binary -> org.hibernate.type.BinaryType@73a82482
11:12:29,457 DEBUG BasicTypeRegistry:135 - Adding type registration byte[] -> org.hibernate.type.BinaryType@73a82482
11:12:29,460 DEBUG BasicTypeRegistry:135 - Adding type registration [B -> org.hibernate.type.BinaryType@73a82482
11:12:29,462 DEBUG BasicTypeRegistry:135 - Adding type registration wrapper-binary -> org.hibernate.type.WrapperBinaryType@74b17417
11:12:29,462 DEBUG BasicTypeRegistry:135 - Adding type registration Byte[] -> org.hibernate.type.WrapperBinaryType@74b17417
11:12:29,462 DEBUG BasicTypeRegistry:135 - Adding type registration [Ljava.lang.Byte; -> org.hibernate.type.WrapperBinaryType@74b17417
11:12:29,465 DEBUG BasicTypeRegistry:135 - Adding type registration image -> org.hibernate.type.ImageType@3faec4ac
11:12:29,467 DEBUG BasicTypeRegistry:135 - Adding type registration characters -> org.hibernate.type.CharArrayType@3dbcd49d
11:12:29,467 DEBUG BasicTypeRegistry:135 - Adding type registration char[] -> org.hibernate.type.CharArrayType@3dbcd49d
11:12:29,468 DEBUG BasicTypeRegistry:135 - Adding type registration [C -> org.hibernate.type.CharArrayType@3dbcd49d
11:12:29,470 DEBUG BasicTypeRegistry:135 - Adding type registration wrapper-characters -> org.hibernate.type.CharacterArrayType@590e7cca
11:12:29,471 DEBUG BasicTypeRegistry:135 - Adding type registration [Ljava.lang.Character; -> org.hibernate.type.CharacterArrayType@590e7cca
11:12:29,471 DEBUG BasicTypeRegistry:135 - Adding type registration Character[] -> org.hibernate.type.CharacterArrayType@590e7cca
11:12:29,473 DEBUG BasicTypeRegistry:135 - Adding type registration text -> org.hibernate.type.TextType@53e44868
11:12:29,475 DEBUG BasicTypeRegistry:135 - Adding type registration ntext -> org.hibernate.type.NTextType@fb5ce06
11:12:29,485 DEBUG BasicTypeRegistry:135 - Adding type registration blob -> org.hibernate.type.BlobType@1e86cbb
11:12:29,485 DEBUG BasicTypeRegistry:135 - Adding type registration java.sql.Blob -> org.hibernate.type.BlobType@1e86cbb
11:12:29,486 DEBUG BasicTypeRegistry:135 - Adding type registration materialized_blob -> org.hibernate.type.MaterializedBlobType@9b5712d
11:12:29,494 DEBUG BasicTypeRegistry:135 - Adding type registration clob -> org.hibernate.type.ClobType@a13d868
11:12:29,495 DEBUG BasicTypeRegistry:135 - Adding type registration java.sql.Clob -> org.hibernate.type.ClobType@a13d868
11:12:29,503 DEBUG BasicTypeRegistry:135 - Adding type registration nclob -> org.hibernate.type.NClobType@696ece36
11:12:29,503 DEBUG BasicTypeRegistry:135 - Adding type registration java.sql.NClob -> org.hibernate.type.NClobType@696ece36
11:12:29,504 DEBUG BasicTypeRegistry:135 - Adding type registration materialized_clob -> org.hibernate.type.MaterializedClobType@6daed77e
11:12:29,505 DEBUG BasicTypeRegistry:135 - Adding type registration materialized_nclob -> org.hibernate.type.MaterializedNClobType@6b567551
11:12:29,509 DEBUG BasicTypeRegistry:135 - Adding type registration serializable -> org.hibernate.type.SerializableType@521142f
11:12:29,514 DEBUG BasicTypeRegistry:135 - Adding type registration object -> org.hibernate.type.ObjectType@13e41b4
11:12:29,515 DEBUG BasicTypeRegistry:135 - Adding type registration java.lang.Object -> org.hibernate.type.ObjectType@13e41b4
11:12:29,516 DEBUG BasicTypeRegistry:135 - Adding type registration imm_date -> org.hibernate.type.AdaptedImmutableType@4e17d974
11:12:29,516 DEBUG BasicTypeRegistry:135 - Adding type registration imm_time -> org.hibernate.type.AdaptedImmutableType@3dd702e3
11:12:29,517 DEBUG BasicTypeRegistry:135 - Adding type registration imm_timestamp -> org.hibernate.type.AdaptedImmutableType@59b6cbf6
11:12:29,517 DEBUG BasicTypeRegistry:135 - Adding type registration imm_dbtimestamp -> org.hibernate.type.AdaptedImmutableType@2ca08e5f
11:12:29,517 DEBUG BasicTypeRegistry:135 - Adding type registration imm_calendar -> org.hibernate.type.AdaptedImmutableType@5c8c3ec6
11:12:29,517 DEBUG BasicTypeRegistry:135 - Adding type registration imm_calendar_date -> org.hibernate.type.AdaptedImmutableType@5949efae
11:12:29,518 DEBUG BasicTypeRegistry:135 - Adding type registration imm_binary -> org.hibernate.type.AdaptedImmutableType@364f760a
11:12:29,518 DEBUG BasicTypeRegistry:135 - Adding type registration imm_serializable -> org.hibernate.type.AdaptedImmutableType@1e35c4ea
11:12:29,535  WARN ConnectionProviderInitiator:213 - HHH000022: c3p0 properties were encountered, but the c3p0 provider class was not found on the classpath; these properties are going to be ignored.
11:12:29,540  WARN connections:71 - HHH10001002: Using Hibernate built-in connection pool (not for production use!)
11:12:29,548  INFO connections:127 - HHH10001005: using driver [com.mysql.jdbc.Driver] at URL [jdbc:mysql://ec2-52-36-168-250.us-west-2.compute.amazonaws.com:3306/lms]
11:12:29,549  INFO connections:136 - HHH10001001: Connection properties: {user=cs425, password=****}
11:12:29,549  INFO connections:141 - HHH10001003: Autocommit mode: false
11:12:29,555  INFO DriverManagerConnectionProviderImpl:39 - HHH000115: Hibernate connection pool size: 20 (min=1)
11:12:30,691  INFO Dialect:156 - HHH000400: Using dialect: org.hibernate.dialect.MySQLDialect
11:12:31,189 TRACE TypeFactory:58 - Scoping types to session factory org.hibernate.internal.SessionFactoryImpl@52d3188f
11:12:31,725  INFO QueryTranslatorFactoryInitiator:47 - HHH000397: Using ASTQueryTranslatorFactory
11:12:31,874  WARN HqlSqlWalker:1063 - [DEPRECATION] Encountered positional parameter near line 1, column 56 in HQL: [from edu.iit.dao.Students as model where model.userId= ?].  Positional parameter are considered deprecated; use named parameters or JPA-style positional parameters instead.
11:12:32,032 TRACE BasicBinder:65 - binding parameter [1] as [VARCHAR] - [123]
17:18:29,876  INFO Version:37 - HHH000412: Hibernate Core {5.1.0.Final}
17:18:29,880  INFO Environment:213 - HHH000206: hibernate.properties not found
17:18:29,881  INFO Environment:317 - HHH000021: Bytecode provider name : javassist
17:18:30,329  INFO Version:66 - HCANN000001: Hibernate Commons Annotations {5.0.1.Final}
17:18:31,323 DEBUG BasicTypeRegistry:135 - Adding type registration boolean -> org.hibernate.type.BooleanType@5a474d15
17:18:31,324 DEBUG BasicTypeRegistry:135 - Adding type registration boolean -> org.hibernate.type.BooleanType@5a474d15
17:18:31,324 DEBUG BasicTypeRegistry:135 - Adding type registration java.lang.Boolean -> org.hibernate.type.BooleanType@5a474d15
17:18:31,326 DEBUG BasicTypeRegistry:135 - Adding type registration numeric_boolean -> org.hibernate.type.NumericBooleanType@1e0adb35
17:18:31,329 DEBUG BasicTypeRegistry:135 - Adding type registration true_false -> org.hibernate.type.TrueFalseType@17015c01
17:18:31,330 DEBUG BasicTypeRegistry:135 - Adding type registration yes_no -> org.hibernate.type.YesNoType@35bf726d
17:18:31,333 DEBUG BasicTypeRegistry:135 - Adding type registration byte -> org.hibernate.type.ByteType@17b05c36
17:18:31,333 DEBUG BasicTypeRegistry:135 - Adding type registration byte -> org.hibernate.type.ByteType@17b05c36
17:18:31,333 DEBUG BasicTypeRegistry:135 - Adding type registration java.lang.Byte -> org.hibernate.type.ByteType@17b05c36
17:18:31,335 DEBUG BasicTypeRegistry:135 - Adding type registration character -> org.hibernate.type.CharacterType@1dd6a99e
17:18:31,336 DEBUG BasicTypeRegistry:135 - Adding type registration char -> org.hibernate.type.CharacterType@1dd6a99e
17:18:31,336 DEBUG BasicTypeRegistry:135 - Adding type registration java.lang.Character -> org.hibernate.type.CharacterType@1dd6a99e
17:18:31,340 DEBUG BasicTypeRegistry:135 - Adding type registration short -> org.hibernate.type.ShortType@35f99965
17:18:31,341 DEBUG BasicTypeRegistry:135 - Adding type registration short -> org.hibernate.type.ShortType@35f99965
17:18:31,341 DEBUG BasicTypeRegistry:135 - Adding type registration java.lang.Short -> org.hibernate.type.ShortType@35f99965
17:18:31,343 DEBUG BasicTypeRegistry:135 - Adding type registration integer -> org.hibernate.type.IntegerType@4b55648d
17:18:31,344 DEBUG BasicTypeRegistry:135 - Adding type registration int -> org.hibernate.type.IntegerType@4b55648d
17:18:31,344 DEBUG BasicTypeRegistry:135 - Adding type registration java.lang.Integer -> org.hibernate.type.IntegerType@4b55648d
17:18:31,346 DEBUG BasicTypeRegistry:135 - Adding type registration long -> org.hibernate.type.LongType@73841680
17:18:31,347 DEBUG BasicTypeRegistry:135 - Adding type registration long -> org.hibernate.type.LongType@73841680
17:18:31,347 DEBUG BasicTypeRegistry:135 - Adding type registration java.lang.Long -> org.hibernate.type.LongType@73841680
17:18:31,350 DEBUG BasicTypeRegistry:135 - Adding type registration float -> org.hibernate.type.FloatType@1436997a
17:18:31,351 DEBUG BasicTypeRegistry:135 - Adding type registration float -> org.hibernate.type.FloatType@1436997a
17:18:31,351 DEBUG BasicTypeRegistry:135 - Adding type registration java.lang.Float -> org.hibernate.type.FloatType@1436997a
17:18:31,354 DEBUG BasicTypeRegistry:135 - Adding type registration double -> org.hibernate.type.DoubleType@44ae76e9
17:18:31,355 DEBUG BasicTypeRegistry:135 - Adding type registration double -> org.hibernate.type.DoubleType@44ae76e9
17:18:31,355 DEBUG BasicTypeRegistry:135 - Adding type registration java.lang.Double -> org.hibernate.type.DoubleType@44ae76e9
17:18:31,358 DEBUG BasicTypeRegistry:135 - Adding type registration big_decimal -> org.hibernate.type.BigDecimalType@3b252ea1
17:18:31,359 DEBUG BasicTypeRegistry:135 - Adding type registration java.math.BigDecimal -> org.hibernate.type.BigDecimalType@3b252ea1
17:18:31,361 DEBUG BasicTypeRegistry:135 - Adding type registration big_integer -> org.hibernate.type.BigIntegerType@2eb0e00c
17:18:31,361 DEBUG BasicTypeRegistry:135 - Adding type registration java.math.BigInteger -> org.hibernate.type.BigIntegerType@2eb0e00c
17:18:31,363 DEBUG BasicTypeRegistry:135 - Adding type registration string -> org.hibernate.type.StringType@37315b47
17:18:31,363 DEBUG BasicTypeRegistry:135 - Adding type registration java.lang.String -> org.hibernate.type.StringType@37315b47
17:18:31,365 DEBUG BasicTypeRegistry:135 - Adding type registration nstring -> org.hibernate.type.StringNVarcharType@64e2689d
17:18:31,367 DEBUG BasicTypeRegistry:135 - Adding type registration ncharacter -> org.hibernate.type.CharacterNCharType@58c0589a
17:18:31,369 DEBUG BasicTypeRegistry:135 - Adding type registration url -> org.hibernate.type.UrlType@4464bad4
17:18:31,369 DEBUG BasicTypeRegistry:135 - Adding type registration java.net.URL -> org.hibernate.type.UrlType@4464bad4
17:18:31,372 DEBUG BasicTypeRegistry:135 - Adding type registration date -> org.hibernate.type.DateType@6f5b2e8
17:18:31,372 DEBUG BasicTypeRegistry:135 - Adding type registration java.sql.Date -> org.hibernate.type.DateType@6f5b2e8
17:18:31,375 DEBUG BasicTypeRegistry:135 - Adding type registration time -> org.hibernate.type.TimeType@45878ed1
17:18:31,375 DEBUG BasicTypeRegistry:135 - Adding type registration java.sql.Time -> org.hibernate.type.TimeType@45878ed1
17:18:31,378 DEBUG BasicTypeRegistry:135 - Adding type registration timestamp -> org.hibernate.type.TimestampType@5aa00b27
17:18:31,378 DEBUG BasicTypeRegistry:135 - Adding type registration java.sql.Timestamp -> org.hibernate.type.TimestampType@5aa00b27
17:18:31,379 DEBUG BasicTypeRegistry:135 - Adding type registration java.util.Date -> org.hibernate.type.TimestampType@5aa00b27
17:18:31,381 DEBUG BasicTypeRegistry:135 - Adding type registration dbtimestamp -> org.hibernate.type.DbTimestampType@5b914f6b
17:18:31,383 DEBUG BasicTypeRegistry:135 - Adding type registration calendar -> org.hibernate.type.CalendarType@401a7ce1
17:18:31,384 DEBUG BasicTypeRegistry:135 - Adding type registration java.util.Calendar -> org.hibernate.type.CalendarType@401a7ce1
17:18:31,384 DEBUG BasicTypeRegistry:135 - Adding type registration java.util.GregorianCalendar -> org.hibernate.type.CalendarType@401a7ce1
17:18:31,386 DEBUG BasicTypeRegistry:135 - Adding type registration calendar_date -> org.hibernate.type.CalendarDateType@30b235b1
17:18:31,388 DEBUG BasicTypeRegistry:135 - Adding type registration locale -> org.hibernate.type.LocaleType@1ca99806
17:18:31,388 DEBUG BasicTypeRegistry:135 - Adding type registration java.util.Locale -> org.hibernate.type.LocaleType@1ca99806
17:18:31,390 DEBUG BasicTypeRegistry:135 - Adding type registration currency -> org.hibernate.type.CurrencyType@62e706e3
17:18:31,390 DEBUG BasicTypeRegistry:135 - Adding type registration java.util.Currency -> org.hibernate.type.CurrencyType@62e706e3
17:18:31,392 DEBUG BasicTypeRegistry:135 - Adding type registration timezone -> org.hibernate.type.TimeZoneType@5eb60726
17:18:31,393 DEBUG BasicTypeRegistry:135 - Adding type registration java.util.TimeZone -> org.hibernate.type.TimeZoneType@5eb60726
17:18:31,394 DEBUG BasicTypeRegistry:135 - Adding type registration class -> org.hibernate.type.ClassType@2d0563f
17:18:31,395 DEBUG BasicTypeRegistry:135 - Adding type registration java.lang.Class -> org.hibernate.type.ClassType@2d0563f
17:18:31,398 DEBUG BasicTypeRegistry:135 - Adding type registration uuid-binary -> org.hibernate.type.UUIDBinaryType@71194b4d
17:18:31,398 DEBUG BasicTypeRegistry:135 - Adding type registration java.util.UUID -> org.hibernate.type.UUIDBinaryType@71194b4d
17:18:31,399 DEBUG BasicTypeRegistry:135 - Adding type registration uuid-char -> org.hibernate.type.UUIDCharType@59d22bba
17:18:31,402 DEBUG BasicTypeRegistry:135 - Adding type registration binary -> org.hibernate.type.BinaryType@18c1b69a
17:18:31,402 DEBUG BasicTypeRegistry:135 - Adding type registration byte[] -> org.hibernate.type.BinaryType@18c1b69a
17:18:31,402 DEBUG BasicTypeRegistry:135 - Adding type registration [B -> org.hibernate.type.BinaryType@18c1b69a
17:18:31,405 DEBUG BasicTypeRegistry:135 - Adding type registration wrapper-binary -> org.hibernate.type.WrapperBinaryType@9a52ecd
17:18:31,405 DEBUG BasicTypeRegistry:135 - Adding type registration Byte[] -> org.hibernate.type.WrapperBinaryType@9a52ecd
17:18:31,405 DEBUG BasicTypeRegistry:135 - Adding type registration [Ljava.lang.Byte; -> org.hibernate.type.WrapperBinaryType@9a52ecd
17:18:31,407 DEBUG BasicTypeRegistry:135 - Adding type registration image -> org.hibernate.type.ImageType@18550266
17:18:31,408 DEBUG BasicTypeRegistry:135 - Adding type registration characters -> org.hibernate.type.CharArrayType@56527987
17:18:31,408 DEBUG BasicTypeRegistry:135 - Adding type registration char[] -> org.hibernate.type.CharArrayType@56527987
17:18:31,409 DEBUG BasicTypeRegistry:135 - Adding type registration [C -> org.hibernate.type.CharArrayType@56527987
17:18:31,410 DEBUG BasicTypeRegistry:135 - Adding type registration wrapper-characters -> org.hibernate.type.CharacterArrayType@5b006b78
17:18:31,411 DEBUG BasicTypeRegistry:135 - Adding type registration [Ljava.lang.Character; -> org.hibernate.type.CharacterArrayType@5b006b78
17:18:31,411 DEBUG BasicTypeRegistry:135 - Adding type registration Character[] -> org.hibernate.type.CharacterArrayType@5b006b78
17:18:31,412 DEBUG BasicTypeRegistry:135 - Adding type registration text -> org.hibernate.type.TextType@38778e0c
17:18:31,414 DEBUG BasicTypeRegistry:135 - Adding type registration ntext -> org.hibernate.type.NTextType@17338c86
17:18:31,420 DEBUG BasicTypeRegistry:135 - Adding type registration blob -> org.hibernate.type.BlobType@5418f08e
17:18:31,420 DEBUG BasicTypeRegistry:135 - Adding type registration java.sql.Blob -> org.hibernate.type.BlobType@5418f08e
17:18:31,421 DEBUG BasicTypeRegistry:135 - Adding type registration materialized_blob -> org.hibernate.type.MaterializedBlobType@2f247c30
17:18:31,427 DEBUG BasicTypeRegistry:135 - Adding type registration clob -> org.hibernate.type.ClobType@5ffd8800
17:18:31,427 DEBUG BasicTypeRegistry:135 - Adding type registration java.sql.Clob -> org.hibernate.type.ClobType@5ffd8800
17:18:31,433 DEBUG BasicTypeRegistry:135 - Adding type registration nclob -> org.hibernate.type.NClobType@26b9e145
17:18:31,433 DEBUG BasicTypeRegistry:135 - Adding type registration java.sql.NClob -> org.hibernate.type.NClobType@26b9e145
17:18:31,434 DEBUG BasicTypeRegistry:135 - Adding type registration materialized_clob -> org.hibernate.type.MaterializedClobType@55082f8a
17:18:31,435 DEBUG BasicTypeRegistry:135 - Adding type registration materialized_nclob -> org.hibernate.type.MaterializedNClobType@4db8c672
17:18:31,438 DEBUG BasicTypeRegistry:135 - Adding type registration serializable -> org.hibernate.type.SerializableType@687f3872
17:18:31,442 DEBUG BasicTypeRegistry:135 - Adding type registration object -> org.hibernate.type.ObjectType@62a2dac2
17:18:31,442 DEBUG BasicTypeRegistry:135 - Adding type registration java.lang.Object -> org.hibernate.type.ObjectType@62a2dac2
17:18:31,443 DEBUG BasicTypeRegistry:135 - Adding type registration imm_date -> org.hibernate.type.AdaptedImmutableType@33ee3870
17:18:31,444 DEBUG BasicTypeRegistry:135 - Adding type registration imm_time -> org.hibernate.type.AdaptedImmutableType@476e8005
17:18:31,445 DEBUG BasicTypeRegistry:135 - Adding type registration imm_timestamp -> org.hibernate.type.AdaptedImmutableType@7b85cc02
17:18:31,445 DEBUG BasicTypeRegistry:135 - Adding type registration imm_dbtimestamp -> org.hibernate.type.AdaptedImmutableType@6b904e12
17:18:31,445 DEBUG BasicTypeRegistry:135 - Adding type registration imm_calendar -> org.hibernate.type.AdaptedImmutableType@29ffc6a8
17:18:31,446 DEBUG BasicTypeRegistry:135 - Adding type registration imm_calendar_date -> org.hibernate.type.AdaptedImmutableType@1a22153a
17:18:31,446 DEBUG BasicTypeRegistry:135 - Adding type registration imm_binary -> org.hibernate.type.AdaptedImmutableType@4f122fa0
17:18:31,446 DEBUG BasicTypeRegistry:135 - Adding type registration imm_serializable -> org.hibernate.type.AdaptedImmutableType@269b088e
17:18:31,458  WARN ConnectionProviderInitiator:213 - HHH000022: c3p0 properties were encountered, but the c3p0 provider class was not found on the classpath; these properties are going to be ignored.
17:18:31,462  WARN connections:71 - HHH10001002: Using Hibernate built-in connection pool (not for production use!)
17:18:31,467  INFO connections:127 - HHH10001005: using driver [com.mysql.jdbc.Driver] at URL [jdbc:mysql://ec2-52-36-168-250.us-west-2.compute.amazonaws.com:3306/lms]
17:18:31,468  INFO connections:136 - HHH10001001: Connection properties: {user=cs425, password=****}
17:18:31,468  INFO connections:141 - HHH10001003: Autocommit mode: false
17:18:31,474  INFO DriverManagerConnectionProviderImpl:39 - HHH000115: Hibernate connection pool size: 20 (min=1)
17:18:32,569  INFO Dialect:156 - HHH000400: Using dialect: org.hibernate.dialect.MySQLDialect
17:19:29,513  INFO Version:37 - HHH000412: Hibernate Core {5.1.0.Final}
17:19:29,521  INFO Environment:213 - HHH000206: hibernate.properties not found
17:19:29,523  INFO Environment:317 - HHH000021: Bytecode provider name : javassist
17:19:30,254  INFO Version:66 - HCANN000001: Hibernate Commons Annotations {5.0.1.Final}
17:19:31,497 DEBUG BasicTypeRegistry:135 - Adding type registration boolean -> org.hibernate.type.BooleanType@6729e024
17:19:31,498 DEBUG BasicTypeRegistry:135 - Adding type registration boolean -> org.hibernate.type.BooleanType@6729e024
17:19:31,498 DEBUG BasicTypeRegistry:135 - Adding type registration java.lang.Boolean -> org.hibernate.type.BooleanType@6729e024
17:19:31,500 DEBUG BasicTypeRegistry:135 - Adding type registration numeric_boolean -> org.hibernate.type.NumericBooleanType@4b0b06c0
17:19:31,506 DEBUG BasicTypeRegistry:135 - Adding type registration true_false -> org.hibernate.type.TrueFalseType@5e0df5b4
17:19:31,509 DEBUG BasicTypeRegistry:135 - Adding type registration yes_no -> org.hibernate.type.YesNoType@5adbc896
17:19:31,513 DEBUG BasicTypeRegistry:135 - Adding type registration byte -> org.hibernate.type.ByteType@1af14124
17:19:31,514 DEBUG BasicTypeRegistry:135 - Adding type registration byte -> org.hibernate.type.ByteType@1af14124
17:19:31,515 DEBUG BasicTypeRegistry:135 - Adding type registration java.lang.Byte -> org.hibernate.type.ByteType@1af14124
17:19:31,517 DEBUG BasicTypeRegistry:135 - Adding type registration character -> org.hibernate.type.CharacterType@605cbaec
17:19:31,517 DEBUG BasicTypeRegistry:135 - Adding type registration char -> org.hibernate.type.CharacterType@605cbaec
17:19:31,518 DEBUG BasicTypeRegistry:135 - Adding type registration java.lang.Character -> org.hibernate.type.CharacterType@605cbaec
17:19:31,522 DEBUG BasicTypeRegistry:135 - Adding type registration short -> org.hibernate.type.ShortType@1a8546c9
17:19:31,522 DEBUG BasicTypeRegistry:135 - Adding type registration short -> org.hibernate.type.ShortType@1a8546c9
17:19:31,522 DEBUG BasicTypeRegistry:135 - Adding type registration java.lang.Short -> org.hibernate.type.ShortType@1a8546c9
17:19:31,524 DEBUG BasicTypeRegistry:135 - Adding type registration integer -> org.hibernate.type.IntegerType@326f26ee
17:19:31,525 DEBUG BasicTypeRegistry:135 - Adding type registration int -> org.hibernate.type.IntegerType@326f26ee
17:19:31,525 DEBUG BasicTypeRegistry:135 - Adding type registration java.lang.Integer -> org.hibernate.type.IntegerType@326f26ee
17:19:31,528 DEBUG BasicTypeRegistry:135 - Adding type registration long -> org.hibernate.type.LongType@20a28637
17:19:31,529 DEBUG BasicTypeRegistry:135 - Adding type registration long -> org.hibernate.type.LongType@20a28637
17:19:31,529 DEBUG BasicTypeRegistry:135 - Adding type registration java.lang.Long -> org.hibernate.type.LongType@20a28637
17:19:31,532 DEBUG BasicTypeRegistry:135 - Adding type registration float -> org.hibernate.type.FloatType@610ca3a8
17:19:31,533 DEBUG BasicTypeRegistry:135 - Adding type registration float -> org.hibernate.type.FloatType@610ca3a8
17:19:31,533 DEBUG BasicTypeRegistry:135 - Adding type registration java.lang.Float -> org.hibernate.type.FloatType@610ca3a8
17:19:31,536 DEBUG BasicTypeRegistry:135 - Adding type registration double -> org.hibernate.type.DoubleType@2ba776bf
17:19:31,536 DEBUG BasicTypeRegistry:135 - Adding type registration double -> org.hibernate.type.DoubleType@2ba776bf
17:19:31,536 DEBUG BasicTypeRegistry:135 - Adding type registration java.lang.Double -> org.hibernate.type.DoubleType@2ba776bf
17:19:31,539 DEBUG BasicTypeRegistry:135 - Adding type registration big_decimal -> org.hibernate.type.BigDecimalType@9e2e1fe
17:19:31,540 DEBUG BasicTypeRegistry:135 - Adding type registration java.math.BigDecimal -> org.hibernate.type.BigDecimalType@9e2e1fe
17:19:31,542 DEBUG BasicTypeRegistry:135 - Adding type registration big_integer -> org.hibernate.type.BigIntegerType@555af73f
17:19:31,542 DEBUG BasicTypeRegistry:135 - Adding type registration java.math.BigInteger -> org.hibernate.type.BigIntegerType@555af73f
17:19:31,545 DEBUG BasicTypeRegistry:135 - Adding type registration string -> org.hibernate.type.StringType@5aa432a0
17:19:31,545 DEBUG BasicTypeRegistry:135 - Adding type registration java.lang.String -> org.hibernate.type.StringType@5aa432a0
17:19:31,548 DEBUG BasicTypeRegistry:135 - Adding type registration nstring -> org.hibernate.type.StringNVarcharType@75bf6e66
17:19:31,550 DEBUG BasicTypeRegistry:135 - Adding type registration ncharacter -> org.hibernate.type.CharacterNCharType@229f13dd
17:19:31,553 DEBUG BasicTypeRegistry:135 - Adding type registration url -> org.hibernate.type.UrlType@26e6f016
17:19:31,553 DEBUG BasicTypeRegistry:135 - Adding type registration java.net.URL -> org.hibernate.type.UrlType@26e6f016
17:19:31,558 DEBUG BasicTypeRegistry:135 - Adding type registration date -> org.hibernate.type.DateType@7db0933b
17:19:31,558 DEBUG BasicTypeRegistry:135 - Adding type registration java.sql.Date -> org.hibernate.type.DateType@7db0933b
17:19:31,562 DEBUG BasicTypeRegistry:135 - Adding type registration time -> org.hibernate.type.TimeType@4f5b694
17:19:31,562 DEBUG BasicTypeRegistry:135 - Adding type registration java.sql.Time -> org.hibernate.type.TimeType@4f5b694
17:19:31,565 DEBUG BasicTypeRegistry:135 - Adding type registration timestamp -> org.hibernate.type.TimestampType@bcf49d9
17:19:31,565 DEBUG BasicTypeRegistry:135 - Adding type registration java.sql.Timestamp -> org.hibernate.type.TimestampType@bcf49d9
17:19:31,566 DEBUG BasicTypeRegistry:135 - Adding type registration java.util.Date -> org.hibernate.type.TimestampType@bcf49d9
17:19:31,570 DEBUG BasicTypeRegistry:135 - Adding type registration dbtimestamp -> org.hibernate.type.DbTimestampType@2fa1701b
17:19:31,574 DEBUG BasicTypeRegistry:135 - Adding type registration calendar -> org.hibernate.type.CalendarType@36e4a993
17:19:31,574 DEBUG BasicTypeRegistry:135 - Adding type registration java.util.Calendar -> org.hibernate.type.CalendarType@36e4a993
17:19:31,574 DEBUG BasicTypeRegistry:135 - Adding type registration java.util.GregorianCalendar -> org.hibernate.type.CalendarType@36e4a993
17:19:31,576 DEBUG BasicTypeRegistry:135 - Adding type registration calendar_date -> org.hibernate.type.CalendarDateType@bb6cdd3
17:19:31,578 DEBUG BasicTypeRegistry:135 - Adding type registration locale -> org.hibernate.type.LocaleType@796b1731
17:19:31,578 DEBUG BasicTypeRegistry:135 - Adding type registration java.util.Locale -> org.hibernate.type.LocaleType@796b1731
17:19:31,580 DEBUG BasicTypeRegistry:135 - Adding type registration currency -> org.hibernate.type.CurrencyType@55fe5860
17:19:31,581 DEBUG BasicTypeRegistry:135 - Adding type registration java.util.Currency -> org.hibernate.type.CurrencyType@55fe5860
17:19:31,582 DEBUG BasicTypeRegistry:135 - Adding type registration timezone -> org.hibernate.type.TimeZoneType@7afa17a
17:19:31,583 DEBUG BasicTypeRegistry:135 - Adding type registration java.util.TimeZone -> org.hibernate.type.TimeZoneType@7afa17a
17:19:31,584 DEBUG BasicTypeRegistry:135 - Adding type registration class -> org.hibernate.type.ClassType@18ded4a4
17:19:31,585 DEBUG BasicTypeRegistry:135 - Adding type registration java.lang.Class -> org.hibernate.type.ClassType@18ded4a4
17:19:31,587 DEBUG BasicTypeRegistry:135 - Adding type registration uuid-binary -> org.hibernate.type.UUIDBinaryType@774d0898
17:19:31,588 DEBUG BasicTypeRegistry:135 - Adding type registration java.util.UUID -> org.hibernate.type.UUIDBinaryType@774d0898
17:19:31,589 DEBUG BasicTypeRegistry:135 - Adding type registration uuid-char -> org.hibernate.type.UUIDCharType@41087d04
17:19:31,591 DEBUG BasicTypeRegistry:135 - Adding type registration binary -> org.hibernate.type.BinaryType@550943e
17:19:31,591 DEBUG BasicTypeRegistry:135 - Adding type registration byte[] -> org.hibernate.type.BinaryType@550943e
17:19:31,591 DEBUG BasicTypeRegistry:135 - Adding type registration [B -> org.hibernate.type.BinaryType@550943e
17:19:31,593 DEBUG BasicTypeRegistry:135 - Adding type registration wrapper-binary -> org.hibernate.type.WrapperBinaryType@21b5ca75
17:19:31,594 DEBUG BasicTypeRegistry:135 - Adding type registration Byte[] -> org.hibernate.type.WrapperBinaryType@21b5ca75
17:19:31,594 DEBUG BasicTypeRegistry:135 - Adding type registration [Ljava.lang.Byte; -> org.hibernate.type.WrapperBinaryType@21b5ca75
17:19:31,595 DEBUG BasicTypeRegistry:135 - Adding type registration image -> org.hibernate.type.ImageType@532ff86f
17:19:31,597 DEBUG BasicTypeRegistry:135 - Adding type registration characters -> org.hibernate.type.CharArrayType@494126d4
17:19:31,597 DEBUG BasicTypeRegistry:135 - Adding type registration char[] -> org.hibernate.type.CharArrayType@494126d4
17:19:31,598 DEBUG BasicTypeRegistry:135 - Adding type registration [C -> org.hibernate.type.CharArrayType@494126d4
17:19:31,599 DEBUG BasicTypeRegistry:135 - Adding type registration wrapper-characters -> org.hibernate.type.CharacterArrayType@2d505e57
17:19:31,600 DEBUG BasicTypeRegistry:135 - Adding type registration [Ljava.lang.Character; -> org.hibernate.type.CharacterArrayType@2d505e57
17:19:31,600 DEBUG BasicTypeRegistry:135 - Adding type registration Character[] -> org.hibernate.type.CharacterArrayType@2d505e57
17:19:31,601 DEBUG BasicTypeRegistry:135 - Adding type registration text -> org.hibernate.type.TextType@a64a046
17:19:31,603 DEBUG BasicTypeRegistry:135 - Adding type registration ntext -> org.hibernate.type.NTextType@1ed43178
17:19:31,614 DEBUG BasicTypeRegistry:135 - Adding type registration blob -> org.hibernate.type.BlobType@6eb798f5
17:19:31,614 DEBUG BasicTypeRegistry:135 - Adding type registration java.sql.Blob -> org.hibernate.type.BlobType@6eb798f5
17:19:31,615 DEBUG BasicTypeRegistry:135 - Adding type registration materialized_blob -> org.hibernate.type.MaterializedBlobType@3211c892
17:19:31,625 DEBUG BasicTypeRegistry:135 - Adding type registration clob -> org.hibernate.type.ClobType@1bf2c6d4
17:19:31,625 DEBUG BasicTypeRegistry:135 - Adding type registration java.sql.Clob -> org.hibernate.type.ClobType@1bf2c6d4
17:19:31,633 DEBUG BasicTypeRegistry:135 - Adding type registration nclob -> org.hibernate.type.NClobType@1db8a5ee
17:19:31,633 DEBUG BasicTypeRegistry:135 - Adding type registration java.sql.NClob -> org.hibernate.type.NClobType@1db8a5ee
17:19:31,635 DEBUG BasicTypeRegistry:135 - Adding type registration materialized_clob -> org.hibernate.type.MaterializedClobType@7eef106c
17:19:31,636 DEBUG BasicTypeRegistry:135 - Adding type registration materialized_nclob -> org.hibernate.type.MaterializedNClobType@73eb6c1a
17:19:31,638 DEBUG BasicTypeRegistry:135 - Adding type registration serializable -> org.hibernate.type.SerializableType@54459420
17:19:31,644 DEBUG BasicTypeRegistry:135 - Adding type registration object -> org.hibernate.type.ObjectType@10f4a601
17:19:31,644 DEBUG BasicTypeRegistry:135 - Adding type registration java.lang.Object -> org.hibernate.type.ObjectType@10f4a601
17:19:31,645 DEBUG BasicTypeRegistry:135 - Adding type registration imm_date -> org.hibernate.type.AdaptedImmutableType@71796e4b
17:19:31,646 DEBUG BasicTypeRegistry:135 - Adding type registration imm_time -> org.hibernate.type.AdaptedImmutableType@44081acb
17:19:31,646 DEBUG BasicTypeRegistry:135 - Adding type registration imm_timestamp -> org.hibernate.type.AdaptedImmutableType@c02aa34
17:19:31,646 DEBUG BasicTypeRegistry:135 - Adding type registration imm_dbtimestamp -> org.hibernate.type.AdaptedImmutableType@6ffad00d
17:19:31,646 DEBUG BasicTypeRegistry:135 - Adding type registration imm_calendar -> org.hibernate.type.AdaptedImmutableType@55cbe08f
17:19:31,647 DEBUG BasicTypeRegistry:135 - Adding type registration imm_calendar_date -> org.hibernate.type.AdaptedImmutableType@511176bf
17:19:31,647 DEBUG BasicTypeRegistry:135 - Adding type registration imm_binary -> org.hibernate.type.AdaptedImmutableType@48db25a3
17:19:31,647 DEBUG BasicTypeRegistry:135 - Adding type registration imm_serializable -> org.hibernate.type.AdaptedImmutableType@7118fe0d
17:19:31,663  WARN ConnectionProviderInitiator:213 - HHH000022: c3p0 properties were encountered, but the c3p0 provider class was not found on the classpath; these properties are going to be ignored.
17:19:31,669  WARN connections:71 - HHH10001002: Using Hibernate built-in connection pool (not for production use!)
17:19:31,676  INFO connections:127 - HHH10001005: using driver [com.mysql.jdbc.Driver] at URL [jdbc:mysql://ec2-52-36-168-250.us-west-2.compute.amazonaws.com:3306/lms]
17:19:31,677  INFO connections:136 - HHH10001001: Connection properties: {user=cs425, password=****}
17:19:31,677  INFO connections:141 - HHH10001003: Autocommit mode: false
17:19:31,687  INFO DriverManagerConnectionProviderImpl:39 - HHH000115: Hibernate connection pool size: 20 (min=1)
17:19:32,848  INFO Dialect:156 - HHH000400: Using dialect: org.hibernate.dialect.MySQLDialect
17:19:33,486 TRACE TypeFactory:58 - Scoping types to session factory org.hibernate.internal.SessionFactoryImpl@1a182088
17:19:33,994  INFO QueryTranslatorFactoryInitiator:47 - HHH000397: Using ASTQueryTranslatorFactory
17:19:34,108  WARN HqlSqlWalker:1063 - [DEPRECATION] Encountered positional parameter near line 1, column 56 in HQL: [from edu.iit.dao.Students as model where model.userId= ?].  Positional parameter are considered deprecated; use named parameters or JPA-style positional parameters instead.
17:19:34,265 TRACE BasicBinder:65 - binding parameter [1] as [VARCHAR] - [adsf]
16:41:07,318  INFO ActionServlet:1686 - Loading chain catalog from jar:file:/Users/matthewxfz/Workspaces/Eclipse/.metadata/.me_tcat85/webapps/web2/WEB-INF/lib/struts-core-1.3.10.jar!/org/apache/struts/chain/chain-config.xml
16:41:07,487  WARN PropertyMessageResources:352 -   Resource org/apache/struts/action/ActionResources_en_US.properties Not Found.
16:41:07,488  WARN PropertyMessageResources:352 -   Resource org/apache/struts/action/ActionResources_en.properties Not Found.
16:41:07,489 ERROR ActionServlet:1871 - Missing configuration resource for path /WEB-INF/struts-config.xml
12:03:43,764  INFO ActionServlet:1686 - Loading chain catalog from jar:file:/Users/matthewxfz/Workspaces/Eclipse/.metadata/.me_tcat85/webapps/web2/WEB-INF/lib/struts-core-1.3.10.jar!/org/apache/struts/chain/chain-config.xml
12:03:44,036  WARN PropertyMessageResources:352 -   Resource org/apache/struts/action/ActionResources_en_US.properties Not Found.
12:03:44,037  WARN PropertyMessageResources:352 -   Resource org/apache/struts/action/ActionResources_en.properties Not Found.
12:03:44,038 ERROR ActionServlet:1871 - Missing configuration resource for path /WEB-INF/struts-config.xml
14:20:03,643  INFO ActionServlet:1686 - Loading chain catalog from jar:file:/Users/matthewxfz/Workspaces/Eclipse/.metadata/.me_tcat85/webapps/web2/WEB-INF/lib/struts-core-1.3.10.jar!/org/apache/struts/chain/chain-config.xml
14:20:03,853  WARN PropertyMessageResources:352 -   Resource org/apache/struts/action/ActionResources_en_US.properties Not Found.
14:20:03,854  WARN PropertyMessageResources:352 -   Resource org/apache/struts/action/ActionResources_en.properties Not Found.
14:20:03,855 ERROR ActionServlet:1871 - Missing configuration resource for path /WEB-INF/struts-config.xml
14:23:07,948  INFO ActionServlet:1686 - Loading chain catalog from jar:file:/Users/matthewxfz/Workspaces/Eclipse/.metadata/.me_tcat85/webapps/web2/WEB-INF/lib/struts-core-1.3.10.jar!/org/apache/struts/chain/chain-config.xml
14:23:08,195  WARN PropertyMessageResources:352 -   Resource org/apache/struts/action/ActionResources_en_US.properties Not Found.
14:23:08,196  WARN PropertyMessageResources:352 -   Resource org/apache/struts/action/ActionResources_en.properties Not Found.
14:23:08,198 ERROR ActionServlet:1871 - Missing configuration resource for path /WEB-INF/struts-config.xml
14:29:12,902  INFO ActionServlet:1686 - Loading chain catalog from jar:file:/Users/matthewxfz/Workspaces/Eclipse/.metadata/.me_tcat85/webapps/web2/WEB-INF/lib/struts-core-1.3.10.jar!/org/apache/struts/chain/chain-config.xml
14:29:13,166  WARN PropertyMessageResources:352 -   Resource org/apache/struts/action/ActionResources_en_US.properties Not Found.
14:29:13,167  WARN PropertyMessageResources:352 -   Resource org/apache/struts/action/ActionResources_en.properties Not Found.
14:29:13,169 ERROR ActionServlet:1871 - Missing configuration resource for path /WEB-INF/struts-config.xml
14:30:56,948  INFO ActionServlet:1686 - Loading chain catalog from jar:file:/Users/matthewxfz/Workspaces/Eclipse/.metadata/.me_tcat85/webapps/web2/WEB-INF/lib/struts-core-1.3.10.jar!/org/apache/struts/chain/chain-config.xml
14:30:57,334  WARN PropertyMessageResources:352 -   Resource org/apache/struts/action/ActionResources_en_US.properties Not Found.
14:30:57,335  WARN PropertyMessageResources:352 -   Resource org/apache/struts/action/ActionResources_en.properties Not Found.
14:30:57,336 ERROR ActionServlet:1871 - Missing configuration resource for path /WEB-INF/struts-config.xml
14:32:29,562  INFO ActionServlet:1686 - Loading chain catalog from jar:file:/Users/matthewxfz/Workspaces/Eclipse/.metadata/.me_tcat85/webapps/web2/WEB-INF/lib/struts-core-1.3.10.jar!/org/apache/struts/chain/chain-config.xml
14:32:29,781  WARN PropertyMessageResources:352 -   Resource org/apache/struts/action/ActionResources_en_US.properties Not Found.
14:32:29,782  WARN PropertyMessageResources:352 -   Resource org/apache/struts/action/ActionResources_en.properties Not Found.
14:32:29,783 ERROR ActionServlet:1871 - Missing configuration resource for path /WEB-INF/struts-config.xml
15:15:54,688  INFO ActionServlet:1686 - Loading chain catalog from jar:file:/Users/matthewxfz/Workspaces/Eclipse/.metadata/.me_tcat85/webapps/web2/WEB-INF/lib/struts-core-1.3.10.jar!/org/apache/struts/chain/chain-config.xml
15:15:54,859  WARN PropertyMessageResources:352 -   Resource org/apache/struts/action/ActionResources_en_US.properties Not Found.
15:15:54,860  WARN PropertyMessageResources:352 -   Resource org/apache/struts/action/ActionResources_en.properties Not Found.
15:15:54,861 ERROR ActionServlet:1871 - Missing configuration resource for path /WEB-INF/struts-config.xml
15:20:27,357  INFO ActionServlet:1686 - Loading chain catalog from jar:file:/Users/matthewxfz/Workspaces/Eclipse/.metadata/.me_tcat85/webapps/web2/WEB-INF/lib/struts-core-1.3.10.jar!/org/apache/struts/chain/chain-config.xml
15:20:27,597  WARN PropertyMessageResources:352 -   Resource org/apache/struts/action/ActionResources_en_US.properties Not Found.
15:20:27,597  WARN PropertyMessageResources:352 -   Resource org/apache/struts/action/ActionResources_en.properties Not Found.
15:20:27,598 ERROR ActionServlet:1871 - Missing configuration resource for path /WEB-INF/struts-config.xml
15:24:10,593  INFO ActionServlet:1686 - Loading chain catalog from jar:file:/Users/matthewxfz/Workspaces/Eclipse/.metadata/.me_tcat85/webapps/web2/WEB-INF/lib/struts-core-1.3.10.jar!/org/apache/struts/chain/chain-config.xml
15:24:10,736  WARN PropertyMessageResources:352 -   Resource org/apache/struts/action/ActionResources_en_US.properties Not Found.
15:24:10,737  WARN PropertyMessageResources:352 -   Resource org/apache/struts/action/ActionResources_en.properties Not Found.
15:24:10,738 ERROR ActionServlet:1871 - Missing configuration resource for path /WEB-INF/struts-config.xml
16:18:25,155  INFO ActionServlet:1686 - Loading chain catalog from jar:file:/Users/matthewxfz/Workspaces/Eclipse/.metadata/.me_tcat85/webapps/web2/WEB-INF/lib/struts-core-1.3.10.jar!/org/apache/struts/chain/chain-config.xml
16:18:25,472  WARN PropertyMessageResources:352 -   Resource org/apache/struts/action/ActionResources_en_US.properties Not Found.
16:18:25,473  WARN PropertyMessageResources:352 -   Resource org/apache/struts/action/ActionResources_en.properties Not Found.
16:18:25,474 ERROR ActionServlet:1871 - Missing configuration resource for path /WEB-INF/struts-config.xml
16:24:12,229  INFO ActionServlet:1686 - Loading chain catalog from jar:file:/Users/matthewxfz/Workspaces/Eclipse/.metadata/.me_tcat85/webapps/web2/WEB-INF/lib/struts-core-1.3.10.jar!/org/apache/struts/chain/chain-config.xml
16:24:12,488  WARN PropertyMessageResources:352 -   Resource org/apache/struts/action/ActionResources_en_US.properties Not Found.
16:24:12,489  WARN PropertyMessageResources:352 -   Resource org/apache/struts/action/ActionResources_en.properties Not Found.
16:24:12,491 ERROR ActionServlet:1871 - Missing configuration resource for path /WEB-INF/struts-config.xml
16:35:20,269  INFO ActionServlet:1686 - Loading chain catalog from jar:file:/Users/matthewxfz/Workspaces/Eclipse/.metadata/.me_tcat85/webapps/web2/WEB-INF/lib/struts-core-1.3.10.jar!/org/apache/struts/chain/chain-config.xml
16:35:20,575  WARN PropertyMessageResources:352 -   Resource org/apache/struts/action/ActionResources_en_US.properties Not Found.
16:35:20,576  WARN PropertyMessageResources:352 -   Resource org/apache/struts/action/ActionResources_en.properties Not Found.
16:35:20,578 ERROR ActionServlet:1871 - Missing configuration resource for path /WEB-INF/struts-config.xml
19:27:09,377  INFO ActionServlet:1686 - Loading chain catalog from jar:file:/Users/matthewxfz/Workspaces/Eclipse/.metadata/.me_tcat85/webapps/web2/WEB-INF/lib/struts-core-1.3.10.jar!/org/apache/struts/chain/chain-config.xml
19:27:09,645  WARN PropertyMessageResources:352 -   Resource org/apache/struts/action/ActionResources_en_US.properties Not Found.
19:27:09,646  WARN PropertyMessageResources:352 -   Resource org/apache/struts/action/ActionResources_en.properties Not Found.
19:27:09,648 ERROR ActionServlet:1871 - Missing configuration resource for path /WEB-INF/struts-config.xml
19:56:45,663  INFO ActionServlet:1686 - Loading chain catalog from jar:file:/Users/matthewxfz/Workspaces/Eclipse/.metadata/.me_tcat85/webapps/web2/WEB-INF/lib/struts-core-1.3.10.jar!/org/apache/struts/chain/chain-config.xml
19:56:45,898  WARN PropertyMessageResources:352 -   Resource org/apache/struts/action/ActionResources_en_US.properties Not Found.
19:56:45,899  WARN PropertyMessageResources:352 -   Resource org/apache/struts/action/ActionResources_en.properties Not Found.
19:56:45,900 ERROR ActionServlet:1871 - Missing configuration resource for path /WEB-INF/struts-config.xml
19:59:11,614  INFO ActionServlet:1686 - Loading chain catalog from jar:file:/Users/matthewxfz/Workspaces/Eclipse/.metadata/.me_tcat85/webapps/web2/WEB-INF/lib/struts-core-1.3.10.jar!/org/apache/struts/chain/chain-config.xml
19:59:12,155  WARN PropertyMessageResources:352 -   Resource org/apache/struts/action/ActionResources_en_US.properties Not Found.
19:59:12,156  WARN PropertyMessageResources:352 -   Resource org/apache/struts/action/ActionResources_en.properties Not Found.
19:59:12,158 ERROR ActionServlet:1871 - Missing configuration resource for path /WEB-INF/struts-config.xml
20:08:28,739  INFO ActionServlet:1686 - Loading chain catalog from jar:file:/Users/matthewxfz/Workspaces/Eclipse/.metadata/.me_tcat85/webapps/web2/WEB-INF/lib/struts-core-1.3.10.jar!/org/apache/struts/chain/chain-config.xml
20:08:29,032  WARN PropertyMessageResources:352 -   Resource org/apache/struts/action/ActionResources_en_US.properties Not Found.
20:08:29,033  WARN PropertyMessageResources:352 -   Resource org/apache/struts/action/ActionResources_en.properties Not Found.
20:08:29,035 ERROR ActionServlet:1871 - Missing configuration resource for path /WEB-INF/struts-config.xml
20:10:40,255  INFO ActionServlet:1686 - Loading chain catalog from jar:file:/Users/matthewxfz/Workspaces/Eclipse/.metadata/.me_tcat85/webapps/web2/WEB-INF/lib/struts-core-1.3.10.jar!/org/apache/struts/chain/chain-config.xml
20:10:40,474  WARN PropertyMessageResources:352 -   Resource org/apache/struts/action/ActionResources_en_US.properties Not Found.
20:10:40,475  WARN PropertyMessageResources:352 -   Resource org/apache/struts/action/ActionResources_en.properties Not Found.
20:10:40,476 ERROR ActionServlet:1871 - Missing configuration resource for path /WEB-INF/struts-config.xml
20:12:03,725  INFO ActionServlet:1686 - Loading chain catalog from jar:file:/Users/matthewxfz/Workspaces/Eclipse/.metadata/.me_tcat85/webapps/web2/WEB-INF/lib/struts-core-1.3.10.jar!/org/apache/struts/chain/chain-config.xml
20:12:03,976  WARN PropertyMessageResources:352 -   Resource org/apache/struts/action/ActionResources_en_US.properties Not Found.
20:12:03,976  WARN PropertyMessageResources:352 -   Resource org/apache/struts/action/ActionResources_en.properties Not Found.
20:12:03,978 ERROR ActionServlet:1871 - Missing configuration resource for path /WEB-INF/struts-config.xml
20:14:12,519  INFO ActionServlet:1686 - Loading chain catalog from jar:file:/Users/matthewxfz/Workspaces/Eclipse/.metadata/.me_tcat85/webapps/web2/WEB-INF/lib/struts-core-1.3.10.jar!/org/apache/struts/chain/chain-config.xml
20:14:12,961  WARN PropertyMessageResources:352 -   Resource org/apache/struts/action/ActionResources_en_US.properties Not Found.
20:14:12,962  WARN PropertyMessageResources:352 -   Resource org/apache/struts/action/ActionResources_en.properties Not Found.
20:14:12,963 ERROR ActionServlet:1871 - Missing configuration resource for path /WEB-INF/struts-config.xml
20:18:19,662  INFO ActionServlet:1686 - Loading chain catalog from jar:file:/Users/matthewxfz/Workspaces/Eclipse/.metadata/.me_tcat85/webapps/web2/WEB-INF/lib/struts-core-1.3.10.jar!/org/apache/struts/chain/chain-config.xml
20:18:19,921  WARN PropertyMessageResources:352 -   Resource org/apache/struts/action/ActionResources_en_US.properties Not Found.
20:18:19,922  WARN PropertyMessageResources:352 -   Resource org/apache/struts/action/ActionResources_en.properties Not Found.
20:18:19,923 ERROR ActionServlet:1871 - Missing configuration resource for path /WEB-INF/struts-config.xml
20:20:03,042  INFO ActionServlet:1686 - Loading chain catalog from jar:file:/Users/matthewxfz/Workspaces/Eclipse/.metadata/.me_tcat85/webapps/web2/WEB-INF/lib/struts-core-1.3.10.jar!/org/apache/struts/chain/chain-config.xml
20:20:03,234  WARN PropertyMessageResources:352 -   Resource org/apache/struts/action/ActionResources_en_US.properties Not Found.
20:20:03,234  WARN PropertyMessageResources:352 -   Resource org/apache/struts/action/ActionResources_en.properties Not Found.
20:20:03,236 ERROR ActionServlet:1871 - Missing configuration resource for path /WEB-INF/struts-config.xml
20:20:56,041  INFO ActionServlet:1686 - Loading chain catalog from jar:file:/Users/matthewxfz/Workspaces/Eclipse/.metadata/.me_tcat85/webapps/web2/WEB-INF/lib/struts-core-1.3.10.jar!/org/apache/struts/chain/chain-config.xml
20:20:56,286  WARN PropertyMessageResources:352 -   Resource org/apache/struts/action/ActionResources_en_US.properties Not Found.
20:20:56,287  WARN PropertyMessageResources:352 -   Resource org/apache/struts/action/ActionResources_en.properties Not Found.
20:20:56,289 ERROR ActionServlet:1871 - Missing configuration resource for path /WEB-INF/struts-config.xml
20:22:39,371  INFO ActionServlet:1686 - Loading chain catalog from jar:file:/Users/matthewxfz/Workspaces/Eclipse/.metadata/.me_tcat85/webapps/web2/WEB-INF/lib/struts-core-1.3.10.jar!/org/apache/struts/chain/chain-config.xml
20:22:39,705  WARN PropertyMessageResources:352 -   Resource org/apache/struts/action/ActionResources_en_US.properties Not Found.
20:22:39,708  WARN PropertyMessageResources:352 -   Resource org/apache/struts/action/ActionResources_en.properties Not Found.
20:22:39,710 ERROR ActionServlet:1871 - Missing configuration resource for path /WEB-INF/struts-config.xml
20:26:02,007  INFO ActionServlet:1686 - Loading chain catalog from jar:file:/Users/matthewxfz/Workspaces/Eclipse/.metadata/.me_tcat85/webapps/web2/WEB-INF/lib/struts-core-1.3.10.jar!/org/apache/struts/chain/chain-config.xml
20:26:02,360  WARN PropertyMessageResources:352 -   Resource org/apache/struts/action/ActionResources_en_US.properties Not Found.
20:26:02,361  WARN PropertyMessageResources:352 -   Resource org/apache/struts/action/ActionResources_en.properties Not Found.
20:26:02,363 ERROR ActionServlet:1871 - Missing configuration resource for path /WEB-INF/struts-config.xml
20:29:15,449  INFO ActionServlet:1686 - Loading chain catalog from jar:file:/Users/matthewxfz/Workspaces/Eclipse/.metadata/.me_tcat85/webapps/web2/WEB-INF/lib/struts-core-1.3.10.jar!/org/apache/struts/chain/chain-config.xml
20:29:15,792  WARN PropertyMessageResources:352 -   Resource org/apache/struts/action/ActionResources_en_US.properties Not Found.
20:29:15,795  WARN PropertyMessageResources:352 -   Resource org/apache/struts/action/ActionResources_en.properties Not Found.
20:29:15,798 ERROR ActionServlet:1871 - Missing configuration resource for path /WEB-INF/struts-config.xml
20:33:28,039  INFO ActionServlet:1686 - Loading chain catalog from jar:file:/Users/matthewxfz/Workspaces/Eclipse/.metadata/.me_tcat85/webapps/web2/WEB-INF/lib/struts-core-1.3.10.jar!/org/apache/struts/chain/chain-config.xml
20:33:28,219  WARN PropertyMessageResources:352 -   Resource org/apache/struts/action/ActionResources_en_US.properties Not Found.
20:33:28,219  WARN PropertyMessageResources:352 -   Resource org/apache/struts/action/ActionResources_en.properties Not Found.
20:33:28,220 ERROR ActionServlet:1871 - Missing configuration resource for path /WEB-INF/struts-config.xml
20:34:29,468  INFO ActionServlet:1686 - Loading chain catalog from jar:file:/Users/matthewxfz/Workspaces/Eclipse/.metadata/.me_tcat85/webapps/web2/WEB-INF/lib/struts-core-1.3.10.jar!/org/apache/struts/chain/chain-config.xml
20:34:29,735  WARN PropertyMessageResources:352 -   Resource org/apache/struts/action/ActionResources_en_US.properties Not Found.
20:34:29,736  WARN PropertyMessageResources:352 -   Resource org/apache/struts/action/ActionResources_en.properties Not Found.
20:34:29,737 ERROR ActionServlet:1871 - Missing configuration resource for path /WEB-INF/struts-config.xml
20:38:46,727  INFO ActionServlet:1686 - Loading chain catalog from jar:file:/Users/matthewxfz/Workspaces/Eclipse/.metadata/.me_tcat85/webapps/web2/WEB-INF/lib/struts-core-1.3.10.jar!/org/apache/struts/chain/chain-config.xml
20:38:46,952  WARN PropertyMessageResources:352 -   Resource org/apache/struts/action/ActionResources_en_US.properties Not Found.
20:38:46,953  WARN PropertyMessageResources:352 -   Resource org/apache/struts/action/ActionResources_en.properties Not Found.
20:38:46,954 ERROR ActionServlet:1871 - Missing configuration resource for path /WEB-INF/struts-config.xml
22:13:29,047  INFO ActionServlet:1686 - Loading chain catalog from jar:file:/Users/matthewxfz/Workspaces/Eclipse/.metadata/.me_tcat85/webapps/web2/WEB-INF/lib/struts-core-1.3.10.jar!/org/apache/struts/chain/chain-config.xml
22:13:29,232  WARN PropertyMessageResources:352 -   Resource org/apache/struts/action/ActionResources_en_US.properties Not Found.
22:13:29,233  WARN PropertyMessageResources:352 -   Resource org/apache/struts/action/ActionResources_en.properties Not Found.
22:13:29,234 ERROR ActionServlet:1871 - Missing configuration resource for path /WEB-INF/struts-config.xml
22:26:42,277  INFO ActionServlet:1686 - Loading chain catalog from jar:file:/Users/matthewxfz/Workspaces/Eclipse/.metadata/.me_tcat85/webapps/web2/WEB-INF/lib/struts-core-1.3.10.jar!/org/apache/struts/chain/chain-config.xml
22:26:42,469  WARN PropertyMessageResources:352 -   Resource org/apache/struts/action/ActionResources_en_US.properties Not Found.
22:26:42,470  WARN PropertyMessageResources:352 -   Resource org/apache/struts/action/ActionResources_en.properties Not Found.
22:26:42,471 ERROR ActionServlet:1871 - Missing configuration resource for path /WEB-INF/struts-config.xml
12:07:30,903  INFO ActionServlet:1686 - Loading chain catalog from jar:file:/Users/matthewxfz/Workspaces/Eclipse/.metadata/.me_tcat85/webapps/web2/WEB-INF/lib/struts-core-1.3.10.jar!/org/apache/struts/chain/chain-config.xml
12:07:31,267  WARN PropertyMessageResources:352 -   Resource org/apache/struts/action/ActionResources_en_US.properties Not Found.
12:07:31,268  WARN PropertyMessageResources:352 -   Resource org/apache/struts/action/ActionResources_en.properties Not Found.
12:07:31,269 ERROR ActionServlet:1871 - Missing configuration resource for path /WEB-INF/struts-config.xml
12:16:25,008  INFO ActionServlet:1686 - Loading chain catalog from jar:file:/Users/matthewxfz/Workspaces/Eclipse/.metadata/.me_tcat85/webapps/web2/WEB-INF/lib/struts-core-1.3.10.jar!/org/apache/struts/chain/chain-config.xml
12:16:25,158  WARN PropertyMessageResources:352 -   Resource org/apache/struts/action/ActionResources_en_US.properties Not Found.
12:16:25,159  WARN PropertyMessageResources:352 -   Resource org/apache/struts/action/ActionResources_en.properties Not Found.
12:16:25,160 ERROR ActionServlet:1871 - Missing configuration resource for path /WEB-INF/struts-config.xml
12:52:39,558  INFO ActionServlet:1686 - Loading chain catalog from jar:file:/Users/matthewxfz/Workspaces/Eclipse/.metadata/.me_tcat85/webapps/web2/WEB-INF/lib/struts-core-1.3.10.jar!/org/apache/struts/chain/chain-config.xml
12:52:39,919  WARN PropertyMessageResources:352 -   Resource org/apache/struts/action/ActionResources_en_US.properties Not Found.
12:52:39,920  WARN PropertyMessageResources:352 -   Resource org/apache/struts/action/ActionResources_en.properties Not Found.
12:52:39,921 ERROR ActionServlet:1871 - Missing configuration resource for path /WEB-INF/struts-config.xml
12:54:11,907  INFO ActionServlet:1686 - Loading chain catalog from jar:file:/Users/matthewxfz/Workspaces/Eclipse/.metadata/.me_tcat85/webapps/web2/WEB-INF/lib/struts-core-1.3.10.jar!/org/apache/struts/chain/chain-config.xml
12:54:12,051  WARN PropertyMessageResources:352 -   Resource org/apache/struts/action/ActionResources_en_US.properties Not Found.
12:54:12,052  WARN PropertyMessageResources:352 -   Resource org/apache/struts/action/ActionResources_en.properties Not Found.
12:54:12,053 ERROR ActionServlet:1871 - Missing configuration resource for path /WEB-INF/struts-config.xml
13:02:14,641  INFO ActionServlet:1686 - Loading chain catalog from jar:file:/Users/matthewxfz/Workspaces/Eclipse/.metadata/.me_tcat85/webapps/web2/WEB-INF/lib/struts-core-1.3.10.jar!/org/apache/struts/chain/chain-config.xml
13:02:14,786  WARN PropertyMessageResources:352 -   Resource org/apache/struts/action/ActionResources_en_US.properties Not Found.
13:02:14,787  WARN PropertyMessageResources:352 -   Resource org/apache/struts/action/ActionResources_en.properties Not Found.
13:02:14,788 ERROR ActionServlet:1871 - Missing configuration resource for path /WEB-INF/struts-config.xml
13:12:56,830  INFO ActionServlet:1686 - Loading chain catalog from jar:file:/Users/matthewxfz/Workspaces/Eclipse/.metadata/.me_tcat85/webapps/web2/WEB-INF/lib/struts-core-1.3.10.jar!/org/apache/struts/chain/chain-config.xml
13:12:56,973  WARN PropertyMessageResources:352 -   Resource org/apache/struts/action/ActionResources_en_US.properties Not Found.
13:12:56,974  WARN PropertyMessageResources:352 -   Resource org/apache/struts/action/ActionResources_en.properties Not Found.
13:12:56,975 ERROR ActionServlet:1871 - Missing configuration resource for path /WEB-INF/struts-config.xml
14:32:06,899  INFO ActionServlet:1686 - Loading chain catalog from jar:file:/Users/matthewxfz/Workspaces/Eclipse/.metadata/.me_tcat85/webapps/web2/WEB-INF/lib/struts-core-1.3.10.jar!/org/apache/struts/chain/chain-config.xml
14:32:07,053  WARN PropertyMessageResources:352 -   Resource org/apache/struts/action/ActionResources_en_US.properties Not Found.
14:32:07,054  WARN PropertyMessageResources:352 -   Resource org/apache/struts/action/ActionResources_en.properties Not Found.
14:32:07,054 ERROR ActionServlet:1871 - Missing configuration resource for path /WEB-INF/struts-config.xml
14:32:28,899  INFO ActionServlet:1686 - Loading chain catalog from jar:file:/Users/matthewxfz/Workspaces/Eclipse/.metadata/.me_tcat85/webapps/web2/WEB-INF/lib/struts-core-1.3.10.jar!/org/apache/struts/chain/chain-config.xml
14:32:29,167  WARN PropertyMessageResources:352 -   Resource org/apache/struts/action/ActionResources_en_US.properties Not Found.
14:32:29,168  WARN PropertyMessageResources:352 -   Resource org/apache/struts/action/ActionResources_en.properties Not Found.
14:32:29,170 ERROR ActionServlet:1871 - Missing configuration resource for path /WEB-INF/struts-config.xml
14:47:31,595  INFO ActionServlet:1686 - Loading chain catalog from jar:file:/Users/matthewxfz/Workspaces/Eclipse/.metadata/.me_tcat85/webapps/web2/WEB-INF/lib/struts-core-1.3.10.jar!/org/apache/struts/chain/chain-config.xml
14:47:31,776  WARN PropertyMessageResources:352 -   Resource org/apache/struts/action/ActionResources_en_US.properties Not Found.
14:47:31,777  WARN PropertyMessageResources:352 -   Resource org/apache/struts/action/ActionResources_en.properties Not Found.
14:47:31,778 ERROR ActionServlet:1871 - Missing configuration resource for path /WEB-INF/struts-config.xml
14:47:44,290  INFO ActionServlet:1686 - Loading chain catalog from jar:file:/Users/matthewxfz/Workspaces/Eclipse/.metadata/.me_tcat85/webapps/web2/WEB-INF/lib/struts-core-1.3.10.jar!/org/apache/struts/chain/chain-config.xml
14:47:44,498  WARN PropertyMessageResources:352 -   Resource org/apache/struts/action/ActionResources_en_US.properties Not Found.
14:47:44,499  WARN PropertyMessageResources:352 -   Resource org/apache/struts/action/ActionResources_en.properties Not Found.
14:47:44,500 ERROR ActionServlet:1871 - Missing configuration resource for path /WEB-INF/struts-config.xml
15:37:39,337  INFO ActionServlet:1686 - Loading chain catalog from jar:file:/Users/matthewxfz/Workspaces/Eclipse/.metadata/.me_tcat85/webapps/web2/WEB-INF/lib/struts-core-1.3.10.jar!/org/apache/struts/chain/chain-config.xml
15:37:39,515  WARN PropertyMessageResources:352 -   Resource org/apache/struts/action/ActionResources_en_US.properties Not Found.
15:37:39,515  WARN PropertyMessageResources:352 -   Resource org/apache/struts/action/ActionResources_en.properties Not Found.
15:37:39,516 ERROR ActionServlet:1871 - Missing configuration resource for path /WEB-INF/struts-config.xml
16:24:07,746  INFO ActionServlet:1686 - Loading chain catalog from jar:file:/Users/matthewxfz/Workspaces/Eclipse/.metadata/.me_tcat85/webapps/web2/WEB-INF/lib/struts-core-1.3.10.jar!/org/apache/struts/chain/chain-config.xml
16:24:07,984  WARN PropertyMessageResources:352 -   Resource org/apache/struts/action/ActionResources_en_US.properties Not Found.
16:24:07,985  WARN PropertyMessageResources:352 -   Resource org/apache/struts/action/ActionResources_en.properties Not Found.
16:24:07,986 ERROR ActionServlet:1871 - Missing configuration resource for path /WEB-INF/struts-config.xml
20:41:14,787  INFO ActionServlet:1686 - Loading chain catalog from jar:file:/Users/matthewxfz/Workspaces/Eclipse/.metadata/.me_tcat85/webapps/web2/WEB-INF/lib/struts-core-1.3.10.jar!/org/apache/struts/chain/chain-config.xml
20:41:15,009  WARN PropertyMessageResources:352 -   Resource org/apache/struts/action/ActionResources_en_US.properties Not Found.
20:41:15,010  WARN PropertyMessageResources:352 -   Resource org/apache/struts/action/ActionResources_en.properties Not Found.
20:41:15,011 ERROR ActionServlet:1871 - Missing configuration resource for path /WEB-INF/struts-config.xml
21:36:18,555  INFO ActionServlet:1686 - Loading chain catalog from jar:file:/Users/matthewxfz/Workspaces/Eclipse/.metadata/.me_tcat85/webapps/web2/WEB-INF/lib/struts-core-1.3.10.jar!/org/apache/struts/chain/chain-config.xml
21:36:18,775  WARN PropertyMessageResources:352 -   Resource org/apache/struts/action/ActionResources_en_US.properties Not Found.
21:36:18,775  WARN PropertyMessageResources:352 -   Resource org/apache/struts/action/ActionResources_en.properties Not Found.
21:36:18,777 ERROR ActionServlet:1871 - Missing configuration resource for path /WEB-INF/struts-config.xml
22:31:36,737  INFO ActionServlet:1686 - Loading chain catalog from jar:file:/Users/matthewxfz/Workspaces/Eclipse/.metadata/.me_tcat85/webapps/web2/WEB-INF/lib/struts-core-1.3.10.jar!/org/apache/struts/chain/chain-config.xml
22:31:36,954  WARN PropertyMessageResources:352 -   Resource org/apache/struts/action/ActionResources_en_US.properties Not Found.
22:31:36,955  WARN PropertyMessageResources:352 -   Resource org/apache/struts/action/ActionResources_en.properties Not Found.
22:31:36,956 ERROR ActionServlet:1871 - Missing configuration resource for path /WEB-INF/struts-config.xml
22:41:08,922  INFO ActionServlet:1686 - Loading chain catalog from jar:file:/Users/matthewxfz/Workspaces/Eclipse/.metadata/.me_tcat85/webapps/web2/WEB-INF/lib/struts-core-1.3.10.jar!/org/apache/struts/chain/chain-config.xml
22:41:09,170  WARN PropertyMessageResources:352 -   Resource org/apache/struts/action/ActionResources_en_US.properties Not Found.
22:41:09,171  WARN PropertyMessageResources:352 -   Resource org/apache/struts/action/ActionResources_en.properties Not Found.
22:41:09,172 ERROR ActionServlet:1871 - Missing configuration resource for path /WEB-INF/struts-config.xml
22:42:04,514  INFO ActionServlet:1686 - Loading chain catalog from jar:file:/Users/matthewxfz/Workspaces/Eclipse/.metadata/.me_tcat85/webapps/web2/WEB-INF/lib/struts-core-1.3.10.jar!/org/apache/struts/chain/chain-config.xml
22:42:04,729  WARN PropertyMessageResources:352 -   Resource org/apache/struts/action/ActionResources_en_US.properties Not Found.
22:42:04,730  WARN PropertyMessageResources:352 -   Resource org/apache/struts/action/ActionResources_en.properties Not Found.
22:42:04,731 ERROR ActionServlet:1871 - Missing configuration resource for path /WEB-INF/struts-config.xml
22:45:28,047  INFO ActionServlet:1686 - Loading chain catalog from jar:file:/Users/matthewxfz/Workspaces/Eclipse/.metadata/.me_tcat85/webapps/web2/WEB-INF/lib/struts-core-1.3.10.jar!/org/apache/struts/chain/chain-config.xml
22:45:28,312  WARN PropertyMessageResources:352 -   Resource org/apache/struts/action/ActionResources_en_US.properties Not Found.
22:45:28,313  WARN PropertyMessageResources:352 -   Resource org/apache/struts/action/ActionResources_en.properties Not Found.
22:45:28,315 ERROR ActionServlet:1871 - Missing configuration resource for path /WEB-INF/struts-config.xml
22:47:04,429  INFO ActionServlet:1686 - Loading chain catalog from jar:file:/Users/matthewxfz/Workspaces/Eclipse/.metadata/.me_tcat85/webapps/web2/WEB-INF/lib/struts-core-1.3.10.jar!/org/apache/struts/chain/chain-config.xml
22:47:04,928  WARN PropertyMessageResources:352 -   Resource org/apache/struts/action/ActionResources_en_US.properties Not Found.
22:47:04,930  WARN PropertyMessageResources:352 -   Resource org/apache/struts/action/ActionResources_en.properties Not Found.
22:47:04,931 ERROR ActionServlet:1871 - Missing configuration resource for path /WEB-INF/struts-config.xml
23:00:53,431  INFO ActionServlet:1686 - Loading chain catalog from jar:file:/Users/matthewxfz/Workspaces/Eclipse/.metadata/.me_tcat85/webapps/web2/WEB-INF/lib/struts-core-1.3.10.jar!/org/apache/struts/chain/chain-config.xml
23:00:53,655  WARN PropertyMessageResources:352 -   Resource org/apache/struts/action/ActionResources_en_US.properties Not Found.
23:00:53,656  WARN PropertyMessageResources:352 -   Resource org/apache/struts/action/ActionResources_en.properties Not Found.
23:00:53,657 ERROR ActionServlet:1871 - Missing configuration resource for path /WEB-INF/struts-config.xml
23:04:39,386  INFO ActionServlet:1686 - Loading chain catalog from jar:file:/Users/matthewxfz/Workspaces/Eclipse/.metadata/.me_tcat85/webapps/web2/WEB-INF/lib/struts-core-1.3.10.jar!/org/apache/struts/chain/chain-config.xml
23:04:39,631  WARN PropertyMessageResources:352 -   Resource org/apache/struts/action/ActionResources_en_US.properties Not Found.
23:04:39,631  WARN PropertyMessageResources:352 -   Resource org/apache/struts/action/ActionResources_en.properties Not Found.
23:04:39,632 ERROR ActionServlet:1871 - Missing configuration resource for path /WEB-INF/struts-config.xml
11:58:47,047  INFO ActionServlet:1686 - Loading chain catalog from jar:file:/Users/matthewxfz/Workspaces/Eclipse/.metadata/.me_tcat85/webapps/web2/WEB-INF/lib/struts-core-1.3.10.jar!/org/apache/struts/chain/chain-config.xml
11:58:47,295  WARN PropertyMessageResources:352 -   Resource org/apache/struts/action/ActionResources_en_US.properties Not Found.
11:58:47,296  WARN PropertyMessageResources:352 -   Resource org/apache/struts/action/ActionResources_en.properties Not Found.
11:58:47,297 ERROR ActionServlet:1871 - Missing configuration resource for path /WEB-INF/struts-config.xml
12:02:47,336  INFO ActionServlet:1686 - Loading chain catalog from jar:file:/Users/matthewxfz/Workspaces/Eclipse/.metadata/.me_tcat85/webapps/web2/WEB-INF/lib/struts-core-1.3.10.jar!/org/apache/struts/chain/chain-config.xml
12:02:47,565  WARN PropertyMessageResources:352 -   Resource org/apache/struts/action/ActionResources_en_US.properties Not Found.
12:02:47,566  WARN PropertyMessageResources:352 -   Resource org/apache/struts/action/ActionResources_en.properties Not Found.
12:02:47,568 ERROR ActionServlet:1871 - Missing configuration resource for path /WEB-INF/struts-config.xml
12:08:01,087  INFO ActionServlet:1686 - Loading chain catalog from jar:file:/Users/matthewxfz/Workspaces/Eclipse/.metadata/.me_tcat85/webapps/web2/WEB-INF/lib/struts-core-1.3.10.jar!/org/apache/struts/chain/chain-config.xml
12:08:01,464  WARN PropertyMessageResources:352 -   Resource org/apache/struts/action/ActionResources_en_US.properties Not Found.
12:08:01,466  WARN PropertyMessageResources:352 -   Resource org/apache/struts/action/ActionResources_en.properties Not Found.
12:08:01,467 ERROR ActionServlet:1871 - Missing configuration resource for path /WEB-INF/struts-config.xml
12:52:23,659  INFO ActionServlet:1686 - Loading chain catalog from jar:file:/Users/matthewxfz/Workspaces/Eclipse/.metadata/.me_tcat85/webapps/web2/WEB-INF/lib/struts-core-1.3.10.jar!/org/apache/struts/chain/chain-config.xml
12:52:23,918  WARN PropertyMessageResources:352 -   Resource org/apache/struts/action/ActionResources_en_US.properties Not Found.
12:52:23,918  WARN PropertyMessageResources:352 -   Resource org/apache/struts/action/ActionResources_en.properties Not Found.
12:52:23,919 ERROR ActionServlet:1871 - Missing configuration resource for path /WEB-INF/struts-config.xml
13:56:08,943  INFO ActionServlet:1686 - Loading chain catalog from jar:file:/Users/matthewxfz/Workspaces/Eclipse/.metadata/.me_tcat85/webapps/web2/WEB-INF/lib/struts-core-1.3.10.jar!/org/apache/struts/chain/chain-config.xml
13:56:09,546  WARN PropertyMessageResources:352 -   Resource org/apache/struts/action/ActionResources_en_US.properties Not Found.
13:56:09,549  WARN PropertyMessageResources:352 -   Resource org/apache/struts/action/ActionResources_en.properties Not Found.
13:56:09,552 ERROR ActionServlet:1871 - Missing configuration resource for path /WEB-INF/struts-config.xml
